target_id	design_status	transcript_id	primer_id	left_primer	right_primer	transcriptome_on_targets	transcriptome_off_targets	genome_on_targets	genome_off_targets	position	browser	annotated_rna
BBC3+1	NO_PRIMERS	FSM_45580								chr19:47220823-47231194	=HYPERLINK("https://genome.ucsc.edu/cgi-bin/hgTracks?position=chr19:47220823-47231194&db=hg38&genome=hg38&hubUrl=http://conesalab.org/LRGASP/LRGASP_hub/hub.txt&hubUrl=https://hgwdev.gi.ucsc.edu/~markd/lrgasp/juju-hub/hub.txt", "chr19:47220823-47231194")	GCGGCGCGAGCCACATGCGAGCGGGCGCCTggcggcggcggcggcggcaccagcgatcccagcagcggccacgacgcggacgcgcctgcggcccggggagcagcagcagccacagccacagcagccgccactgcagttagagcggcagcagcagc{gacagccacagcagcagccgccgcggagagcggcGCTCGGCGGGCGCGCCCTCCTGAAGGAAGCCGCCCGCCCCCCACCGCCGCCCCCTCCGGCGTGTTCATGCCCCCGGG-GCCCCAGGGAGCGCCATGGCCCGCGCACGCCAGGAGGGCAGCTCCCCGGAGCCCGTAGAGGGCCTGGCCCGCGACGGCCCGCGCCCCTTCCCGCTCGGCCGCCTGGTGCCCTCGGCAGTG}TCCTGCGGCCTCTGCGAGCCCGGCCTGGCTGCCGCCCCCGCCGCCCCCACCCTGCTGCCCGCTGCCTACCTCTGCGCCCCCACCGCCCCACCCGCCGTCACCGCCGCCCTGGGGGGTTCCCGCTGGCCTGGGGGTCCCCGCAGCCGGCCCCGAGGCCCGCGCCCGGACGGTCCTCAGCCCTCGCTCTCGCTGGCGGAGCAGCACCTGGAGTCGCCCGTGCCCAGCGCCCCGGGGGCTCTGGCGGGCGGTCCCACCCAGGCGGCCCCGGGAGTCCGCGGGGAGGAGGAACAGTGGGCCCGGGAGATCGGGGCCCAGCTGCGGCGGATGGCGGACGACCTCAACGCACAGTACGAGCGGCGGAGAC{AAGAGGAGCAGCAGCGGCACCGCCCCTCACCCTGGAGGGTCCTGTACAATCTCATCATGGGACTCCTGCCCTTACCCAGGGGCCACAGAGCCCCCGAGATGGAGCCCAATTAGGTGCCTGCACCCGCCCGGTGGACGTCAGGGACTCGGGGGGCAGGCCCCTCCCACCTCCTGACACCCTGGCCAGCGCGGGGGACTTTCTCTGCACCATGTAGCATACTGGACTCCCAGCCCTGCCTGTCCCGGGGGCGGGCCGGGGCAGCCACTCCAGCCCCAGCCCAGCCTGGGGTGCACTGACGGAGATGCGGACTCCTGGGTCCCTGGCCAAGAAGCCAGGAGAGGGACGGCTGATGGACTCAGCATCGGAAGGTGGCGGTGACCGAGGGGGTGGGGACTGAGCCGCCCGCCTCTGCCGCCCACCACCATCTCAGGAAAGGCTGTTGTGCTGGTGCCCGTTCCAGCTGCAGGGGTGACACTGGGAGGGGGGGGCTCTCCTCTCGGTGCTCCTTCACTCTGGGCCTGGCCTCAGGCCCCTGGTGCTTCCCCCCCTCCTCCTGGGAGGGGGCCCGTGAAGAGCAAATGAGCCAAACGTGACCACTAGCCTCCTGGAGCCAGAGAGTGGGGCTCGTTTGCCGGTTGCTCCAGCCCGGCGCCCAGCCATCTTCCCTGAGCCAGCCGGCGGGTGGTGGGCATGCCTGCCTCACCTTCATCAGGGGGTG}GCCAGGAGGGGCCCAGACTGTGAATCCTGTGCTCTGCCCGTGACCGCCCCCCGCCCCATCAATCCCATTGCATAGGTTTAGAGAGAGCACGTGTGACCACTGGCATTCATTTGGGGGGTGGGAGATTTTGGCTGAAGCCGCCCCAGCCTTAGTCCCCAGGGCCAAGCGCTGGGGGGAAGACGGGGAGTCAGGGAGGGGGGGAAATCTCGGAAGAGGGAGGAGTCTGGGAGTGGGGAGGGATGGCCCAGCCTGTAAGATACTGTATATGCGCTGCTGTAGATACCGGAATGAATTTTCTGTACATGTTTGGTTAATTTTTTTTGTACATGATTTTTGTATGTTTCCTTTTCAATAAAATCAGATTGGAACAGTG
