target_id	primer_id	pri	track	transcript_id	amplicon_coords	amplicon_len	amplicon_exons	amplicon
FBXL16+1	FBXL16+1_pp1	1	WTC11_consolidated	NIC_57258	NIC_57258:108-373	265	4	CTTCCCGGTGTGTACGCATCACGGACACTGGCCTCAGCTATCTGTCCACCATGTCGTCCCTCCGCAGCCTCTACCTGCGATGGTGCTGCCAGGTGCAAGACTTCGGGCTGAAGCACCTCCTGGCCCTGGGGAGTTTGCGCCTCCTGTCTCTGGCAGGCTGCCCGCTGCTCACCACCACCGGGCTGTCGGGCCTGGTGCAGCTGCAGGAGCTGGAGGAGCTGGAGCTGACCAACTGCCCCGGGGCCACCCCCGAGCTCTTCAAGTA
FBXL16+1	FBXL16+1_pp5	2	WTC11_consolidated	NIC_57258	NIC_57258:108-371	263	4	CTTCCCGGTGTGTACGCATCACGGACACTGGCCTCAGCTATCTGTCCACCATGTCGTCCCTCCGCAGCCTCTACCTGCGATGGTGCTGCCAGGTGCAAGACTTCGGGCTGAAGCACCTCCTGGCCCTGGGGAGTTTGCGCCTCCTGTCTCTGGCAGGCTGCCCGCTGCTCACCACCACCGGGCTGTCGGGCCTGGTGCAGCTGCAGGAGCTGGAGGAGCTGGAGCTGACCAACTGCCCCGGGGCCACCCCCGAGCTCTTCAAG
FBXL16+1	FBXL16+1_pp2	3	WTC11_consolidated	NIC_57258	NIC_57258:109-373	264	4	TTCCCGGTGTGTACGCATCACGGACACTGGCCTCAGCTATCTGTCCACCATGTCGTCCCTCCGCAGCCTCTACCTGCGATGGTGCTGCCAGGTGCAAGACTTCGGGCTGAAGCACCTCCTGGCCCTGGGGAGTTTGCGCCTCCTGTCTCTGGCAGGCTGCCCGCTGCTCACCACCACCGGGCTGTCGGGCCTGGTGCAGCTGCAGGAGCTGGAGGAGCTGGAGCTGACCAACTGCCCCGGGGCCACCCCCGAGCTCTTCAAGTA
FBXL16+1	FBXL16+1_pp3	4	WTC11_consolidated	NIC_57258	NIC_57258:108-373	265	4	CTTCCCGGTGTGTACGCATCACGGACACTGGCCTCAGCTATCTGTCCACCATGTCGTCCCTCCGCAGCCTCTACCTGCGATGGTGCTGCCAGGTGCAAGACTTCGGGCTGAAGCACCTCCTGGCCCTGGGGAGTTTGCGCCTCCTGTCTCTGGCAGGCTGCCCGCTGCTCACCACCACCGGGCTGTCGGGCCTGGTGCAGCTGCAGGAGCTGGAGGAGCTGGAGCTGACCAACTGCCCCGGGGCCACCCCCGAGCTCTTCAAGTA
FBXL16+1	FBXL16+1_pp4	5	WTC11_consolidated	NIC_57258	NIC_57258:109-373	264	4	TTCCCGGTGTGTACGCATCACGGACACTGGCCTCAGCTATCTGTCCACCATGTCGTCCCTCCGCAGCCTCTACCTGCGATGGTGCTGCCAGGTGCAAGACTTCGGGCTGAAGCACCTCCTGGCCCTGGGGAGTTTGCGCCTCCTGTCTCTGGCAGGCTGCCCGCTGCTCACCACCACCGGGCTGTCGGGCCTGGTGCAGCTGCAGGAGCTGGAGGAGCTGGAGCTGACCAACTGCCCCGGGGCCACCCCCGAGCTCTTCAAGTA
