target_id: FBXL16+1
region_5p: chr16:695025-695252
region_3p: chr16:694305-694413
strand: -
transcripts:
transcript: WTC11_consolidated/NIC_57258
coords: Feature(genome=chr16:692501-695330/+, trans=NIC_57258:0-2186/-)
features:
[   ExonFeature(genome=Coords(name='chr16', start=692501, end=694423, strand='+', size=90338345), trans=Coords(name='NIC_57258', start=0, end=1922, strand='-', size=2186)),
    IntronFeature(genome=Coords(name='chr16', start=694423, end=694633, strand='+', size=90338345), trans=Coords(name='NIC_57258', start=1922, end=1922, strand='-', size=2186)),
    ExonFeature(genome=Coords(name='chr16', start=694633, end=694697, strand='+', size=90338345), trans=Coords(name='NIC_57258', start=1922, end=1986, strand='-', size=2186)),
    IntronFeature(genome=Coords(name='chr16', start=694697, end=694991, strand='+', size=90338345), trans=Coords(name='NIC_57258', start=1986, end=1986, strand='-', size=2186)),
    ExonFeature(genome=Coords(name='chr16', start=694991, end=695076, strand='+', size=90338345), trans=Coords(name='NIC_57258', start=1986, end=2071, strand='-', size=2186)),
    IntronFeature(genome=Coords(name='chr16', start=695076, end=695215, strand='+', size=90338345), trans=Coords(name='NIC_57258', start=2071, end=2071, strand='-', size=2186)),
    ExonFeature(genome=Coords(name='chr16', start=695215, end=695330, strand='+', size=90338345), trans=Coords(name='NIC_57258', start=2071, end=2186, strand='-', size=2186))]
rna: GGGCGGGGGCTTCCGGCGGGGCTGGGGCTGTGGCGCGGCGGGCAGAGCCCTCGGAGCCTGGGGAGTGGGAACCGCAGAACCGCAGCACGGGTTGGCTGGACCCCCGTCCTTCCCGGTGTGTACGCATCACGGACACTGGCCTCAGCTATCTGTCCACCATGTCGTCCCTCCGCAGCCTCTACCTGCGATGGTGCTGCCAGGTGCAAGACTTCGGGCTGAAGCACCTCCTGGCCCTGGGGAGTTTGCGCCTCCTGTCTCTGGCAGGCTGCCCGCTGCTCACCACCACCGGGCTGTCGGGCCTGGTGCAGCTGCAGGAGCTGGAGGAGCTGGAGCTGACCAACTGCCCCGGGGCCACCCCCGAGCTCTTCAAGTATTTCTCGCAGCACCTGCCCCGCTGCCTCGTCATTGAGTAGCGCGAGGCCCCCGCCCCGGTCGCGGGAACCCGGCCATGACCTGGGCGGGGGCGCGGGGCGCCGCCGAGCCCCCTCTTCCCGCCTTGCGCTCGGGGGAGCCCCCGCGCCCCCGGCCCAGCGCGGGAGGCGGGGCGAGCCGAGGGAAAGCCCCTCCCCGACCTTCGGTCCCTCCGCCCTCCCAGCCCCGCCCCGGGCAGGGGGGCGGCGGGTGGGCCCGCCCCACGCACGCACGCACACTCGGGGACTTTGTGCATGCCCCTCGTGCCCGCACTGCACGCCGCCCTCCGCCACGCCACAGCCACAGCCGCCGCCATCACTCGCTCGCCCTCCCGCTTGGGGGGCGGGGCTCGGTCCTTGGGGGGGCTTTGAGCTCTCCAGACTGTGCCCTTACCGCCTTCCCCGCCACACCCGCTCTGTCTTCCCACTGTCCCCCCCATCCCGGGCAGGGCCCAGTGGGATTGAGGGGGCTGGGTCCCCCAGGACACGGGCCCAGAAGAGCCCCACGGGCTTCCTGCATCTTCCACCGCACCATACCTGGAGCCCTCCGAGGGGTGTCAGGGGAAACAGGCCACCGCCAAAGCCATGGCCCGCCGCCGAGAGCCCAGGCCCCACCCGCACCTCCTCACCCATCCAGCCTGACCCACGCGGCCTCTCCTCCTCCTTGCCGCTGTGTGGGGCAGTCCCCTGTCCGCCCCAAAACCCGGCCTTGGTCCCTGGCCAGGCTGAGAGAATTGGGCAGGGAGAGGGCGGAAGGGCTGGCGATCGCTTGGAGTCATTAACGTGATCCCAGCTGACTCCGGTCGGCCTCAACCCAGGGGTGGCGCAGGCACCTTGCAAGCCTCGAGCTGTAGCCACCCTCAGGCCTGGGAAGAGGCCTGGGCCGACCTCACACCTCAGCCCTTGCACCCGGCCGGGCTCAGTTCAGGCCTGGGCACCGAGCTTCACCCTGGGTGGGTCTCCTCAGGTGGAGTCTGCAGAGTGGACCCAGCCAAGGGTCAGGGTCAGCACTGGGTCAGCGACTCCAATCTTCCAGTGGCCAGCACACCCTAGACACCCCGAGGAGGGAGGGCTCCTTTCTAGCCTGCCCCCCCACCCCCACTTCACCCCTCCCCAGCTTCCCAAACTTCTGTCTGCCCAAATGGGCTCTGACCGTGCTCTGTCGGCCCGAGACATTTGGAAGTCCTGGGGGATGCTGGCAAATCTCAGCTGTTGCTGAGGAGGGGGCTGGGACCCCTTCCCATCCCAACCTTGAGCCCCAGGAGATACCGCGCCCACACCCAATCTTGGGACACTCCCTATCTGGTTGGAAGAGAGTAACCAGTTTCCAGAGAGCCAGAGAGTGAGAGAGAGAAAGAGAGTGAGAGAGAGAGAGAAAGAGAGAGAGAGATGCTGTTGAATCAGAAACAGATCAACAGCCCAAAGATTTTCCTGTCCCTGGAGTGCCAGCCCCAGGAAGCTCCAGGGCTGAGTGGTCAGGAGCCAGTTTCTCCAGCCCCTCCTCCCCACAACCCCTAGTGGGGAGGGGCAGCTGTCCATTTGCCCAAAGTATTAATGCAACTGAAGCTGTGATATTTCCAACGACTGTAGGAGGAAAAATTAAGGGGAGAGAGGAAAACAAAACCAACCAACCCCTAAAATCATTTTCTTATTGTACATAACGACCTCATTCTCCTGTATATGCGGAAGATATAACCTTATATTTGGTAAGTGTTTCTTGTGCTATTTTATCACGTGACCTGTTTATAAAAATATATATTAAAAAAGTTGTAAAAA
rna exons: GGGCGGGGGCTTCCGGCGGGGCTGGGGCTGTGGCGCGGCGGGCAGAGCCCTCGGAGCCTGGGGAGTGGGAACCGCAGAACCGCAGCACGGGTTGGCTGGACCCCCGTCCTTCCCG,GTGTGTACGCATCACGGACACTGGCCTCAGCTATCTGTCCACCATGTCGTCCCTCCGCAGCCTCTACCTGCGATGGTGCTGCCAG,GTGCAAGACTTCGGGCTGAAGCACCTCCTGGCCCTGGGGAGTTTGCGCCTCCTGTCTCTGGCAG,GCTGCCCGCTGCTCACCACCACCGGGCTGTCGGGCCTGGTGCAGCTGCAGGAGCTGGAGGAGCTGGAGCTGACCAACTGCCCCGGGGCCACCCCCGAGCTCTTCAAGTATTTCTCGCAGCACCTGCCCCGCTGCCTCGTCATTGAGTAGCGCGAGGCCCCCGCCCCGGTCGCGGGAACCCGGCCATGACCTGGGCGGGGGCGCGGGGCGCCGCCGAGCCCCCTCTTCCCGCCTTGCGCTCGGGGGAGCCCCCGCGCCCCCGGCCCAGCGCGGGAGGCGGGGCGAGCCGAGGGAAAGCCCCTCCCCGACCTTCGGTCCCTCCGCCCTCCCAGCCCCGCCCCGGGCAGGGGGGCGGCGGGTGGGCCCGCCCCACGCACGCACGCACACTCGGGGACTTTGTGCATGCCCCTCGTGCCCGCACTGCACGCCGCCCTCCGCCACGCCACAGCCACAGCCGCCGCCATCACTCGCTCGCCCTCCCGCTTGGGGGGCGGGGCTCGGTCCTTGGGGGGGCTTTGAGCTCTCCAGACTGTGCCCTTACCGCCTTCCCCGCCACACCCGCTCTGTCTTCCCACTGTCCCCCCCATCCCGGGCAGGGCCCAGTGGGATTGAGGGGGCTGGGTCCCCCAGGACACGGGCCCAGAAGAGCCCCACGGGCTTCCTGCATCTTCCACCGCACCATACCTGGAGCCCTCCGAGGGGTGTCAGGGGAAACAGGCCACCGCCAAAGCCATGGCCCGCCGCCGAGAGCCCAGGCCCCACCCGCACCTCCTCACCCATCCAGCCTGACCCACGCGGCCTCTCCTCCTCCTTGCCGCTGTGTGGGGCAGTCCCCTGTCCGCCCCAAAACCCGGCCTTGGTCCCTGGCCAGGCTGAGAGAATTGGGCAGGGAGAGGGCGGAAGGGCTGGCGATCGCTTGGAGTCATTAACGTGATCCCAGCTGACTCCGGTCGGCCTCAACCCAGGGGTGGCGCAGGCACCTTGCAAGCCTCGAGCTGTAGCCACCCTCAGGCCTGGGAAGAGGCCTGGGCCGACCTCACACCTCAGCCCTTGCACCCGGCCGGGCTCAGTTCAGGCCTGGGCACCGAGCTTCACCCTGGGTGGGTCTCCTCAGGTGGAGTCTGCAGAGTGGACCCAGCCAAGGGTCAGGGTCAGCACTGGGTCAGCGACTCCAATCTTCCAGTGGCCAGCACACCCTAGACACCCCGAGGAGGGAGGGCTCCTTTCTAGCCTGCCCCCCCACCCCCACTTCACCCCTCCCCAGCTTCCCAAACTTCTGTCTGCCCAAATGGGCTCTGACCGTGCTCTGTCGGCCCGAGACATTTGGAAGTCCTGGGGGATGCTGGCAAATCTCAGCTGTTGCTGAGGAGGGGGCTGGGACCCCTTCCCATCCCAACCTTGAGCCCCAGGAGATACCGCGCCCACACCCAATCTTGGGACACTCCCTATCTGGTTGGAAGAGAGTAACCAGTTTCCAGAGAGCCAGAGAGTGAGAGAGAGAAAGAGAGTGAGAGAGAGAGAGAAAGAGAGAGAGAGATGCTGTTGAATCAGAAACAGATCAACAGCCCAAAGATTTTCCTGTCCCTGGAGTGCCAGCCCCAGGAAGCTCCAGGGCTGAGTGGTCAGGAGCCAGTTTCTCCAGCCCCTCCTCCCCACAACCCCTAGTGGGGAGGGGCAGCTGTCCATTTGCCCAAAGTATTAATGCAACTGAAGCTGTGATATTTCCAACGACTGTAGGAGGAAAAATTAAGGGGAGAGAGGAAAACAAAACCAACCAACCCCTAAAATCATTTTCTTATTGTACATAACGACCTCATTCTCCTGTATATGCGGAAGATATAACCTTATATTTGGTAAGTGTTTCTTGTGCTATTTTATCACGTGACCTGTTTATAAAAATATATATTAAAAAAGTTGTAAAAA
region_5p: Feature(genome=chr16:695025-695252/+, trans=NIC_57258:2020-2108/-)
region_3p: Feature(genome=chr16:694305-694413/+, trans=NIC_57258:1804-1912/-)
rna_region_5p: ACCGCAGCACGGGTTGGCTGGACCCCCGTCCTTCCCG,GTGTGTACGCATCACGGACACTGGCCTCAGCTATCTGTCCACCATGTCGTC
rna_region_3p: GCTCACCACCACCGGGCTGTCGGGCCTGGTGCAGCTGCAGGAGCTGGAGGAGCTGGAGCTGACCAACTGCCCCGGGGCCACCCCCGAGCTCTTCAAGTATTTCTCGCA
features_5p:
[   ExonFeature(genome=Coords(name='chr16', start=695025, end=695076, strand='+', size=90338345), trans=Coords(name='NIC_57258', start=2020, end=2071, strand='-', size=2186)),
    IntronFeature(genome=Coords(name='chr16', start=695076, end=695215, strand='+', size=90338345), trans=Coords(name='NIC_57258', start=2071, end=2071, strand='-', size=2186)),
    ExonFeature(genome=Coords(name='chr16', start=695215, end=695252, strand='+', size=90338345), trans=Coords(name='NIC_57258', start=2071, end=2108, strand='-', size=2186))]
features_3p:
[   ExonFeature(genome=Coords(name='chr16', start=694305, end=694413, strand='+', size=90338345), trans=Coords(name='NIC_57258', start=1804, end=1912, strand='-', size=2186))]
annotated_amplicon: ACCGCAGCACGGGTTGGCTGGACCCCCGTCCTTCCCGG-TGTGTACGCATCACGGACACTGGCCTCAGCTATCTGTCCACCATGTCGTC[CCTCCGCAGCCTCTACCTGCGATGGTGCTGCCAGGTGCAAGACTTCGGGCTGAAGCACCTCCTGGCCCTGGGGAGTTTGCGCCTCCTGTCTCTGGCAGGCTGCCCGCT]GCTCACCACCACCGGGCTGTCGGGCCTGGTGCAGCTGCAGGAGCTGGAGGAGCTGGAGCTGACCAACTGCCCCGGGGCCACCCCCGAGCTCTTCAAGTATTTCTCGCA
>>> primer3_args <<<
global_args:
{   'PRIMER_TASK': 'generic',
    'PRIMER_FIRST_BASE_INDEX': 0,
    'PRIMER_PICK_LEFT_PRIMER': 1,
    'PRIMER_PICK_INTERNAL_OLIGO': 0,
    'PRIMER_PICK_RIGHT_PRIMER': 1,
    'PRIMER_OPT_SIZE': 20,
    'PRIMER_MIN_SIZE': 18,
    'PRIMER_MAX_SIZE': 22,
    'PRIMER_EXPLAIN_FLAG': 1}
seq_args:
{   'SEQUENCE_ID': 'NIC_57258',
    'SEQUENCE_TEMPLATE': 'GGGCGGGGGCTTCCGGCGGGGCTGGGGCTGTGGCGCGGCGGGCAGAGCCCTCGGAGCCTGGGGAGTGGGAACCGCAGAACCGCAGCACGGGTTGGCTGGACCCCCGTCCTTCCCGGTGTGTACGCATCACGGACACTGGCCTCAGCTATCTGTCCACCATGTCGTCCCTCCGCAGCCTCTACCTGCGATGGTGCTGCCAGGTGCAAGACTTCGGGCTGAAGCACCTCCTGGCCCTGGGGAGTTTGCGCCTCCTGTCTCTGGCAGGCTGCCCGCTGCTCACCACCACCGGGCTGTCGGGCCTGGTGCAGCTGCAGGAGCTGGAGGAGCTGGAGCTGACCAACTGCCCCGGGGCCACCCCCGAGCTCTTCAAGTATTTCTCGCAGCACCTGCCCCGCTGCCTCGTCATTGAGTAGCGCGAGGCCCCCGCCCCGGTCGCGGGAACCCGGCCATGACCTGGGCGGGGGCGCGGGGCGCCGCCGAGCCCCCTCTTCCCGCCTTGCGCTCGGGGGAGCCCCCGCGCCCCCGGCCCAGCGCGGGAGGCGGGGCGAGCCGAGGGAAAGCCCCTCCCCGACCTTCGGTCCCTCCGCCCTCCCAGCCCCGCCCCGGGCAGGGGGGCGGCGGGTGGGCCCGCCCCACGCACGCACGCACACTCGGGGACTTTGTGCATGCCCCTCGTGCCCGCACTGCACGCCGCCCTCCGCCACGCCACAGCCACAGCCGCCGCCATCACTCGCTCGCCCTCCCGCTTGGGGGGCGGGGCTCGGTCCTTGGGGGGGCTTTGAGCTCTCCAGACTGTGCCCTTACCGCCTTCCCCGCCACACCCGCTCTGTCTTCCCACTGTCCCCCCCATCCCGGGCAGGGCCCAGTGGGATTGAGGGGGCTGGGTCCCCCAGGACACGGGCCCAGAAGAGCCCCACGGGCTTCCTGCATCTTCCACCGCACCATACCTGGAGCCCTCCGAGGGGTGTCAGGGGAAACAGGCCACCGCCAAAGCCATGGCCCGCCGCCGAGAGCCCAGGCCCCACCCGCACCTCCTCACCCATCCAGCCTGACCCACGCGGCCTCTCCTCCTCCTTGCCGCTGTGTGGGGCAGTCCCCTGTCCGCCCCAAAACCCGGCCTTGGTCCCTGGCCAGGCTGAGAGAATTGGGCAGGGAGAGGGCGGAAGGGCTGGCGATCGCTTGGAGTCATTAACGTGATCCCAGCTGACTCCGGTCGGCCTCAACCCAGGGGTGGCGCAGGCACCTTGCAAGCCTCGAGCTGTAGCCACCCTCAGGCCTGGGAAGAGGCCTGGGCCGACCTCACACCTCAGCCCTTGCACCCGGCCGGGCTCAGTTCAGGCCTGGGCACCGAGCTTCACCCTGGGTGGGTCTCCTCAGGTGGAGTCTGCAGAGTGGACCCAGCCAAGGGTCAGGGTCAGCACTGGGTCAGCGACTCCAATCTTCCAGTGGCCAGCACACCCTAGACACCCCGAGGAGGGAGGGCTCCTTTCTAGCCTGCCCCCCCACCCCCACTTCACCCCTCCCCAGCTTCCCAAACTTCTGTCTGCCCAAATGGGCTCTGACCGTGCTCTGTCGGCCCGAGACATTTGGAAGTCCTGGGGGATGCTGGCAAATCTCAGCTGTTGCTGAGGAGGGGGCTGGGACCCCTTCCCATCCCAACCTTGAGCCCCAGGAGATACCGCGCCCACACCCAATCTTGGGACACTCCCTATCTGGTTGGAAGAGAGTAACCAGTTTCCAGAGAGCCAGAGAGTGAGAGAGAGAAAGAGAGTGAGAGAGAGAGAGAAAGAGAGAGAGAGATGCTGTTGAATCAGAAACAGATCAACAGCCCAAAGATTTTCCTGTCCCTGGAGTGCCAGCCCCAGGAAGCTCCAGGGCTGAGTGGTCAGGAGCCAGTTTCTCCAGCCCCTCCTCCCCACAACCCCTAGTGGGGAGGGGCAGCTGTCCATTTGCCCAAAGTATTAATGCAACTGAAGCTGTGATATTTCCAACGACTGTAGGAGGAAAAATTAAGGGGAGAGAGGAAAACAAAACCAACCAACCCCTAAAATCATTTTCTTATTGTACATAACGACCTCATTCTCCTGTATATGCGGAAGATATAACCTTATATTTGGTAAGTGTTTCTTGTGCTATTTTATCACGTGACCTGTTTATAAAAATATATATTAAAAAAGTTGTAAAAA',
    'SEQUENCE_PRIMER_PAIR_OK_REGION_LIST': [[78, 88, 274, 108]],
    'PRIMER_MIN_3_PRIME_OVERLAP_OF_JUNCTION': 8,
    'PRIMER_MIN_5_PRIME_OVERLAP_OF_JUNCTION': 8,
    'SEQUENCE_OVERLAP_JUNCTION_LIST': (116,)}

>>> Primer3Results: 5 results <<<
Primer3Pair 0:
{   'result_num': 0,
    'PRIMER_PAIR_PENALTY': 1.331507604037597,
    'PRIMER_LEFT_PENALTY': 1.0794049633347527,
    'PRIMER_RIGHT_PENALTY': 0.2521026407028444,
    'PRIMER_LEFT_SEQUENCE': 'CTTCCCGGTGTGTACGCAT',
    'PRIMER_RIGHT_SEQUENCE': 'TACTTGAAGAGCTCGGGGGT',
    'PRIMER_LEFT': [108, 19],
    'PRIMER_RIGHT': [372, 20],
    'PRIMER_LEFT_TM': 60.07940496333475,
    'PRIMER_RIGHT_TM': 60.252102640702844,
    'PRIMER_LEFT_GC_PERCENT': 57.89473684210526,
    'PRIMER_RIGHT_GC_PERCENT': 55.0,
    'PRIMER_LEFT_SELF_ANY_TH': 13.07641896284099,
    'PRIMER_RIGHT_SELF_ANY_TH': 8.367747575268368,
    'PRIMER_LEFT_SELF_END_TH': 0.0,
    'PRIMER_RIGHT_SELF_END_TH': 7.720141518878108,
    'PRIMER_LEFT_HAIRPIN_TH': 0.0,
    'PRIMER_RIGHT_HAIRPIN_TH': 0.0,
    'PRIMER_LEFT_END_STABILITY': 4.73,
    'PRIMER_RIGHT_END_STABILITY': 4.95,
    'PRIMER_PAIR_COMPL_ANY_TH': 0.0,
    'PRIMER_PAIR_COMPL_END_TH': 0.0,
    'PRIMER_PAIR_PRODUCT_SIZE': 265,
    'PRIMER_PAIR_PRODUCT_TM': 93.11606258306628}
Primer3Pair 1:
{   'result_num': 1,
    'PRIMER_PAIR_PENALTY': 1.3317839233270092,
    'PRIMER_LEFT_PENALTY': 1.0796812826241649,
    'PRIMER_RIGHT_PENALTY': 0.2521026407028444,
    'PRIMER_LEFT_SEQUENCE': 'TTCCCGGTGTGTACGCATC',
    'PRIMER_RIGHT_SEQUENCE': 'TACTTGAAGAGCTCGGGGGT',
    'PRIMER_LEFT': [109, 19],
    'PRIMER_RIGHT': [372, 20],
    'PRIMER_LEFT_TM': 60.079681282624165,
    'PRIMER_RIGHT_TM': 60.252102640702844,
    'PRIMER_LEFT_GC_PERCENT': 57.89473684210526,
    'PRIMER_RIGHT_GC_PERCENT': 55.0,
    'PRIMER_LEFT_SELF_ANY_TH': 13.07641896284099,
    'PRIMER_RIGHT_SELF_ANY_TH': 8.367747575268368,
    'PRIMER_LEFT_SELF_END_TH': 11.341242892310447,
    'PRIMER_RIGHT_SELF_END_TH': 7.720141518878108,
    'PRIMER_LEFT_HAIRPIN_TH': 0.0,
    'PRIMER_RIGHT_HAIRPIN_TH': 0.0,
    'PRIMER_LEFT_END_STABILITY': 3.91,
    'PRIMER_RIGHT_END_STABILITY': 4.95,
    'PRIMER_PAIR_COMPL_ANY_TH': 0.0,
    'PRIMER_PAIR_COMPL_END_TH': 0.0,
    'PRIMER_PAIR_PRODUCT_SIZE': 264,
    'PRIMER_PAIR_PRODUCT_TM': 93.05415577917834}
Primer3Pair 2:
{   'result_num': 2,
    'PRIMER_PAIR_PENALTY': 1.3342197046202386,
    'PRIMER_LEFT_PENALTY': 1.0821170639173943,
    'PRIMER_RIGHT_PENALTY': 0.2521026407028444,
    'PRIMER_LEFT_SEQUENCE': 'CTTCCCGGTGTGTACGCATC',
    'PRIMER_RIGHT_SEQUENCE': 'TACTTGAAGAGCTCGGGGGT',
    'PRIMER_LEFT': [108, 20],
    'PRIMER_RIGHT': [372, 20],
    'PRIMER_LEFT_TM': 61.082117063917394,
    'PRIMER_RIGHT_TM': 60.252102640702844,
    'PRIMER_LEFT_GC_PERCENT': 60.0,
    'PRIMER_RIGHT_GC_PERCENT': 55.0,
    'PRIMER_LEFT_SELF_ANY_TH': 13.07641896284099,
    'PRIMER_RIGHT_SELF_ANY_TH': 8.367747575268368,
    'PRIMER_LEFT_SELF_END_TH': 11.341242892310447,
    'PRIMER_RIGHT_SELF_END_TH': 7.720141518878108,
    'PRIMER_LEFT_HAIRPIN_TH': 0.0,
    'PRIMER_RIGHT_HAIRPIN_TH': 0.0,
    'PRIMER_LEFT_END_STABILITY': 3.91,
    'PRIMER_RIGHT_END_STABILITY': 4.95,
    'PRIMER_PAIR_COMPL_ANY_TH': 0.0,
    'PRIMER_PAIR_COMPL_END_TH': 0.0,
    'PRIMER_PAIR_PRODUCT_SIZE': 265,
    'PRIMER_PAIR_PRODUCT_TM': 93.11606258306628}
Primer3Pair 3:
{   'result_num': 3,
    'PRIMER_PAIR_PENALTY': 2.07001320211441,
    'PRIMER_LEFT_PENALTY': 1.8179105614115656,
    'PRIMER_RIGHT_PENALTY': 0.2521026407028444,
    'PRIMER_LEFT_SEQUENCE': 'TTCCCGGTGTGTACGCATCA',
    'PRIMER_RIGHT_SEQUENCE': 'TACTTGAAGAGCTCGGGGGT',
    'PRIMER_LEFT': [109, 20],
    'PRIMER_RIGHT': [372, 20],
    'PRIMER_LEFT_TM': 61.817910561411566,
    'PRIMER_RIGHT_TM': 60.252102640702844,
    'PRIMER_LEFT_GC_PERCENT': 55.0,
    'PRIMER_RIGHT_GC_PERCENT': 55.0,
    'PRIMER_LEFT_SELF_ANY_TH': 19.21046760332098,
    'PRIMER_RIGHT_SELF_ANY_TH': 8.367747575268368,
    'PRIMER_LEFT_SELF_END_TH': 0.0,
    'PRIMER_RIGHT_SELF_END_TH': 7.720141518878108,
    'PRIMER_LEFT_HAIRPIN_TH': 0.0,
    'PRIMER_RIGHT_HAIRPIN_TH': 0.0,
    'PRIMER_LEFT_END_STABILITY': 3.07,
    'PRIMER_RIGHT_END_STABILITY': 4.95,
    'PRIMER_PAIR_COMPL_ANY_TH': 0.0,
    'PRIMER_PAIR_COMPL_END_TH': 0.0,
    'PRIMER_PAIR_PRODUCT_SIZE': 264,
    'PRIMER_PAIR_PRODUCT_TM': 93.05415577917834}
Primer3Pair 4:
{   'result_num': 4,
    'PRIMER_PAIR_PENALTY': 2.158252844669505,
    'PRIMER_LEFT_PENALTY': 1.0794049633347527,
    'PRIMER_RIGHT_PENALTY': 1.0788478813347524,
    'PRIMER_LEFT_SEQUENCE': 'CTTCCCGGTGTGTACGCAT',
    'PRIMER_RIGHT_SEQUENCE': 'CTTGAAGAGCTCGGGGGTG',
    'PRIMER_LEFT': [108, 19],
    'PRIMER_RIGHT': [370, 19],
    'PRIMER_LEFT_TM': 60.07940496333475,
    'PRIMER_RIGHT_TM': 60.07884788133475,
    'PRIMER_LEFT_GC_PERCENT': 57.89473684210526,
    'PRIMER_RIGHT_GC_PERCENT': 63.1578947368421,
    'PRIMER_LEFT_SELF_ANY_TH': 13.07641896284099,
    'PRIMER_RIGHT_SELF_ANY_TH': 8.367747575268368,
    'PRIMER_LEFT_SELF_END_TH': 0.0,
    'PRIMER_RIGHT_SELF_END_TH': 0.0,
    'PRIMER_LEFT_HAIRPIN_TH': 0.0,
    'PRIMER_RIGHT_HAIRPIN_TH': 0.0,
    'PRIMER_LEFT_END_STABILITY': 4.73,
    'PRIMER_RIGHT_END_STABILITY': 4.61,
    'PRIMER_PAIR_COMPL_ANY_TH': 0.0,
    'PRIMER_PAIR_COMPL_END_TH': 0.0,
    'PRIMER_PAIR_PRODUCT_SIZE': 263,
    'PRIMER_PAIR_PRODUCT_TM': 93.30356527335971}

>>> PrimerDesigns 5 <<<
    target_id FBXL16+1
    tran_id WTC11_consolidated/NIC_57258
>>> PrimerDesign <<<
    ppair_id FBXL16+1_pp1
    features_5p [ExonFeature(genome=Coords(name='chr16', start=695064, end=695076, strand='+', size=90338345), trans=Coords(name='NIC_57258', start=2059, end=2071, strand='-', size=2186))
 ExonFeature(genome=Coords(name='chr16', start=695215, end=695222, strand='+', size=90338345), trans=Coords(name='NIC_57258', start=2071, end=2078, strand='-', size=2186))]
    features_3p [ExonFeature(genome=Coords(name='chr16', start=694314, end=694334, strand='+', size=90338345), trans=Coords(name='NIC_57258', start=1813, end=1833, strand='-', size=2186))]
    priority 1
    amplicon_coords NIC_57258:108-373
    amplicon_length 265
    PRIMER_LEFT [108, 19]
    PRIMER_RIGHT [372, 20]
    PRIMER_LEFT_SEQUENCE CTTCCCGGTGTGTACGCAT
    PRIMER_RIGHT_SEQUENCE TACTTGAAGAGCTCGGGGGT
    PRIMER_PAIR_PRODUCT_SIZE 265
    genome_on_targets None
    genome_off_targets None
    genome_non_targets None
    transcriptome_on_targets None
    transcriptome_off_targets None
    transcriptome_non_targets None
>>> PrimerDesign <<<
    ppair_id FBXL16+1_pp5
    features_5p [ExonFeature(genome=Coords(name='chr16', start=695064, end=695076, strand='+', size=90338345), trans=Coords(name='NIC_57258', start=2059, end=2071, strand='-', size=2186))
 ExonFeature(genome=Coords(name='chr16', start=695215, end=695222, strand='+', size=90338345), trans=Coords(name='NIC_57258', start=2071, end=2078, strand='-', size=2186))]
    features_3p [ExonFeature(genome=Coords(name='chr16', start=694316, end=694335, strand='+', size=90338345), trans=Coords(name='NIC_57258', start=1815, end=1834, strand='-', size=2186))]
    priority 2
    amplicon_coords NIC_57258:108-371
    amplicon_length 263
    PRIMER_LEFT [108, 19]
    PRIMER_RIGHT [370, 19]
    PRIMER_LEFT_SEQUENCE CTTCCCGGTGTGTACGCAT
    PRIMER_RIGHT_SEQUENCE CTTGAAGAGCTCGGGGGTG
    PRIMER_PAIR_PRODUCT_SIZE 263
    genome_on_targets None
    genome_off_targets None
    genome_non_targets None
    transcriptome_on_targets None
    transcriptome_off_targets None
    transcriptome_non_targets None
>>> PrimerDesign <<<
    ppair_id FBXL16+1_pp2
    features_5p [ExonFeature(genome=Coords(name='chr16', start=695063, end=695076, strand='+', size=90338345), trans=Coords(name='NIC_57258', start=2058, end=2071, strand='-', size=2186))
 ExonFeature(genome=Coords(name='chr16', start=695215, end=695221, strand='+', size=90338345), trans=Coords(name='NIC_57258', start=2071, end=2077, strand='-', size=2186))]
    features_3p [ExonFeature(genome=Coords(name='chr16', start=694314, end=694334, strand='+', size=90338345), trans=Coords(name='NIC_57258', start=1813, end=1833, strand='-', size=2186))]
    priority 3
    amplicon_coords NIC_57258:109-373
    amplicon_length 264
    PRIMER_LEFT [109, 19]
    PRIMER_RIGHT [372, 20]
    PRIMER_LEFT_SEQUENCE TTCCCGGTGTGTACGCATC
    PRIMER_RIGHT_SEQUENCE TACTTGAAGAGCTCGGGGGT
    PRIMER_PAIR_PRODUCT_SIZE 264
    genome_on_targets None
    genome_off_targets None
    genome_non_targets None
    transcriptome_on_targets None
    transcriptome_off_targets None
    transcriptome_non_targets None
>>> PrimerDesign <<<
    ppair_id FBXL16+1_pp3
    features_5p [ExonFeature(genome=Coords(name='chr16', start=695063, end=695076, strand='+', size=90338345), trans=Coords(name='NIC_57258', start=2058, end=2071, strand='-', size=2186))
 ExonFeature(genome=Coords(name='chr16', start=695215, end=695222, strand='+', size=90338345), trans=Coords(name='NIC_57258', start=2071, end=2078, strand='-', size=2186))]
    features_3p [ExonFeature(genome=Coords(name='chr16', start=694314, end=694334, strand='+', size=90338345), trans=Coords(name='NIC_57258', start=1813, end=1833, strand='-', size=2186))]
    priority 4
    amplicon_coords NIC_57258:108-373
    amplicon_length 265
    PRIMER_LEFT [108, 20]
    PRIMER_RIGHT [372, 20]
    PRIMER_LEFT_SEQUENCE CTTCCCGGTGTGTACGCATC
    PRIMER_RIGHT_SEQUENCE TACTTGAAGAGCTCGGGGGT
    PRIMER_PAIR_PRODUCT_SIZE 265
    genome_on_targets None
    genome_off_targets None
    genome_non_targets None
    transcriptome_on_targets None
    transcriptome_off_targets None
    transcriptome_non_targets None
>>> PrimerDesign <<<
    ppair_id FBXL16+1_pp4
    features_5p [ExonFeature(genome=Coords(name='chr16', start=695062, end=695076, strand='+', size=90338345), trans=Coords(name='NIC_57258', start=2057, end=2071, strand='-', size=2186))
 ExonFeature(genome=Coords(name='chr16', start=695215, end=695221, strand='+', size=90338345), trans=Coords(name='NIC_57258', start=2071, end=2077, strand='-', size=2186))]
    features_3p [ExonFeature(genome=Coords(name='chr16', start=694314, end=694334, strand='+', size=90338345), trans=Coords(name='NIC_57258', start=1813, end=1833, strand='-', size=2186))]
    priority 5
    amplicon_coords NIC_57258:109-373
    amplicon_length 264
    PRIMER_LEFT [109, 20]
    PRIMER_RIGHT [372, 20]
    PRIMER_LEFT_SEQUENCE TTCCCGGTGTGTACGCATCA
    PRIMER_RIGHT_SEQUENCE TACTTGAAGAGCTCGGGGGT
    PRIMER_PAIR_PRODUCT_SIZE 264
    genome_on_targets None
    genome_off_targets None
    genome_non_targets None
    transcriptome_on_targets None
    transcriptome_off_targets None
    transcriptome_non_targets None

