target_id	design_status	transcript_id	browser	primer_id	left_primer	right_primer	amplicon_len	amplicon_exons	left_delta_G	right_delta_G	on_target_trans	off_target_trans	on_target_genome	off_target_genome	annotated_amplicon
FBXL16+1	GOOD	NIC_57258	=HYPERLINK("https://genome.ucsc.edu/cgi-bin/hgTracks?position=chr16%3A692501-695330&db=hg38&genome=hg38&hubUrl=http%3A//test.org/JuJu/hub.txt", "chr16:692501-695330")	FBXL16+1_pp1	CTTCCCGGTGTGTACGCAT	TACTTGAAGAGCTCGGGGGT	225	3	4.73	4.95					ACCGCAGCACGGGTTGGCTGGACCCCCGTCCTTCCCGG-TGTGTACGCATCACGGACACTGGCCTCAGCTATCTGTCCACCATGTCGTC[CCTCCGCAGCCTCTACCTGCGATGGTGCTGCCAGGTGCAAGACTTCGGGCTGAAGCACCTCCTGGCCCTGGGGAGTTTGCGCCTCCTGTCTCTGGCAGGCTGCCCGCT]GCTCACCACCACCGGGCTGTCGGGCCTGGTGCAGCTGCAGGAGCTGGAGGAGCTGGAGCTGACCAACTGCCCCGGGGCCACCCCCGAGCTCTTCAAGTATTTCTCGCA
FBXL16+1	GOOD	NIC_57258		FBXL16+1_pp2	TTCCCGGTGTGTACGCATC	TACTTGAAGAGCTCGGGGGT	224	3	3.91	4.95					
FBXL16+1	GOOD	NIC_57258		FBXL16+1_pp3	GTCCTTCCCGGTGTGTACG	TACTTGAAGAGCTCGGGGGT	228	3	3.67	4.95					
FBXL16+1	GOOD	NIC_57258		FBXL16+1_pp4	CGTCCTTCCCGGTGTGTAC	TACTTGAAGAGCTCGGGGGT	229	3	2.9	4.95					
FBXL16+1	GOOD	NIC_57258		FBXL16+1_pp5	CTTCCCGGTGTGTACGCATC	TACTTGAAGAGCTCGGGGGT	224	3	3.91	4.95					
