target_id	transcript_id	design_status	position	browser	primer_id	left_primer	right_primer	pri	amplicon_len	amplicon_exons	tm_left_degC	tm_right_degC	hairpin_left_dG	hairpin_right_dG	homodimer_left_dG	homodimer_right_dG	heterodimer_dG	end_stability_dG	on_target_trans	off_target_trans	on_target_genome	off_target_genome	amplicon
SNAI1+1	FSM_23673	FAILED	chr20:49982979-49988884	=HYPERLINK("https://genome.ucsc.edu/cgi-bin/hgTracks?position=chr20%3A49982979-49988884&db=hg38&genome=hg38&hubUrl=http%3A//conesalab.org/LRGASP/LRGASP_hub/hub.txt&hubUrl=https%3A//hgwdev.gi.ucsc.edu/~markd/lrgasp/juju-hub/hub.txt", "chr20:49982979-49988884")	SNAI1+1_pp3	CGAGTGGTTCTTCTGCGCTA	TCATCAAAGTCCTGTGGGGC	1	1005	3	58.00	57.86	0.00	-32.48	-6376.74	-1867.07	-2792.96	-1350.97					CGAGTGGTTCTTCTGCGCTACTGCTGCGCGAATCGGCGACCCCAGTGCCTCGACCACTATGCCGCGCTCTTTCCTCGTCAGGAAGCCCTCCGACCCCAATCGGAAGCCTAACTACAGCGAGCTGCAGGACTCTAATCCAGAGTTTACCTTCCAGCAGCCCTACGACCAGGCCCACCTGCTGGCAGCCATCCCACCTCCGGAGATCCTCAACCCCACCGCCTCGCTGCCAATGCTCATCTGGGACTCTGTCCTGGCGCCCCAAGCCCAGCCAATTGCCTGGGCCTCCCTTCGGCTCCAGGAGAGTCCCAGGGTGGCAGAGCTGACCTCCCTGTCAGATGAGGACAGTGGGAAAGGCTCCCAGCCCCCCAGCCCACCCTCACCGGCTCCTTCGTCCTTCTCCTCTACTTCAGTCTCTTCCTTGGAGGCCGAGGCCTATGCTGCCTTCCCAGGCTTGGGCCAAGTGCCCAAGCAGCTGGCCCAGCTCTCTGAGGCCAAGGATCTCCAGGCTCGAAAGGCCTTCAACTGCAAATACTGCAACAAGGAATACCTCAGCCTGGGTGCCCTCAAGATGCACATCCGAAGCCACACGCTGCCCTGCGTCTGCGGAACCTGCGGGAAGGCCTTCTCTAGGCCCTGGCTGCTACAAGGCCATGTCCGGACCCACACTGGCGAGAAGCCCTTCTCCTGTCCCCACTGCAGCCGTGCCTTCGCTGACCGCTCCAACCTGCGGGCCCACCTCCAGACCCACTCAGATGTCAAGAAGTACCAGTGCCAGGCGTGTGCTCGGACCTTCTCCCGAATGTCCCTGCTCCACAAGCACCAAGAGTCCGGCTGCTCAGGATGTCCCCGCTGACCCTCGAGGCTCCCTCTTCCTCTCCATACCTGCCCCTGCCTGACAGCCTTCCCCAGCTCCAGCAGGAAGGACCCCACATCCTTCTCACTGCCATGGAATTCCCTCCTGAGTGCCCCACTTCTGGCCACATCAGCCCCACAGGACTTTGATGA
SNAI1+1	FSM_23673	FAILED			SNAI1+1_pp4	CGAGTGGTTCTTCTGCGCTA	CTGAAATAGCTGCCTGGGCT	2	1388	3	58.00	58.00	0.00	-399.96	-6376.74	-5458.60	-2919.01	-2919.01					CGAGTGGTTCTTCTGCGCTACTGCTGCGCGAATCGGCGACCCCAGTGCCTCGACCACTATGCCGCGCTCTTTCCTCGTCAGGAAGCCCTCCGACCCCAATCGGAAGCCTAACTACAGCGAGCTGCAGGACTCTAATCCAGAGTTTACCTTCCAGCAGCCCTACGACCAGGCCCACCTGCTGGCAGCCATCCCACCTCCGGAGATCCTCAACCCCACCGCCTCGCTGCCAATGCTCATCTGGGACTCTGTCCTGGCGCCCCAAGCCCAGCCAATTGCCTGGGCCTCCCTTCGGCTCCAGGAGAGTCCCAGGGTGGCAGAGCTGACCTCCCTGTCAGATGAGGACAGTGGGAAAGGCTCCCAGCCCCCCAGCCCACCCTCACCGGCTCCTTCGTCCTTCTCCTCTACTTCAGTCTCTTCCTTGGAGGCCGAGGCCTATGCTGCCTTCCCAGGCTTGGGCCAAGTGCCCAAGCAGCTGGCCCAGCTCTCTGAGGCCAAGGATCTCCAGGCTCGAAAGGCCTTCAACTGCAAATACTGCAACAAGGAATACCTCAGCCTGGGTGCCCTCAAGATGCACATCCGAAGCCACACGCTGCCCTGCGTCTGCGGAACCTGCGGGAAGGCCTTCTCTAGGCCCTGGCTGCTACAAGGCCATGTCCGGACCCACACTGGCGAGAAGCCCTTCTCCTGTCCCCACTGCAGCCGTGCCTTCGCTGACCGCTCCAACCTGCGGGCCCACCTCCAGACCCACTCAGATGTCAAGAAGTACCAGTGCCAGGCGTGTGCTCGGACCTTCTCCCGAATGTCCCTGCTCCACAAGCACCAAGAGTCCGGCTGCTCAGGATGTCCCCGCTGACCCTCGAGGCTCCCTCTTCCTCTCCATACCTGCCCCTGCCTGACAGCCTTCCCCAGCTCCAGCAGGAAGGACCCCACATCCTTCTCACTGCCATGGAATTCCCTCCTGAGTGCCCCACTTCTGGCCACATCAGCCCCACAGGACTTTGATGAAGACCATTTTCTGGTTCTGTGTCCTCTGCCTGGGCTCTGGAAGAGGCCTTCCCATGGCCATTTCTGTGGAGGGAGGGCAGCTGGCCCCCAGCCCTGGGGGATTCCTGAGCTGGCCTGTCTGCGTGGGTTTTTGTATCCAGAGCTGTTTGGATACAGCTGCTTTGAGCTACAGGACAAAGGCTGACAGACTCACTGGGAAGCTCCCACCCCACTCAGGGGACCCCACTCCCCTCACACACACCCCCCCACAAGGAACCCTCAGGCCACCCTCCACGAGGTGTGACTAACTATGCAATAATCCACCCCCAGGTGCAGCCCCAGGGCCTGCGGAGGCGGTGGCAGACTAGAGTCTGAGATGCCCCGAGCCCAGGCAGCTATTTCAG
SNAI1+1	FSM_23673	FAILED			SNAI1+1_pp7	CGAGTGGTTCTTCTGCGCTA	TGAAATAGCTGCCTGGGCTC	3	1387	3	58.00	58.00	0.00	-399.96	-6376.74	-5458.60	-2919.01	-2919.01					CGAGTGGTTCTTCTGCGCTACTGCTGCGCGAATCGGCGACCCCAGTGCCTCGACCACTATGCCGCGCTCTTTCCTCGTCAGGAAGCCCTCCGACCCCAATCGGAAGCCTAACTACAGCGAGCTGCAGGACTCTAATCCAGAGTTTACCTTCCAGCAGCCCTACGACCAGGCCCACCTGCTGGCAGCCATCCCACCTCCGGAGATCCTCAACCCCACCGCCTCGCTGCCAATGCTCATCTGGGACTCTGTCCTGGCGCCCCAAGCCCAGCCAATTGCCTGGGCCTCCCTTCGGCTCCAGGAGAGTCCCAGGGTGGCAGAGCTGACCTCCCTGTCAGATGAGGACAGTGGGAAAGGCTCCCAGCCCCCCAGCCCACCCTCACCGGCTCCTTCGTCCTTCTCCTCTACTTCAGTCTCTTCCTTGGAGGCCGAGGCCTATGCTGCCTTCCCAGGCTTGGGCCAAGTGCCCAAGCAGCTGGCCCAGCTCTCTGAGGCCAAGGATCTCCAGGCTCGAAAGGCCTTCAACTGCAAATACTGCAACAAGGAATACCTCAGCCTGGGTGCCCTCAAGATGCACATCCGAAGCCACACGCTGCCCTGCGTCTGCGGAACCTGCGGGAAGGCCTTCTCTAGGCCCTGGCTGCTACAAGGCCATGTCCGGACCCACACTGGCGAGAAGCCCTTCTCCTGTCCCCACTGCAGCCGTGCCTTCGCTGACCGCTCCAACCTGCGGGCCCACCTCCAGACCCACTCAGATGTCAAGAAGTACCAGTGCCAGGCGTGTGCTCGGACCTTCTCCCGAATGTCCCTGCTCCACAAGCACCAAGAGTCCGGCTGCTCAGGATGTCCCCGCTGACCCTCGAGGCTCCCTCTTCCTCTCCATACCTGCCCCTGCCTGACAGCCTTCCCCAGCTCCAGCAGGAAGGACCCCACATCCTTCTCACTGCCATGGAATTCCCTCCTGAGTGCCCCACTTCTGGCCACATCAGCCCCACAGGACTTTGATGAAGACCATTTTCTGGTTCTGTGTCCTCTGCCTGGGCTCTGGAAGAGGCCTTCCCATGGCCATTTCTGTGGAGGGAGGGCAGCTGGCCCCCAGCCCTGGGGGATTCCTGAGCTGGCCTGTCTGCGTGGGTTTTTGTATCCAGAGCTGTTTGGATACAGCTGCTTTGAGCTACAGGACAAAGGCTGACAGACTCACTGGGAAGCTCCCACCCCACTCAGGGGACCCCACTCCCCTCACACACACCCCCCCACAAGGAACCCTCAGGCCACCCTCCACGAGGTGTGACTAACTATGCAATAATCCACCCCCAGGTGCAGCCCCAGGGCCTGCGGAGGCGGTGGCAGACTAGAGTCTGAGATGCCCCGAGCCCAGGCAGCTATTTCA
SNAI1+1	FSM_23673	FAILED			SNAI1+1_pp11	CGAGTGGTTCTTCTGCGCTA	GTGAGAAGGATGTGGGGTCC	4	941	3	58.00	57.66	0.00	80.11	-6376.74	-1885.05	-4182.31	199.91					CGAGTGGTTCTTCTGCGCTACTGCTGCGCGAATCGGCGACCCCAGTGCCTCGACCACTATGCCGCGCTCTTTCCTCGTCAGGAAGCCCTCCGACCCCAATCGGAAGCCTAACTACAGCGAGCTGCAGGACTCTAATCCAGAGTTTACCTTCCAGCAGCCCTACGACCAGGCCCACCTGCTGGCAGCCATCCCACCTCCGGAGATCCTCAACCCCACCGCCTCGCTGCCAATGCTCATCTGGGACTCTGTCCTGGCGCCCCAAGCCCAGCCAATTGCCTGGGCCTCCCTTCGGCTCCAGGAGAGTCCCAGGGTGGCAGAGCTGACCTCCCTGTCAGATGAGGACAGTGGGAAAGGCTCCCAGCCCCCCAGCCCACCCTCACCGGCTCCTTCGTCCTTCTCCTCTACTTCAGTCTCTTCCTTGGAGGCCGAGGCCTATGCTGCCTTCCCAGGCTTGGGCCAAGTGCCCAAGCAGCTGGCCCAGCTCTCTGAGGCCAAGGATCTCCAGGCTCGAAAGGCCTTCAACTGCAAATACTGCAACAAGGAATACCTCAGCCTGGGTGCCCTCAAGATGCACATCCGAAGCCACACGCTGCCCTGCGTCTGCGGAACCTGCGGGAAGGCCTTCTCTAGGCCCTGGCTGCTACAAGGCCATGTCCGGACCCACACTGGCGAGAAGCCCTTCTCCTGTCCCCACTGCAGCCGTGCCTTCGCTGACCGCTCCAACCTGCGGGCCCACCTCCAGACCCACTCAGATGTCAAGAAGTACCAGTGCCAGGCGTGTGCTCGGACCTTCTCCCGAATGTCCCTGCTCCACAAGCACCAAGAGTCCGGCTGCTCAGGATGTCCCCGCTGACCCTCGAGGCTCCCTCTTCCTCTCCATACCTGCCCCTGCCTGACAGCCTTCCCCAGCTCCAGCAGGAAGGACCCCACATCCTTCTCAC
SNAI1+1	FSM_23673	FAILED			SNAI1+1_pp2	CGAGTGGTTCTTCTGCGCTA	CCCTCCACAGAAATGGCCAT	5	1078	3	58.00	57.93	0.00	-211.27	-6376.74	-7020.48	-4490.46	-840.12					CGAGTGGTTCTTCTGCGCTACTGCTGCGCGAATCGGCGACCCCAGTGCCTCGACCACTATGCCGCGCTCTTTCCTCGTCAGGAAGCCCTCCGACCCCAATCGGAAGCCTAACTACAGCGAGCTGCAGGACTCTAATCCAGAGTTTACCTTCCAGCAGCCCTACGACCAGGCCCACCTGCTGGCAGCCATCCCACCTCCGGAGATCCTCAACCCCACCGCCTCGCTGCCAATGCTCATCTGGGACTCTGTCCTGGCGCCCCAAGCCCAGCCAATTGCCTGGGCCTCCCTTCGGCTCCAGGAGAGTCCCAGGGTGGCAGAGCTGACCTCCCTGTCAGATGAGGACAGTGGGAAAGGCTCCCAGCCCCCCAGCCCACCCTCACCGGCTCCTTCGTCCTTCTCCTCTACTTCAGTCTCTTCCTTGGAGGCCGAGGCCTATGCTGCCTTCCCAGGCTTGGGCCAAGTGCCCAAGCAGCTGGCCCAGCTCTCTGAGGCCAAGGATCTCCAGGCTCGAAAGGCCTTCAACTGCAAATACTGCAACAAGGAATACCTCAGCCTGGGTGCCCTCAAGATGCACATCCGAAGCCACACGCTGCCCTGCGTCTGCGGAACCTGCGGGAAGGCCTTCTCTAGGCCCTGGCTGCTACAAGGCCATGTCCGGACCCACACTGGCGAGAAGCCCTTCTCCTGTCCCCACTGCAGCCGTGCCTTCGCTGACCGCTCCAACCTGCGGGCCCACCTCCAGACCCACTCAGATGTCAAGAAGTACCAGTGCCAGGCGTGTGCTCGGACCTTCTCCCGAATGTCCCTGCTCCACAAGCACCAAGAGTCCGGCTGCTCAGGATGTCCCCGCTGACCCTCGAGGCTCCCTCTTCCTCTCCATACCTGCCCCTGCCTGACAGCCTTCCCCAGCTCCAGCAGGAAGGACCCCACATCCTTCTCACTGCCATGGAATTCCCTCCTGAGTGCCCCACTTCTGGCCACATCAGCCCCACAGGACTTTGATGAAGACCATTTTCTGGTTCTGTGTCCTCTGCCTGGGCTCTGGAAGAGGCCTTCCCATGGCCATTTCTGTGGAGGG
SNAI1+1	FSM_23673	FAILED			SNAI1+1_pp8	CGAGTGGTTCTTCTGCGCTA	GGACTCTTGGTGCTTGTGGA	6	829	3	58.00	57.79	0.00	296.15	-6376.74	-2393.39	-3351.16	-1700.78					CGAGTGGTTCTTCTGCGCTACTGCTGCGCGAATCGGCGACCCCAGTGCCTCGACCACTATGCCGCGCTCTTTCCTCGTCAGGAAGCCCTCCGACCCCAATCGGAAGCCTAACTACAGCGAGCTGCAGGACTCTAATCCAGAGTTTACCTTCCAGCAGCCCTACGACCAGGCCCACCTGCTGGCAGCCATCCCACCTCCGGAGATCCTCAACCCCACCGCCTCGCTGCCAATGCTCATCTGGGACTCTGTCCTGGCGCCCCAAGCCCAGCCAATTGCCTGGGCCTCCCTTCGGCTCCAGGAGAGTCCCAGGGTGGCAGAGCTGACCTCCCTGTCAGATGAGGACAGTGGGAAAGGCTCCCAGCCCCCCAGCCCACCCTCACCGGCTCCTTCGTCCTTCTCCTCTACTTCAGTCTCTTCCTTGGAGGCCGAGGCCTATGCTGCCTTCCCAGGCTTGGGCCAAGTGCCCAAGCAGCTGGCCCAGCTCTCTGAGGCCAAGGATCTCCAGGCTCGAAAGGCCTTCAACTGCAAATACTGCAACAAGGAATACCTCAGCCTGGGTGCCCTCAAGATGCACATCCGAAGCCACACGCTGCCCTGCGTCTGCGGAACCTGCGGGAAGGCCTTCTCTAGGCCCTGGCTGCTACAAGGCCATGTCCGGACCCACACTGGCGAGAAGCCCTTCTCCTGTCCCCACTGCAGCCGTGCCTTCGCTGACCGCTCCAACCTGCGGGCCCACCTCCAGACCCACTCAGATGTCAAGAAGTACCAGTGCCAGGCGTGTGCTCGGACCTTCTCCCGAATGTCCCTGCTCCACAAGCACCAAGAGTCC
SNAI1+1	FSM_23673	FAILED			SNAI1+1_pp1	CGAGTGGTTCTTCTGCGCTA	CAAAAACCCACGCAGACAGG	7	1138	3	58.00	57.86	0.00	0.00	-6376.74	-2320.45	-6935.45	1474.05					CGAGTGGTTCTTCTGCGCTACTGCTGCGCGAATCGGCGACCCCAGTGCCTCGACCACTATGCCGCGCTCTTTCCTCGTCAGGAAGCCCTCCGACCCCAATCGGAAGCCTAACTACAGCGAGCTGCAGGACTCTAATCCAGAGTTTACCTTCCAGCAGCCCTACGACCAGGCCCACCTGCTGGCAGCCATCCCACCTCCGGAGATCCTCAACCCCACCGCCTCGCTGCCAATGCTCATCTGGGACTCTGTCCTGGCGCCCCAAGCCCAGCCAATTGCCTGGGCCTCCCTTCGGCTCCAGGAGAGTCCCAGGGTGGCAGAGCTGACCTCCCTGTCAGATGAGGACAGTGGGAAAGGCTCCCAGCCCCCCAGCCCACCCTCACCGGCTCCTTCGTCCTTCTCCTCTACTTCAGTCTCTTCCTTGGAGGCCGAGGCCTATGCTGCCTTCCCAGGCTTGGGCCAAGTGCCCAAGCAGCTGGCCCAGCTCTCTGAGGCCAAGGATCTCCAGGCTCGAAAGGCCTTCAACTGCAAATACTGCAACAAGGAATACCTCAGCCTGGGTGCCCTCAAGATGCACATCCGAAGCCACACGCTGCCCTGCGTCTGCGGAACCTGCGGGAAGGCCTTCTCTAGGCCCTGGCTGCTACAAGGCCATGTCCGGACCCACACTGGCGAGAAGCCCTTCTCCTGTCCCCACTGCAGCCGTGCCTTCGCTGACCGCTCCAACCTGCGGGCCCACCTCCAGACCCACTCAGATGTCAAGAAGTACCAGTGCCAGGCGTGTGCTCGGACCTTCTCCCGAATGTCCCTGCTCCACAAGCACCAAGAGTCCGGCTGCTCAGGATGTCCCCGCTGACCCTCGAGGCTCCCTCTTCCTCTCCATACCTGCCCCTGCCTGACAGCCTTCCCCAGCTCCAGCAGGAAGGACCCCACATCCTTCTCACTGCCATGGAATTCCCTCCTGAGTGCCCCACTTCTGGCCACATCAGCCCCACAGGACTTTGATGAAGACCATTTTCTGGTTCTGTGTCCTCTGCCTGGGCTCTGGAAGAGGCCTTCCCATGGCCATTTCTGTGGAGGGAGGGCAGCTGGCCCCCAGCCCTGGGGGATTCCTGAGCTGGCCTGTCTGCGTGGGTTTTTG
SNAI1+1	FSM_23673	FAILED			SNAI1+1_pp10	CGAGTGGTTCTTCTGCGCTA	GGAGCTTCCCAGTGAGTCTG	8	1209	3	58.00	57.66	0.00	-556.93	-6376.74	-3404.17	-2863.94	839.27					CGAGTGGTTCTTCTGCGCTACTGCTGCGCGAATCGGCGACCCCAGTGCCTCGACCACTATGCCGCGCTCTTTCCTCGTCAGGAAGCCCTCCGACCCCAATCGGAAGCCTAACTACAGCGAGCTGCAGGACTCTAATCCAGAGTTTACCTTCCAGCAGCCCTACGACCAGGCCCACCTGCTGGCAGCCATCCCACCTCCGGAGATCCTCAACCCCACCGCCTCGCTGCCAATGCTCATCTGGGACTCTGTCCTGGCGCCCCAAGCCCAGCCAATTGCCTGGGCCTCCCTTCGGCTCCAGGAGAGTCCCAGGGTGGCAGAGCTGACCTCCCTGTCAGATGAGGACAGTGGGAAAGGCTCCCAGCCCCCCAGCCCACCCTCACCGGCTCCTTCGTCCTTCTCCTCTACTTCAGTCTCTTCCTTGGAGGCCGAGGCCTATGCTGCCTTCCCAGGCTTGGGCCAAGTGCCCAAGCAGCTGGCCCAGCTCTCTGAGGCCAAGGATCTCCAGGCTCGAAAGGCCTTCAACTGCAAATACTGCAACAAGGAATACCTCAGCCTGGGTGCCCTCAAGATGCACATCCGAAGCCACACGCTGCCCTGCGTCTGCGGAACCTGCGGGAAGGCCTTCTCTAGGCCCTGGCTGCTACAAGGCCATGTCCGGACCCACACTGGCGAGAAGCCCTTCTCCTGTCCCCACTGCAGCCGTGCCTTCGCTGACCGCTCCAACCTGCGGGCCCACCTCCAGACCCACTCAGATGTCAAGAAGTACCAGTGCCAGGCGTGTGCTCGGACCTTCTCCCGAATGTCCCTGCTCCACAAGCACCAAGAGTCCGGCTGCTCAGGATGTCCCCGCTGACCCTCGAGGCTCCCTCTTCCTCTCCATACCTGCCCCTGCCTGACAGCCTTCCCCAGCTCCAGCAGGAAGGACCCCACATCCTTCTCACTGCCATGGAATTCCCTCCTGAGTGCCCCACTTCTGGCCACATCAGCCCCACAGGACTTTGATGAAGACCATTTTCTGGTTCTGTGTCCTCTGCCTGGGCTCTGGAAGAGGCCTTCCCATGGCCATTTCTGTGGAGGGAGGGCAGCTGGCCCCCAGCCCTGGGGGATTCCTGAGCTGGCCTGTCTGCGTGGGTTTTTGTATCCAGAGCTGTTTGGATACAGCTGCTTTGAGCTACAGGACAAAGGCTGACAGACTCACTGGGAAGCTCC
SNAI1+1	FSM_23673	FAILED			SNAI1+1_pp12	CGAGTGGTTCTTCTGCGCTA	CCCTCCCTCCACAGAAATGG	9	1082	3	58.00	57.66	0.00	-324.12	-6376.74	-2087.68	-4490.46	1104.87					CGAGTGGTTCTTCTGCGCTACTGCTGCGCGAATCGGCGACCCCAGTGCCTCGACCACTATGCCGCGCTCTTTCCTCGTCAGGAAGCCCTCCGACCCCAATCGGAAGCCTAACTACAGCGAGCTGCAGGACTCTAATCCAGAGTTTACCTTCCAGCAGCCCTACGACCAGGCCCACCTGCTGGCAGCCATCCCACCTCCGGAGATCCTCAACCCCACCGCCTCGCTGCCAATGCTCATCTGGGACTCTGTCCTGGCGCCCCAAGCCCAGCCAATTGCCTGGGCCTCCCTTCGGCTCCAGGAGAGTCCCAGGGTGGCAGAGCTGACCTCCCTGTCAGATGAGGACAGTGGGAAAGGCTCCCAGCCCCCCAGCCCACCCTCACCGGCTCCTTCGTCCTTCTCCTCTACTTCAGTCTCTTCCTTGGAGGCCGAGGCCTATGCTGCCTTCCCAGGCTTGGGCCAAGTGCCCAAGCAGCTGGCCCAGCTCTCTGAGGCCAAGGATCTCCAGGCTCGAAAGGCCTTCAACTGCAAATACTGCAACAAGGAATACCTCAGCCTGGGTGCCCTCAAGATGCACATCCGAAGCCACACGCTGCCCTGCGTCTGCGGAACCTGCGGGAAGGCCTTCTCTAGGCCCTGGCTGCTACAAGGCCATGTCCGGACCCACACTGGCGAGAAGCCCTTCTCCTGTCCCCACTGCAGCCGTGCCTTCGCTGACCGCTCCAACCTGCGGGCCCACCTCCAGACCCACTCAGATGTCAAGAAGTACCAGTGCCAGGCGTGTGCTCGGACCTTCTCCCGAATGTCCCTGCTCCACAAGCACCAAGAGTCCGGCTGCTCAGGATGTCCCCGCTGACCCTCGAGGCTCCCTCTTCCTCTCCATACCTGCCCCTGCCTGACAGCCTTCCCCAGCTCCAGCAGGAAGGACCCCACATCCTTCTCACTGCCATGGAATTCCCTCCTGAGTGCCCCACTTCTGGCCACATCAGCCCCACAGGACTTTGATGAAGACCATTTTCTGGTTCTGTGTCCTCTGCCTGGGCTCTGGAAGAGGCCTTCCCATGGCCATTTCTGTGGAGGGAGGG
SNAI1+1	FSM_23673	FAILED			SNAI1+1_pp9	CGAGTGGTTCTTCTGCGCTA	CCACCAAACAGGAGGCTGAA	10	1403	3	58.00	58.07	0.00	-344.95	-6376.74	-4240.25	-3393.46	839.27					CGAGTGGTTCTTCTGCGCTACTGCTGCGCGAATCGGCGACCCCAGTGCCTCGACCACTATGCCGCGCTCTTTCCTCGTCAGGAAGCCCTCCGACCCCAATCGGAAGCCTAACTACAGCGAGCTGCAGGACTCTAATCCAGAGTTTACCTTCCAGCAGCCCTACGACCAGGCCCACCTGCTGGCAGCCATCCCACCTCCGGAGATCCTCAACCCCACCGCCTCGCTGCCAATGCTCATCTGGGACTCTGTCCTGGCGCCCCAAGCCCAGCCAATTGCCTGGGCCTCCCTTCGGCTCCAGGAGAGTCCCAGGGTGGCAGAGCTGACCTCCCTGTCAGATGAGGACAGTGGGAAAGGCTCCCAGCCCCCCAGCCCACCCTCACCGGCTCCTTCGTCCTTCTCCTCTACTTCAGTCTCTTCCTTGGAGGCCGAGGCCTATGCTGCCTTCCCAGGCTTGGGCCAAGTGCCCAAGCAGCTGGCCCAGCTCTCTGAGGCCAAGGATCTCCAGGCTCGAAAGGCCTTCAACTGCAAATACTGCAACAAGGAATACCTCAGCCTGGGTGCCCTCAAGATGCACATCCGAAGCCACACGCTGCCCTGCGTCTGCGGAACCTGCGGGAAGGCCTTCTCTAGGCCCTGGCTGCTACAAGGCCATGTCCGGACCCACACTGGCGAGAAGCCCTTCTCCTGTCCCCACTGCAGCCGTGCCTTCGCTGACCGCTCCAACCTGCGGGCCCACCTCCAGACCCACTCAGATGTCAAGAAGTACCAGTGCCAGGCGTGTGCTCGGACCTTCTCCCGAATGTCCCTGCTCCACAAGCACCAAGAGTCCGGCTGCTCAGGATGTCCCCGCTGACCCTCGAGGCTCCCTCTTCCTCTCCATACCTGCCCCTGCCTGACAGCCTTCCCCAGCTCCAGCAGGAAGGACCCCACATCCTTCTCACTGCCATGGAATTCCCTCCTGAGTGCCCCACTTCTGGCCACATCAGCCCCACAGGACTTTGATGAAGACCATTTTCTGGTTCTGTGTCCTCTGCCTGGGCTCTGGAAGAGGCCTTCCCATGGCCATTTCTGTGGAGGGAGGGCAGCTGGCCCCCAGCCCTGGGGGATTCCTGAGCTGGCCTGTCTGCGTGGGTTTTTGTATCCAGAGCTGTTTGGATACAGCTGCTTTGAGCTACAGGACAAAGGCTGACAGACTCACTGGGAAGCTCCCACCCCACTCAGGGGACCCCACTCCCCTCACACACACCCCCCCACAAGGAACCCTCAGGCCACCCTCCACGAGGTGTGACTAACTATGCAATAATCCACCCCCAGGTGCAGCCCCAGGGCCTGCGGAGGCGGTGGCAGACTAGAGTCTGAGATGCCCCGAGCCCAGGCAGCTATTTCAGCCTCCTGTTTGGTGG
SNAI1+1	FSM_23673	FAILED			SNAI1+1_pp5	CGAGTGGTTCTTCTGCGCTA	GGCACTCAGGAGGGAATTCC	11	967	3	58.00	58.02	0.00	-38.59	-6376.74	-6813.35	-4996.04	522.36					CGAGTGGTTCTTCTGCGCTACTGCTGCGCGAATCGGCGACCCCAGTGCCTCGACCACTATGCCGCGCTCTTTCCTCGTCAGGAAGCCCTCCGACCCCAATCGGAAGCCTAACTACAGCGAGCTGCAGGACTCTAATCCAGAGTTTACCTTCCAGCAGCCCTACGACCAGGCCCACCTGCTGGCAGCCATCCCACCTCCGGAGATCCTCAACCCCACCGCCTCGCTGCCAATGCTCATCTGGGACTCTGTCCTGGCGCCCCAAGCCCAGCCAATTGCCTGGGCCTCCCTTCGGCTCCAGGAGAGTCCCAGGGTGGCAGAGCTGACCTCCCTGTCAGATGAGGACAGTGGGAAAGGCTCCCAGCCCCCCAGCCCACCCTCACCGGCTCCTTCGTCCTTCTCCTCTACTTCAGTCTCTTCCTTGGAGGCCGAGGCCTATGCTGCCTTCCCAGGCTTGGGCCAAGTGCCCAAGCAGCTGGCCCAGCTCTCTGAGGCCAAGGATCTCCAGGCTCGAAAGGCCTTCAACTGCAAATACTGCAACAAGGAATACCTCAGCCTGGGTGCCCTCAAGATGCACATCCGAAGCCACACGCTGCCCTGCGTCTGCGGAACCTGCGGGAAGGCCTTCTCTAGGCCCTGGCTGCTACAAGGCCATGTCCGGACCCACACTGGCGAGAAGCCCTTCTCCTGTCCCCACTGCAGCCGTGCCTTCGCTGACCGCTCCAACCTGCGGGCCCACCTCCAGACCCACTCAGATGTCAAGAAGTACCAGTGCCAGGCGTGTGCTCGGACCTTCTCCCGAATGTCCCTGCTCCACAAGCACCAAGAGTCCGGCTGCTCAGGATGTCCCCGCTGACCCTCGAGGCTCCCTCTTCCTCTCCATACCTGCCCCTGCCTGACAGCCTTCCCCAGCTCCAGCAGGAAGGACCCCACATCCTTCTCACTGCCATGGAATTCCCTCCTGAGTGCC
SNAI1+1	FSM_23673	FAILED			SNAI1+1_pp6	CGAGTGGTTCTTCTGCGCTA	GGGCACTCAGGAGGGAATTC	12	968	3	58.00	58.02	0.00	248.41	-6376.74	-4292.29	-4996.04	522.36					CGAGTGGTTCTTCTGCGCTACTGCTGCGCGAATCGGCGACCCCAGTGCCTCGACCACTATGCCGCGCTCTTTCCTCGTCAGGAAGCCCTCCGACCCCAATCGGAAGCCTAACTACAGCGAGCTGCAGGACTCTAATCCAGAGTTTACCTTCCAGCAGCCCTACGACCAGGCCCACCTGCTGGCAGCCATCCCACCTCCGGAGATCCTCAACCCCACCGCCTCGCTGCCAATGCTCATCTGGGACTCTGTCCTGGCGCCCCAAGCCCAGCCAATTGCCTGGGCCTCCCTTCGGCTCCAGGAGAGTCCCAGGGTGGCAGAGCTGACCTCCCTGTCAGATGAGGACAGTGGGAAAGGCTCCCAGCCCCCCAGCCCACCCTCACCGGCTCCTTCGTCCTTCTCCTCTACTTCAGTCTCTTCCTTGGAGGCCGAGGCCTATGCTGCCTTCCCAGGCTTGGGCCAAGTGCCCAAGCAGCTGGCCCAGCTCTCTGAGGCCAAGGATCTCCAGGCTCGAAAGGCCTTCAACTGCAAATACTGCAACAAGGAATACCTCAGCCTGGGTGCCCTCAAGATGCACATCCGAAGCCACACGCTGCCCTGCGTCTGCGGAACCTGCGGGAAGGCCTTCTCTAGGCCCTGGCTGCTACAAGGCCATGTCCGGACCCACACTGGCGAGAAGCCCTTCTCCTGTCCCCACTGCAGCCGTGCCTTCGCTGACCGCTCCAACCTGCGGGCCCACCTCCAGACCCACTCAGATGTCAAGAAGTACCAGTGCCAGGCGTGTGCTCGGACCTTCTCCCGAATGTCCCTGCTCCACAAGCACCAAGAGTCCGGCTGCTCAGGATGTCCCCGCTGACCCTCGAGGCTCCCTCTTCCTCTCCATACCTGCCCCTGCCTGACAGCCTTCCCCAGCTCCAGCAGGAAGGACCCCACATCCTTCTCACTGCCATGGAATTCCCTCCTGAGTGCCC
