target_id	transcript_id	design_status	position	browser	primer_id	left_primer	right_primer	pri	amplicon_len	amplicon_exons	left_delta_G	right_delta_G	on_target_trans	off_target_trans	on_target_genome	off_target_genome	amplicon
SLC46A1+1	FSM_44519	FAILED	chr17:28396709-28406206	=HYPERLINK("https://genome.ucsc.edu/cgi-bin/hgTracks?position=chr17%3A28396709-28406206&db=hg38&genome=hg38&hubUrl=http%3A//test.org/JuJu/hub.txt", "chr17:28396709-28406206")	SLC46A1+1_pp3	CTCTTCACGTTCCGTCACCA	TCCTAGACAGAGGCTGGGTC	1	848	4	4.17	4.46					CTCTTCACGTTCCGTCACCACCGATCCATTGTCCAGCTCTATGTGGCTCCCGCCCCAGAGAAGTCCAGGAAACATTTAGCCCTCTACTCACTGGCCATCTTCGTGGTGATCACTGTGCACTTTGGGGCCCAGGACATCTTAACCCTTTATGAACTAAGCACACCCCTCTGCTGGGACTCCAAACTAATCGGCTATGGTTCTGCAGCTCAGCATCTCCCCTACCTCACCAGCCTGCTGGCCCTGAAGCTCCTGCAGTACTGCCTGGCCGATGCCTGGGTAGCTGAGATCGGCCTGGCCTTCAACATCCTGGGGATGGTGGTCTTTGCCTTTGCCACTATCACGCCTCTCATGTTCACAGGATATGGGTTGCTTTTCCTGTCATTAGTCATCACACCTGTCATCCGGGCTAAACTCTCCAAGCTGGTGAGAGAGACAGAGCAGGGTGCTCTCTTTTCTGCTGTGGCCTGTGTGAATAGCCTGGCCATGCTGACGGCCTCCGGCATCTTCAACTCACTCTACCCAGCCACTCTGAACTTTATGAAGGGGTTCCCCTTCCTCCTGGGAGCTGGCCTCCTGCTCATCCCGGCTGTTCTGATTGGGATGCTGGAAAAGGCTGATCCTCACCTCGAGTTCCAGCAGTTTCCCCAGAGCCCCTGATCTGCCTGGACCAGAAGACAGAGGGCAAGAGGAGCAAAGTGAACACCAAGCAACTGGAGGTCTGCAGCTGGAAGCCCAGCCCACAGCAGGACAAGCAACTCTTGTCTAAGGGCAGTGCTCTCTTTGGACGAGGTAGTCAAGAGAGACCAAGGCACCACCCCATCCACAGCTGACCCAGCCTCTGTCTAGGA
SLC46A1+1	FSM_86580	FAILED	chr17:28396709-28406206	=HYPERLINK("https://genome.ucsc.edu/cgi-bin/hgTracks?position=chr17%3A28396709-28406206&db=hg38&genome=hg38&hubUrl=http%3A//test.org/JuJu/hub.txt", "chr17:28396709-28406206")	SLC46A1+1_pp3	CTCTTCACGTTCCGTCACCA	TCCTAGACAGAGGCTGGGTC	1	764	3	4.17	4.46					CTCTTCACGTTCCGTCACCACCGATCCATTGTCCAGCTCTATGTGGCTCCCGCCCCAGAGAAGTCCAGGAAACATTTAGCCCTCTACTCACTGGCCATCTTCGTGGTGATCACTGTGCACTTTGGGGCCCAGGACATCTTAACCCTTTATGAACTAAGCACACCCCTCTGCTGGGACTCCAAACTAATCGGCTATGGTTCTGCAGCTCAGCATCTCCCCTACCTCACCAGCCTGCTGGCCCTGAAGCTCCTGCAGTACTGCCTGGCCGATGCCTGGGTAGCTGAGATCGGCCTGGCCTTCAACATCCTGGGGATGGTGGTCTTTGCCTTTGCCACTATCACGCCTCTCATGTTCACAGGTGCTCTCTTTTCTGCTGTGGCCTGTGTGAATAGCCTGGCCATGCTGACGGCCTCCGGCATCTTCAACTCACTCTACCCAGCCACTCTGAACTTTATGAAGGGGTTCCCCTTCCTCCTGGGAGCTGGCCTCCTGCTCATCCCGGCTGTTCTGATTGGGATGCTGGAAAAGGCTGATCCTCACCTCGAGTTCCAGCAGTTTCCCCAGAGCCCCTGATCTGCCTGGACCAGAAGACAGAGGGCAAGAGGAGCAAAGTGAACACCAAGCAACTGGAGGTCTGCAGCTGGAAGCCCAGCCCACAGCAGGACAAGCAACTCTTGTCTAAGGGCAGTGCTCTCTTTGGACGAGGTAGTCAAGAGAGACCAAGGCACCACCCCATCCACAGCTGACCCAGCCTCTGTCTAGGA
SLC46A1+1	FSM_44519	FAILED			SLC46A1+1_pp2	CTCTTCACGTTCCGTCACCA	GACTGCTACACGTGTTGGGA	2	1078	4	4.17	4.37					CTCTTCACGTTCCGTCACCACCGATCCATTGTCCAGCTCTATGTGGCTCCCGCCCCAGAGAAGTCCAGGAAACATTTAGCCCTCTACTCACTGGCCATCTTCGTGGTGATCACTGTGCACTTTGGGGCCCAGGACATCTTAACCCTTTATGAACTAAGCACACCCCTCTGCTGGGACTCCAAACTAATCGGCTATGGTTCTGCAGCTCAGCATCTCCCCTACCTCACCAGCCTGCTGGCCCTGAAGCTCCTGCAGTACTGCCTGGCCGATGCCTGGGTAGCTGAGATCGGCCTGGCCTTCAACATCCTGGGGATGGTGGTCTTTGCCTTTGCCACTATCACGCCTCTCATGTTCACAGGATATGGGTTGCTTTTCCTGTCATTAGTCATCACACCTGTCATCCGGGCTAAACTCTCCAAGCTGGTGAGAGAGACAGAGCAGGGTGCTCTCTTTTCTGCTGTGGCCTGTGTGAATAGCCTGGCCATGCTGACGGCCTCCGGCATCTTCAACTCACTCTACCCAGCCACTCTGAACTTTATGAAGGGGTTCCCCTTCCTCCTGGGAGCTGGCCTCCTGCTCATCCCGGCTGTTCTGATTGGGATGCTGGAAAAGGCTGATCCTCACCTCGAGTTCCAGCAGTTTCCCCAGAGCCCCTGATCTGCCTGGACCAGAAGACAGAGGGCAAGAGGAGCAAAGTGAACACCAAGCAACTGGAGGTCTGCAGCTGGAAGCCCAGCCCACAGCAGGACAAGCAACTCTTGTCTAAGGGCAGTGCTCTCTTTGGACGAGGTAGTCAAGAGAGACCAAGGCACCACCCCATCCACAGCTGACCCAGCCTCTGTCTAGGATCTAGAATCATAACCCACACAGGCCCACTGCAGGACAGGTGGCAGAGGAGCTATTTGGGACAGGAGTCAGTTCTCCCTTTCTGCTATCCATCACTTATAACCCCACAGGCCAGAGGAGAGGTCCTGAGAGAGGTGACACTTCAGGGACCAGAGGCAGCACGAGGGCTGGCATCTCTCCTTCCAGCCCAAACTGCACAGCCCCAACCAGGTTCCCAACACGTGTAGCAGTC
SLC46A1+1	FSM_86580	FAILED			SLC46A1+1_pp2	CTCTTCACGTTCCGTCACCA	GACTGCTACACGTGTTGGGA	2	994	3	4.17	4.37					CTCTTCACGTTCCGTCACCACCGATCCATTGTCCAGCTCTATGTGGCTCCCGCCCCAGAGAAGTCCAGGAAACATTTAGCCCTCTACTCACTGGCCATCTTCGTGGTGATCACTGTGCACTTTGGGGCCCAGGACATCTTAACCCTTTATGAACTAAGCACACCCCTCTGCTGGGACTCCAAACTAATCGGCTATGGTTCTGCAGCTCAGCATCTCCCCTACCTCACCAGCCTGCTGGCCCTGAAGCTCCTGCAGTACTGCCTGGCCGATGCCTGGGTAGCTGAGATCGGCCTGGCCTTCAACATCCTGGGGATGGTGGTCTTTGCCTTTGCCACTATCACGCCTCTCATGTTCACAGGTGCTCTCTTTTCTGCTGTGGCCTGTGTGAATAGCCTGGCCATGCTGACGGCCTCCGGCATCTTCAACTCACTCTACCCAGCCACTCTGAACTTTATGAAGGGGTTCCCCTTCCTCCTGGGAGCTGGCCTCCTGCTCATCCCGGCTGTTCTGATTGGGATGCTGGAAAAGGCTGATCCTCACCTCGAGTTCCAGCAGTTTCCCCAGAGCCCCTGATCTGCCTGGACCAGAAGACAGAGGGCAAGAGGAGCAAAGTGAACACCAAGCAACTGGAGGTCTGCAGCTGGAAGCCCAGCCCACAGCAGGACAAGCAACTCTTGTCTAAGGGCAGTGCTCTCTTTGGACGAGGTAGTCAAGAGAGACCAAGGCACCACCCCATCCACAGCTGACCCAGCCTCTGTCTAGGATCTAGAATCATAACCCACACAGGCCCACTGCAGGACAGGTGGCAGAGGAGCTATTTGGGACAGGAGTCAGTTCTCCCTTTCTGCTATCCATCACTTATAACCCCACAGGCCAGAGGAGAGGTCCTGAGAGAGGTGACACTTCAGGGACCAGAGGCAGCACGAGGGCTGGCATCTCTCCTTCCAGCCCAAACTGCACAGCCCCAACCAGGTTCCCAACACGTGTAGCAGTC
SLC46A1+1	FSM_44519	FAILED			SLC46A1+1_pp1	CTCTTCACGTTCCGTCACCA	CCACAGCAAAGGCAACACTC	3	1194	4	4.17	3.51					CTCTTCACGTTCCGTCACCACCGATCCATTGTCCAGCTCTATGTGGCTCCCGCCCCAGAGAAGTCCAGGAAACATTTAGCCCTCTACTCACTGGCCATCTTCGTGGTGATCACTGTGCACTTTGGGGCCCAGGACATCTTAACCCTTTATGAACTAAGCACACCCCTCTGCTGGGACTCCAAACTAATCGGCTATGGTTCTGCAGCTCAGCATCTCCCCTACCTCACCAGCCTGCTGGCCCTGAAGCTCCTGCAGTACTGCCTGGCCGATGCCTGGGTAGCTGAGATCGGCCTGGCCTTCAACATCCTGGGGATGGTGGTCTTTGCCTTTGCCACTATCACGCCTCTCATGTTCACAGGATATGGGTTGCTTTTCCTGTCATTAGTCATCACACCTGTCATCCGGGCTAAACTCTCCAAGCTGGTGAGAGAGACAGAGCAGGGTGCTCTCTTTTCTGCTGTGGCCTGTGTGAATAGCCTGGCCATGCTGACGGCCTCCGGCATCTTCAACTCACTCTACCCAGCCACTCTGAACTTTATGAAGGGGTTCCCCTTCCTCCTGGGAGCTGGCCTCCTGCTCATCCCGGCTGTTCTGATTGGGATGCTGGAAAAGGCTGATCCTCACCTCGAGTTCCAGCAGTTTCCCCAGAGCCCCTGATCTGCCTGGACCAGAAGACAGAGGGCAAGAGGAGCAAAGTGAACACCAAGCAACTGGAGGTCTGCAGCTGGAAGCCCAGCCCACAGCAGGACAAGCAACTCTTGTCTAAGGGCAGTGCTCTCTTTGGACGAGGTAGTCAAGAGAGACCAAGGCACCACCCCATCCACAGCTGACCCAGCCTCTGTCTAGGATCTAGAATCATAACCCACACAGGCCCACTGCAGGACAGGTGGCAGAGGAGCTATTTGGGACAGGAGTCAGTTCTCCCTTTCTGCTATCCATCACTTATAACCCCACAGGCCAGAGGAGAGGTCCTGAGAGAGGTGACACTTCAGGGACCAGAGGCAGCACGAGGGCTGGCATCTCTCCTTCCAGCCCAAACTGCACAGCCCCAACCAGGTTCCCAACACGTGTAGCAGTCATCAGCCATTCCTTAACAATGAATGTGGTACCTGGTTAGTGCCAGCCTTGGGAAGGAGGGAGGGAGGTAAGAGGGGCTTGGTGATCTCTGGAGGAAGAGTGTTGCCTTTGCTGTGG
SLC46A1+1	FSM_86580	FAILED			SLC46A1+1_pp1	CTCTTCACGTTCCGTCACCA	CCACAGCAAAGGCAACACTC	3	1110	3	4.17	3.51					CTCTTCACGTTCCGTCACCACCGATCCATTGTCCAGCTCTATGTGGCTCCCGCCCCAGAGAAGTCCAGGAAACATTTAGCCCTCTACTCACTGGCCATCTTCGTGGTGATCACTGTGCACTTTGGGGCCCAGGACATCTTAACCCTTTATGAACTAAGCACACCCCTCTGCTGGGACTCCAAACTAATCGGCTATGGTTCTGCAGCTCAGCATCTCCCCTACCTCACCAGCCTGCTGGCCCTGAAGCTCCTGCAGTACTGCCTGGCCGATGCCTGGGTAGCTGAGATCGGCCTGGCCTTCAACATCCTGGGGATGGTGGTCTTTGCCTTTGCCACTATCACGCCTCTCATGTTCACAGGTGCTCTCTTTTCTGCTGTGGCCTGTGTGAATAGCCTGGCCATGCTGACGGCCTCCGGCATCTTCAACTCACTCTACCCAGCCACTCTGAACTTTATGAAGGGGTTCCCCTTCCTCCTGGGAGCTGGCCTCCTGCTCATCCCGGCTGTTCTGATTGGGATGCTGGAAAAGGCTGATCCTCACCTCGAGTTCCAGCAGTTTCCCCAGAGCCCCTGATCTGCCTGGACCAGAAGACAGAGGGCAAGAGGAGCAAAGTGAACACCAAGCAACTGGAGGTCTGCAGCTGGAAGCCCAGCCCACAGCAGGACAAGCAACTCTTGTCTAAGGGCAGTGCTCTCTTTGGACGAGGTAGTCAAGAGAGACCAAGGCACCACCCCATCCACAGCTGACCCAGCCTCTGTCTAGGATCTAGAATCATAACCCACACAGGCCCACTGCAGGACAGGTGGCAGAGGAGCTATTTGGGACAGGAGTCAGTTCTCCCTTTCTGCTATCCATCACTTATAACCCCACAGGCCAGAGGAGAGGTCCTGAGAGAGGTGACACTTCAGGGACCAGAGGCAGCACGAGGGCTGGCATCTCTCCTTCCAGCCCAAACTGCACAGCCCCAACCAGGTTCCCAACACGTGTAGCAGTCATCAGCCATTCCTTAACAATGAATGTGGTACCTGGTTAGTGCCAGCCTTGGGAAGGAGGGAGGGAGGTAAGAGGGGCTTGGTGATCTCTGGAGGAAGAGTGTTGCCTTTGCTGTGG
SLC46A1+1	FSM_44519	FAILED			SLC46A1+1_pp5	CACCACCGATCCATTGTCCA	CCACAGCAAAGGCAACACTC	4	1179	4	4.02	3.51					CACCACCGATCCATTGTCCAGCTCTATGTGGCTCCCGCCCCAGAGAAGTCCAGGAAACATTTAGCCCTCTACTCACTGGCCATCTTCGTGGTGATCACTGTGCACTTTGGGGCCCAGGACATCTTAACCCTTTATGAACTAAGCACACCCCTCTGCTGGGACTCCAAACTAATCGGCTATGGTTCTGCAGCTCAGCATCTCCCCTACCTCACCAGCCTGCTGGCCCTGAAGCTCCTGCAGTACTGCCTGGCCGATGCCTGGGTAGCTGAGATCGGCCTGGCCTTCAACATCCTGGGGATGGTGGTCTTTGCCTTTGCCACTATCACGCCTCTCATGTTCACAGGATATGGGTTGCTTTTCCTGTCATTAGTCATCACACCTGTCATCCGGGCTAAACTCTCCAAGCTGGTGAGAGAGACAGAGCAGGGTGCTCTCTTTTCTGCTGTGGCCTGTGTGAATAGCCTGGCCATGCTGACGGCCTCCGGCATCTTCAACTCACTCTACCCAGCCACTCTGAACTTTATGAAGGGGTTCCCCTTCCTCCTGGGAGCTGGCCTCCTGCTCATCCCGGCTGTTCTGATTGGGATGCTGGAAAAGGCTGATCCTCACCTCGAGTTCCAGCAGTTTCCCCAGAGCCCCTGATCTGCCTGGACCAGAAGACAGAGGGCAAGAGGAGCAAAGTGAACACCAAGCAACTGGAGGTCTGCAGCTGGAAGCCCAGCCCACAGCAGGACAAGCAACTCTTGTCTAAGGGCAGTGCTCTCTTTGGACGAGGTAGTCAAGAGAGACCAAGGCACCACCCCATCCACAGCTGACCCAGCCTCTGTCTAGGATCTAGAATCATAACCCACACAGGCCCACTGCAGGACAGGTGGCAGAGGAGCTATTTGGGACAGGAGTCAGTTCTCCCTTTCTGCTATCCATCACTTATAACCCCACAGGCCAGAGGAGAGGTCCTGAGAGAGGTGACACTTCAGGGACCAGAGGCAGCACGAGGGCTGGCATCTCTCCTTCCAGCCCAAACTGCACAGCCCCAACCAGGTTCCCAACACGTGTAGCAGTCATCAGCCATTCCTTAACAATGAATGTGGTACCTGGTTAGTGCCAGCCTTGGGAAGGAGGGAGGGAGGTAAGAGGGGCTTGGTGATCTCTGGAGGAAGAGTGTTGCCTTTGCTGTGG
SLC46A1+1	FSM_86580	FAILED			SLC46A1+1_pp5	CACCACCGATCCATTGTCCA	CCACAGCAAAGGCAACACTC	4	1095	3	4.02	3.51					CACCACCGATCCATTGTCCAGCTCTATGTGGCTCCCGCCCCAGAGAAGTCCAGGAAACATTTAGCCCTCTACTCACTGGCCATCTTCGTGGTGATCACTGTGCACTTTGGGGCCCAGGACATCTTAACCCTTTATGAACTAAGCACACCCCTCTGCTGGGACTCCAAACTAATCGGCTATGGTTCTGCAGCTCAGCATCTCCCCTACCTCACCAGCCTGCTGGCCCTGAAGCTCCTGCAGTACTGCCTGGCCGATGCCTGGGTAGCTGAGATCGGCCTGGCCTTCAACATCCTGGGGATGGTGGTCTTTGCCTTTGCCACTATCACGCCTCTCATGTTCACAGGTGCTCTCTTTTCTGCTGTGGCCTGTGTGAATAGCCTGGCCATGCTGACGGCCTCCGGCATCTTCAACTCACTCTACCCAGCCACTCTGAACTTTATGAAGGGGTTCCCCTTCCTCCTGGGAGCTGGCCTCCTGCTCATCCCGGCTGTTCTGATTGGGATGCTGGAAAAGGCTGATCCTCACCTCGAGTTCCAGCAGTTTCCCCAGAGCCCCTGATCTGCCTGGACCAGAAGACAGAGGGCAAGAGGAGCAAAGTGAACACCAAGCAACTGGAGGTCTGCAGCTGGAAGCCCAGCCCACAGCAGGACAAGCAACTCTTGTCTAAGGGCAGTGCTCTCTTTGGACGAGGTAGTCAAGAGAGACCAAGGCACCACCCCATCCACAGCTGACCCAGCCTCTGTCTAGGATCTAGAATCATAACCCACACAGGCCCACTGCAGGACAGGTGGCAGAGGAGCTATTTGGGACAGGAGTCAGTTCTCCCTTTCTGCTATCCATCACTTATAACCCCACAGGCCAGAGGAGAGGTCCTGAGAGAGGTGACACTTCAGGGACCAGAGGCAGCACGAGGGCTGGCATCTCTCCTTCCAGCCCAAACTGCACAGCCCCAACCAGGTTCCCAACACGTGTAGCAGTCATCAGCCATTCCTTAACAATGAATGTGGTACCTGGTTAGTGCCAGCCTTGGGAAGGAGGGAGGGAGGTAAGAGGGGCTTGGTGATCTCTGGAGGAAGAGTGTTGCCTTTGCTGTGG
SLC46A1+1	FSM_44519	FAILED			SLC46A1+1_pp4	ATGGTTCTGCAGCTCAGCAT	CCACAGCAAAGGCAACACTC	5	1001	4	3.79	3.51					ATGGTTCTGCAGCTCAGCATCTCCCCTACCTCACCAGCCTGCTGGCCCTGAAGCTCCTGCAGTACTGCCTGGCCGATGCCTGGGTAGCTGAGATCGGCCTGGCCTTCAACATCCTGGGGATGGTGGTCTTTGCCTTTGCCACTATCACGCCTCTCATGTTCACAGGATATGGGTTGCTTTTCCTGTCATTAGTCATCACACCTGTCATCCGGGCTAAACTCTCCAAGCTGGTGAGAGAGACAGAGCAGGGTGCTCTCTTTTCTGCTGTGGCCTGTGTGAATAGCCTGGCCATGCTGACGGCCTCCGGCATCTTCAACTCACTCTACCCAGCCACTCTGAACTTTATGAAGGGGTTCCCCTTCCTCCTGGGAGCTGGCCTCCTGCTCATCCCGGCTGTTCTGATTGGGATGCTGGAAAAGGCTGATCCTCACCTCGAGTTCCAGCAGTTTCCCCAGAGCCCCTGATCTGCCTGGACCAGAAGACAGAGGGCAAGAGGAGCAAAGTGAACACCAAGCAACTGGAGGTCTGCAGCTGGAAGCCCAGCCCACAGCAGGACAAGCAACTCTTGTCTAAGGGCAGTGCTCTCTTTGGACGAGGTAGTCAAGAGAGACCAAGGCACCACCCCATCCACAGCTGACCCAGCCTCTGTCTAGGATCTAGAATCATAACCCACACAGGCCCACTGCAGGACAGGTGGCAGAGGAGCTATTTGGGACAGGAGTCAGTTCTCCCTTTCTGCTATCCATCACTTATAACCCCACAGGCCAGAGGAGAGGTCCTGAGAGAGGTGACACTTCAGGGACCAGAGGCAGCACGAGGGCTGGCATCTCTCCTTCCAGCCCAAACTGCACAGCCCCAACCAGGTTCCCAACACGTGTAGCAGTCATCAGCCATTCCTTAACAATGAATGTGGTACCTGGTTAGTGCCAGCCTTGGGAAGGAGGGAGGGAGGTAAGAGGGGCTTGGTGATCTCTGGAGGAAGAGTGTTGCCTTTGCTGTGG
SLC46A1+1	FSM_86580	FAILED			SLC46A1+1_pp4	ATGGTTCTGCAGCTCAGCAT	CCACAGCAAAGGCAACACTC	5	917	3	3.79	3.51					ATGGTTCTGCAGCTCAGCATCTCCCCTACCTCACCAGCCTGCTGGCCCTGAAGCTCCTGCAGTACTGCCTGGCCGATGCCTGGGTAGCTGAGATCGGCCTGGCCTTCAACATCCTGGGGATGGTGGTCTTTGCCTTTGCCACTATCACGCCTCTCATGTTCACAGGTGCTCTCTTTTCTGCTGTGGCCTGTGTGAATAGCCTGGCCATGCTGACGGCCTCCGGCATCTTCAACTCACTCTACCCAGCCACTCTGAACTTTATGAAGGGGTTCCCCTTCCTCCTGGGAGCTGGCCTCCTGCTCATCCCGGCTGTTCTGATTGGGATGCTGGAAAAGGCTGATCCTCACCTCGAGTTCCAGCAGTTTCCCCAGAGCCCCTGATCTGCCTGGACCAGAAGACAGAGGGCAAGAGGAGCAAAGTGAACACCAAGCAACTGGAGGTCTGCAGCTGGAAGCCCAGCCCACAGCAGGACAAGCAACTCTTGTCTAAGGGCAGTGCTCTCTTTGGACGAGGTAGTCAAGAGAGACCAAGGCACCACCCCATCCACAGCTGACCCAGCCTCTGTCTAGGATCTAGAATCATAACCCACACAGGCCCACTGCAGGACAGGTGGCAGAGGAGCTATTTGGGACAGGAGTCAGTTCTCCCTTTCTGCTATCCATCACTTATAACCCCACAGGCCAGAGGAGAGGTCCTGAGAGAGGTGACACTTCAGGGACCAGAGGCAGCACGAGGGCTGGCATCTCTCCTTCCAGCCCAAACTGCACAGCCCCAACCAGGTTCCCAACACGTGTAGCAGTCATCAGCCATTCCTTAACAATGAATGTGGTACCTGGTTAGTGCCAGCCTTGGGAAGGAGGGAGGGAGGTAAGAGGGGCTTGGTGATCTCTGGAGGAAGAGTGTTGCCTTTGCTGTGG
