target_id ZBTB45+1
annotated_rna: GCCCGGAAGT{GCGGCCTTGTAGTCGGTCAGGAGGAAGCGGCCACGGCAGAGCCTGGTGCCTGAAGAGGAGTCGGAG-ATGGCGGCTGCAGAGGCTGTGCATCACATACACCTGCAGAACTTCTCACGCTCTCTGCTTGAGACCCTCAATGGGCAGAGGCTTGGGGGACACTTCTGTGACGTGACTGTGCGCATTCGT}GAAGCTTCGCTGCGTGCCCACCGCTGCGTGCTGGCGGCCGGCTCACCCTTCTTCCAAGACAAGCTGCTGCTCGGCCACTCTGAGATCCGTGTGCCTCCGGTGGTGCCCGCGCAGACAGTGCGACAGCTGGTAGAGTTCCTGTACAGCGGTTCGCTCGTTGTGGCGCAGGGTGAAGCCCTGCAGGTGCTCACGGCCGCGTCAGTGCTTCGCATACAGACAGTTATCGACGAATGCACGCAGATTATCGCCCGCGCTCGAGCCCCGGGCACCTCTGCGCCCACGCCCCTGCCCACCCCTGTGCCCCCGCCACTCGCACCTGCGCAGCTGCGTCACCGCCTGCGCCACCTGCTGGCTGCACGTCCCCCGGGGCACCCCGGTGCTGCACACAGCCGTAAGCAGCGCCAGCCCGCGCGTTTGCAGCTGCCAGCGCCCCCAACACCTGCCAAGGCTGAGGGGCCTGATGCTGACCCCTCACTGTCCGCGGCCCCTGATGACCGAGGTGACGAGGATGACGAGGAAAGTGACGATGAGACCGATGGCGAGGATGGCGAAGGTGGCGGCCCAGGCGAGGGCCAGGCACCTCCTTCCTTCCCAGACTGTGCTGCTGGCTTCCTCACTGCTGCTGCTGACAGCGCGTGCGAGGAGCCCCCTGCACCCACTGGCCTCGCTGACTACAGTGGTGCCGGGAGAGATTTTCTTCGGGGAGCTGGGTCAGCTGAGGACGTATTTCCAGACAGCTATGTATCCACTTGGCACGACGAGGATGGCGCTGTCCCCGAAGGCTGTCCCACTGAGACCCCTGTCCAGCCCGACTGCATACTGTCTGGATCCCGCCCGCCTGGTGTGAAGACCCCAGGGCCGCCCGTTGCACTCTTCCCCTTTCACTTGGGTGCCCCTGGGCCACCCGCACCACCCCCTTCAGCACCATCGGGGCCAGCCCCTGCGCCCCCACCCGCCTTCTACCCCACACTCCAGCCCGAGGCAGCCCCCAGTACTCAGCTGGGGGAGGTCCCGGCTCCCTCTGCTGCTCCCACCACGGCCCCCTCAGGCACCCCTGCTCGCACCCCAGGTGCTGAGCCACCTACGTATGAGTGCAGCCACTGTCGCAAGACGTTCAGCTCCCGGAAAAACTACACCAAGCACATGTTCATCCACTCGGGGGAGAAGCCGCACCAGTGCGCC{GTGTGCTGGCGATCCTTCTCTCTACGCGACTACCTGCTCAAACACATGGTCACGCACACCGGCGTGCGCGCCTTCCAGTGCGCCGTCTGCGCCAAGCGCTTCACGCAGAAGAGCTCGCTCAACGTGCACATGCGCACTCACCGGCCCGAGCGCGCGCCCTGCCCCGCCTGCGGCAAGGTCTTCTCGCACCGCGCGCTGCTGGAGCGCCACCTGGCGGCGCACCCTGCGCCCTGATGGCGCTGGGGCCTGGCCTCGCCCACGGTGGATCCGGGGCCTCCCGCACAGTCGGCCACGCCCGCTGCGGGACCCGTGGTTCCCGCCACTAGACCACGCTCCCTCCTGAGCGCAGGTCCTCTCTCTCCCTTCACCCTTTCTCCATACCAGGGCCTAAGTCCGCCTTACTCCTCTCCTCCATGTACTTGAACCCTCCAGGTGGTGCCGGGCTGGGGCTGGGGCTGGTTAGACCACTTCTGAGAACTGGACTATTTCCTGCGTAAACCGGGCGCTCAGGCGCTTGGACCCGGCCCAAGATTTGACTCCGGTT}CTCACCCCGCCCTCTCCTGGGGTGGTGGTGGGGGCTGGGGGGCCGCTTGCCTGCCCCAGGGTCAGGCTGGGCAAGGTCCCTAGCTCTCTACCCAAGCTGTTACTCCCTCATGGGGCGCCTAAGGAGACTCAAGTGGACCCATCATATATGGGGGCTGGGCCTCGGGACTCTCGCTCTAATAAAGGACTGTAGGCCATGGGGCCTAAACCACGAA
>>> primer3_args <<<
global_args:
{   'PRIMER_TASK': 'generic',
    'PRIMER_PICK_LEFT_PRIMER': 1,
    'PRIMER_PICK_INTERNAL_OLIGO': 0,
    'PRIMER_PICK_RIGHT_PRIMER': 1,
    'PRIMER_OPT_SIZE': 20,
    'PRIMER_MIN_SIZE': 18,
    'PRIMER_MAX_SIZE': 22,
    'PRIMER_EXPLAIN_FLAG': 1}
seq_args:
{   'SEQUENCE_ID': 'FSM_45682',
    'SEQUENCE_TEMPLATE': 'GCCCGGAAGTGCGGCCTTGTAGTCGGTCAGGAGGAAGCGGCCACGGCAGAGCCTGGTGCCTGAAGAGGAGTCGGAGATGGCGGCTGCAGAGGCTGTGCATCACATACACCTGCAGAACTTCTCACGCTCTCTGCTTGAGACCCTCAATGGGCAGAGGCTTGGGGGACACTTCTGTGACGTGACTGTGCGCATTCGTGAAGCTTCGCTGCGTGCCCACCGCTGCGTGCTGGCGGCCGGCTCACCCTTCTTCCAAGACAAGCTGCTGCTCGGCCACTCTGAGATCCGTGTGCCTCCGGTGGTGCCCGCGCAGACAGTGCGACAGCTGGTAGAGTTCCTGTACAGCGGTTCGCTCGTTGTGGCGCAGGGTGAAGCCCTGCAGGTGCTCACGGCCGCGTCAGTGCTTCGCATACAGACAGTTATCGACGAATGCACGCAGATTATCGCCCGCGCTCGAGCCCCGGGCACCTCTGCGCCCACGCCCCTGCCCACCCCTGTGCCCCCGCCACTCGCACCTGCGCAGCTGCGTCACCGCCTGCGCCACCTGCTGGCTGCACGTCCCCCGGGGCACCCCGGTGCTGCACACAGCCGTAAGCAGCGCCAGCCCGCGCGTTTGCAGCTGCCAGCGCCCCCAACACCTGCCAAGGCTGAGGGGCCTGATGCTGACCCCTCACTGTCCGCGGCCCCTGATGACCGAGGTGACGAGGATGACGAGGAAAGTGACGATGAGACCGATGGCGAGGATGGCGAAGGTGGCGGCCCAGGCGAGGGCCAGGCACCTCCTTCCTTCCCAGACTGTGCTGCTGGCTTCCTCACTGCTGCTGCTGACAGCGCGTGCGAGGAGCCCCCTGCACCCACTGGCCTCGCTGACTACAGTGGTGCCGGGAGAGATTTTCTTCGGGGAGCTGGGTCAGCTGAGGACGTATTTCCAGACAGCTATGTATCCACTTGGCACGACGAGGATGGCGCTGTCCCCGAAGGCTGTCCCACTGAGACCCCTGTCCAGCCCGACTGCATACTGTCTGGATCCCGCCCGCCTGGTGTGAAGACCCCAGGGCCGCCCGTTGCACTCTTCCCCTTTCACTTGGGTGCCCCTGGGCCACCCGCACCACCCCCTTCAGCACCATCGGGGCCAGCCCCTGCGCCCCCACCCGCCTTCTACCCCACACTCCAGCCCGAGGCAGCCCCCAGTACTCAGCTGGGGGAGGTCCCGGCTCCCTCTGCTGCTCCCACCACGGCCCCCTCAGGCACCCCTGCTCGCACCCCAGGTGCTGAGCCACCTACGTATGAGTGCAGCCACTGTCGCAAGACGTTCAGCTCCCGGAAAAACTACACCAAGCACATGTTCATCCACTCGGGGGAGAAGCCGCACCAGTGCGCCGTGTGCTGGCGATCCTTCTCTCTACGCGACTACCTGCTCAAACACATGGTCACGCACACCGGCGTGCGCGCCTTCCAGTGCGCCGTCTGCGCCAAGCGCTTCACGCAGAAGAGCTCGCTCAACGTGCACATGCGCACTCACCGGCCCGAGCGCGCGCCCTGCCCCGCCTGCGGCAAGGTCTTCTCGCACCGCGCGCTGCTGGAGCGCCACCTGGCGGCGCACCCTGCGCCCTGATGGCGCTGGGGCCTGGCCTCGCCCACGGTGGATCCGGGGCCTCCCGCACAGTCGGCCACGCCCGCTGCGGGACCCGTGGTTCCCGCCACTAGACCACGCTCCCTCCTGAGCGCAGGTCCTCTCTCTCCCTTCACCCTTTCTCCATACCAGGGCCTAAGTCCGCCTTACTCCTCTCCTCCATGTACTTGAACCCTCCAGGTGGTGCCGGGCTGGGGCTGGGGCTGGTTAGACCACTTCTGAGAACTGGACTATTTCCTGCGTAAACCGGGCGCTCAGGCGCTTGGACCCGGCCCAAGATTTGACTCCGGTTCTCACCCCGCCCTCTCCTGGGGTGGTGGTGGGGGCTGGGGGGCCGCTTGCCTGCCCCAGGGTCAGGCTGGGCAAGGTCCCTAGCTCTCTACCCAAGCTGTTACTCCCTCATGGGGCGCCTAAGGAGACTCAAGTGGACCCATCATATATGGGGGCTGGGCCTCGGGACTCTCGCTCTAATAAAGGACTGTAGGCCATGGGGCCTAAACCACGAA',
    'SEQUENCE_PRIMER_PAIR_OK_REGION_LIST': [[11, 185, 1379, 543]],
    'PRIMER_MUST_MATCH_FIVE_PRIME': 'SS',
    'SEQUENCE_OVERLAP_JUNCTION_LIST': (77,)}

>>> Primer3Results: 5 results <<<
Primer3Pair 0:
{   'result_num': 0,
    'PRIMER_PAIR_PENALTY': 1.4279528532492236,
    'PRIMER_LEFT_PENALTY': 1.3880651627796965,
    'PRIMER_RIGHT_PENALTY': 0.039887690469527115,
    'PRIMER_LEFT_SEQUENCE': 'AAGAGGAGTCGGAGATGGCG',
    'PRIMER_RIGHT_SEQUENCE': 'GCGTAGAGAGAAGGATCGCC',
    'PRIMER_LEFT': (62, 20),
    'PRIMER_RIGHT': (1404, 20),
    'PRIMER_LEFT_TM': 61.3880651627797,
    'PRIMER_RIGHT_TM': 60.03988769046953,
    'PRIMER_LEFT_GC_PERCENT': 60.0,
    'PRIMER_RIGHT_GC_PERCENT': 60.0,
    'PRIMER_LEFT_SELF_ANY_TH': 0.0,
    'PRIMER_RIGHT_SELF_ANY_TH': 0.0,
    'PRIMER_LEFT_SELF_END_TH': 0.0,
    'PRIMER_RIGHT_SELF_END_TH': 0.0,
    'PRIMER_LEFT_HAIRPIN_TH': 40.666170480711344,
    'PRIMER_RIGHT_HAIRPIN_TH': 36.95498844297401,
    'PRIMER_LEFT_END_STABILITY': 5.69,
    'PRIMER_RIGHT_END_STABILITY': 5.54,
    'PRIMER_PAIR_COMPL_ANY_TH': 0.0,
    'PRIMER_PAIR_COMPL_END_TH': 0.0,
    'PRIMER_PAIR_PRODUCT_SIZE': 1343}
Primer3Pair 1:
{   'result_num': 1,
    'PRIMER_PAIR_PENALTY': 1.492552392935636,
    'PRIMER_LEFT_PENALTY': 1.3880651627796965,
    'PRIMER_RIGHT_PENALTY': 0.10448723015593941,
    'PRIMER_LEFT_SEQUENCE': 'AAGAGGAGTCGGAGATGGCG',
    'PRIMER_RIGHT_SEQUENCE': 'GGAGTAAGGCGGACTTAGGC',
    'PRIMER_LEFT': (62, 20),
    'PRIMER_RIGHT': (1782, 20),
    'PRIMER_LEFT_TM': 61.3880651627797,
    'PRIMER_RIGHT_TM': 59.89551276984406,
    'PRIMER_LEFT_GC_PERCENT': 60.0,
    'PRIMER_RIGHT_GC_PERCENT': 60.0,
    'PRIMER_LEFT_SELF_ANY_TH': 0.0,
    'PRIMER_RIGHT_SELF_ANY_TH': 2.8859452485608017,
    'PRIMER_LEFT_SELF_END_TH': 0.0,
    'PRIMER_RIGHT_SELF_END_TH': 0.0,
    'PRIMER_LEFT_HAIRPIN_TH': 40.666170480711344,
    'PRIMER_RIGHT_HAIRPIN_TH': 42.122918456786465,
    'PRIMER_LEFT_END_STABILITY': 5.69,
    'PRIMER_RIGHT_END_STABILITY': 3.93,
    'PRIMER_PAIR_COMPL_ANY_TH': 0.0,
    'PRIMER_PAIR_COMPL_END_TH': 0.0,
    'PRIMER_PAIR_PRODUCT_SIZE': 1721}
Primer3Pair 2:
{   'result_num': 2,
    'PRIMER_PAIR_PENALTY': 1.494684434844828,
    'PRIMER_LEFT_PENALTY': 1.3880651627796965,
    'PRIMER_RIGHT_PENALTY': 0.10661927206513155,
    'PRIMER_LEFT_SEQUENCE': 'AAGAGGAGTCGGAGATGGCG',
    'PRIMER_RIGHT_SEQUENCE': 'GAGGAGAGGAGTAAGGCGGA',
    'PRIMER_LEFT': (62, 20),
    'PRIMER_RIGHT': (1789, 20),
    'PRIMER_LEFT_TM': 61.3880651627797,
    'PRIMER_RIGHT_TM': 60.10661927206513,
    'PRIMER_LEFT_GC_PERCENT': 60.0,
    'PRIMER_RIGHT_GC_PERCENT': 60.0,
    'PRIMER_LEFT_SELF_ANY_TH': 0.0,
    'PRIMER_RIGHT_SELF_ANY_TH': 0.0,
    'PRIMER_LEFT_SELF_END_TH': 0.0,
    'PRIMER_RIGHT_SELF_END_TH': 0.0,
    'PRIMER_LEFT_HAIRPIN_TH': 40.666170480711344,
    'PRIMER_RIGHT_HAIRPIN_TH': 0.0,
    'PRIMER_LEFT_END_STABILITY': 5.69,
    'PRIMER_RIGHT_END_STABILITY': 5.54,
    'PRIMER_PAIR_COMPL_ANY_TH': 0.0,
    'PRIMER_PAIR_COMPL_END_TH': 0.0,
    'PRIMER_PAIR_PRODUCT_SIZE': 1728}
Primer3Pair 3:
{   'result_num': 3,
    'PRIMER_PAIR_PENALTY': 1.495865140597573,
    'PRIMER_LEFT_PENALTY': 1.3880651627796965,
    'PRIMER_RIGHT_PENALTY': 0.10779997781787642,
    'PRIMER_LEFT_SEQUENCE': 'AAGAGGAGTCGGAGATGGCG',
    'PRIMER_RIGHT_SEQUENCE': 'AGCAGGTAGTCGCGTAGAGA',
    'PRIMER_LEFT': (62, 20),
    'PRIMER_RIGHT': (1415, 20),
    'PRIMER_LEFT_TM': 61.3880651627797,
    'PRIMER_RIGHT_TM': 60.107799977817876,
    'PRIMER_LEFT_GC_PERCENT': 60.0,
    'PRIMER_RIGHT_GC_PERCENT': 55.0,
    'PRIMER_LEFT_SELF_ANY_TH': 0.0,
    'PRIMER_RIGHT_SELF_ANY_TH': 5.768584490451474,
    'PRIMER_LEFT_SELF_END_TH': 0.0,
    'PRIMER_RIGHT_SELF_END_TH': 0.0,
    'PRIMER_LEFT_HAIRPIN_TH': 40.666170480711344,
    'PRIMER_RIGHT_HAIRPIN_TH': 0.0,
    'PRIMER_LEFT_END_STABILITY': 5.69,
    'PRIMER_RIGHT_END_STABILITY': 3.1,
    'PRIMER_PAIR_COMPL_ANY_TH': 0.0,
    'PRIMER_PAIR_COMPL_END_TH': 0.0,
    'PRIMER_PAIR_PRODUCT_SIZE': 1354}
Primer3Pair 4:
{   'result_num': 4,
    'PRIMER_PAIR_PENALTY': 1.5717962177749314,
    'PRIMER_LEFT_PENALTY': 1.3880651627796965,
    'PRIMER_RIGHT_PENALTY': 0.1837310549952349,
    'PRIMER_LEFT_SEQUENCE': 'AAGAGGAGTCGGAGATGGCG',
    'PRIMER_RIGHT_SEQUENCE': 'GGCCCTGGTATGGAGAAAGG',
    'PRIMER_LEFT': (62, 20),
    'PRIMER_RIGHT': (1765, 20),
    'PRIMER_LEFT_TM': 61.3880651627797,
    'PRIMER_RIGHT_TM': 59.816268945004765,
    'PRIMER_LEFT_GC_PERCENT': 60.0,
    'PRIMER_RIGHT_GC_PERCENT': 60.0,
    'PRIMER_LEFT_SELF_ANY_TH': 0.0,
    'PRIMER_RIGHT_SELF_ANY_TH': 0.0,
    'PRIMER_LEFT_SELF_END_TH': 0.0,
    'PRIMER_RIGHT_SELF_END_TH': 0.0,
    'PRIMER_LEFT_HAIRPIN_TH': 40.666170480711344,
    'PRIMER_RIGHT_HAIRPIN_TH': 0.0,
    'PRIMER_LEFT_END_STABILITY': 5.69,
    'PRIMER_RIGHT_END_STABILITY': 3.11,
    'PRIMER_PAIR_COMPL_ANY_TH': 0.0,
    'PRIMER_PAIR_COMPL_END_TH': 0.0,
    'PRIMER_PAIR_PRODUCT_SIZE': 1704}

>>> PrimerDesigns 5 <<<
    target_id ZBTB45+1
    tran_id WTC11_consolidated FSM_45682
>>> PrimerDesign <<<
    ppair_id ZBTB45+1+pp1
    features_5p ZBTB45+1+pp1
    features_3p ZBTB45+1+pp1
    genome_on_targets [
    ]
    genome_off_targets [
    ]
    genome_non_targets [
    ]
    transcriptome_on_targets [
    ]
    transcriptome_off_targets [TranscriptomeHit(left=[ExonFeature(genome=chr19:58514235-58514255, trans=ENST00000594051.6:55-75)
    ],right=[ExonFeature(genome=chr19:58517056-58517076, trans=ENST00000594051.6:1378-1398)
    ])
    ]
    transcriptome_non_targets [
    ]
>>> PrimerDesign <<<
    ppair_id ZBTB45+1+pp2
    features_5p ZBTB45+1+pp2
    features_3p ZBTB45+1+pp2
    genome_on_targets [
    ]
    genome_off_targets [
    ]
    genome_non_targets [
    ]
    transcriptome_on_targets [
    ]
    transcriptome_off_targets [TranscriptomeHit(left=[ExonFeature(genome=chr19:58514235-58514255, trans=ENST00000594051.6:55-75)
    ],right=[ExonFeature(genome=chr19:58516678-58516698, trans=ENST00000594051.6:1756-1776)
    ])
    ]
    transcriptome_non_targets [
    ]
>>> PrimerDesign <<<
    ppair_id ZBTB45+1+pp3
    features_5p ZBTB45+1+pp3
    features_3p ZBTB45+1+pp3
    genome_on_targets [
    ]
    genome_off_targets [
    ]
    genome_non_targets [
    ]
    transcriptome_on_targets [
    ]
    transcriptome_off_targets [TranscriptomeHit(left=[ExonFeature(genome=chr19:58514235-58514255, trans=ENST00000594051.6:55-75)
    ],right=[ExonFeature(genome=chr19:58516671-58516691, trans=ENST00000594051.6:1763-1783)
    ])
    ]
    transcriptome_non_targets [
    ]
>>> PrimerDesign <<<
    ppair_id ZBTB45+1+pp4
    features_5p ZBTB45+1+pp4
    features_3p ZBTB45+1+pp4
    genome_on_targets [
    ]
    genome_off_targets [
    ]
    genome_non_targets [
    ]
    transcriptome_on_targets [
    ]
    transcriptome_off_targets [TranscriptomeHit(left=[ExonFeature(genome=chr19:58514235-58514255, trans=ENST00000594051.6:55-75)
    ],right=[ExonFeature(genome=chr19:58517045-58517065, trans=ENST00000594051.6:1389-1409)
    ])
    ]
    transcriptome_non_targets [
    ]
>>> PrimerDesign <<<
    ppair_id ZBTB45+1+pp5
    features_5p ZBTB45+1+pp5
    features_3p ZBTB45+1+pp5
    genome_on_targets [
    ]
    genome_off_targets [
    ]
    genome_non_targets [
    ]
    transcriptome_on_targets [
    ]
    transcriptome_off_targets [TranscriptomeHit(left=[ExonFeature(genome=chr19:58514235-58514255, trans=ENST00000594051.6:55-75)
    ],right=[ExonFeature(genome=chr19:58516695-58516715, trans=ENST00000594051.6:1739-1759)
    ])
    ]
    transcriptome_non_targets [
    ]

