target_id	design_status	transcript_id	primer_id	left_primer	right_primer	transcriptome_off_targets	genome_off_targets	browser
ZBTB45+1	NOT_TRANSCRIPTOME_UNIQUE	FSM_45682	ZBTB45+1+pp1	AAGAGGAGTCGGAGATGGCG	GCGTAGAGAGAAGGATCGCC	1	0	https://genome.ucsc.edu/cgi-bin/hgTracks?position=chr19:58513529-58519817&db=hg38&genome=hg38&hubUrl=http://test.org/JuJu/hub.txt
ZBTB45+1	NOT_TRANSCRIPTOME_UNIQUE	FSM_45682	ZBTB45+1+pp2	AAGAGGAGTCGGAGATGGCG	GGAGTAAGGCGGACTTAGGC	1	0	https://genome.ucsc.edu/cgi-bin/hgTracks?position=chr19:58513529-58519817&db=hg38&genome=hg38&hubUrl=http://test.org/JuJu/hub.txt
ZBTB45+1	NOT_TRANSCRIPTOME_UNIQUE	FSM_45682	ZBTB45+1+pp3	AAGAGGAGTCGGAGATGGCG	GAGGAGAGGAGTAAGGCGGA	1	0	https://genome.ucsc.edu/cgi-bin/hgTracks?position=chr19:58513529-58519817&db=hg38&genome=hg38&hubUrl=http://test.org/JuJu/hub.txt
ZBTB45+1	NOT_TRANSCRIPTOME_UNIQUE	FSM_45682	ZBTB45+1+pp4	AAGAGGAGTCGGAGATGGCG	AGCAGGTAGTCGCGTAGAGA	1	0	https://genome.ucsc.edu/cgi-bin/hgTracks?position=chr19:58513529-58519817&db=hg38&genome=hg38&hubUrl=http://test.org/JuJu/hub.txt
ZBTB45+1	NOT_TRANSCRIPTOME_UNIQUE	FSM_45682	ZBTB45+1+pp5	AAGAGGAGTCGGAGATGGCG	GGCCCTGGTATGGAGAAAGG	1	0	https://genome.ucsc.edu/cgi-bin/hgTracks?position=chr19:58513529-58519817&db=hg38&genome=hg38&hubUrl=http://test.org/JuJu/hub.txt
