target_id SNAI1+1
annotated_rna: ATTGCGCCGCGGCACGGCCTAG{CGAGTGGTTCTTCTGCGCTACTGCTGCGCGAATCGGCGACCCCAGTGCCTC}GACCACTATGCCGCGCTCTTTCCTCGTCAGGAAGCCCTCCGACCCCAATCGGAAGCCTAACTACAGCGAGCTGCAGGACTCTAATCCAGAGTTTACCTTCCAGCAGCCCTACGACCAGGCCCACCTGCTGGCAGCCATCCCACCTCCGGAGATCCTCAACCCCACCGCCTCGCTGCCAATGCTCATCTGGGACTCTGTCCTGGCGCCCCAAGCCCAGCCAATTGCCTGGGCCTCCCTTCGGCTCCAGGAGAGTCCCAGGGTGGCAGAGCTGACCTCCCTGTCAGATGAGGACAGTGGGAAAGGCTCCCAGCCCCCCAGCCCACCCTCACCGGCTCCTTCGTCCTTCTCCTCTACTTCAGTCTCTTCCTTGGAGGCCGAGGCCTATGCTGCCTTCCCAGGCTTGGGCCAAGTGCCCAAGCAGCTGGCCCAGCTCTCTGAGGCCAAGGATCTCCAGGCTCGAAAGGCCTTCAACTGCAAATACTGCAACAAGGAATACCTCAGCCTGGGTGCCCTCAAGATGCACATCCGAAGCCACACGCTGCCCTGCGTCTGCGGAACCTGCGGGAAGGCCTTCTCTAGGCCCTGGCTGCTACAAGGCCATGTCCGGACCCACACTGGCGAGAAGCCCTTCT{CCTGTCCCCACTGCAGCCGTGCCTTCGCTGACCGCTCCAACCTGCGGGCCCACCTCCAGACCCACTCAGATGTCAAGAAGTACCAGTGCCAGGCGTGTGCTCGGACCTTCTCCCGAATGTCCCTGCTCCACAAGCACCAAGAGTCCGGCTGCTCAGGATGTCCCCGCTGACCCTCGAGGCTCCCTCTTCCTCTCCATACCTGCCCCTGCCTGACAGCCTTCCCCAGCTCCAGCAGGAAGGACCCCACATCCTTCTCACTGCCATGGAATTCCCTCCTGAGTGCCCCACTTCTGGCCACATCAGCCCCACAGGACTTTGATGAAGACCATTTTCTGGTTCTGTGTCCTCTGCCTGGGCTCTGGAAGAGGCCTTCCCATGGCCATTTCTGTGGAGGGAGGGCAGCTGGCCCCCAGCCCTGGGGGATTCCTGAGCTGGCCTGTCTGCGTGGGTTTTTGTATCCAGAGCTGTTTGGATACAGCTGCTTTGAGCTACAGGACAAAGGCTGACAGACTCACTGGGAAGCTCCCACCCCACTCAGGGGACCCCACTCCCCTCACACACACCCCCCCACAAGGAACCCTCAGGCCACCCTCCACGAGGTGTGACTAACTATGCAATAATCCACCCCCAGGTGCAGCCCCAGGGCCTGCGGAGGCGGTGGCAGACTAGAGTCTGAGATGCCCCGAGCCCAGGCAGCTATTTCAGCCTCCTGTTTGGTGGGGTGGCACCTGTTTCCCGGGCAATTTAACAATGTCTGAAAAGGGACTGTGAGTAATGGCTGTCACTTGTCGGGGGCCCAAGTGGGGTGCTCTGG}TCTGACCGATGTGTCTCCCAGAACTATTCTGGGGGCCCGACAGGTGGGCCTGGGAGGAAGATGTTTACATTTTTAAAGGTACACTGGTATTTATATTTCAAACATTTTGTATCAAGGAAACGTTTTGTATAGTTATATGTACAGTTTATTGATATTCAATAAAGCAGTTAATTTATATATTAAA
>>> primer3_args <<<
global_args:
{   'PRIMER_TASK': 'generic',
    'PRIMER_PICK_LEFT_PRIMER': 1,
    'PRIMER_PICK_INTERNAL_OLIGO': 0,
    'PRIMER_PICK_RIGHT_PRIMER': 1,
    'PRIMER_OPT_SIZE': 20,
    'PRIMER_MIN_SIZE': 18,
    'PRIMER_MAX_SIZE': 22,
    'PRIMER_EXPLAIN_FLAG': 1}
seq_args:
{   'SEQUENCE_ID': 'FSM_23673',
    'SEQUENCE_TEMPLATE': 'ATTGCGCCGCGGCACGGCCTAGCGAGTGGTTCTTCTGCGCTACTGCTGCGCGAATCGGCGACCCCAGTGCCTCGACCACTATGCCGCGCTCTTTCCTCGTCAGGAAGCCCTCCGACCCCAATCGGAAGCCTAACTACAGCGAGCTGCAGGACTCTAATCCAGAGTTTACCTTCCAGCAGCCCTACGACCAGGCCCACCTGCTGGCAGCCATCCCACCTCCGGAGATCCTCAACCCCACCGCCTCGCTGCCAATGCTCATCTGGGACTCTGTCCTGGCGCCCCAAGCCCAGCCAATTGCCTGGGCCTCCCTTCGGCTCCAGGAGAGTCCCAGGGTGGCAGAGCTGACCTCCCTGTCAGATGAGGACAGTGGGAAAGGCTCCCAGCCCCCCAGCCCACCCTCACCGGCTCCTTCGTCCTTCTCCTCTACTTCAGTCTCTTCCTTGGAGGCCGAGGCCTATGCTGCCTTCCCAGGCTTGGGCCAAGTGCCCAAGCAGCTGGCCCAGCTCTCTGAGGCCAAGGATCTCCAGGCTCGAAAGGCCTTCAACTGCAAATACTGCAACAAGGAATACCTCAGCCTGGGTGCCCTCAAGATGCACATCCGAAGCCACACGCTGCCCTGCGTCTGCGGAACCTGCGGGAAGGCCTTCTCTAGGCCCTGGCTGCTACAAGGCCATGTCCGGACCCACACTGGCGAGAAGCCCTTCTCCTGTCCCCACTGCAGCCGTGCCTTCGCTGACCGCTCCAACCTGCGGGCCCACCTCCAGACCCACTCAGATGTCAAGAAGTACCAGTGCCAGGCGTGTGCTCGGACCTTCTCCCGAATGTCCCTGCTCCACAAGCACCAAGAGTCCGGCTGCTCAGGATGTCCCCGCTGACCCTCGAGGCTCCCTCTTCCTCTCCATACCTGCCCCTGCCTGACAGCCTTCCCCAGCTCCAGCAGGAAGGACCCCACATCCTTCTCACTGCCATGGAATTCCCTCCTGAGTGCCCCACTTCTGGCCACATCAGCCCCACAGGACTTTGATGAAGACCATTTTCTGGTTCTGTGTCCTCTGCCTGGGCTCTGGAAGAGGCCTTCCCATGGCCATTTCTGTGGAGGGAGGGCAGCTGGCCCCCAGCCCTGGGGGATTCCTGAGCTGGCCTGTCTGCGTGGGTTTTTGTATCCAGAGCTGTTTGGATACAGCTGCTTTGAGCTACAGGACAAAGGCTGACAGACTCACTGGGAAGCTCCCACCCCACTCAGGGGACCCCACTCCCCTCACACACACCCCCCCACAAGGAACCCTCAGGCCACCCTCCACGAGGTGTGACTAACTATGCAATAATCCACCCCCAGGTGCAGCCCCAGGGCCTGCGGAGGCGGTGGCAGACTAGAGTCTGAGATGCCCCGAGCCCAGGCAGCTATTTCAGCCTCCTGTTTGGTGGGGTGGCACCTGTTTCCCGGGCAATTTAACAATGTCTGAAAAGGGACTGTGAGTAATGGCTGTCACTTGTCGGGGGCCCAAGTGGGGTGCTCTGGTCTGACCGATGTGTCTCCCAGAACTATTCTGGGGGCCCGACAGGTGGGCCTGGGAGGAAGATGTTTACATTTTTAAAGGTACACTGGTATTTATATTTCAAACATTTTGTATCAAGGAAACGTTTTGTATAGTTATATGTACAGTTTATTGATATTCAATAAAGCAGTTAATTTATATATTAAA',
    'SEQUENCE_PRIMER_PAIR_OK_REGION_LIST': [[23, 50, 706, 813]],
    'PRIMER_MUST_MATCH_FIVE_PRIME': 'SS',
    'SEQUENCE_OVERLAP_JUNCTION_LIST': ()}

>>> Primer3Results: 5 results <<<
Primer3Pair 0:
{   'result_num': 0,
    'PRIMER_PAIR_PENALTY': 0.42111006752037383,
    'PRIMER_LEFT_PENALTY': 0.3904716385882807,
    'PRIMER_RIGHT_PENALTY': 0.03063842893209312,
    'PRIMER_LEFT_SEQUENCE': 'GGTTCTTCTGCGCTACTGCT',
    'PRIMER_RIGHT_SEQUENCE': 'CAAAAACCCACGCAGACAGG',
    'PRIMER_LEFT': (27, 20),
    'PRIMER_RIGHT': (1159, 20),
    'PRIMER_LEFT_TM': 60.39047163858828,
    'PRIMER_RIGHT_TM': 59.96936157106791,
    'PRIMER_LEFT_GC_PERCENT': 55.0,
    'PRIMER_RIGHT_GC_PERCENT': 55.0,
    'PRIMER_LEFT_SELF_ANY_TH': 9.732052967213463,
    'PRIMER_RIGHT_SELF_ANY_TH': 0.0,
    'PRIMER_LEFT_SELF_END_TH': 0.0,
    'PRIMER_RIGHT_SELF_END_TH': 0.0,
    'PRIMER_LEFT_HAIRPIN_TH': 36.97289132676252,
    'PRIMER_RIGHT_HAIRPIN_TH': 0.0,
    'PRIMER_LEFT_END_STABILITY': 4.24,
    'PRIMER_RIGHT_END_STABILITY': 4.0,
    'PRIMER_PAIR_COMPL_ANY_TH': 12.498152433966595,
    'PRIMER_PAIR_COMPL_END_TH': 5.033689592343535,
    'PRIMER_PAIR_PRODUCT_SIZE': 1133}
Primer3Pair 1:
{   'result_num': 1,
    'PRIMER_PAIR_PENALTY': 0.42328461515671734,
    'PRIMER_LEFT_PENALTY': 0.3904716385882807,
    'PRIMER_RIGHT_PENALTY': 0.032812976568436625,
    'PRIMER_LEFT_SEQUENCE': 'GGTTCTTCTGCGCTACTGCT',
    'PRIMER_RIGHT_SEQUENCE': 'CCCTCCACAGAAATGGCCAT',
    'PRIMER_LEFT': (27, 20),
    'PRIMER_RIGHT': (1099, 20),
    'PRIMER_LEFT_TM': 60.39047163858828,
    'PRIMER_RIGHT_TM': 60.03281297656844,
    'PRIMER_LEFT_GC_PERCENT': 55.0,
    'PRIMER_RIGHT_GC_PERCENT': 55.0,
    'PRIMER_LEFT_SELF_ANY_TH': 9.732052967213463,
    'PRIMER_RIGHT_SELF_ANY_TH': 14.090591711003981,
    'PRIMER_LEFT_SELF_END_TH': 0.0,
    'PRIMER_RIGHT_SELF_END_TH': 14.090591711003981,
    'PRIMER_LEFT_HAIRPIN_TH': 36.97289132676252,
    'PRIMER_RIGHT_HAIRPIN_TH': 39.850380569408856,
    'PRIMER_LEFT_END_STABILITY': 4.24,
    'PRIMER_RIGHT_END_STABILITY': 4.4,
    'PRIMER_PAIR_COMPL_ANY_TH': 0.0,
    'PRIMER_PAIR_COMPL_END_TH': 3.8260363992984594,
    'PRIMER_PAIR_PRODUCT_SIZE': 1073}
Primer3Pair 2:
{   'result_num': 2,
    'PRIMER_PAIR_PENALTY': 0.428637314748471,
    'PRIMER_LEFT_PENALTY': 0.3904716385882807,
    'PRIMER_RIGHT_PENALTY': 0.03816567616019029,
    'PRIMER_LEFT_SEQUENCE': 'GGTTCTTCTGCGCTACTGCT',
    'PRIMER_RIGHT_SEQUENCE': 'TCATCAAAGTCCTGTGGGGC',
    'PRIMER_LEFT': (27, 20),
    'PRIMER_RIGHT': (1026, 20),
    'PRIMER_LEFT_TM': 60.39047163858828,
    'PRIMER_RIGHT_TM': 59.96183432383981,
    'PRIMER_LEFT_GC_PERCENT': 55.0,
    'PRIMER_RIGHT_GC_PERCENT': 55.0,
    'PRIMER_LEFT_SELF_ANY_TH': 9.732052967213463,
    'PRIMER_RIGHT_SELF_ANY_TH': 0.0,
    'PRIMER_LEFT_SELF_END_TH': 0.0,
    'PRIMER_RIGHT_SELF_END_TH': 0.0,
    'PRIMER_LEFT_HAIRPIN_TH': 36.97289132676252,
    'PRIMER_RIGHT_HAIRPIN_TH': 37.52011989402564,
    'PRIMER_LEFT_END_STABILITY': 4.24,
    'PRIMER_RIGHT_END_STABILITY': 5.8,
    'PRIMER_PAIR_COMPL_ANY_TH': 0.0,
    'PRIMER_PAIR_COMPL_END_TH': 0.0,
    'PRIMER_PAIR_PRODUCT_SIZE': 1000}
Primer3Pair 3:
{   'result_num': 3,
    'PRIMER_PAIR_PENALTY': 0.4972902516592512,
    'PRIMER_LEFT_PENALTY': 0.3904716385882807,
    'PRIMER_RIGHT_PENALTY': 0.10681861307097051,
    'PRIMER_LEFT_SEQUENCE': 'GGTTCTTCTGCGCTACTGCT',
    'PRIMER_RIGHT_SEQUENCE': 'CTGAAATAGCTGCCTGGGCT',
    'PRIMER_LEFT': (27, 20),
    'PRIMER_RIGHT': (1409, 20),
    'PRIMER_LEFT_TM': 60.39047163858828,
    'PRIMER_RIGHT_TM': 60.10681861307097,
    'PRIMER_LEFT_GC_PERCENT': 55.0,
    'PRIMER_RIGHT_GC_PERCENT': 55.0,
    'PRIMER_LEFT_SELF_ANY_TH': 9.732052967213463,
    'PRIMER_RIGHT_SELF_ANY_TH': 13.051071210049201,
    'PRIMER_LEFT_SELF_END_TH': 0.0,
    'PRIMER_RIGHT_SELF_END_TH': 4.923829925995506,
    'PRIMER_LEFT_HAIRPIN_TH': 36.97289132676252,
    'PRIMER_RIGHT_HAIRPIN_TH': 42.51327592823037,
    'PRIMER_LEFT_END_STABILITY': 4.24,
    'PRIMER_RIGHT_END_STABILITY': 5.19,
    'PRIMER_PAIR_COMPL_ANY_TH': 6.572049751636314,
    'PRIMER_PAIR_COMPL_END_TH': 6.572049751636314,
    'PRIMER_PAIR_PRODUCT_SIZE': 1383}
Primer3Pair 4:
{   'result_num': 4,
    'PRIMER_PAIR_PENALTY': 0.49743907887892647,
    'PRIMER_LEFT_PENALTY': 0.3904716385882807,
    'PRIMER_RIGHT_PENALTY': 0.10696744029064575,
    'PRIMER_LEFT_SEQUENCE': 'GGTTCTTCTGCGCTACTGCT',
    'PRIMER_RIGHT_SEQUENCE': 'GGCACTCAGGAGGGAATTCC',
    'PRIMER_LEFT': (27, 20),
    'PRIMER_RIGHT': (988, 20),
    'PRIMER_LEFT_TM': 60.39047163858828,
    'PRIMER_RIGHT_TM': 60.106967440290646,
    'PRIMER_LEFT_GC_PERCENT': 55.0,
    'PRIMER_RIGHT_GC_PERCENT': 60.0,
    'PRIMER_LEFT_SELF_ANY_TH': 9.732052967213463,
    'PRIMER_RIGHT_SELF_ANY_TH': 16.742750373793513,
    'PRIMER_LEFT_SELF_END_TH': 0.0,
    'PRIMER_RIGHT_SELF_END_TH': 16.742750373793513,
    'PRIMER_LEFT_HAIRPIN_TH': 36.97289132676252,
    'PRIMER_RIGHT_HAIRPIN_TH': 37.519028814473245,
    'PRIMER_LEFT_END_STABILITY': 4.24,
    'PRIMER_RIGHT_END_STABILITY': 3.01,
    'PRIMER_PAIR_COMPL_ANY_TH': 0.0,
    'PRIMER_PAIR_COMPL_END_TH': 0.0,
    'PRIMER_PAIR_PRODUCT_SIZE': 962}

>>> PrimerDesigns 5 <<<
    target_id SNAI1+1
    tran_id WTC11_consolidated FSM_23673
>>> PrimerDesign <<<
    ppair_id SNAI1+1+pp1
    features_5p SNAI1+1+pp1
    features_3p SNAI1+1+pp1
    genome_on_targets [GenomeHit(left_coords=Coords(name='chr20', start=49983006, end=49983026, strand='+', size=64444167), right_coords=Coords(name='chr20', start=49988321, end=49988341, strand='+', size=64444167))]
    genome_off_targets []
    genome_non_targets []
    transcriptome_on_targets [TranscriptomeHit(trans_id='ENST00000244050.3', gene_name='SNAI1', left_features=[ExonFeature(genome=Coords(name='chr20', start=49983006, end=49983026, strand='+', size=64444167), trans=Coords(name='ENST00000244050.3', start=27, end=47, strand='+', size=1705))], right_features=[ExonFeature(genome=Coords(name='chr20', start=49988321, end=49988341, strand='+', size=64444167), trans=Coords(name='ENST00000244050.3', start=1140, end=1160, strand='+', size=1705))])]
    transcriptome_off_targets []
    transcriptome_non_targets []
>>> PrimerDesign <<<
    ppair_id SNAI1+1+pp2
    features_5p SNAI1+1+pp2
    features_3p SNAI1+1+pp2
    genome_on_targets [GenomeHit(left_coords=Coords(name='chr20', start=49983006, end=49983026, strand='+', size=64444167), right_coords=Coords(name='chr20', start=49988261, end=49988281, strand='+', size=64444167))]
    genome_off_targets []
    genome_non_targets []
    transcriptome_on_targets [TranscriptomeHit(trans_id='ENST00000244050.3', gene_name='SNAI1', left_features=[ExonFeature(genome=Coords(name='chr20', start=49983006, end=49983026, strand='+', size=64444167), trans=Coords(name='ENST00000244050.3', start=27, end=47, strand='+', size=1705))], right_features=[ExonFeature(genome=Coords(name='chr20', start=49988261, end=49988281, strand='+', size=64444167), trans=Coords(name='ENST00000244050.3', start=1080, end=1100, strand='+', size=1705))])]
    transcriptome_off_targets []
    transcriptome_non_targets []
>>> PrimerDesign <<<
    ppair_id SNAI1+1+pp3
    features_5p SNAI1+1+pp3
    features_3p SNAI1+1+pp3
    genome_on_targets [GenomeHit(left_coords=Coords(name='chr20', start=49983006, end=49983026, strand='+', size=64444167), right_coords=Coords(name='chr20', start=49988188, end=49988208, strand='+', size=64444167))]
    genome_off_targets []
    genome_non_targets []
    transcriptome_on_targets [TranscriptomeHit(trans_id='ENST00000244050.3', gene_name='SNAI1', left_features=[ExonFeature(genome=Coords(name='chr20', start=49983006, end=49983026, strand='+', size=64444167), trans=Coords(name='ENST00000244050.3', start=27, end=47, strand='+', size=1705))], right_features=[ExonFeature(genome=Coords(name='chr20', start=49988188, end=49988208, strand='+', size=64444167), trans=Coords(name='ENST00000244050.3', start=1007, end=1027, strand='+', size=1705))])]
    transcriptome_off_targets []
    transcriptome_non_targets []
>>> PrimerDesign <<<
    ppair_id SNAI1+1+pp4
    features_5p SNAI1+1+pp4
    features_3p SNAI1+1+pp4
    genome_on_targets [GenomeHit(left_coords=Coords(name='chr20', start=49983006, end=49983026, strand='+', size=64444167), right_coords=Coords(name='chr20', start=49988571, end=49988591, strand='+', size=64444167))]
    genome_off_targets []
    genome_non_targets []
    transcriptome_on_targets [TranscriptomeHit(trans_id='ENST00000244050.3', gene_name='SNAI1', left_features=[ExonFeature(genome=Coords(name='chr20', start=49983006, end=49983026, strand='+', size=64444167), trans=Coords(name='ENST00000244050.3', start=27, end=47, strand='+', size=1705))], right_features=[ExonFeature(genome=Coords(name='chr20', start=49988571, end=49988591, strand='+', size=64444167), trans=Coords(name='ENST00000244050.3', start=1390, end=1410, strand='+', size=1705))])]
    transcriptome_off_targets []
    transcriptome_non_targets []
>>> PrimerDesign <<<
    ppair_id SNAI1+1+pp5
    features_5p SNAI1+1+pp5
    features_3p SNAI1+1+pp5
    genome_on_targets [GenomeHit(left_coords=Coords(name='chr20', start=49983006, end=49983026, strand='+', size=64444167), right_coords=Coords(name='chr20', start=49988150, end=49988170, strand='+', size=64444167))]
    genome_off_targets []
    genome_non_targets []
    transcriptome_on_targets [TranscriptomeHit(trans_id='ENST00000244050.3', gene_name='SNAI1', left_features=[ExonFeature(genome=Coords(name='chr20', start=49983006, end=49983026, strand='+', size=64444167), trans=Coords(name='ENST00000244050.3', start=27, end=47, strand='+', size=1705))], right_features=[ExonFeature(genome=Coords(name='chr20', start=49988150, end=49988170, strand='+', size=64444167), trans=Coords(name='ENST00000244050.3', start=969, end=989, strand='+', size=1705))])]
    transcriptome_off_targets []
    transcriptome_non_targets []

