target_id	design_status	transcript_id	primer_id	left_primer	right_primer	on_target_trans	off_target_trans	on_target_genome	off_target_genome	browser	annotated_rna
SNAI1+1	GOOD	FSM_23673	SNAI1+1+pp1	GGTTCTTCTGCGCTACTGCT	CAAAAACCCACGCAGACAGG	chr20:49983006-49988341		chr20:49983006-49988341		=HYPERLINK("https://genome.ucsc.edu/cgi-bin/hgTracks?position=chr20%3A49982979-49988884&db=hg38&genome=hg38&hubUrl=http%3A//test.org/JuJu/hub.txt", "chr20:49982979-49988884")	ATTGCGCCGCGGCACGGCCTAG{CGAGTGGTTCTTCTGCGCTACTGCTGCGCGAATCGGCGACCCCAGTGCCTC}GACCACTATGCCGCGCTCTTTCCTCGTCAGGAAGCCCTCCGACCCCAATCGGAAGCCTAACTACAGCGAGCTGCAGGACTCTAATCCAGAGTTTACCTTCCAGCAGCCCTACGACCAGGCCCACCTGCTGGCAGCCATCCCACCTCCGGAGATCCTCAACCCCACCGCCTCGCTGCCAATGCTCATCTGGGACTCTGTCCTGGCGCCCCAAGCCCAGCCAATTGCCTGGGCCTCCCTTCGGCTCCAGGAGAGTCCCAGGGTGGCAGAGCTGACCTCCCTGTCAGATGAGGACAGTGGGAAAGGCTCCCAGCCCCCCAGCCCACCCTCACCGGCTCCTTCGTCCTTCTCCTCTACTTCAGTCTCTTCCTTGGAGGCCGAGGCCTATGCTGCCTTCCCAGGCTTGGGCCAAGTGCCCAAGCAGCTGGCCCAGCTCTCTGAGGCCAAGGATCTCCAGGCTCGAAAGGCCTTCAACTGCAAATACTGCAACAAGGAATACCTCAGCCTGGGTGCCCTCAAGATGCACATCCGAAGCCACACGCTGCCCTGCGTCTGCGGAACCTGCGGGAAGGCCTTCTCTAGGCCCTGGCTGCTACAAGGCCATGTCCGGACCCACACTGGCGAGAAGCCCTTCT{CCTGTCCCCACTGCAGCCGTGCCTTCGCTGACCGCTCCAACCTGCGGGCCCACCTCCAGACCCACTCAGATGTCAAGAAGTACCAGTGCCAGGCGTGTGCTCGGACCTTCTCCCGAATGTCCCTGCTCCACAAGCACCAAGAGTCCGGCTGCTCAGGATGTCCCCGCTGACCCTCGAGGCTCCCTCTTCCTCTCCATACCTGCCCCTGCCTGACAGCCTTCCCCAGCTCCAGCAGGAAGGACCCCACATCCTTCTCACTGCCATGGAATTCCCTCCTGAGTGCCCCACTTCTGGCCACATCAGCCCCACAGGACTTTGATGAAGACCATTTTCTGGTTCTGTGTCCTCTGCCTGGGCTCTGGAAGAGGCCTTCCCATGGCCATTTCTGTGGAGGGAGGGCAGCTGGCCCCCAGCCCTGGGGGATTCCTGAGCTGGCCTGTCTGCGTGGGTTTTTGTATCCAGAGCTGTTTGGATACAGCTGCTTTGAGCTACAGGACAAAGGCTGACAGACTCACTGGGAAGCTCCCACCCCACTCAGGGGACCCCACTCCCCTCACACACACCCCCCCACAAGGAACCCTCAGGCCACCCTCCACGAGGTGTGACTAACTATGCAATAATCCACCCCCAGGTGCAGCCCCAGGGCCTGCGGAGGCGGTGGCAGACTAGAGTCTGAGATGCCCCGAGCCCAGGCAGCTATTTCAGCCTCCTGTTTGGTGGGGTGGCACCTGTTTCCCGGGCAATTTAACAATGTCTGAAAAGGGACTGTGAGTAATGGCTGTCACTTGTCGGGGGCCCAAGTGGGGTGCTCTGG}TCTGACCGATGTGTCTCCCAGAACTATTCTGGGGGCCCGACAGGTGGGCCTGGGAGGAAGATGTTTACATTTTTAAAGGTACACTGGTATTTATATTTCAAACATTTTGTATCAAGGAAACGTTTTGTATAGTTATATGTACAGTTTATTGATATTCAATAAAGCAGTTAATTTATATATTAAA
SNAI1+1	GOOD	FSM_23673	SNAI1+1+pp2	GGTTCTTCTGCGCTACTGCT	CCCTCCACAGAAATGGCCAT	chr20:49983006-49988281		chr20:49983006-49988281			
SNAI1+1	GOOD	FSM_23673	SNAI1+1+pp3	GGTTCTTCTGCGCTACTGCT	TCATCAAAGTCCTGTGGGGC	chr20:49983006-49988208		chr20:49983006-49988208			
SNAI1+1	GOOD	FSM_23673	SNAI1+1+pp4	GGTTCTTCTGCGCTACTGCT	CTGAAATAGCTGCCTGGGCT	chr20:49983006-49988591		chr20:49983006-49988591			
SNAI1+1	GOOD	FSM_23673	SNAI1+1+pp5	GGTTCTTCTGCGCTACTGCT	GGCACTCAGGAGGGAATTCC	chr20:49983006-49988170		chr20:49983006-49988170			
