target_id: ZBTB45+1
region_5p: chr19:58517554-58519807
region_3p: chr19:58513744-58514287
strand: -
transcripts:
transcript: WTC11_consolidated FSM_45682
coords: Feature(genome=chr19:58513529-58519817/+, trans=FSM_45682:0-2136/-)
region_5p: Feature(genome=chr19:58517554-58519807/+, trans=FSM_45682:1941-2126/-)
region_3p: Feature(genome=chr19:58513744-58514287/+, trans=FSM_45682:215-758/-)
features_5p:
[   ExonFeature(genome=Coords(name='chr19', start=58517554, end=58517673, strand='+', size=58617616), trans=Coords(name='FSM_45682', start=1941, end=2060, strand='-', size=2136)),
    IntronFeature(genome=Coords(name='chr19', start=58517673, end=58519741, strand='+', size=58617616), trans=Coords(name='FSM_45682', start=2060, end=2060, strand='-', size=2136)),
    ExonFeature(genome=Coords(name='chr19', start=58519741, end=58519807, strand='+', size=58617616), trans=Coords(name='FSM_45682', start=2060, end=2126, strand='-', size=2136))]
features_3p:
[   ExonFeature(genome=Coords(name='chr19', start=58513744, end=58514287, strand='+', size=58617616), trans=Coords(name='FSM_45682', start=215, end=758, strand='-', size=2136))]
features:
[   ExonFeature(genome=Coords(name='chr19', start=58513529, end=58514310, strand='+', size=58617616), trans=Coords(name='FSM_45682', start=0, end=781, strand='-', size=2136)),
    IntronFeature(genome=Coords(name='chr19', start=58514310, end=58516394, strand='+', size=58617616), trans=Coords(name='FSM_45682', start=781, end=781, strand='-', size=2136)),
    ExonFeature(genome=Coords(name='chr19', start=58516394, end=58517673, strand='+', size=58617616), trans=Coords(name='FSM_45682', start=781, end=2060, strand='-', size=2136)),
    IntronFeature(genome=Coords(name='chr19', start=58517673, end=58519741, strand='+', size=58617616), trans=Coords(name='FSM_45682', start=2060, end=2060, strand='-', size=2136)),
    ExonFeature(genome=Coords(name='chr19', start=58519741, end=58519817, strand='+', size=58617616), trans=Coords(name='FSM_45682', start=2060, end=2136, strand='-', size=2136))]
rna: GCCCGGAAGTGCGGCCTTGTAGTCGGTCAGGAGGAAGCGGCCACGGCAGAGCCTGGTGCCTGAAGAGGAGTCGGAGATGGCGGCTGCAGAGGCTGTGCATCACATACACCTGCAGAACTTCTCACGCTCTCTGCTTGAGACCCTCAATGGGCAGAGGCTTGGGGGACACTTCTGTGACGTGACTGTGCGCATTCGTGAAGCTTCGCTGCGTGCCCACCGCTGCGTGCTGGCGGCCGGCTCACCCTTCTTCCAAGACAAGCTGCTGCTCGGCCACTCTGAGATCCGTGTGCCTCCGGTGGTGCCCGCGCAGACAGTGCGACAGCTGGTAGAGTTCCTGTACAGCGGTTCGCTCGTTGTGGCGCAGGGTGAAGCCCTGCAGGTGCTCACGGCCGCGTCAGTGCTTCGCATACAGACAGTTATCGACGAATGCACGCAGATTATCGCCCGCGCTCGAGCCCCGGGCACCTCTGCGCCCACGCCCCTGCCCACCCCTGTGCCCCCGCCACTCGCACCTGCGCAGCTGCGTCACCGCCTGCGCCACCTGCTGGCTGCACGTCCCCCGGGGCACCCCGGTGCTGCACACAGCCGTAAGCAGCGCCAGCCCGCGCGTTTGCAGCTGCCAGCGCCCCCAACACCTGCCAAGGCTGAGGGGCCTGATGCTGACCCCTCACTGTCCGCGGCCCCTGATGACCGAGGTGACGAGGATGACGAGGAAAGTGACGATGAGACCGATGGCGAGGATGGCGAAGGTGGCGGCCCAGGCGAGGGCCAGGCACCTCCTTCCTTCCCAGACTGTGCTGCTGGCTTCCTCACTGCTGCTGCTGACAGCGCGTGCGAGGAGCCCCCTGCACCCACTGGCCTCGCTGACTACAGTGGTGCCGGGAGAGATTTTCTTCGGGGAGCTGGGTCAGCTGAGGACGTATTTCCAGACAGCTATGTATCCACTTGGCACGACGAGGATGGCGCTGTCCCCGAAGGCTGTCCCACTGAGACCCCTGTCCAGCCCGACTGCATACTGTCTGGATCCCGCCCGCCTGGTGTGAAGACCCCAGGGCCGCCCGTTGCACTCTTCCCCTTTCACTTGGGTGCCCCTGGGCCACCCGCACCACCCCCTTCAGCACCATCGGGGCCAGCCCCTGCGCCCCCACCCGCCTTCTACCCCACACTCCAGCCCGAGGCAGCCCCCAGTACTCAGCTGGGGGAGGTCCCGGCTCCCTCTGCTGCTCCCACCACGGCCCCCTCAGGCACCCCTGCTCGCACCCCAGGTGCTGAGCCACCTACGTATGAGTGCAGCCACTGTCGCAAGACGTTCAGCTCCCGGAAAAACTACACCAAGCACATGTTCATCCACTCGGGGGAGAAGCCGCACCAGTGCGCCGTGTGCTGGCGATCCTTCTCTCTACGCGACTACCTGCTCAAACACATGGTCACGCACACCGGCGTGCGCGCCTTCCAGTGCGCCGTCTGCGCCAAGCGCTTCACGCAGAAGAGCTCGCTCAACGTGCACATGCGCACTCACCGGCCCGAGCGCGCGCCCTGCCCCGCCTGCGGCAAGGTCTTCTCGCACCGCGCGCTGCTGGAGCGCCACCTGGCGGCGCACCCTGCGCCCTGATGGCGCTGGGGCCTGGCCTCGCCCACGGTGGATCCGGGGCCTCCCGCACAGTCGGCCACGCCCGCTGCGGGACCCGTGGTTCCCGCCACTAGACCACGCTCCCTCCTGAGCGCAGGTCCTCTCTCTCCCTTCACCCTTTCTCCATACCAGGGCCTAAGTCCGCCTTACTCCTCTCCTCCATGTACTTGAACCCTCCAGGTGGTGCCGGGCTGGGGCTGGGGCTGGTTAGACCACTTCTGAGAACTGGACTATTTCCTGCGTAAACCGGGCGCTCAGGCGCTTGGACCCGGCCCAAGATTTGACTCCGGTTCTCACCCCGCCCTCTCCTGGGGTGGTGGTGGGGGCTGGGGGGCCGCTTGCCTGCCCCAGGGTCAGGCTGGGCAAGGTCCCTAGCTCTCTACCCAAGCTGTTACTCCCTCATGGGGCGCCTAAGGAGACTCAAGTGGACCCATCATATATGGGGGCTGGGCCTCGGGACTCTCGCTCTAATAAAGGACTGTAGGCCATGGGGCCTAAACCACGAA
annotated_amplicon: GCGGCCTTGTAGTCGGTCAGGAGGAAGCGGCCACGGCAGAGCCTGGTGCCTGAAGAGGAGTCGGAGA-TGGCGGCTGCAGAGGCTGTGCATCACATACACCTGCAGAACTTCTCACGCTCTCTGCTTGAGACCCTCAATGGGCAGAGGCTTGGGGGACACTTCTGTGACGTGACTGTGCGCATTCG[TGAAGCTTCGCTGCGTGCCCACCGCTGCGTGCTGGCGGCCGGCTCACCCTTCTTCCAAGACAAGCTGCTGCTCGGCCACTCTGAGATCCGTGTGCCTCCGGTGGTGCCCGCGCAGACAGTGCGACAGCTGGTAGAGTTCCTGTACAGCGGTTCGCTCGTTGTGGCGCAGGGTGAAGCCCTGCAGGTGCTCACGGCCGCGTCAGTGCTTCGCATACAGACAGTTATCGACGAATGCACGCAGATTATCGCCCGCGCTCGAGCCCCGGGCACCTCTGCGCCCACGCCCCTGCCCACCCCTGTGCCCCCGCCACTCGCACCTGCGCAGCTGCGTCACCGCCTGCGCCACCTGCTGGCTGCACGTCCCCCGGGGCACCCCGGTGCTGCACACAGCCGTAAGCAGCGCCAGCCCGCGCGTTTGCAGCTGCCAGCGCCCCCAACACCTGCCAAGGCTGAGGGGCCTGATGCTGACCCCTCACTGTCCGCGGCCCCTGATGACCGAGGTGACGAGGATGACGAGGAAAGTGACGATGAGACCGATGGCGAGGATGGCGAAGGTGGCGGCCCAGGCGAGGGCCAGGCACCTCCTTCCTTCCCAGACTGTGCTGCTGGCTTCCTCACTGCTGCTGCTGACAGCGCGTGCGAGGAGCCCCCTGCACCCACTGGCCTCGCTGACTACAGTGGTGCCGGGAGAGATTTTCTTCGGGGAGCTGGGTCAGCTGAGGACGTATTTCCAGACAGCTATGTATCCACTTGGCACGACGAGGATGGCGCTGTCCCCGAAGGCTGTCCCACTGAGACCCCTGTCCAGCCCGACTGCATACTGTCTGGATCCCGCCCGCCTGGTGTGAAGACCCCAGGGCCGCCCGTTGCACTCTTCCCCTTTCACTTGGGTGCCCCTGGGCCACCCGCACCACCCCCTTCAGCACCATCGGGGCCAGCCCCTGCGCCCCCACCCGCCTTCTACCCCACACTCCAGCCCGAGGCAGCCCCCAGTACTCAGCTGGGGGAGGTCCCGGCTCCCTCTGCTGCTCCCACCACGGCCCCCTCAGGCACCCCTGCTCGCACCCCAGGTGCTGAGCCACCTACGTATGAGTGCAGCCACTGTCGCAAGACGTTCAGCTCCCGGAAAAACTACACCAAGCACATGTTCATCCACTCGGGGGAGAAGCCGCACCAGTGCGCC]GTGTGCTGGCGATCCTTCTCTCTACGCGACTACCTGCTCAAACACATGGTCACGCACACCGGCGTGCGCGCCTTCCAGTGCGCCGTCTGCGCCAAGCGCTTCACGCAGAAGAGCTCGCTCAACGTGCACATGCGCACTCACCGGCCCGAGCGCGCGCCCTGCCCCGCCTGCGGCAAGGTCTTCTCGCACCGCGCGCTGCTGGAGCGCCACCTGGCGGCGCACCCTGCGCCCTGATGGCGCTGGGGCCTGGCCTCGCCCACGGTGGATCCGGGGCCTCCCGCACAGTCGGCCACGCCCGCTGCGGGACCCGTGGTTCCCGCCACTAGACCACGCTCCCTCCTGAGCGCAGGTCCTCTCTCTCCCTTCACCCTTTCTCCATACCAGGGCCTAAGTCCGCCTTACTCCTCTCCTCCATGTACTTGAACCCTCCAGGTGGTGCCGGGCTGGGGCTGGGGCTGGTTAGACCACTTCTGAGAACTGGACTATTTCCTGCGTAAACCGGGCGCTCAGGCGCTTGGACCCGGCCCAAGATTTGACTCCGGT
>>> primer3_args <<<
global_args:
{   'PRIMER_TASK': 'generic',
    'PRIMER_FIRST_BASE_INDEX': 0,
    'PRIMER_PICK_LEFT_PRIMER': 1,
    'PRIMER_PICK_INTERNAL_OLIGO': 0,
    'PRIMER_PICK_RIGHT_PRIMER': 1,
    'PRIMER_OPT_SIZE': 20,
    'PRIMER_MIN_SIZE': 18,
    'PRIMER_MAX_SIZE': 22,
    'PRIMER_EXPLAIN_FLAG': 1}
seq_args:
{   'SEQUENCE_ID': 'FSM_45682',
    'SEQUENCE_TEMPLATE': 'GCCCGGAAGTGCGGCCTTGTAGTCGGTCAGGAGGAAGCGGCCACGGCAGAGCCTGGTGCCTGAAGAGGAGTCGGAGATGGCGGCTGCAGAGGCTGTGCATCACATACACCTGCAGAACTTCTCACGCTCTCTGCTTGAGACCCTCAATGGGCAGAGGCTTGGGGGACACTTCTGTGACGTGACTGTGCGCATTCGTGAAGCTTCGCTGCGTGCCCACCGCTGCGTGCTGGCGGCCGGCTCACCCTTCTTCCAAGACAAGCTGCTGCTCGGCCACTCTGAGATCCGTGTGCCTCCGGTGGTGCCCGCGCAGACAGTGCGACAGCTGGTAGAGTTCCTGTACAGCGGTTCGCTCGTTGTGGCGCAGGGTGAAGCCCTGCAGGTGCTCACGGCCGCGTCAGTGCTTCGCATACAGACAGTTATCGACGAATGCACGCAGATTATCGCCCGCGCTCGAGCCCCGGGCACCTCTGCGCCCACGCCCCTGCCCACCCCTGTGCCCCCGCCACTCGCACCTGCGCAGCTGCGTCACCGCCTGCGCCACCTGCTGGCTGCACGTCCCCCGGGGCACCCCGGTGCTGCACACAGCCGTAAGCAGCGCCAGCCCGCGCGTTTGCAGCTGCCAGCGCCCCCAACACCTGCCAAGGCTGAGGGGCCTGATGCTGACCCCTCACTGTCCGCGGCCCCTGATGACCGAGGTGACGAGGATGACGAGGAAAGTGACGATGAGACCGATGGCGAGGATGGCGAAGGTGGCGGCCCAGGCGAGGGCCAGGCACCTCCTTCCTTCCCAGACTGTGCTGCTGGCTTCCTCACTGCTGCTGCTGACAGCGCGTGCGAGGAGCCCCCTGCACCCACTGGCCTCGCTGACTACAGTGGTGCCGGGAGAGATTTTCTTCGGGGAGCTGGGTCAGCTGAGGACGTATTTCCAGACAGCTATGTATCCACTTGGCACGACGAGGATGGCGCTGTCCCCGAAGGCTGTCCCACTGAGACCCCTGTCCAGCCCGACTGCATACTGTCTGGATCCCGCCCGCCTGGTGTGAAGACCCCAGGGCCGCCCGTTGCACTCTTCCCCTTTCACTTGGGTGCCCCTGGGCCACCCGCACCACCCCCTTCAGCACCATCGGGGCCAGCCCCTGCGCCCCCACCCGCCTTCTACCCCACACTCCAGCCCGAGGCAGCCCCCAGTACTCAGCTGGGGGAGGTCCCGGCTCCCTCTGCTGCTCCCACCACGGCCCCCTCAGGCACCCCTGCTCGCACCCCAGGTGCTGAGCCACCTACGTATGAGTGCAGCCACTGTCGCAAGACGTTCAGCTCCCGGAAAAACTACACCAAGCACATGTTCATCCACTCGGGGGAGAAGCCGCACCAGTGCGCCGTGTGCTGGCGATCCTTCTCTCTACGCGACTACCTGCTCAAACACATGGTCACGCACACCGGCGTGCGCGCCTTCCAGTGCGCCGTCTGCGCCAAGCGCTTCACGCAGAAGAGCTCGCTCAACGTGCACATGCGCACTCACCGGCCCGAGCGCGCGCCCTGCCCCGCCTGCGGCAAGGTCTTCTCGCACCGCGCGCTGCTGGAGCGCCACCTGGCGGCGCACCCTGCGCCCTGATGGCGCTGGGGCCTGGCCTCGCCCACGGTGGATCCGGGGCCTCCCGCACAGTCGGCCACGCCCGCTGCGGGACCCGTGGTTCCCGCCACTAGACCACGCTCCCTCCTGAGCGCAGGTCCTCTCTCTCCCTTCACCCTTTCTCCATACCAGGGCCTAAGTCCGCCTTACTCCTCTCCTCCATGTACTTGAACCCTCCAGGTGGTGCCGGGCTGGGGCTGGGGCTGGTTAGACCACTTCTGAGAACTGGACTATTTCCTGCGTAAACCGGGCGCTCAGGCGCTTGGACCCGGCCCAAGATTTGACTCCGGTTCTCACCCCGCCCTCTCCTGGGGTGGTGGTGGGGGCTGGGGGGCCGCTTGCCTGCCCCAGGGTCAGGCTGGGCAAGGTCCCTAGCTCTCTACCCAAGCTGTTACTCCCTCATGGGGCGCCTAAGGAGACTCAAGTGGACCCATCATATATGGGGGCTGGGCCTCGGGACTCTCGCTCTAATAAAGGACTGTAGGCCATGGGGCCTAAACCACGAA',
    'SEQUENCE_PRIMER_PAIR_OK_REGION_LIST': [[10, 185, 1378, 543]],
    'PRIMER_MUST_MATCH_FIVE_PRIME': 'SS',
    'SEQUENCE_OVERLAP_JUNCTION_LIST': (77,)}

>>> Primer3Results: 5 results <<<
Primer3Pair 0:
{   'result_num': 0,
    'PRIMER_PAIR_PENALTY': 1.4279528532492236,
    'PRIMER_LEFT_PENALTY': 1.3880651627796965,
    'PRIMER_RIGHT_PENALTY': 0.039887690469527115,
    'PRIMER_LEFT_SEQUENCE': 'AAGAGGAGTCGGAGATGGCG',
    'PRIMER_RIGHT_SEQUENCE': 'GCGTAGAGAGAAGGATCGCC',
    'PRIMER_LEFT': (62, 20),
    'PRIMER_RIGHT': (1404, 20),
    'PRIMER_LEFT_TM': 61.3880651627797,
    'PRIMER_RIGHT_TM': 60.03988769046953,
    'PRIMER_LEFT_GC_PERCENT': 60.0,
    'PRIMER_RIGHT_GC_PERCENT': 60.0,
    'PRIMER_LEFT_SELF_ANY_TH': 0.0,
    'PRIMER_RIGHT_SELF_ANY_TH': 0.0,
    'PRIMER_LEFT_SELF_END_TH': 0.0,
    'PRIMER_RIGHT_SELF_END_TH': 0.0,
    'PRIMER_LEFT_HAIRPIN_TH': 40.666170480711344,
    'PRIMER_RIGHT_HAIRPIN_TH': 36.95498844297401,
    'PRIMER_LEFT_END_STABILITY': 5.69,
    'PRIMER_RIGHT_END_STABILITY': 5.54,
    'PRIMER_PAIR_COMPL_ANY_TH': 0.0,
    'PRIMER_PAIR_COMPL_END_TH': 0.0,
    'PRIMER_PAIR_PRODUCT_SIZE': 1343}
Primer3Pair 1:
{   'result_num': 1,
    'PRIMER_PAIR_PENALTY': 1.492552392935636,
    'PRIMER_LEFT_PENALTY': 1.3880651627796965,
    'PRIMER_RIGHT_PENALTY': 0.10448723015593941,
    'PRIMER_LEFT_SEQUENCE': 'AAGAGGAGTCGGAGATGGCG',
    'PRIMER_RIGHT_SEQUENCE': 'GGAGTAAGGCGGACTTAGGC',
    'PRIMER_LEFT': (62, 20),
    'PRIMER_RIGHT': (1782, 20),
    'PRIMER_LEFT_TM': 61.3880651627797,
    'PRIMER_RIGHT_TM': 59.89551276984406,
    'PRIMER_LEFT_GC_PERCENT': 60.0,
    'PRIMER_RIGHT_GC_PERCENT': 60.0,
    'PRIMER_LEFT_SELF_ANY_TH': 0.0,
    'PRIMER_RIGHT_SELF_ANY_TH': 2.8859452485608017,
    'PRIMER_LEFT_SELF_END_TH': 0.0,
    'PRIMER_RIGHT_SELF_END_TH': 0.0,
    'PRIMER_LEFT_HAIRPIN_TH': 40.666170480711344,
    'PRIMER_RIGHT_HAIRPIN_TH': 42.122918456786465,
    'PRIMER_LEFT_END_STABILITY': 5.69,
    'PRIMER_RIGHT_END_STABILITY': 3.93,
    'PRIMER_PAIR_COMPL_ANY_TH': 0.0,
    'PRIMER_PAIR_COMPL_END_TH': 0.0,
    'PRIMER_PAIR_PRODUCT_SIZE': 1721}
Primer3Pair 2:
{   'result_num': 2,
    'PRIMER_PAIR_PENALTY': 1.494684434844828,
    'PRIMER_LEFT_PENALTY': 1.3880651627796965,
    'PRIMER_RIGHT_PENALTY': 0.10661927206513155,
    'PRIMER_LEFT_SEQUENCE': 'AAGAGGAGTCGGAGATGGCG',
    'PRIMER_RIGHT_SEQUENCE': 'GAGGAGAGGAGTAAGGCGGA',
    'PRIMER_LEFT': (62, 20),
    'PRIMER_RIGHT': (1789, 20),
    'PRIMER_LEFT_TM': 61.3880651627797,
    'PRIMER_RIGHT_TM': 60.10661927206513,
    'PRIMER_LEFT_GC_PERCENT': 60.0,
    'PRIMER_RIGHT_GC_PERCENT': 60.0,
    'PRIMER_LEFT_SELF_ANY_TH': 0.0,
    'PRIMER_RIGHT_SELF_ANY_TH': 0.0,
    'PRIMER_LEFT_SELF_END_TH': 0.0,
    'PRIMER_RIGHT_SELF_END_TH': 0.0,
    'PRIMER_LEFT_HAIRPIN_TH': 40.666170480711344,
    'PRIMER_RIGHT_HAIRPIN_TH': 0.0,
    'PRIMER_LEFT_END_STABILITY': 5.69,
    'PRIMER_RIGHT_END_STABILITY': 5.54,
    'PRIMER_PAIR_COMPL_ANY_TH': 0.0,
    'PRIMER_PAIR_COMPL_END_TH': 0.0,
    'PRIMER_PAIR_PRODUCT_SIZE': 1728}
Primer3Pair 3:
{   'result_num': 3,
    'PRIMER_PAIR_PENALTY': 1.495865140597573,
    'PRIMER_LEFT_PENALTY': 1.3880651627796965,
    'PRIMER_RIGHT_PENALTY': 0.10779997781787642,
    'PRIMER_LEFT_SEQUENCE': 'AAGAGGAGTCGGAGATGGCG',
    'PRIMER_RIGHT_SEQUENCE': 'AGCAGGTAGTCGCGTAGAGA',
    'PRIMER_LEFT': (62, 20),
    'PRIMER_RIGHT': (1415, 20),
    'PRIMER_LEFT_TM': 61.3880651627797,
    'PRIMER_RIGHT_TM': 60.107799977817876,
    'PRIMER_LEFT_GC_PERCENT': 60.0,
    'PRIMER_RIGHT_GC_PERCENT': 55.0,
    'PRIMER_LEFT_SELF_ANY_TH': 0.0,
    'PRIMER_RIGHT_SELF_ANY_TH': 5.768584490451474,
    'PRIMER_LEFT_SELF_END_TH': 0.0,
    'PRIMER_RIGHT_SELF_END_TH': 0.0,
    'PRIMER_LEFT_HAIRPIN_TH': 40.666170480711344,
    'PRIMER_RIGHT_HAIRPIN_TH': 0.0,
    'PRIMER_LEFT_END_STABILITY': 5.69,
    'PRIMER_RIGHT_END_STABILITY': 3.1,
    'PRIMER_PAIR_COMPL_ANY_TH': 0.0,
    'PRIMER_PAIR_COMPL_END_TH': 0.0,
    'PRIMER_PAIR_PRODUCT_SIZE': 1354}
Primer3Pair 4:
{   'result_num': 4,
    'PRIMER_PAIR_PENALTY': 1.5717962177749314,
    'PRIMER_LEFT_PENALTY': 1.3880651627796965,
    'PRIMER_RIGHT_PENALTY': 0.1837310549952349,
    'PRIMER_LEFT_SEQUENCE': 'AAGAGGAGTCGGAGATGGCG',
    'PRIMER_RIGHT_SEQUENCE': 'GGCCCTGGTATGGAGAAAGG',
    'PRIMER_LEFT': (62, 20),
    'PRIMER_RIGHT': (1765, 20),
    'PRIMER_LEFT_TM': 61.3880651627797,
    'PRIMER_RIGHT_TM': 59.816268945004765,
    'PRIMER_LEFT_GC_PERCENT': 60.0,
    'PRIMER_RIGHT_GC_PERCENT': 60.0,
    'PRIMER_LEFT_SELF_ANY_TH': 0.0,
    'PRIMER_RIGHT_SELF_ANY_TH': 0.0,
    'PRIMER_LEFT_SELF_END_TH': 0.0,
    'PRIMER_RIGHT_SELF_END_TH': 0.0,
    'PRIMER_LEFT_HAIRPIN_TH': 40.666170480711344,
    'PRIMER_RIGHT_HAIRPIN_TH': 0.0,
    'PRIMER_LEFT_END_STABILITY': 5.69,
    'PRIMER_RIGHT_END_STABILITY': 3.11,
    'PRIMER_PAIR_COMPL_ANY_TH': 0.0,
    'PRIMER_PAIR_COMPL_END_TH': 0.0,
    'PRIMER_PAIR_PRODUCT_SIZE': 1704}

>>> PrimerDesigns 5 <<<
    target_id ZBTB45+1
    tran_id WTC11_consolidated FSM_45682
>>> PrimerDesign <<<
    ppair_id ZBTB45+1+pp1
    features_5p [ExonFeature(genome=Coords(name='chr19', start=58517667, end=58517673, strand='+', size=58617616), trans=Coords(name='FSM_45682', start=2054, end=2060, strand='-', size=2136))
 ExonFeature(genome=Coords(name='chr19', start=58519741, end=58519755, strand='+', size=58617616), trans=Coords(name='FSM_45682', start=2060, end=2074, strand='-', size=2136))]
    features_3p [ExonFeature(genome=Coords(name='chr19', start=58514261, end=58514281, strand='+', size=58617616), trans=Coords(name='FSM_45682', start=732, end=752, strand='-', size=2136))]
    amplicon_trans_coords FSM_45682:76-1404
    amplicon_length 1302
    PRIMER_LEFT (62, 20)
    PRIMER_RIGHT (1404, 20)
    PRIMER_LEFT_SEQUENCE AAGAGGAGTCGGAGATGGCG
    PRIMER_RIGHT_SEQUENCE GCGTAGAGAGAAGGATCGCC
    PRIMER_PAIR_PRODUCT_SIZE 1343
    genome_on_targets [
    ]
    genome_off_targets [
    ]
    genome_non_targets [
    ]
    transcriptome_on_targets [TranscriptomeHit(left=[ExonFeature(genome=chr19:58514260-58514280/+, trans=ENST00000594051.6__ZBTB45:731-751/-)
    ],right=[ExonFeature(genome=chr19:58517667-58517673/+, trans=ENST00000594051.6__ZBTB45:2054-2060/-),
	ExonFeature(genome=chr19:58519741-58519755/+, trans=ENST00000594051.6__ZBTB45:2060-2074/-)
    ])
    ]
    transcriptome_off_targets [
    ]
    transcriptome_non_targets [
    ]
>>> PrimerDesign <<<
    ppair_id ZBTB45+1+pp2
    features_5p [ExonFeature(genome=Coords(name='chr19', start=58517667, end=58517673, strand='+', size=58617616), trans=Coords(name='FSM_45682', start=2054, end=2060, strand='-', size=2136))
 ExonFeature(genome=Coords(name='chr19', start=58519741, end=58519755, strand='+', size=58617616), trans=Coords(name='FSM_45682', start=2060, end=2074, strand='-', size=2136))]
    features_3p [ExonFeature(genome=Coords(name='chr19', start=58513883, end=58513903, strand='+', size=58617616), trans=Coords(name='FSM_45682', start=354, end=374, strand='-', size=2136))]
    amplicon_trans_coords FSM_45682:76-1782
    amplicon_length 1680
    PRIMER_LEFT (62, 20)
    PRIMER_RIGHT (1782, 20)
    PRIMER_LEFT_SEQUENCE AAGAGGAGTCGGAGATGGCG
    PRIMER_RIGHT_SEQUENCE GGAGTAAGGCGGACTTAGGC
    PRIMER_PAIR_PRODUCT_SIZE 1721
    genome_on_targets [
    ]
    genome_off_targets [
    ]
    genome_non_targets [
    ]
    transcriptome_on_targets [TranscriptomeHit(left=[ExonFeature(genome=chr19:58513882-58513902/+, trans=ENST00000594051.6__ZBTB45:353-373/-)
    ],right=[ExonFeature(genome=chr19:58517667-58517673/+, trans=ENST00000594051.6__ZBTB45:2054-2060/-),
	ExonFeature(genome=chr19:58519741-58519755/+, trans=ENST00000594051.6__ZBTB45:2060-2074/-)
    ])
    ]
    transcriptome_off_targets [
    ]
    transcriptome_non_targets [
    ]
>>> PrimerDesign <<<
    ppair_id ZBTB45+1+pp3
    features_5p [ExonFeature(genome=Coords(name='chr19', start=58517667, end=58517673, strand='+', size=58617616), trans=Coords(name='FSM_45682', start=2054, end=2060, strand='-', size=2136))
 ExonFeature(genome=Coords(name='chr19', start=58519741, end=58519755, strand='+', size=58617616), trans=Coords(name='FSM_45682', start=2060, end=2074, strand='-', size=2136))]
    features_3p [ExonFeature(genome=Coords(name='chr19', start=58513876, end=58513896, strand='+', size=58617616), trans=Coords(name='FSM_45682', start=347, end=367, strand='-', size=2136))]
    amplicon_trans_coords FSM_45682:76-1789
    amplicon_length 1687
    PRIMER_LEFT (62, 20)
    PRIMER_RIGHT (1789, 20)
    PRIMER_LEFT_SEQUENCE AAGAGGAGTCGGAGATGGCG
    PRIMER_RIGHT_SEQUENCE GAGGAGAGGAGTAAGGCGGA
    PRIMER_PAIR_PRODUCT_SIZE 1728
    genome_on_targets [
    ]
    genome_off_targets [
    ]
    genome_non_targets [
    ]
    transcriptome_on_targets [TranscriptomeHit(left=[ExonFeature(genome=chr19:58513875-58513895/+, trans=ENST00000594051.6__ZBTB45:346-366/-)
    ],right=[ExonFeature(genome=chr19:58517667-58517673/+, trans=ENST00000594051.6__ZBTB45:2054-2060/-),
	ExonFeature(genome=chr19:58519741-58519755/+, trans=ENST00000594051.6__ZBTB45:2060-2074/-)
    ])
    ]
    transcriptome_off_targets [
    ]
    transcriptome_non_targets [
    ]
>>> PrimerDesign <<<
    ppair_id ZBTB45+1+pp4
    features_5p [ExonFeature(genome=Coords(name='chr19', start=58517667, end=58517673, strand='+', size=58617616), trans=Coords(name='FSM_45682', start=2054, end=2060, strand='-', size=2136))
 ExonFeature(genome=Coords(name='chr19', start=58519741, end=58519755, strand='+', size=58617616), trans=Coords(name='FSM_45682', start=2060, end=2074, strand='-', size=2136))]
    features_3p [ExonFeature(genome=Coords(name='chr19', start=58514250, end=58514270, strand='+', size=58617616), trans=Coords(name='FSM_45682', start=721, end=741, strand='-', size=2136))]
    amplicon_trans_coords FSM_45682:76-1415
    amplicon_length 1313
    PRIMER_LEFT (62, 20)
    PRIMER_RIGHT (1415, 20)
    PRIMER_LEFT_SEQUENCE AAGAGGAGTCGGAGATGGCG
    PRIMER_RIGHT_SEQUENCE AGCAGGTAGTCGCGTAGAGA
    PRIMER_PAIR_PRODUCT_SIZE 1354
    genome_on_targets [
    ]
    genome_off_targets [
    ]
    genome_non_targets [
    ]
    transcriptome_on_targets [TranscriptomeHit(left=[ExonFeature(genome=chr19:58514249-58514269/+, trans=ENST00000594051.6__ZBTB45:720-740/-)
    ],right=[ExonFeature(genome=chr19:58517667-58517673/+, trans=ENST00000594051.6__ZBTB45:2054-2060/-),
	ExonFeature(genome=chr19:58519741-58519755/+, trans=ENST00000594051.6__ZBTB45:2060-2074/-)
    ])
    ]
    transcriptome_off_targets [
    ]
    transcriptome_non_targets [
    ]
>>> PrimerDesign <<<
    ppair_id ZBTB45+1+pp5
    features_5p [ExonFeature(genome=Coords(name='chr19', start=58517667, end=58517673, strand='+', size=58617616), trans=Coords(name='FSM_45682', start=2054, end=2060, strand='-', size=2136))
 ExonFeature(genome=Coords(name='chr19', start=58519741, end=58519755, strand='+', size=58617616), trans=Coords(name='FSM_45682', start=2060, end=2074, strand='-', size=2136))]
    features_3p [ExonFeature(genome=Coords(name='chr19', start=58513900, end=58513920, strand='+', size=58617616), trans=Coords(name='FSM_45682', start=371, end=391, strand='-', size=2136))]
    amplicon_trans_coords FSM_45682:76-1765
    amplicon_length 1663
    PRIMER_LEFT (62, 20)
    PRIMER_RIGHT (1765, 20)
    PRIMER_LEFT_SEQUENCE AAGAGGAGTCGGAGATGGCG
    PRIMER_RIGHT_SEQUENCE GGCCCTGGTATGGAGAAAGG
    PRIMER_PAIR_PRODUCT_SIZE 1704
    genome_on_targets [
    ]
    genome_off_targets [
    ]
    genome_non_targets [
    ]
    transcriptome_on_targets [TranscriptomeHit(left=[ExonFeature(genome=chr19:58513899-58513919/+, trans=ENST00000594051.6__ZBTB45:370-390/-)
    ],right=[ExonFeature(genome=chr19:58517667-58517673/+, trans=ENST00000594051.6__ZBTB45:2054-2060/-),
	ExonFeature(genome=chr19:58519741-58519755/+, trans=ENST00000594051.6__ZBTB45:2060-2074/-)
    ])
    ]
    transcriptome_off_targets [
    ]
    transcriptome_non_targets [
    ]

