target_id	design_status	transcript_id	browser	primer_id	left_primer	right_primer	on_target_trans	off_target_trans	on_target_genome	off_target_genome	annotated_rna
ZBTB45+1	GOOD	FSM_45682	=HYPERLINK("https://genome.ucsc.edu/cgi-bin/hgTracks?position=chr19%3A58513529-58519817&db=hg38&genome=hg38&hubUrl=http%3A//conesalab.org/LRGASP/LRGASP_hub/hub.txt&hubUrl=https%3A//hgwdev.gi.ucsc.edu/~markd/lrgasp/juju-hub/hub.txt", "chr19:58513529-58519817")	ZBTB45+1+pp1	AAGAGGAGTCGGAGATGGCG	GCGTAGAGAGAAGGATCGCC	chr19:58514260-58519755				NNNNNNNNNNGCGGCCTTGTAGTCGGTCAGGAGGAAGCGGCCACGGCAGAGCCTGGTGCCTGAAGAGGAGTCGGAGA-TGGCGGCTGCAGAGGCTGTGCATCACATACACCTGCAGAACTTCTCACGCTCTCTGCTTGAGACCCTCAATGGGCAGAGGCTTGGGGGACACTTCTGTGACGTGACTGTGCGCATTCG[TGAAGCTTCGCTGCGTGCCCACCGCTGCGTGCTGGCGGCCGGCTCACCCTTCTTCCAAGACAAGCTGCTGCTCGGCCACTCTGAGATCCGTGTGCCTCCGGTGGTGCCCGCGCAGACAGTGCGACAGCTGGTAGAGTTCCTGTACAGCGGTTCGCTCGTTGTGGCGCAGGGTGAAGCCCTGCAGGTGCTCACGGCCGCGTCAGTGCTTCGCATACAGACAGTTATCGACGAATGCACGCAGATTATCGCCCGCGCTCGAGCCCCGGGCACCTCTGCGCCCACGCCCCTGCCCACCCCTGTGCCCCCGCCACTCGCACCTGCGCAGCTGCGTCACCGCCTGCGCCACCTGCTGGCTGCACGTCCCCCGGGGCACCCCGGTGCTGCACACAGCCGTAAGCAGCGCCAGCCCGCGCGTTTGCAGCTGCCAGCGCCCCCAACACCTGCCAAGGCTGAGGGGCCTGATGCTGACCCCTCACTGTCCGCGGCCCCTGATGACCGAGGTGACGAGGATGACGAGGAAAGTGACGATGAGACCGATGGCGAGGATGGCGAAGGTGGCGGCCCAGGCGAGGGCCAGGCACCTCCTTCCTTCCCAGACTGTGCTGCTGGCTTCCTCACTGCTGCTGCTGACAGCGCGTGCGAGGAGCCCCCTGCACCCACTGGCCTCGCTGACTACAGTGGTGCCGGGAGAGATTTTCTTCGGGGAGCTGGGTCAGCTGAGGACGTATTTCCAGACAGCTATGTATCCACTTGGCACGACGAGGATGGCGCTGTCCCCGAAGGCTGTCCCACTGAGACCCCTGTCCAGCCCGACTGCATACTGTCTGGATCCCGCCCGCCTGGTGTGAAGACCCCAGGGCCGCCCGTTGCACTCTTCCCCTTTCACTTGGGTGCCCCTGGGCCACCCGCACCACCCCCTTCAGCACCATCGGGGCCAGCCCCTGCGCCCCCACCCGCCTTCTACCCCACACTCCAGCCCGAGGCAGCCCCCAGTACTCAGCTGGGGGAGGTCCCGGCTCCCTCTGCTGCTCCCACCACGGCCCCCTCAGGCACCCCTGCTCGCACCCCAGGTGCTGAGCCACCTACGTATGAGTGCAGCCACTGTCGCAAGACGTTCAGCTCCCGGAAAAACTACACCAAGCACATGTTCATCCACTCGGGGGAGAAGCCGCACCAGTGCGCC]GTGTGCTGGCGATCCTTCTCTCTACGCGACTACCTGCTCAAACACATGGTCACGCACACCGGCGTGCGCGCCTTCCAGTGCGCCGTCTGCGCCAAGCGCTTCACGCAGAAGAGCTCGCTCAACGTGCACATGCGCACTCACCGGCCCGAGCGCGCGCCCTGCCCCGCCTGCGGCAAGGTCTTCTCGCACCGCGCGCTGCTGGAGCGCCACCTGGCGGCGCACCCTGCGCCCTGATGGCGCTGGGGCCTGGCCTCGCCCACGGTGGATCCGGGGCCTCCCGCACAGTCGGCCACGCCCGCTGCGGGACCCGTGGTTCCCGCCACTAGACCACGCTCCCTCCTGAGCGCAGGTCCTCTCTCTCCCTTCACCCTTTCTCCATACCAGGGCCTAAGTCCGCCTTACTCCTCTCCTCCATGTACTTGAACCCTCCAGGTGGTGCCGGGCTGGGGCTGGGGCTGGTTAGACCACTTCTGAGAACTGGACTATTTCCTGCGTAAACCGGGCGCTCAGGCGCTTGGACCCGGCCCAAGATTTGACTCCGGTNNNNNNNNNNNNNNNNNNNNNNNNNNNNNNNNNNNNNNNNNNNNNNNNNNNNNNNNNNNNNNNNNNNNNNNNNNNNNNNNNNNNNNNNNNNNNNNNNNNNNNNNNNNNNNNNNNNNNNNNNNNNNNNNNNNNNNNNNNNNNNNNNNNNNNNNNNNNNNNNNNNNNNNNNNNNNNNNNNNNNNNNNNNNNNNNNNNNNNNNNNNNNNNNNNNNNNN
ZBTB45+1	GOOD	FSM_45682		ZBTB45+1+pp2	AAGAGGAGTCGGAGATGGCG	GGAGTAAGGCGGACTTAGGC	chr19:58513882-58519755				
ZBTB45+1	GOOD	FSM_45682		ZBTB45+1+pp3	AAGAGGAGTCGGAGATGGCG	GAGGAGAGGAGTAAGGCGGA	chr19:58513875-58519755				
ZBTB45+1	GOOD	FSM_45682		ZBTB45+1+pp4	AAGAGGAGTCGGAGATGGCG	AGCAGGTAGTCGCGTAGAGA	chr19:58514249-58519755				
ZBTB45+1	GOOD	FSM_45682		ZBTB45+1+pp5	AAGAGGAGTCGGAGATGGCG	GGCCCTGGTATGGAGAAAGG	chr19:58513899-58519755				
