target_id: C4orf48+1
region_5p: chr4:2042041-2042366
region_3p: chr4:2043862-2043922
strand: +
transcripts:
transcript: WTC11_consolidated/FSM_48428
coords: Feature(genome=chr4:2041996-2043963/+, trans=FSM_48428:0-422/+)
features:
[   ExonFeature(genome=Coords(name='chr4', start=2041996, end=2042068, strand='+', size=190214555), trans=Coords(name='FSM_48428', start=0, end=72, strand='+', size=422)),
    IntronFeature(genome=Coords(name='chr4', start=2042068, end=2042326, strand='+', size=190214555), trans=Coords(name='FSM_48428', start=72, end=72, strand='+', size=422)),
    ExonFeature(genome=Coords(name='chr4', start=2042326, end=2042484, strand='+', size=190214555), trans=Coords(name='FSM_48428', start=72, end=230, strand='+', size=422)),
    IntronFeature(genome=Coords(name='chr4', start=2042484, end=2042735, strand='+', size=190214555), trans=Coords(name='FSM_48428', start=230, end=230, strand='+', size=422)),
    ExonFeature(genome=Coords(name='chr4', start=2042735, end=2042824, strand='+', size=190214555), trans=Coords(name='FSM_48428', start=230, end=319, strand='+', size=422)),
    IntronFeature(genome=Coords(name='chr4', start=2042824, end=2043860, strand='+', size=190214555), trans=Coords(name='FSM_48428', start=319, end=319, strand='+', size=422)),
    ExonFeature(genome=Coords(name='chr4', start=2043860, end=2043963, strand='+', size=190214555), trans=Coords(name='FSM_48428', start=319, end=422, strand='+', size=422))]
rna: GCGCGTTGCGCGCCGGACGCGGAACGTCTGCCGGTGTCCCCGCGCTGCTGGTCCCGGGGTCCCTGAACCGCGGGCGGCCCCGCTCCCTCTGCTGGCCATGGCCCCCCCGCCCGCGTGCCGGTCCCCGATGTCACCGCCGCCGCCGCCGCTGCTGCTGCTGCTGCTGAGTCTGGCGCTGCTGGGCGCCCGGGCCCGCGCCGAGCCCGCCGGGAGTGCCGTCCCCGCGCAGAGCCGCCCATGCGTGGACTGCCACGCCTTCGAGTTCATGCAGCGCGCCCTGCAGGACCTGCGGAAGACAGCCTGCAGCCTGGACGCGCGGACGGAGACCCTACTGCTGCAGGCAGAGCGCCGTGCCCTGTGTGCCTGCTGGCCAGCGGGGCACTGAGGACCACGCTGCTCCGTGTGAATAAATGCCCAGTGGC
rna exons: GCGCGTTGCGCGCCGGACGCGGAACGTCTGCCGGTGTCCCCGCGCTGCTGGTCCCGGGGTCCCTGAACCGCG,GGCGGCCCCGCTCCCTCTGCTGGCCATGGCCCCCCCGCCCGCGTGCCGGTCCCCGATGTCACCGCCGCCGCCGCCGCTGCTGCTGCTGCTGCTGAGTCTGGCGCTGCTGGGCGCCCGGGCCCGCGCCGAGCCCGCCGGGAGTGCCGTCCCCGCGCAGA,GCCGCCCATGCGTGGACTGCCACGCCTTCGAGTTCATGCAGCGCGCCCTGCAGGACCTGCGGAAGACAGCCTGCAGCCTGGACGCGCGG,ACGGAGACCCTACTGCTGCAGGCAGAGCGCCGTGCCCTGTGTGCCTGCTGGCCAGCGGGGCACTGAGGACCACGCTGCTCCGTGTGAATAAATGCCCAGTGGC
region_5p: Feature(genome=chr4:2042041-2042366/+, trans=FSM_48428:45-112/+)
region_3p: Feature(genome=chr4:2043862-2043922/+, trans=FSM_48428:321-381/+)
rna_region_5p: TGCTGGTCCCGGGGTCCCTGAACCGCG,GGCGGCCCCGCTCCCTCTGCTGGCCATGGCCCCCCCGCCC
rna_region_3p: GGAGACCCTACTGCTGCAGGCAGAGCGCCGTGCCCTGTGTGCCTGCTGGCCAGCGGGGCA
features_5p:
[   ExonFeature(genome=Coords(name='chr4', start=2042041, end=2042068, strand='+', size=190214555), trans=Coords(name='FSM_48428', start=45, end=72, strand='+', size=422)),
    IntronFeature(genome=Coords(name='chr4', start=2042068, end=2042326, strand='+', size=190214555), trans=Coords(name='FSM_48428', start=72, end=72, strand='+', size=422)),
    ExonFeature(genome=Coords(name='chr4', start=2042326, end=2042366, strand='+', size=190214555), trans=Coords(name='FSM_48428', start=72, end=112, strand='+', size=422))]
features_3p:
[   ExonFeature(genome=Coords(name='chr4', start=2043862, end=2043922, strand='+', size=190214555), trans=Coords(name='FSM_48428', start=321, end=381, strand='+', size=422))]
annotated_amplicon: TGCTGGTCCCGGGGTCCCTGAACCGCGG-GCGGCCCCGCTCCCTCTGCTGGCCATGGCCCCCCCGCCC[GCGTGCCGGTCCCCGATGTCACCGCCGCCGCCGCCGCTGCTGCTGCTGCTGCTGAGTCTGGCGCTGCTGGGCGCCCGGGCCCGCGCCGAGCCCGCCGGGAGTGCCGTCCCCGCGCAGAGCCGCCCATGCGTGGACTGCCACGCCTTCGAGTTCATGCAGCGCGCCCTGCAGGACCTGCGGAAGACAGCCTGCAGCCTGGACGCGCGGAC]GGAGACCCTACTGCTGCAGGCAGAGCGCCGTGCCCTGTGTGCCTGCTGGCCAGCGGGGCA
>>> primer3_args <<<
global_args:
{   'PRIMER_TASK': 'generic',
    'PRIMER_FIRST_BASE_INDEX': 0,
    'PRIMER_PICK_LEFT_PRIMER': 1,
    'PRIMER_PICK_RIGHT_PRIMER': 1,
    'PRIMER_EXPLAIN_FLAG': 1,
    'PRIMER_MAX_SIZE': 22,
    'PRIMER_MIN_3_PRIME_OVERLAP_OF_JUNCTION': 8,
    'PRIMER_MIN_5_PRIME_OVERLAP_OF_JUNCTION': 8,
    'PRIMER_MIN_SIZE': 18,
    'PRIMER_OPT_SIZE': 20,
    'PRIMER_PICK_INTERNAL_OLIGO': 0,
    'PRIMER_PRODUCT_SIZE_RANGE': [[209, 336]]}
seq_args:
{   'SEQUENCE_ID': 'FSM_48428',
    'SEQUENCE_TEMPLATE': 'GCGCGTTGCGCGCCGGACGCGGAACGTCTGCCGGTGTCCCCGCGCTGCTGGTCCCGGGGTCCCTGAACCGCGGGCGGCCCCGCTCCCTCTGCTGGCCATGGCCCCCCCGCCCGCGTGCCGGTCCCCGATGTCACCGCCGCCGCCGCCGCTGCTGCTGCTGCTGCTGAGTCTGGCGCTGCTGGGCGCCCGGGCCCGCGCCGAGCCCGCCGGGAGTGCCGTCCCCGCGCAGAGCCGCCCATGCGTGGACTGCCACGCCTTCGAGTTCATGCAGCGCGCCCTGCAGGACCTGCGGAAGACAGCCTGCAGCCTGGACGCGCGGACGGAGACCCTACTGCTGCAGGCAGAGCGCCGTGCCCTGTGTGCCTGCTGGCCAGCGGGGCACTGAGGACCACGCTGCTCCGTGTGAATAAATGCCCAGTGGC',
    'SEQUENCE_PRIMER_PAIR_OK_REGION_LIST': [[45, 67, 321, 60]],
    'SEQUENCE_OVERLAP_JUNCTION_LIST': (73,)}

>>> Primer3Results: 0 results <<<

>>> PrimerDesigns 0 <<<
    target_id C4orf48+1
    tran_id WTC11_consolidated/FSM_48428

