target_id	transcript_id	design_status	position	browser	primer_id	left_primer	right_primer	pri	amplicon_len	amplicon_exons	left_delta_G	right_delta_G	on_target_trans	off_target_trans	on_target_genome	off_target_genome	amplicon
C4orf48+1	FSM_48428	NO_PRIMERS	chr4:2041996-2043963	=HYPERLINK("https://genome.ucsc.edu/cgi-bin/hgTracks?position=chr4%3A2041996-2043963&db=hg38&genome=hg38&hubUrl=http%3A//conesalab.org/LRGASP/LRGASP_hub/hub.txt&hubUrl=https%3A//hgwdev.gi.ucsc.edu/~markd/lrgasp/juju-hub/hub.txt", "chr4:2041996-2043963")													
