target_id	primer_id	pri	track	transcript_id	amplicon_coords	amplicon_len	amplicon_exons	amplicon
SNAI1+1	SNAI1+1_pp3	1	WTC11_consolidated	FSM_23673	FSM_23673:22-1027	1005	3	CGAGTGGTTCTTCTGCGCTACTGCTGCGCGAATCGGCGACCCCAGTGCCTCGACCACTATGCCGCGCTCTTTCCTCGTCAGGAAGCCCTCCGACCCCAATCGGAAGCCTAACTACAGCGAGCTGCAGGACTCTAATCCAGAGTTTACCTTCCAGCAGCCCTACGACCAGGCCCACCTGCTGGCAGCCATCCCACCTCCGGAGATCCTCAACCCCACCGCCTCGCTGCCAATGCTCATCTGGGACTCTGTCCTGGCGCCCCAAGCCCAGCCAATTGCCTGGGCCTCCCTTCGGCTCCAGGAGAGTCCCAGGGTGGCAGAGCTGACCTCCCTGTCAGATGAGGACAGTGGGAAAGGCTCCCAGCCCCCCAGCCCACCCTCACCGGCTCCTTCGTCCTTCTCCTCTACTTCAGTCTCTTCCTTGGAGGCCGAGGCCTATGCTGCCTTCCCAGGCTTGGGCCAAGTGCCCAAGCAGCTGGCCCAGCTCTCTGAGGCCAAGGATCTCCAGGCTCGAAAGGCCTTCAACTGCAAATACTGCAACAAGGAATACCTCAGCCTGGGTGCCCTCAAGATGCACATCCGAAGCCACACGCTGCCCTGCGTCTGCGGAACCTGCGGGAAGGCCTTCTCTAGGCCCTGGCTGCTACAAGGCCATGTCCGGACCCACACTGGCGAGAAGCCCTTCTCCTGTCCCCACTGCAGCCGTGCCTTCGCTGACCGCTCCAACCTGCGGGCCCACCTCCAGACCCACTCAGATGTCAAGAAGTACCAGTGCCAGGCGTGTGCTCGGACCTTCTCCCGAATGTCCCTGCTCCACAAGCACCAAGAGTCCGGCTGCTCAGGATGTCCCCGCTGACCCTCGAGGCTCCCTCTTCCTCTCCATACCTGCCCCTGCCTGACAGCCTTCCCCAGCTCCAGCAGGAAGGACCCCACATCCTTCTCACTGCCATGGAATTCCCTCCTGAGTGCCCCACTTCTGGCCACATCAGCCCCACAGGACTTTGATGA
SNAI1+1	SNAI1+1_pp4	2	WTC11_consolidated	FSM_23673	FSM_23673:22-1410	1388	3	CGAGTGGTTCTTCTGCGCTACTGCTGCGCGAATCGGCGACCCCAGTGCCTCGACCACTATGCCGCGCTCTTTCCTCGTCAGGAAGCCCTCCGACCCCAATCGGAAGCCTAACTACAGCGAGCTGCAGGACTCTAATCCAGAGTTTACCTTCCAGCAGCCCTACGACCAGGCCCACCTGCTGGCAGCCATCCCACCTCCGGAGATCCTCAACCCCACCGCCTCGCTGCCAATGCTCATCTGGGACTCTGTCCTGGCGCCCCAAGCCCAGCCAATTGCCTGGGCCTCCCTTCGGCTCCAGGAGAGTCCCAGGGTGGCAGAGCTGACCTCCCTGTCAGATGAGGACAGTGGGAAAGGCTCCCAGCCCCCCAGCCCACCCTCACCGGCTCCTTCGTCCTTCTCCTCTACTTCAGTCTCTTCCTTGGAGGCCGAGGCCTATGCTGCCTTCCCAGGCTTGGGCCAAGTGCCCAAGCAGCTGGCCCAGCTCTCTGAGGCCAAGGATCTCCAGGCTCGAAAGGCCTTCAACTGCAAATACTGCAACAAGGAATACCTCAGCCTGGGTGCCCTCAAGATGCACATCCGAAGCCACACGCTGCCCTGCGTCTGCGGAACCTGCGGGAAGGCCTTCTCTAGGCCCTGGCTGCTACAAGGCCATGTCCGGACCCACACTGGCGAGAAGCCCTTCTCCTGTCCCCACTGCAGCCGTGCCTTCGCTGACCGCTCCAACCTGCGGGCCCACCTCCAGACCCACTCAGATGTCAAGAAGTACCAGTGCCAGGCGTGTGCTCGGACCTTCTCCCGAATGTCCCTGCTCCACAAGCACCAAGAGTCCGGCTGCTCAGGATGTCCCCGCTGACCCTCGAGGCTCCCTCTTCCTCTCCATACCTGCCCCTGCCTGACAGCCTTCCCCAGCTCCAGCAGGAAGGACCCCACATCCTTCTCACTGCCATGGAATTCCCTCCTGAGTGCCCCACTTCTGGCCACATCAGCCCCACAGGACTTTGATGAAGACCATTTTCTGGTTCTGTGTCCTCTGCCTGGGCTCTGGAAGAGGCCTTCCCATGGCCATTTCTGTGGAGGGAGGGCAGCTGGCCCCCAGCCCTGGGGGATTCCTGAGCTGGCCTGTCTGCGTGGGTTTTTGTATCCAGAGCTGTTTGGATACAGCTGCTTTGAGCTACAGGACAAAGGCTGACAGACTCACTGGGAAGCTCCCACCCCACTCAGGGGACCCCACTCCCCTCACACACACCCCCCCACAAGGAACCCTCAGGCCACCCTCCACGAGGTGTGACTAACTATGCAATAATCCACCCCCAGGTGCAGCCCCAGGGCCTGCGGAGGCGGTGGCAGACTAGAGTCTGAGATGCCCCGAGCCCAGGCAGCTATTTCAG
SNAI1+1	SNAI1+1_pp2	3	WTC11_consolidated	FSM_23673	FSM_23673:22-1100	1078	3	CGAGTGGTTCTTCTGCGCTACTGCTGCGCGAATCGGCGACCCCAGTGCCTCGACCACTATGCCGCGCTCTTTCCTCGTCAGGAAGCCCTCCGACCCCAATCGGAAGCCTAACTACAGCGAGCTGCAGGACTCTAATCCAGAGTTTACCTTCCAGCAGCCCTACGACCAGGCCCACCTGCTGGCAGCCATCCCACCTCCGGAGATCCTCAACCCCACCGCCTCGCTGCCAATGCTCATCTGGGACTCTGTCCTGGCGCCCCAAGCCCAGCCAATTGCCTGGGCCTCCCTTCGGCTCCAGGAGAGTCCCAGGGTGGCAGAGCTGACCTCCCTGTCAGATGAGGACAGTGGGAAAGGCTCCCAGCCCCCCAGCCCACCCTCACCGGCTCCTTCGTCCTTCTCCTCTACTTCAGTCTCTTCCTTGGAGGCCGAGGCCTATGCTGCCTTCCCAGGCTTGGGCCAAGTGCCCAAGCAGCTGGCCCAGCTCTCTGAGGCCAAGGATCTCCAGGCTCGAAAGGCCTTCAACTGCAAATACTGCAACAAGGAATACCTCAGCCTGGGTGCCCTCAAGATGCACATCCGAAGCCACACGCTGCCCTGCGTCTGCGGAACCTGCGGGAAGGCCTTCTCTAGGCCCTGGCTGCTACAAGGCCATGTCCGGACCCACACTGGCGAGAAGCCCTTCTCCTGTCCCCACTGCAGCCGTGCCTTCGCTGACCGCTCCAACCTGCGGGCCCACCTCCAGACCCACTCAGATGTCAAGAAGTACCAGTGCCAGGCGTGTGCTCGGACCTTCTCCCGAATGTCCCTGCTCCACAAGCACCAAGAGTCCGGCTGCTCAGGATGTCCCCGCTGACCCTCGAGGCTCCCTCTTCCTCTCCATACCTGCCCCTGCCTGACAGCCTTCCCCAGCTCCAGCAGGAAGGACCCCACATCCTTCTCACTGCCATGGAATTCCCTCCTGAGTGCCCCACTTCTGGCCACATCAGCCCCACAGGACTTTGATGAAGACCATTTTCTGGTTCTGTGTCCTCTGCCTGGGCTCTGGAAGAGGCCTTCCCATGGCCATTTCTGTGGAGGG
SNAI1+1	SNAI1+1_pp1	4	WTC11_consolidated	FSM_23673	FSM_23673:22-1160	1138	3	CGAGTGGTTCTTCTGCGCTACTGCTGCGCGAATCGGCGACCCCAGTGCCTCGACCACTATGCCGCGCTCTTTCCTCGTCAGGAAGCCCTCCGACCCCAATCGGAAGCCTAACTACAGCGAGCTGCAGGACTCTAATCCAGAGTTTACCTTCCAGCAGCCCTACGACCAGGCCCACCTGCTGGCAGCCATCCCACCTCCGGAGATCCTCAACCCCACCGCCTCGCTGCCAATGCTCATCTGGGACTCTGTCCTGGCGCCCCAAGCCCAGCCAATTGCCTGGGCCTCCCTTCGGCTCCAGGAGAGTCCCAGGGTGGCAGAGCTGACCTCCCTGTCAGATGAGGACAGTGGGAAAGGCTCCCAGCCCCCCAGCCCACCCTCACCGGCTCCTTCGTCCTTCTCCTCTACTTCAGTCTCTTCCTTGGAGGCCGAGGCCTATGCTGCCTTCCCAGGCTTGGGCCAAGTGCCCAAGCAGCTGGCCCAGCTCTCTGAGGCCAAGGATCTCCAGGCTCGAAAGGCCTTCAACTGCAAATACTGCAACAAGGAATACCTCAGCCTGGGTGCCCTCAAGATGCACATCCGAAGCCACACGCTGCCCTGCGTCTGCGGAACCTGCGGGAAGGCCTTCTCTAGGCCCTGGCTGCTACAAGGCCATGTCCGGACCCACACTGGCGAGAAGCCCTTCTCCTGTCCCCACTGCAGCCGTGCCTTCGCTGACCGCTCCAACCTGCGGGCCCACCTCCAGACCCACTCAGATGTCAAGAAGTACCAGTGCCAGGCGTGTGCTCGGACCTTCTCCCGAATGTCCCTGCTCCACAAGCACCAAGAGTCCGGCTGCTCAGGATGTCCCCGCTGACCCTCGAGGCTCCCTCTTCCTCTCCATACCTGCCCCTGCCTGACAGCCTTCCCCAGCTCCAGCAGGAAGGACCCCACATCCTTCTCACTGCCATGGAATTCCCTCCTGAGTGCCCCACTTCTGGCCACATCAGCCCCACAGGACTTTGATGAAGACCATTTTCTGGTTCTGTGTCCTCTGCCTGGGCTCTGGAAGAGGCCTTCCCATGGCCATTTCTGTGGAGGGAGGGCAGCTGGCCCCCAGCCCTGGGGGATTCCTGAGCTGGCCTGTCTGCGTGGGTTTTTG
SNAI1+1	SNAI1+1_pp5	5	WTC11_consolidated	FSM_23673	FSM_23673:22-989	967	3	CGAGTGGTTCTTCTGCGCTACTGCTGCGCGAATCGGCGACCCCAGTGCCTCGACCACTATGCCGCGCTCTTTCCTCGTCAGGAAGCCCTCCGACCCCAATCGGAAGCCTAACTACAGCGAGCTGCAGGACTCTAATCCAGAGTTTACCTTCCAGCAGCCCTACGACCAGGCCCACCTGCTGGCAGCCATCCCACCTCCGGAGATCCTCAACCCCACCGCCTCGCTGCCAATGCTCATCTGGGACTCTGTCCTGGCGCCCCAAGCCCAGCCAATTGCCTGGGCCTCCCTTCGGCTCCAGGAGAGTCCCAGGGTGGCAGAGCTGACCTCCCTGTCAGATGAGGACAGTGGGAAAGGCTCCCAGCCCCCCAGCCCACCCTCACCGGCTCCTTCGTCCTTCTCCTCTACTTCAGTCTCTTCCTTGGAGGCCGAGGCCTATGCTGCCTTCCCAGGCTTGGGCCAAGTGCCCAAGCAGCTGGCCCAGCTCTCTGAGGCCAAGGATCTCCAGGCTCGAAAGGCCTTCAACTGCAAATACTGCAACAAGGAATACCTCAGCCTGGGTGCCCTCAAGATGCACATCCGAAGCCACACGCTGCCCTGCGTCTGCGGAACCTGCGGGAAGGCCTTCTCTAGGCCCTGGCTGCTACAAGGCCATGTCCGGACCCACACTGGCGAGAAGCCCTTCTCCTGTCCCCACTGCAGCCGTGCCTTCGCTGACCGCTCCAACCTGCGGGCCCACCTCCAGACCCACTCAGATGTCAAGAAGTACCAGTGCCAGGCGTGTGCTCGGACCTTCTCCCGAATGTCCCTGCTCCACAAGCACCAAGAGTCCGGCTGCTCAGGATGTCCCCGCTGACCCTCGAGGCTCCCTCTTCCTCTCCATACCTGCCCCTGCCTGACAGCCTTCCCCAGCTCCAGCAGGAAGGACCCCACATCCTTCTCACTGCCATGGAATTCCCTCCTGAGTGCC
