target_id: SNAI1+1
region_5p: chr20:49983001-49983051
region_3p: chr20:49987886-49988699
strand: +
transcripts:
transcript: WTC11_consolidated FSM_23673
coords: Feature(genome=chr20:49982979-49988884/+, trans=FSM_23673:0-1703/+)
region_5p: Feature(genome=chr20:49983001-49983051/+, trans=FSM_23673:22-72/+)
region_3p: Feature(genome=chr20:49987886-49988699/+, trans=FSM_23673:705-1518/+)
features_5p:
[   ExonFeature(genome=Coords(name='chr20', start=49983001, end=49983051, strand='+', size=64444167), trans=Coords(name='FSM_23673', start=22, end=72, strand='+', size=1703))]
features_3p:
[   ExonFeature(genome=Coords(name='chr20', start=49987886, end=49988699, strand='+', size=64444167), trans=Coords(name='FSM_23673', start=705, end=1518, strand='+', size=1703))]
features:
[   ExonFeature(genome=Coords(name='chr20', start=49982979, end=49983141, strand='+', size=64444167), trans=Coords(name='FSM_23673', start=0, end=162, strand='+', size=1703)),
    IntronFeature(genome=Coords(name='chr20', start=49983141, end=49983823, strand='+', size=64444167), trans=Coords(name='FSM_23673', start=162, end=162, strand='+', size=1703)),
    ExonFeature(genome=Coords(name='chr20', start=49983823, end=49984351, strand='+', size=64444167), trans=Coords(name='FSM_23673', start=162, end=690, strand='+', size=1703)),
    IntronFeature(genome=Coords(name='chr20', start=49984351, end=49987871, strand='+', size=64444167), trans=Coords(name='FSM_23673', start=690, end=690, strand='+', size=1703)),
    ExonFeature(genome=Coords(name='chr20', start=49987871, end=49988884, strand='+', size=64444167), trans=Coords(name='FSM_23673', start=690, end=1703, strand='+', size=1703))]
rna: ATTGCGCCGCGGCACGGCCTAGCGAGTGGTTCTTCTGCGCTACTGCTGCGCGAATCGGCGACCCCAGTGCCTCGACCACTATGCCGCGCTCTTTCCTCGTCAGGAAGCCCTCCGACCCCAATCGGAAGCCTAACTACAGCGAGCTGCAGGACTCTAATCCAGAGTTTACCTTCCAGCAGCCCTACGACCAGGCCCACCTGCTGGCAGCCATCCCACCTCCGGAGATCCTCAACCCCACCGCCTCGCTGCCAATGCTCATCTGGGACTCTGTCCTGGCGCCCCAAGCCCAGCCAATTGCCTGGGCCTCCCTTCGGCTCCAGGAGAGTCCCAGGGTGGCAGAGCTGACCTCCCTGTCAGATGAGGACAGTGGGAAAGGCTCCCAGCCCCCCAGCCCACCCTCACCGGCTCCTTCGTCCTTCTCCTCTACTTCAGTCTCTTCCTTGGAGGCCGAGGCCTATGCTGCCTTCCCAGGCTTGGGCCAAGTGCCCAAGCAGCTGGCCCAGCTCTCTGAGGCCAAGGATCTCCAGGCTCGAAAGGCCTTCAACTGCAAATACTGCAACAAGGAATACCTCAGCCTGGGTGCCCTCAAGATGCACATCCGAAGCCACACGCTGCCCTGCGTCTGCGGAACCTGCGGGAAGGCCTTCTCTAGGCCCTGGCTGCTACAAGGCCATGTCCGGACCCACACTGGCGAGAAGCCCTTCTCCTGTCCCCACTGCAGCCGTGCCTTCGCTGACCGCTCCAACCTGCGGGCCCACCTCCAGACCCACTCAGATGTCAAGAAGTACCAGTGCCAGGCGTGTGCTCGGACCTTCTCCCGAATGTCCCTGCTCCACAAGCACCAAGAGTCCGGCTGCTCAGGATGTCCCCGCTGACCCTCGAGGCTCCCTCTTCCTCTCCATACCTGCCCCTGCCTGACAGCCTTCCCCAGCTCCAGCAGGAAGGACCCCACATCCTTCTCACTGCCATGGAATTCCCTCCTGAGTGCCCCACTTCTGGCCACATCAGCCCCACAGGACTTTGATGAAGACCATTTTCTGGTTCTGTGTCCTCTGCCTGGGCTCTGGAAGAGGCCTTCCCATGGCCATTTCTGTGGAGGGAGGGCAGCTGGCCCCCAGCCCTGGGGGATTCCTGAGCTGGCCTGTCTGCGTGGGTTTTTGTATCCAGAGCTGTTTGGATACAGCTGCTTTGAGCTACAGGACAAAGGCTGACAGACTCACTGGGAAGCTCCCACCCCACTCAGGGGACCCCACTCCCCTCACACACACCCCCCCACAAGGAACCCTCAGGCCACCCTCCACGAGGTGTGACTAACTATGCAATAATCCACCCCCAGGTGCAGCCCCAGGGCCTGCGGAGGCGGTGGCAGACTAGAGTCTGAGATGCCCCGAGCCCAGGCAGCTATTTCAGCCTCCTGTTTGGTGGGGTGGCACCTGTTTCCCGGGCAATTTAACAATGTCTGAAAAGGGACTGTGAGTAATGGCTGTCACTTGTCGGGGGCCCAAGTGGGGTGCTCTGGTCTGACCGATGTGTCTCCCAGAACTATTCTGGGGGCCCGACAGGTGGGCCTGGGAGGAAGATGTTTACATTTTTAAAGGTACACTGGTATTTATATTTCAAACATTTTGTATCAAGGAAACGTTTTGTATAGTTATATGTACAGTTTATTGATATTCAATAAAGCAGTTAATTTATATATTAAA
annotated_rna: ATTGCGCCGCGGCACGGCCTAGCGAGTGGTTCTTCTGCGCTACTGCTGCGCGAATCGGCGACCCCAGTGCCT[CGACCACTATGCCGCGCTCTTTCCTCGTCAGGAAGCCCTCCGACCCCAATCGGAAGCCTAACTACAGCGAGCTGCAGGACTCTAATCCAGAGTTTACCTTCCAGCAGCCCTACGACCAGGCCCACCTGCTGGCAGCCATCCCACCTCCGGAGATCCTCAACCCCACCGCCTCGCTGCCAATGCTCATCTGGGACTCTGTCCTGGCGCCCCAAGCCCAGCCAATTGCCTGGGCCTCCCTTCGGCTCCAGGAGAGTCCCAGGGTGGCAGAGCTGACCTCCCTGTCAGATGAGGACAGTGGGAAAGGCTCCCAGCCCCCCAGCCCACCCTCACCGGCTCCTTCGTCCTTCTCCTCTACTTCAGTCTCTTCCTTGGAGGCCGAGGCCTATGCTGCCTTCCCAGGCTTGGGCCAAGTGCCCAAGCAGCTGGCCCAGCTCTCTGAGGCCAAGGATCTCCAGGCTCGAAAGGCCTTCAACTGCAAATACTGCAACAAGGAATACCTCAGCCTGGGTGCCCTCAAGATGCACATCCGAAGCCACACGCTGCCCTGCGTCTGCGGAACCTGCGGGAAGGCCTTCTCTAGGCCCTGGCTGCTACAAGGCCATGTCCGGACCCACACTGGCGAGAAGCCCTTCT]CCTGTCCCCACTGCAGCCGTGCCTTCGCTGACCGCTCCAACCTGCGGGCCCACCTCCAGACCCACTCAGATGTCAAGAAGTACCAGTGCCAGGCGTGTGCTCGGACCTTCTCCCGAATGTCCCTGCTCCACAAGCACCAAGAGTCCGGCTGCTCAGGATGTCCCCGCTGACCCTCGAGGCTCCCTCTTCCTCTCCATACCTGCCCCTGCCTGACAGCCTTCCCCAGCTCCAGCAGGAAGGACCCCACATCCTTCTCACTGCCATGGAATTCCCTCCTGAGTGCCCCACTTCTGGCCACATCAGCCCCACAGGACTTTGATGAAGACCATTTTCTGGTTCTGTGTCCTCTGCCTGGGCTCTGGAAGAGGCCTTCCCATGGCCATTTCTGTGGAGGGAGGGCAGCTGGCCCCCAGCCCTGGGGGATTCCTGAGCTGGCCTGTCTGCGTGGGTTTTTGTATCCAGAGCTGTTTGGATACAGCTGCTTTGAGCTACAGGACAAAGGCTGACAGACTCACTGGGAAGCTCCCACCCCACTCAGGGGACCCCACTCCCCTCACACACACCCCCCCACAAGGAACCCTCAGGCCACCCTCCACGAGGTGTGACTAACTATGCAATAATCCACCCCCAGGTGCAGCCCCAGGGCCTGCGGAGGCGGTGGCAGACTAGAGTCTGAGATGCCCCGAGCCCAGGCAGCTATTTCAGCCTCCTGTTTGGTGGGGTGGCACCTGTTTCCCGGGCAATTTAACAATGTCTGAAAAGGGACTGTGAGTAATGGCTGTCACTTGTCGGGGGCCCAAGTGGGGTGCTCTGGTCTGACCGATGTGTCTCCCAGAACTATTCTGGGGGCCCGACAGGTGGGCCTGGGAGGAAGATGTTTACATTTTTAAAGGTACACTGGTATTTATATTTCAAACATTTTGTATCAAGGAAACGTTTTGTATAGTTATATGTACAGTTTATTGATATTCAATAAAGCAGTTAATTTATATATTAAA
>>> primer3_args <<<
global_args:
{   'PRIMER_TASK': 'generic',
    'PRIMER_FIRST_BASE_INDEX': 0,
    'PRIMER_PICK_LEFT_PRIMER': 1,
    'PRIMER_PICK_INTERNAL_OLIGO': 0,
    'PRIMER_PICK_RIGHT_PRIMER': 1,
    'PRIMER_OPT_SIZE': 20,
    'PRIMER_MIN_SIZE': 18,
    'PRIMER_MAX_SIZE': 22,
    'PRIMER_EXPLAIN_FLAG': 1}
seq_args:
{   'SEQUENCE_ID': 'FSM_23673',
    'SEQUENCE_TEMPLATE': 'ATTGCGCCGCGGCACGGCCTAGCGAGTGGTTCTTCTGCGCTACTGCTGCGCGAATCGGCGACCCCAGTGCCTCGACCACTATGCCGCGCTCTTTCCTCGTCAGGAAGCCCTCCGACCCCAATCGGAAGCCTAACTACAGCGAGCTGCAGGACTCTAATCCAGAGTTTACCTTCCAGCAGCCCTACGACCAGGCCCACCTGCTGGCAGCCATCCCACCTCCGGAGATCCTCAACCCCACCGCCTCGCTGCCAATGCTCATCTGGGACTCTGTCCTGGCGCCCCAAGCCCAGCCAATTGCCTGGGCCTCCCTTCGGCTCCAGGAGAGTCCCAGGGTGGCAGAGCTGACCTCCCTGTCAGATGAGGACAGTGGGAAAGGCTCCCAGCCCCCCAGCCCACCCTCACCGGCTCCTTCGTCCTTCTCCTCTACTTCAGTCTCTTCCTTGGAGGCCGAGGCCTATGCTGCCTTCCCAGGCTTGGGCCAAGTGCCCAAGCAGCTGGCCCAGCTCTCTGAGGCCAAGGATCTCCAGGCTCGAAAGGCCTTCAACTGCAAATACTGCAACAAGGAATACCTCAGCCTGGGTGCCCTCAAGATGCACATCCGAAGCCACACGCTGCCCTGCGTCTGCGGAACCTGCGGGAAGGCCTTCTCTAGGCCCTGGCTGCTACAAGGCCATGTCCGGACCCACACTGGCGAGAAGCCCTTCTCCTGTCCCCACTGCAGCCGTGCCTTCGCTGACCGCTCCAACCTGCGGGCCCACCTCCAGACCCACTCAGATGTCAAGAAGTACCAGTGCCAGGCGTGTGCTCGGACCTTCTCCCGAATGTCCCTGCTCCACAAGCACCAAGAGTCCGGCTGCTCAGGATGTCCCCGCTGACCCTCGAGGCTCCCTCTTCCTCTCCATACCTGCCCCTGCCTGACAGCCTTCCCCAGCTCCAGCAGGAAGGACCCCACATCCTTCTCACTGCCATGGAATTCCCTCCTGAGTGCCCCACTTCTGGCCACATCAGCCCCACAGGACTTTGATGAAGACCATTTTCTGGTTCTGTGTCCTCTGCCTGGGCTCTGGAAGAGGCCTTCCCATGGCCATTTCTGTGGAGGGAGGGCAGCTGGCCCCCAGCCCTGGGGGATTCCTGAGCTGGCCTGTCTGCGTGGGTTTTTGTATCCAGAGCTGTTTGGATACAGCTGCTTTGAGCTACAGGACAAAGGCTGACAGACTCACTGGGAAGCTCCCACCCCACTCAGGGGACCCCACTCCCCTCACACACACCCCCCCACAAGGAACCCTCAGGCCACCCTCCACGAGGTGTGACTAACTATGCAATAATCCACCCCCAGGTGCAGCCCCAGGGCCTGCGGAGGCGGTGGCAGACTAGAGTCTGAGATGCCCCGAGCCCAGGCAGCTATTTCAGCCTCCTGTTTGGTGGGGTGGCACCTGTTTCCCGGGCAATTTAACAATGTCTGAAAAGGGACTGTGAGTAATGGCTGTCACTTGTCGGGGGCCCAAGTGGGGTGCTCTGGTCTGACCGATGTGTCTCCCAGAACTATTCTGGGGGCCCGACAGGTGGGCCTGGGAGGAAGATGTTTACATTTTTAAAGGTACACTGGTATTTATATTTCAAACATTTTGTATCAAGGAAACGTTTTGTATAGTTATATGTACAGTTTATTGATATTCAATAAAGCAGTTAATTTATATATTAAA',
    'SEQUENCE_PRIMER_PAIR_OK_REGION_LIST': [[22, 50, 705, 813]],
    'PRIMER_MUST_MATCH_FIVE_PRIME': 'SS',
    'SEQUENCE_OVERLAP_JUNCTION_LIST': ()}

>>> Primer3Results: 5 results <<<
Primer3Pair 0:
{   'result_num': 0,
    'PRIMER_PAIR_PENALTY': 0.13991074245546997,
    'PRIMER_LEFT_PENALTY': 0.10927231352337685,
    'PRIMER_RIGHT_PENALTY': 0.03063842893209312,
    'PRIMER_LEFT_SEQUENCE': 'CGAGTGGTTCTTCTGCGCTA',
    'PRIMER_RIGHT_SEQUENCE': 'CAAAAACCCACGCAGACAGG',
    'PRIMER_LEFT': (22, 20),
    'PRIMER_RIGHT': (1159, 20),
    'PRIMER_LEFT_TM': 60.10927231352338,
    'PRIMER_RIGHT_TM': 59.96936157106791,
    'PRIMER_LEFT_GC_PERCENT': 55.0,
    'PRIMER_RIGHT_GC_PERCENT': 55.0,
    'PRIMER_LEFT_SELF_ANY_TH': 9.732052967213463,
    'PRIMER_RIGHT_SELF_ANY_TH': 0.0,
    'PRIMER_LEFT_SELF_END_TH': 0.0,
    'PRIMER_RIGHT_SELF_END_TH': 0.0,
    'PRIMER_LEFT_HAIRPIN_TH': 0.0,
    'PRIMER_RIGHT_HAIRPIN_TH': 0.0,
    'PRIMER_LEFT_END_STABILITY': 4.26,
    'PRIMER_RIGHT_END_STABILITY': 4.0,
    'PRIMER_PAIR_COMPL_ANY_TH': 12.498152433966595,
    'PRIMER_PAIR_COMPL_END_TH': 5.033689592343535,
    'PRIMER_PAIR_PRODUCT_SIZE': 1138}
Primer3Pair 1:
{   'result_num': 1,
    'PRIMER_PAIR_PENALTY': 0.14208529009181348,
    'PRIMER_LEFT_PENALTY': 0.10927231352337685,
    'PRIMER_RIGHT_PENALTY': 0.032812976568436625,
    'PRIMER_LEFT_SEQUENCE': 'CGAGTGGTTCTTCTGCGCTA',
    'PRIMER_RIGHT_SEQUENCE': 'CCCTCCACAGAAATGGCCAT',
    'PRIMER_LEFT': (22, 20),
    'PRIMER_RIGHT': (1099, 20),
    'PRIMER_LEFT_TM': 60.10927231352338,
    'PRIMER_RIGHT_TM': 60.03281297656844,
    'PRIMER_LEFT_GC_PERCENT': 55.0,
    'PRIMER_RIGHT_GC_PERCENT': 55.0,
    'PRIMER_LEFT_SELF_ANY_TH': 9.732052967213463,
    'PRIMER_RIGHT_SELF_ANY_TH': 14.090591711003981,
    'PRIMER_LEFT_SELF_END_TH': 0.0,
    'PRIMER_RIGHT_SELF_END_TH': 14.090591711003981,
    'PRIMER_LEFT_HAIRPIN_TH': 0.0,
    'PRIMER_RIGHT_HAIRPIN_TH': 39.850380569408856,
    'PRIMER_LEFT_END_STABILITY': 4.26,
    'PRIMER_RIGHT_END_STABILITY': 4.4,
    'PRIMER_PAIR_COMPL_ANY_TH': 0.0,
    'PRIMER_PAIR_COMPL_END_TH': 0.0,
    'PRIMER_PAIR_PRODUCT_SIZE': 1078}
Primer3Pair 2:
{   'result_num': 2,
    'PRIMER_PAIR_PENALTY': 0.14743798968356714,
    'PRIMER_LEFT_PENALTY': 0.10927231352337685,
    'PRIMER_RIGHT_PENALTY': 0.03816567616019029,
    'PRIMER_LEFT_SEQUENCE': 'CGAGTGGTTCTTCTGCGCTA',
    'PRIMER_RIGHT_SEQUENCE': 'TCATCAAAGTCCTGTGGGGC',
    'PRIMER_LEFT': (22, 20),
    'PRIMER_RIGHT': (1026, 20),
    'PRIMER_LEFT_TM': 60.10927231352338,
    'PRIMER_RIGHT_TM': 59.96183432383981,
    'PRIMER_LEFT_GC_PERCENT': 55.0,
    'PRIMER_RIGHT_GC_PERCENT': 55.0,
    'PRIMER_LEFT_SELF_ANY_TH': 9.732052967213463,
    'PRIMER_RIGHT_SELF_ANY_TH': 0.0,
    'PRIMER_LEFT_SELF_END_TH': 0.0,
    'PRIMER_RIGHT_SELF_END_TH': 0.0,
    'PRIMER_LEFT_HAIRPIN_TH': 0.0,
    'PRIMER_RIGHT_HAIRPIN_TH': 37.52011989402564,
    'PRIMER_LEFT_END_STABILITY': 4.26,
    'PRIMER_RIGHT_END_STABILITY': 5.8,
    'PRIMER_PAIR_COMPL_ANY_TH': 0.0,
    'PRIMER_PAIR_COMPL_END_TH': 0.0,
    'PRIMER_PAIR_PRODUCT_SIZE': 1005}
Primer3Pair 3:
{   'result_num': 3,
    'PRIMER_PAIR_PENALTY': 0.21609092659434737,
    'PRIMER_LEFT_PENALTY': 0.10927231352337685,
    'PRIMER_RIGHT_PENALTY': 0.10681861307097051,
    'PRIMER_LEFT_SEQUENCE': 'CGAGTGGTTCTTCTGCGCTA',
    'PRIMER_RIGHT_SEQUENCE': 'CTGAAATAGCTGCCTGGGCT',
    'PRIMER_LEFT': (22, 20),
    'PRIMER_RIGHT': (1409, 20),
    'PRIMER_LEFT_TM': 60.10927231352338,
    'PRIMER_RIGHT_TM': 60.10681861307097,
    'PRIMER_LEFT_GC_PERCENT': 55.0,
    'PRIMER_RIGHT_GC_PERCENT': 55.0,
    'PRIMER_LEFT_SELF_ANY_TH': 9.732052967213463,
    'PRIMER_RIGHT_SELF_ANY_TH': 13.051071210049201,
    'PRIMER_LEFT_SELF_END_TH': 0.0,
    'PRIMER_RIGHT_SELF_END_TH': 4.923829925995506,
    'PRIMER_LEFT_HAIRPIN_TH': 0.0,
    'PRIMER_RIGHT_HAIRPIN_TH': 42.51327592823037,
    'PRIMER_LEFT_END_STABILITY': 4.26,
    'PRIMER_RIGHT_END_STABILITY': 5.19,
    'PRIMER_PAIR_COMPL_ANY_TH': 0.0,
    'PRIMER_PAIR_COMPL_END_TH': 0.0,
    'PRIMER_PAIR_PRODUCT_SIZE': 1388}
Primer3Pair 4:
{   'result_num': 4,
    'PRIMER_PAIR_PENALTY': 0.2162397538140226,
    'PRIMER_LEFT_PENALTY': 0.10927231352337685,
    'PRIMER_RIGHT_PENALTY': 0.10696744029064575,
    'PRIMER_LEFT_SEQUENCE': 'CGAGTGGTTCTTCTGCGCTA',
    'PRIMER_RIGHT_SEQUENCE': 'GGCACTCAGGAGGGAATTCC',
    'PRIMER_LEFT': (22, 20),
    'PRIMER_RIGHT': (988, 20),
    'PRIMER_LEFT_TM': 60.10927231352338,
    'PRIMER_RIGHT_TM': 60.106967440290646,
    'PRIMER_LEFT_GC_PERCENT': 55.0,
    'PRIMER_RIGHT_GC_PERCENT': 60.0,
    'PRIMER_LEFT_SELF_ANY_TH': 9.732052967213463,
    'PRIMER_RIGHT_SELF_ANY_TH': 16.742750373793513,
    'PRIMER_LEFT_SELF_END_TH': 0.0,
    'PRIMER_RIGHT_SELF_END_TH': 16.742750373793513,
    'PRIMER_LEFT_HAIRPIN_TH': 0.0,
    'PRIMER_RIGHT_HAIRPIN_TH': 37.519028814473245,
    'PRIMER_LEFT_END_STABILITY': 4.26,
    'PRIMER_RIGHT_END_STABILITY': 3.01,
    'PRIMER_PAIR_COMPL_ANY_TH': 3.6372424706756306,
    'PRIMER_PAIR_COMPL_END_TH': 0.0,
    'PRIMER_PAIR_PRODUCT_SIZE': 967}

>>> PrimerDesigns 5 <<<
    target_id SNAI1+1
    tran_id WTC11_consolidated FSM_23673
>>> PrimerDesign <<<
    ppair_id SNAI1+1+pp1
    features_5p [ExonFeature(genome=Coords(name='chr20', start=49983000, end=49983020, strand='+', size=64444167), trans=Coords(name='FSM_23673', start=21, end=41, strand='+', size=1703))]
    features_3p [ExonFeature(genome=Coords(name='chr20', start=49988339, end=49988359, strand='+', size=64444167), trans=Coords(name='FSM_23673', start=1158, end=1178, strand='+', size=1703))]
    amplicon_trans_coords FSM_23673:21-1178
    amplicon_length 1157
    PRIMER_LEFT (22, 20)
    PRIMER_RIGHT (1159, 20)
    PRIMER_LEFT_SEQUENCE CGAGTGGTTCTTCTGCGCTA
    PRIMER_RIGHT_SEQUENCE CAAAAACCCACGCAGACAGG
    PRIMER_PAIR_PRODUCT_SIZE 1138
    genome_on_targets [GenomeHit(left=chr20:49983001-49983021,right=chr20:49988321-49988341)
    ]
    genome_off_targets [
    ]
    genome_non_targets [
    ]
    transcriptome_on_targets [TranscriptomeHit(left=[ExonFeature(genome=chr20:49983001-49983021/+, trans=ENST00000244050.3__SNAI1:22-42/+)
    ],right=[ExonFeature(genome=chr20:49988321-49988341/+, trans=ENST00000244050.3__SNAI1:1140-1160/+)
    ])
    ]
    transcriptome_off_targets [
    ]
    transcriptome_non_targets [
    ]
>>> PrimerDesign <<<
    ppair_id SNAI1+1+pp2
    features_5p [ExonFeature(genome=Coords(name='chr20', start=49983000, end=49983020, strand='+', size=64444167), trans=Coords(name='FSM_23673', start=21, end=41, strand='+', size=1703))]
    features_3p [ExonFeature(genome=Coords(name='chr20', start=49988279, end=49988299, strand='+', size=64444167), trans=Coords(name='FSM_23673', start=1098, end=1118, strand='+', size=1703))]
    amplicon_trans_coords FSM_23673:21-1118
    amplicon_length 1097
    PRIMER_LEFT (22, 20)
    PRIMER_RIGHT (1099, 20)
    PRIMER_LEFT_SEQUENCE CGAGTGGTTCTTCTGCGCTA
    PRIMER_RIGHT_SEQUENCE CCCTCCACAGAAATGGCCAT
    PRIMER_PAIR_PRODUCT_SIZE 1078
    genome_on_targets [GenomeHit(left=chr20:49983001-49983021,right=chr20:49988261-49988281)
    ]
    genome_off_targets [
    ]
    genome_non_targets [
    ]
    transcriptome_on_targets [TranscriptomeHit(left=[ExonFeature(genome=chr20:49983001-49983021/+, trans=ENST00000244050.3__SNAI1:22-42/+)
    ],right=[ExonFeature(genome=chr20:49988261-49988281/+, trans=ENST00000244050.3__SNAI1:1080-1100/+)
    ])
    ]
    transcriptome_off_targets [
    ]
    transcriptome_non_targets [
    ]
>>> PrimerDesign <<<
    ppair_id SNAI1+1+pp3
    features_5p [ExonFeature(genome=Coords(name='chr20', start=49983000, end=49983020, strand='+', size=64444167), trans=Coords(name='FSM_23673', start=21, end=41, strand='+', size=1703))]
    features_3p [ExonFeature(genome=Coords(name='chr20', start=49988206, end=49988226, strand='+', size=64444167), trans=Coords(name='FSM_23673', start=1025, end=1045, strand='+', size=1703))]
    amplicon_trans_coords FSM_23673:21-1045
    amplicon_length 1024
    PRIMER_LEFT (22, 20)
    PRIMER_RIGHT (1026, 20)
    PRIMER_LEFT_SEQUENCE CGAGTGGTTCTTCTGCGCTA
    PRIMER_RIGHT_SEQUENCE TCATCAAAGTCCTGTGGGGC
    PRIMER_PAIR_PRODUCT_SIZE 1005
    genome_on_targets [GenomeHit(left=chr20:49983001-49983021,right=chr20:49988188-49988208)
    ]
    genome_off_targets [
    ]
    genome_non_targets [
    ]
    transcriptome_on_targets [TranscriptomeHit(left=[ExonFeature(genome=chr20:49983001-49983021/+, trans=ENST00000244050.3__SNAI1:22-42/+)
    ],right=[ExonFeature(genome=chr20:49988188-49988208/+, trans=ENST00000244050.3__SNAI1:1007-1027/+)
    ])
    ]
    transcriptome_off_targets [
    ]
    transcriptome_non_targets [
    ]
>>> PrimerDesign <<<
    ppair_id SNAI1+1+pp4
    features_5p [ExonFeature(genome=Coords(name='chr20', start=49983000, end=49983020, strand='+', size=64444167), trans=Coords(name='FSM_23673', start=21, end=41, strand='+', size=1703))]
    features_3p [ExonFeature(genome=Coords(name='chr20', start=49988589, end=49988609, strand='+', size=64444167), trans=Coords(name='FSM_23673', start=1408, end=1428, strand='+', size=1703))]
    amplicon_trans_coords FSM_23673:21-1428
    amplicon_length 1407
    PRIMER_LEFT (22, 20)
    PRIMER_RIGHT (1409, 20)
    PRIMER_LEFT_SEQUENCE CGAGTGGTTCTTCTGCGCTA
    PRIMER_RIGHT_SEQUENCE CTGAAATAGCTGCCTGGGCT
    PRIMER_PAIR_PRODUCT_SIZE 1388
    genome_on_targets [GenomeHit(left=chr20:49983001-49983021,right=chr20:49988571-49988591)
    ]
    genome_off_targets [
    ]
    genome_non_targets [
    ]
    transcriptome_on_targets [TranscriptomeHit(left=[ExonFeature(genome=chr20:49983001-49983021/+, trans=ENST00000244050.3__SNAI1:22-42/+)
    ],right=[ExonFeature(genome=chr20:49988571-49988591/+, trans=ENST00000244050.3__SNAI1:1390-1410/+)
    ])
    ]
    transcriptome_off_targets [
    ]
    transcriptome_non_targets [
    ]
>>> PrimerDesign <<<
    ppair_id SNAI1+1+pp5
    features_5p [ExonFeature(genome=Coords(name='chr20', start=49983000, end=49983020, strand='+', size=64444167), trans=Coords(name='FSM_23673', start=21, end=41, strand='+', size=1703))]
    features_3p [ExonFeature(genome=Coords(name='chr20', start=49988168, end=49988188, strand='+', size=64444167), trans=Coords(name='FSM_23673', start=987, end=1007, strand='+', size=1703))]
    amplicon_trans_coords FSM_23673:21-1007
    amplicon_length 986
    PRIMER_LEFT (22, 20)
    PRIMER_RIGHT (988, 20)
    PRIMER_LEFT_SEQUENCE CGAGTGGTTCTTCTGCGCTA
    PRIMER_RIGHT_SEQUENCE GGCACTCAGGAGGGAATTCC
    PRIMER_PAIR_PRODUCT_SIZE 967
    genome_on_targets [GenomeHit(left=chr20:49983001-49983021,right=chr20:49988150-49988170)
    ]
    genome_off_targets [
    ]
    genome_non_targets [
    ]
    transcriptome_on_targets [TranscriptomeHit(left=[ExonFeature(genome=chr20:49983001-49983021/+, trans=ENST00000244050.3__SNAI1:22-42/+)
    ],right=[ExonFeature(genome=chr20:49988150-49988170/+, trans=ENST00000244050.3__SNAI1:969-989/+)
    ])
    ]
    transcriptome_off_targets [
    ]
    transcriptome_non_targets [
    ]

