target_id	design_status	transcript_id	browser	primer_id	left_primer	right_primer	amplicon_len	amplicon_exons	left_delta_Gright_delta_G	on_target_trans	off_target_trans	on_target_genome	off_target_genome	annotated_rna
SNAI1+1	GOOD	FSM_23673	=HYPERLINK("https://genome.ucsc.edu/cgi-bin/hgTracks?position=chr20%3A49982979-49988884&db=hg38&genome=hg38&hubUrl=http%3A//conesalab.org/LRGASP/LRGASP_hub/hub.txt&hubUrl=https%3A//hgwdev.gi.ucsc.edu/~markd/lrgasp/juju-hub/hub.txt", "chr20:49982979-49988884")	SNAI1+1+pp1	CGAGTGGTTCTTCTGCGCTA	CAAAAACCCACGCAGACAGG	1157	3	4.26	4.0	chr20:49983001-49988341		chr20:49983001-49988341		ATTGCGCCGCGGCACGGCCTAGCGAGTGGTTCTTCTGCGCTACTGCTGCGCGAATCGGCGACCCCAGTGCCT[CGACCACTATGCCGCGCTCTTTCCTCGTCAGGAAGCCCTCCGACCCCAATCGGAAGCCTAACTACAGCGAGCTGCAGGACTCTAATCCAGAGTTTACCTTCCAGCAGCCCTACGACCAGGCCCACCTGCTGGCAGCCATCCCACCTCCGGAGATCCTCAACCCCACCGCCTCGCTGCCAATGCTCATCTGGGACTCTGTCCTGGCGCCCCAAGCCCAGCCAATTGCCTGGGCCTCCCTTCGGCTCCAGGAGAGTCCCAGGGTGGCAGAGCTGACCTCCCTGTCAGATGAGGACAGTGGGAAAGGCTCCCAGCCCCCCAGCCCACCCTCACCGGCTCCTTCGTCCTTCTCCTCTACTTCAGTCTCTTCCTTGGAGGCCGAGGCCTATGCTGCCTTCCCAGGCTTGGGCCAAGTGCCCAAGCAGCTGGCCCAGCTCTCTGAGGCCAAGGATCTCCAGGCTCGAAAGGCCTTCAACTGCAAATACTGCAACAAGGAATACCTCAGCCTGGGTGCCCTCAAGATGCACATCCGAAGCCACACGCTGCCCTGCGTCTGCGGAACCTGCGGGAAGGCCTTCTCTAGGCCCTGGCTGCTACAAGGCCATGTCCGGACCCACACTGGCGAGAAGCCCTTCT]CCTGTCCCCACTGCAGCCGTGCCTTCGCTGACCGCTCCAACCTGCGGGCCCACCTCCAGACCCACTCAGATGTCAAGAAGTACCAGTGCCAGGCGTGTGCTCGGACCTTCTCCCGAATGTCCCTGCTCCACAAGCACCAAGAGTCCGGCTGCTCAGGATGTCCCCGCTGACCCTCGAGGCTCCCTCTTCCTCTCCATACCTGCCCCTGCCTGACAGCCTTCCCCAGCTCCAGCAGGAAGGACCCCACATCCTTCTCACTGCCATGGAATTCCCTCCTGAGTGCCCCACTTCTGGCCACATCAGCCCCACAGGACTTTGATGAAGACCATTTTCTGGTTCTGTGTCCTCTGCCTGGGCTCTGGAAGAGGCCTTCCCATGGCCATTTCTGTGGAGGGAGGGCAGCTGGCCCCCAGCCCTGGGGGATTCCTGAGCTGGCCTGTCTGCGTGGGTTTTTGTATCCAGAGCTGTTTGGATACAGCTGCTTTGAGCTACAGGACAAAGGCTGACAGACTCACTGGGAAGCTCCCACCCCACTCAGGGGACCCCACTCCCCTCACACACACCCCCCCACAAGGAACCCTCAGGCCACCCTCCACGAGGTGTGACTAACTATGCAATAATCCACCCCCAGGTGCAGCCCCAGGGCCTGCGGAGGCGGTGGCAGACTAGAGTCTGAGATGCCCCGAGCCCAGGCAGCTATTTCAGCCTCCTGTTTGGTGGGGTGGCACCTGTTTCCCGGGCAATTTAACAATGTCTGAAAAGGGACTGTGAGTAATGGCTGTCACTTGTCGGGGGCCCAAGTGGGGTGCTCTGGTCTGACCGATGTGTCTCCCAGAACTATTCTGGGGGCCCGACAGGTGGGCCTGGGAGGAAGATGTTTACATTTTTAAAGGTACACTGGTATTTATATTTCAAACATTTTGTATCAAGGAAACGTTTTGTATAGTTATATGTACAGTTTATTGATATTCAATAAAGCAGTTAATTTATATATTAAA
SNAI1+1	GOOD	FSM_23673		SNAI1+1+pp2	CGAGTGGTTCTTCTGCGCTA	CCCTCCACAGAAATGGCCAT	1097	3	4.26	4.4	chr20:49983001-49988281		chr20:49983001-49988281		
SNAI1+1	GOOD	FSM_23673		SNAI1+1+pp3	CGAGTGGTTCTTCTGCGCTA	TCATCAAAGTCCTGTGGGGC	1024	3	4.26	5.8	chr20:49983001-49988208		chr20:49983001-49988208		
SNAI1+1	GOOD	FSM_23673		SNAI1+1+pp4	CGAGTGGTTCTTCTGCGCTA	CTGAAATAGCTGCCTGGGCT	1407	3	4.26	5.19	chr20:49983001-49988591		chr20:49983001-49988591		
SNAI1+1	GOOD	FSM_23673		SNAI1+1+pp5	CGAGTGGTTCTTCTGCGCTA	GGCACTCAGGAGGGAATTCC	986	3	4.26	3.01	chr20:49983001-49988170		chr20:49983001-49988170		
