target_id: BBC3+1
region_5p: chr19:47228327-47231039
region_3p: chr19:47221197-47221914
strand: -
transcripts:
transcript: WTC11_consolidated FSM_45580
region_5p: Feature(genome=chr19:47228327-47231039, trans=FSM_45580:1456-1686)
region_3p: Feature(genome=chr19:47221197-47221914, trans=FSM_45580:374-1091)
features_5p:
[   ExonFeature(genome=Coords(name='chr19', start=47228327, end=47228446, strand='+', size=58617616), trans=Coords(name='FSM_45580', start=1456, end=1575, strand='-', size=1841)),
    IntronFeature(genome=Coords(name='chr19', start=47228446, end=47230928, strand='+', size=58617616), trans=Coords(name='FSM_45580', start=1575, end=1575, strand='-', size=1841)),
    ExonFeature(genome=Coords(name='chr19', start=47230928, end=47231039, strand='+', size=58617616), trans=Coords(name='FSM_45580', start=1575, end=1686, strand='-', size=1841))]
features_3p:
[   ExonFeature(genome=Coords(name='chr19', start=47221197, end=47221914, strand='+', size=58617616), trans=Coords(name='FSM_45580', start=374, end=1091, strand='-', size=1841))]
features:
[   ExonFeature(genome=Coords(name='chr19', start=47220823, end=47221918, strand='+', size=58617616), trans=Coords(name='FSM_45580', start=0, end=1095, strand='-', size=1841)),
    IntronFeature(genome=Coords(name='chr19', start=47221918, end=47226563, strand='+', size=58617616), trans=Coords(name='FSM_45580', start=1095, end=1095, strand='-', size=1841)),
    ExonFeature(genome=Coords(name='chr19', start=47226563, end=47226754, strand='+', size=58617616), trans=Coords(name='FSM_45580', start=1095, end=1286, strand='-', size=1841)),
    IntronFeature(genome=Coords(name='chr19', start=47226754, end=47228157, strand='+', size=58617616), trans=Coords(name='FSM_45580', start=1286, end=1286, strand='-', size=1841)),
    ExonFeature(genome=Coords(name='chr19', start=47228157, end=47228446, strand='+', size=58617616), trans=Coords(name='FSM_45580', start=1286, end=1575, strand='-', size=1841)),
    IntronFeature(genome=Coords(name='chr19', start=47228446, end=47230928, strand='+', size=58617616), trans=Coords(name='FSM_45580', start=1575, end=1575, strand='-', size=1841)),
    ExonFeature(genome=Coords(name='chr19', start=47230928, end=47231194, strand='+', size=58617616), trans=Coords(name='FSM_45580', start=1575, end=1841, strand='-', size=1841))]
rna: GCGGCGCGAGCCACATGCGAGCGGGCGCCTggcggcggcggcggcggcaccagcgatcccagcagcggccacgacgcggacgcgcctgcggcccggggagcagcagcagccacagccacagcagccgccactgcagttagagcggcagcagcagcgacagccacagcagcagccgccgcggagagcggcGCTCGGCGGGCGCGCCCTCCTGAAGGAAGCCGCCCGCCCCCCACCGCCGCCCCCTCCGGCGTGTTCATGCCCCCGGGGCCCCAGGGAGCGCCATGGCCCGCGCACGCCAGGAGGGCAGCTCCCCGGAGCCCGTAGAGGGCCTGGCCCGCGACGGCCCGCGCCCCTTCCCGCTCGGCCGCCTGGTGCCCTCGGCAGTGTCCTGCGGCCTCTGCGAGCCCGGCCTGGCTGCCGCCCCCGCCGCCCCCACCCTGCTGCCCGCTGCCTACCTCTGCGCCCCCACCGCCCCACCCGCCGTCACCGCCGCCCTGGGGGGTTCCCGCTGGCCTGGGGGTCCCCGCAGCCGGCCCCGAGGCCCGCGCCCGGACGGTCCTCAGCCCTCGCTCTCGCTGGCGGAGCAGCACCTGGAGTCGCCCGTGCCCAGCGCCCCGGGGGCTCTGGCGGGCGGTCCCACCCAGGCGGCCCCGGGAGTCCGCGGGGAGGAGGAACAGTGGGCCCGGGAGATCGGGGCCCAGCTGCGGCGGATGGCGGACGACCTCAACGCACAGTACGAGCGGCGGAGACAAGAGGAGCAGCAGCGGCACCGCCCCTCACCCTGGAGGGTCCTGTACAATCTCATCATGGGACTCCTGCCCTTACCCAGGGGCCACAGAGCCCCCGAGATGGAGCCCAATTAGGTGCCTGCACCCGCCCGGTGGACGTCAGGGACTCGGGGGGCAGGCCCCTCCCACCTCCTGACACCCTGGCCAGCGCGGGGGACTTTCTCTGCACCATGTAGCATACTGGACTCCCAGCCCTGCCTGTCCCGGGGGCGGGCCGGGGCAGCCACTCCAGCCCCAGCCCAGCCTGGGGTGCACTGACGGAGATGCGGACTCCTGGGTCCCTGGCCAAGAAGCCAGGAGAGGGACGGCTGATGGACTCAGCATCGGAAGGTGGCGGTGACCGAGGGGGTGGGGACTGAGCCGCCCGCCTCTGCCGCCCACCACCATCTCAGGAAAGGCTGTTGTGCTGGTGCCCGTTCCAGCTGCAGGGGTGACACTGGGAGGGGGGGGCTCTCCTCTCGGTGCTCCTTCACTCTGGGCCTGGCCTCAGGCCCCTGGTGCTTCCCCCCCTCCTCCTGGGAGGGGGCCCGTGAAGAGCAAATGAGCCAAACGTGACCACTAGCCTCCTGGAGCCAGAGAGTGGGGCTCGTTTGCCGGTTGCTCCAGCCCGGCGCCCAGCCATCTTCCCTGAGCCAGCCGGCGGGTGGTGGGCATGCCTGCCTCACCTTCATCAGGGGGTGGCCAGGAGGGGCCCAGACTGTGAATCCTGTGCTCTGCCCGTGACCGCCCCCCGCCCCATCAATCCCATTGCATAGGTTTAGAGAGAGCACGTGTGACCACTGGCATTCATTTGGGGGGTGGGAGATTTTGGCTGAAGCCGCCCCAGCCTTAGTCCCCAGGGCCAAGCGCTGGGGGGAAGACGGGGAGTCAGGGAGGGGGGGAAATCTCGGAAGAGGGAGGAGTCTGGGAGTGGGGAGGGATGGCCCAGCCTGTAAGATACTGTATATGCGCTGCTGTAGATACCGGAATGAATTTTCTGTACATGTTTGGTTAATTTTTTTTGTACATGATTTTTGTATGTTTCCTTTTCAATAAAATCAGATTGGAACAGTG
annotated_rna: GCGGCGCGAGCCACATGCGAGCGGGCGCCTggcggcggcggcggcggcaccagcgatcccagcagcggccacgacgcggacgcgcctgcggcccggggagcagcagcagccacagccacagcagccgccactgcagttagagcggcagcagcagc{gacagccacagcagcagccgccgcggagagcggcGCTCGGCGGGCGCGCCCTCCTGAAGGAAGCCGCCCGCCCCCCACCGCCGCCCCCTCCGGCGTGTTCATGCCCCCGGG-GCCCCAGGGAGCGCCATGGCCCGCGCACGCCAGGAGGGCAGCTCCCCGGAGCCCGTAGAGGGCCTGGCCCGCGACGGCCCGCGCCCCTTCCCGCTCGGCCGCCTGGTGCCCTCGGCAGTG}TCCTGCGGCCTCTGCGAGCCCGGCCTGGCTGCCGCCCCCGCCGCCCCCACCCTGCTGCCCGCTGCCTACCTCTGCGCCCCCACCGCCCCACCCGCCGTCACCGCCGCCCTGGGGGGTTCCCGCTGGCCTGGGGGTCCCCGCAGCCGGCCCCGAGGCCCGCGCCCGGACGGTCCTCAGCCCTCGCTCTCGCTGGCGGAGCAGCACCTGGAGTCGCCCGTGCCCAGCGCCCCGGGGGCTCTGGCGGGCGGTCCCACCCAGGCGGCCCCGGGAGTCCGCGGGGAGGAGGAACAGTGGGCCCGGGAGATCGGGGCCCAGCTGCGGCGGATGGCGGACGACCTCAACGCACAGTACGAGCGGCGGAGAC{AAGAGGAGCAGCAGCGGCACCGCCCCTCACCCTGGAGGGTCCTGTACAATCTCATCATGGGACTCCTGCCCTTACCCAGGGGCCACAGAGCCCCCGAGATGGAGCCCAATTAGGTGCCTGCACCCGCCCGGTGGACGTCAGGGACTCGGGGGGCAGGCCCCTCCCACCTCCTGACACCCTGGCCAGCGCGGGGGACTTTCTCTGCACCATGTAGCATACTGGACTCCCAGCCCTGCCTGTCCCGGGGGCGGGCCGGGGCAGCCACTCCAGCCCCAGCCCAGCCTGGGGTGCACTGACGGAGATGCGGACTCCTGGGTCCCTGGCCAAGAAGCCAGGAGAGGGACGGCTGATGGACTCAGCATCGGAAGGTGGCGGTGACCGAGGGGGTGGGGACTGAGCCGCCCGCCTCTGCCGCCCACCACCATCTCAGGAAAGGCTGTTGTGCTGGTGCCCGTTCCAGCTGCAGGGGTGACACTGGGAGGGGGGGGCTCTCCTCTCGGTGCTCCTTCACTCTGGGCCTGGCCTCAGGCCCCTGGTGCTTCCCCCCCTCCTCCTGGGAGGGGGCCCGTGAAGAGCAAATGAGCCAAACGTGACCACTAGCCTCCTGGAGCCAGAGAGTGGGGCTCGTTTGCCGGTTGCTCCAGCCCGGCGCCCAGCCATCTTCCCTGAGCCAGCCGGCGGGTGGTGGGCATGCCTGCCTCACCTTCATCAGGGGGTG}GCCAGGAGGGGCCCAGACTGTGAATCCTGTGCTCTGCCCGTGACCGCCCCCCGCCCCATCAATCCCATTGCATAGGTTTAGAGAGAGCACGTGTGACCACTGGCATTCATTTGGGGGGTGGGAGATTTTGGCTGAAGCCGCCCCAGCCTTAGTCCCCAGGGCCAAGCGCTGGGGGGAAGACGGGGAGTCAGGGAGGGGGGGAAATCTCGGAAGAGGGAGGAGTCTGGGAGTGGGGAGGGATGGCCCAGCCTGTAAGATACTGTATATGCGCTGCTGTAGATACCGGAATGAATTTTCTGTACATGTTTGGTTAATTTTTTTTGTACATGATTTTTGTATGTTTCCTTTTCAATAAAATCAGATTGGAACAGTG
>>> primer3_args <<<
global_args:
{   'PRIMER_TASK': 'generic',
    'PRIMER_PICK_LEFT_PRIMER': 1,
    'PRIMER_PICK_INTERNAL_OLIGO': 0,
    'PRIMER_PICK_RIGHT_PRIMER': 1,
    'PRIMER_OPT_SIZE': 20,
    'PRIMER_MIN_SIZE': 18,
    'PRIMER_MAX_SIZE': 22,
    'PRIMER_EXPLAIN_FLAG': 1}
seq_args:
{   'SEQUENCE_ID': 'FSM_45580',
    'SEQUENCE_TEMPLATE': 'GCGGCGCGAGCCACATGCGAGCGGGCGCCTggcggcggcggcggcggcaccagcgatcccagcagcggccacgacgcggacgcgcctgcggcccggggagcagcagcagccacagccacagcagccgccactgcagttagagcggcagcagcagcgacagccacagcagcagccgccgcggagagcggcGCTCGGCGGGCGCGCCCTCCTGAAGGAAGCCGCCCGCCCCCCACCGCCGCCCCCTCCGGCGTGTTCATGCCCCCGGGGCCCCAGGGAGCGCCATGGCCCGCGCACGCCAGGAGGGCAGCTCCCCGGAGCCCGTAGAGGGCCTGGCCCGCGACGGCCCGCGCCCCTTCCCGCTCGGCCGCCTGGTGCCCTCGGCAGTGTCCTGCGGCCTCTGCGAGCCCGGCCTGGCTGCCGCCCCCGCCGCCCCCACCCTGCTGCCCGCTGCCTACCTCTGCGCCCCCACCGCCCCACCCGCCGTCACCGCCGCCCTGGGGGGTTCCCGCTGGCCTGGGGGTCCCCGCAGCCGGCCCCGAGGCCCGCGCCCGGACGGTCCTCAGCCCTCGCTCTCGCTGGCGGAGCAGCACCTGGAGTCGCCCGTGCCCAGCGCCCCGGGGGCTCTGGCGGGCGGTCCCACCCAGGCGGCCCCGGGAGTCCGCGGGGAGGAGGAACAGTGGGCCCGGGAGATCGGGGCCCAGCTGCGGCGGATGGCGGACGACCTCAACGCACAGTACGAGCGGCGGAGACAAGAGGAGCAGCAGCGGCACCGCCCCTCACCCTGGAGGGTCCTGTACAATCTCATCATGGGACTCCTGCCCTTACCCAGGGGCCACAGAGCCCCCGAGATGGAGCCCAATTAGGTGCCTGCACCCGCCCGGTGGACGTCAGGGACTCGGGGGGCAGGCCCCTCCCACCTCCTGACACCCTGGCCAGCGCGGGGGACTTTCTCTGCACCATGTAGCATACTGGACTCCCAGCCCTGCCTGTCCCGGGGGCGGGCCGGGGCAGCCACTCCAGCCCCAGCCCAGCCTGGGGTGCACTGACGGAGATGCGGACTCCTGGGTCCCTGGCCAAGAAGCCAGGAGAGGGACGGCTGATGGACTCAGCATCGGAAGGTGGCGGTGACCGAGGGGGTGGGGACTGAGCCGCCCGCCTCTGCCGCCCACCACCATCTCAGGAAAGGCTGTTGTGCTGGTGCCCGTTCCAGCTGCAGGGGTGACACTGGGAGGGGGGGGCTCTCCTCTCGGTGCTCCTTCACTCTGGGCCTGGCCTCAGGCCCCTGGTGCTTCCCCCCCTCCTCCTGGGAGGGGGCCCGTGAAGAGCAAATGAGCCAAACGTGACCACTAGCCTCCTGGAGCCAGAGAGTGGGGCTCGTTTGCCGGTTGCTCCAGCCCGGCGCCCAGCCATCTTCCCTGAGCCAGCCGGCGGGTGGTGGGCATGCCTGCCTCACCTTCATCAGGGGGTGGCCAGGAGGGGCCCAGACTGTGAATCCTGTGCTCTGCCCGTGACCGCCCCCCGCCCCATCAATCCCATTGCATAGGTTTAGAGAGAGCACGTGTGACCACTGGCATTCATTTGGGGGGTGGGAGATTTTGGCTGAAGCCGCCCCAGCCTTAGTCCCCAGGGCCAAGCGCTGGGGGGAAGACGGGGAGTCAGGGAGGGGGGGAAATCTCGGAAGAGGGAGGAGTCTGGGAGTGGGGAGGGATGGCCCAGCCTGTAAGATACTGTATATGCGCTGCTGTAGATACCGGAATGAATTTTCTGTACATGTTTGGTTAATTTTTTTTGTACATGATTTTTGTATGTTTCCTTTTCAATAAAATCAGATTGGAACAGTG',
    'SEQUENCE_PRIMER_PAIR_OK_REGION_LIST': [[156, 230, 751, 717]],
    'PRIMER_MUST_MATCH_FIVE_PRIME': 'SS',
    'SEQUENCE_OVERLAP_JUNCTION_LIST': (267,)}

>>> Primer3Results: 0 results <<<

>>> PrimerDesigns 0 <<<
    target_id BBC3+1
    tran_id WTC11_consolidated FSM_45580

