target_id	design_status	transcript_id	browser	primer_id	left_primer	right_primer	on_target_trans	off_target_trans	on_target_genome	off_target_genome	annotated_rna
BBC3+1	NO_PRIMERS	FSM_45580	=HYPERLINK("https://genome.ucsc.edu/cgi-bin/hgTracks?position=chr19%3A47220823-47231194&db=hg38&genome=hg38&hubUrl=http%3A//conesalab.org/LRGASP/LRGASP_hub/hub.txt&hubUrl=https%3A//hgwdev.gi.ucsc.edu/~markd/lrgasp/juju-hub/hub.txt", "chr19:47220823-47231194")								NNNNNNNNNNNNNNNNNNNNNNNNNNNNNNNNNNNNNNNNNNNNNNNNNNNNNNNNNNNNNNNNNNNNNNNNNNNNNNNNNNNNNNNNNNNNNNNNNNNNNNNNNNNNNNNNNNNNNNNNNNNNNNNNNNNNNNNNNNNNNNNNNNNNNNNNNNNgacagccacagcagcagccgccgcggagagcggcGCTCGGCGGGCGCGCCCTCCTGAAGGAAGCCGCCCGCCCCCCACCGCCGCCCCCTCCGGCGTGTTCATGCCCCCGGGG-CCCCAGGGAGCGCCATGGCCCGCGCACGCCAGGAGGGCAGCTCCCCGGAGCCCGTAGAGGGCCTGGCCCGCGACGGCCCGCGCCCCTTCCCGCTCGGCCGCCTGGTGCCCTCGGCAGT[GTCCTGCGGCCTCTGCGAGCCCGGCCTGGCTGCCGCCCCCGCCGCCCCCACCCTGCTGCCCGCTGCCTACCTCTGCGCCCCCACCGCCCCACCCGCCGTCACCGCCGCCCTGGGGGGTTCCCGCTGGCCTGGGGGTCCCCGCAGCCGGCCCCGAGGCCCGCGCCCGGACGGTCCTCAGCCCTCGCTCTCGCTGGCGGAGCAGCACCTGGAGTCGCCCGTGCCCAGCGCCCCGGGGGCTCTGGCGGGCGGTCCCACCCAGGCGGCCCCGGGAGTCCGCGGGGAGGAGGAACAGTGGGCCCGGGAGATCGGGGCCCAGCTGCGGCGGATGGCGGACGACCTCAACGCACAGTACGAGCGGCGGAGAC]AAGAGGAGCAGCAGCGGCACCGCCCCTCACCCTGGAGGGTCCTGTACAATCTCATCATGGGACTCCTGCCCTTACCCAGGGGCCACAGAGCCCCCGAGATGGAGCCCAATTAGGTGCCTGCACCCGCCCGGTGGACGTCAGGGACTCGGGGGGCAGGCCCCTCCCACCTCCTGACACCCTGGCCAGCGCGGGGGACTTTCTCTGCACCATGTAGCATACTGGACTCCCAGCCCTGCCTGTCCCGGGGGCGGGCCGGGGCAGCCACTCCAGCCCCAGCCCAGCCTGGGGTGCACTGACGGAGATGCGGACTCCTGGGTCCCTGGCCAAGAAGCCAGGAGAGGGACGGCTGATGGACTCAGCATCGGAAGGTGGCGGTGACCGAGGGGGTGGGGACTGAGCCGCCCGCCTCTGCCGCCCACCACCATCTCAGGAAAGGCTGTTGTGCTGGTGCCCGTTCCAGCTGCAGGGGTGACACTGGGAGGGGGGGGCTCTCCTCTCGGTGCTCCTTCACTCTGGGCCTGGCCTCAGGCCCCTGGTGCTTCCCCCCCTCCTCCTGGGAGGGGGCCCGTGAAGAGCAAATGAGCCAAACGTGACCACTAGCCTCCTGGAGCCAGAGAGTGGGGCTCGTTTGCCGGTTGCTCCAGCCCGGCGCCCAGCCATCTTCCCTGAGCCAGCCGGCGGGTGGTGGGCATGCCTGCCTCACCTTCATCAGGGGGTNNNNNNNNNNNNNNNNNNNNNNNNNNNNNNNNNNNNNNNNNNNNNNNNNNNNNNNNNNNNNNNNNNNNNNNNNNNNNNNNNNNNNNNNNNNNNNNNNNNNNNNNNNNNNNNNNNNNNNNNNNNNNNNNNNNNNNNNNNNNNNNNNNNNNNNNNNNNNNNNNNNNNNNNNNNNNNNNNNNNNNNNNNNNNNNNNNNNNNNNNNNNNNNNNNNNNNNNNNNNNNNNNNNNNNNNNNNNNNNNNNNNNNNNNNNNNNNNNNNNNNNNNNNNNNNNNNNNNNNNNNNNNNNNNNNNNNNNNNNNNNNNNNNNNNNNNNNNNNNNNNNNNNNNNNNNNNNNNNNNNNNNNNNNNNNNNNNNNNNNNNNNNNNNNNNNNN
