target_id: ZBTB45+1
region_5p: chr19:58517554-58519807
region_3p: chr19:58513744-58514287
strand: -
transcripts:
transcript: WTC11_consolidated/FSM_45682
coords: Feature(genome=chr19:58513529-58519817/+, trans=FSM_45682:0-2136/-)
features:
[   ExonFeature(genome=Coords(name='chr19', start=58513529, end=58514310, strand='+', size=58617616), trans=Coords(name='FSM_45682', start=0, end=781, strand='-', size=2136)),
    IntronFeature(genome=Coords(name='chr19', start=58514310, end=58516394, strand='+', size=58617616), trans=Coords(name='FSM_45682', start=781, end=781, strand='-', size=2136)),
    ExonFeature(genome=Coords(name='chr19', start=58516394, end=58517673, strand='+', size=58617616), trans=Coords(name='FSM_45682', start=781, end=2060, strand='-', size=2136)),
    IntronFeature(genome=Coords(name='chr19', start=58517673, end=58519741, strand='+', size=58617616), trans=Coords(name='FSM_45682', start=2060, end=2060, strand='-', size=2136)),
    ExonFeature(genome=Coords(name='chr19', start=58519741, end=58519817, strand='+', size=58617616), trans=Coords(name='FSM_45682', start=2060, end=2136, strand='-', size=2136))]
rna: GCCCGGAAGTGCGGCCTTGTAGTCGGTCAGGAGGAAGCGGCCACGGCAGAGCCTGGTGCCTGAAGAGGAGTCGGAGATGGCGGCTGCAGAGGCTGTGCATCACATACACCTGCAGAACTTCTCACGCTCTCTGCTTGAGACCCTCAATGGGCAGAGGCTTGGGGGACACTTCTGTGACGTGACTGTGCGCATTCGTGAAGCTTCGCTGCGTGCCCACCGCTGCGTGCTGGCGGCCGGCTCACCCTTCTTCCAAGACAAGCTGCTGCTCGGCCACTCTGAGATCCGTGTGCCTCCGGTGGTGCCCGCGCAGACAGTGCGACAGCTGGTAGAGTTCCTGTACAGCGGTTCGCTCGTTGTGGCGCAGGGTGAAGCCCTGCAGGTGCTCACGGCCGCGTCAGTGCTTCGCATACAGACAGTTATCGACGAATGCACGCAGATTATCGCCCGCGCTCGAGCCCCGGGCACCTCTGCGCCCACGCCCCTGCCCACCCCTGTGCCCCCGCCACTCGCACCTGCGCAGCTGCGTCACCGCCTGCGCCACCTGCTGGCTGCACGTCCCCCGGGGCACCCCGGTGCTGCACACAGCCGTAAGCAGCGCCAGCCCGCGCGTTTGCAGCTGCCAGCGCCCCCAACACCTGCCAAGGCTGAGGGGCCTGATGCTGACCCCTCACTGTCCGCGGCCCCTGATGACCGAGGTGACGAGGATGACGAGGAAAGTGACGATGAGACCGATGGCGAGGATGGCGAAGGTGGCGGCCCAGGCGAGGGCCAGGCACCTCCTTCCTTCCCAGACTGTGCTGCTGGCTTCCTCACTGCTGCTGCTGACAGCGCGTGCGAGGAGCCCCCTGCACCCACTGGCCTCGCTGACTACAGTGGTGCCGGGAGAGATTTTCTTCGGGGAGCTGGGTCAGCTGAGGACGTATTTCCAGACAGCTATGTATCCACTTGGCACGACGAGGATGGCGCTGTCCCCGAAGGCTGTCCCACTGAGACCCCTGTCCAGCCCGACTGCATACTGTCTGGATCCCGCCCGCCTGGTGTGAAGACCCCAGGGCCGCCCGTTGCACTCTTCCCCTTTCACTTGGGTGCCCCTGGGCCACCCGCACCACCCCCTTCAGCACCATCGGGGCCAGCCCCTGCGCCCCCACCCGCCTTCTACCCCACACTCCAGCCCGAGGCAGCCCCCAGTACTCAGCTGGGGGAGGTCCCGGCTCCCTCTGCTGCTCCCACCACGGCCCCCTCAGGCACCCCTGCTCGCACCCCAGGTGCTGAGCCACCTACGTATGAGTGCAGCCACTGTCGCAAGACGTTCAGCTCCCGGAAAAACTACACCAAGCACATGTTCATCCACTCGGGGGAGAAGCCGCACCAGTGCGCCGTGTGCTGGCGATCCTTCTCTCTACGCGACTACCTGCTCAAACACATGGTCACGCACACCGGCGTGCGCGCCTTCCAGTGCGCCGTCTGCGCCAAGCGCTTCACGCAGAAGAGCTCGCTCAACGTGCACATGCGCACTCACCGGCCCGAGCGCGCGCCCTGCCCCGCCTGCGGCAAGGTCTTCTCGCACCGCGCGCTGCTGGAGCGCCACCTGGCGGCGCACCCTGCGCCCTGATGGCGCTGGGGCCTGGCCTCGCCCACGGTGGATCCGGGGCCTCCCGCACAGTCGGCCACGCCCGCTGCGGGACCCGTGGTTCCCGCCACTAGACCACGCTCCCTCCTGAGCGCAGGTCCTCTCTCTCCCTTCACCCTTTCTCCATACCAGGGCCTAAGTCCGCCTTACTCCTCTCCTCCATGTACTTGAACCCTCCAGGTGGTGCCGGGCTGGGGCTGGGGCTGGTTAGACCACTTCTGAGAACTGGACTATTTCCTGCGTAAACCGGGCGCTCAGGCGCTTGGACCCGGCCCAAGATTTGACTCCGGTTCTCACCCCGCCCTCTCCTGGGGTGGTGGTGGGGGCTGGGGGGCCGCTTGCCTGCCCCAGGGTCAGGCTGGGCAAGGTCCCTAGCTCTCTACCCAAGCTGTTACTCCCTCATGGGGCGCCTAAGGAGACTCAAGTGGACCCATCATATATGGGGGCTGGGCCTCGGGACTCTCGCTCTAATAAAGGACTGTAGGCCATGGGGCCTAAACCACGAA
rna exons: GCCCGGAAGTGCGGCCTTGTAGTCGGTCAGGAGGAAGCGGCCACGGCAGAGCCTGGTGCCTGAAGAGGAGTCGGAG,ATGGCGGCTGCAGAGGCTGTGCATCACATACACCTGCAGAACTTCTCACGCTCTCTGCTTGAGACCCTCAATGGGCAGAGGCTTGGGGGACACTTCTGTGACGTGACTGTGCGCATTCGTGAAGCTTCGCTGCGTGCCCACCGCTGCGTGCTGGCGGCCGGCTCACCCTTCTTCCAAGACAAGCTGCTGCTCGGCCACTCTGAGATCCGTGTGCCTCCGGTGGTGCCCGCGCAGACAGTGCGACAGCTGGTAGAGTTCCTGTACAGCGGTTCGCTCGTTGTGGCGCAGGGTGAAGCCCTGCAGGTGCTCACGGCCGCGTCAGTGCTTCGCATACAGACAGTTATCGACGAATGCACGCAGATTATCGCCCGCGCTCGAGCCCCGGGCACCTCTGCGCCCACGCCCCTGCCCACCCCTGTGCCCCCGCCACTCGCACCTGCGCAGCTGCGTCACCGCCTGCGCCACCTGCTGGCTGCACGTCCCCCGGGGCACCCCGGTGCTGCACACAGCCGTAAGCAGCGCCAGCCCGCGCGTTTGCAGCTGCCAGCGCCCCCAACACCTGCCAAGGCTGAGGGGCCTGATGCTGACCCCTCACTGTCCGCGGCCCCTGATGACCGAGGTGACGAGGATGACGAGGAAAGTGACGATGAGACCGATGGCGAGGATGGCGAAGGTGGCGGCCCAGGCGAGGGCCAGGCACCTCCTTCCTTCCCAGACTGTGCTGCTGGCTTCCTCACTGCTGCTGCTGACAGCGCGTGCGAGGAGCCCCCTGCACCCACTGGCCTCGCTGACTACAGTGGTGCCGGGAGAGATTTTCTTCGGGGAGCTGGGTCAGCTGAGGACGTATTTCCAGACAGCTATGTATCCACTTGGCACGACGAGGATGGCGCTGTCCCCGAAGGCTGTCCCACTGAGACCCCTGTCCAGCCCGACTGCATACTGTCTGGATCCCGCCCGCCTGGTGTGAAGACCCCAGGGCCGCCCGTTGCACTCTTCCCCTTTCACTTGGGTGCCCCTGGGCCACCCGCACCACCCCCTTCAGCACCATCGGGGCCAGCCCCTGCGCCCCCACCCGCCTTCTACCCCACACTCCAGCCCGAGGCAGCCCCCAGTACTCAGCTGGGGGAGGTCCCGGCTCCCTCTGCTGCTCCCACCACGGCCCCCTCAGGCACCCCTGCTCGCACCCCAGGTGCTGAGCCACCTACGTATGAGTGCAGCCACTGTCGCAAGACGTTCAGCTCCCGGAAAAACTACACCAAGCACATGTTCATCCACTCGG,GGGAGAAGCCGCACCAGTGCGCCGTGTGCTGGCGATCCTTCTCTCTACGCGACTACCTGCTCAAACACATGGTCACGCACACCGGCGTGCGCGCCTTCCAGTGCGCCGTCTGCGCCAAGCGCTTCACGCAGAAGAGCTCGCTCAACGTGCACATGCGCACTCACCGGCCCGAGCGCGCGCCCTGCCCCGCCTGCGGCAAGGTCTTCTCGCACCGCGCGCTGCTGGAGCGCCACCTGGCGGCGCACCCTGCGCCCTGATGGCGCTGGGGCCTGGCCTCGCCCACGGTGGATCCGGGGCCTCCCGCACAGTCGGCCACGCCCGCTGCGGGACCCGTGGTTCCCGCCACTAGACCACGCTCCCTCCTGAGCGCAGGTCCTCTCTCTCCCTTCACCCTTTCTCCATACCAGGGCCTAAGTCCGCCTTACTCCTCTCCTCCATGTACTTGAACCCTCCAGGTGGTGCCGGGCTGGGGCTGGGGCTGGTTAGACCACTTCTGAGAACTGGACTATTTCCTGCGTAAACCGGGCGCTCAGGCGCTTGGACCCGGCCCAAGATTTGACTCCGGTTCTCACCCCGCCCTCTCCTGGGGTGGTGGTGGGGGCTGGGGGGCCGCTTGCCTGCCCCAGGGTCAGGCTGGGCAAGGTCCCTAGCTCTCTACCCAAGCTGTTACTCCCTCATGGGGCGCCTAAGGAGACTCAAGTGGACCCATCATATATGGGGGCTGGGCCTCGGGACTCTCGCTCTAATAAAGGACTGTAGGCCATGGGGCCTAAACCACGAA
region_5p: Feature(genome=chr19:58517554-58519807/+, trans=FSM_45682:1941-2126/-)
region_3p: Feature(genome=chr19:58513744-58514287/+, trans=FSM_45682:215-758/-)
rna_region_5p: GCGGCCTTGTAGTCGGTCAGGAGGAAGCGGCCACGGCAGAGCCTGGTGCCTGAAGAGGAGTCGGAG,ATGGCGGCTGCAGAGGCTGTGCATCACATACACCTGCAGAACTTCTCACGCTCTCTGCTTGAGACCCTCAATGGGCAGAGGCTTGGGGGACACTTCTGTGACGTGACTGTGCGCATTCG
rna_region_3p: GTGTGCTGGCGATCCTTCTCTCTACGCGACTACCTGCTCAAACACATGGTCACGCACACCGGCGTGCGCGCCTTCCAGTGCGCCGTCTGCGCCAAGCGCTTCACGCAGAAGAGCTCGCTCAACGTGCACATGCGCACTCACCGGCCCGAGCGCGCGCCCTGCCCCGCCTGCGGCAAGGTCTTCTCGCACCGCGCGCTGCTGGAGCGCCACCTGGCGGCGCACCCTGCGCCCTGATGGCGCTGGGGCCTGGCCTCGCCCACGGTGGATCCGGGGCCTCCCGCACAGTCGGCCACGCCCGCTGCGGGACCCGTGGTTCCCGCCACTAGACCACGCTCCCTCCTGAGCGCAGGTCCTCTCTCTCCCTTCACCCTTTCTCCATACCAGGGCCTAAGTCCGCCTTACTCCTCTCCTCCATGTACTTGAACCCTCCAGGTGGTGCCGGGCTGGGGCTGGGGCTGGTTAGACCACTTCTGAGAACTGGACTATTTCCTGCGTAAACCGGGCGCTCAGGCGCTTGGACCCGGCCCAAGATTTGACTCCGGT
features_5p:
[   ExonFeature(genome=Coords(name='chr19', start=58517554, end=58517673, strand='+', size=58617616), trans=Coords(name='FSM_45682', start=1941, end=2060, strand='-', size=2136)),
    IntronFeature(genome=Coords(name='chr19', start=58517673, end=58519741, strand='+', size=58617616), trans=Coords(name='FSM_45682', start=2060, end=2060, strand='-', size=2136)),
    ExonFeature(genome=Coords(name='chr19', start=58519741, end=58519807, strand='+', size=58617616), trans=Coords(name='FSM_45682', start=2060, end=2126, strand='-', size=2136))]
features_3p:
[   ExonFeature(genome=Coords(name='chr19', start=58513744, end=58514287, strand='+', size=58617616), trans=Coords(name='FSM_45682', start=215, end=758, strand='-', size=2136))]
annotated_amplicon: GCGGCCTTGTAGTCGGTCAGGAGGAAGCGGCCACGGCAGAGCCTGGTGCCTGAAGAGGAGTCGGAGA-TGGCGGCTGCAGAGGCTGTGCATCACATACACCTGCAGAACTTCTCACGCTCTCTGCTTGAGACCCTCAATGGGCAGAGGCTTGGGGGACACTTCTGTGACGTGACTGTGCGCATTCG[TGAAGCTTCGCTGCGTGCCCACCGCTGCGTGCTGGCGGCCGGCTCACCCTTCTTCCAAGACAAGCTGCTGCTCGGCCACTCTGAGATCCGTGTGCCTCCGGTGGTGCCCGCGCAGACAGTGCGACAGCTGGTAGAGTTCCTGTACAGCGGTTCGCTCGTTGTGGCGCAGGGTGAAGCCCTGCAGGTGCTCACGGCCGCGTCAGTGCTTCGCATACAGACAGTTATCGACGAATGCACGCAGATTATCGCCCGCGCTCGAGCCCCGGGCACCTCTGCGCCCACGCCCCTGCCCACCCCTGTGCCCCCGCCACTCGCACCTGCGCAGCTGCGTCACCGCCTGCGCCACCTGCTGGCTGCACGTCCCCCGGGGCACCCCGGTGCTGCACACAGCCGTAAGCAGCGCCAGCCCGCGCGTTTGCAGCTGCCAGCGCCCCCAACACCTGCCAAGGCTGAGGGGCCTGATGCTGACCCCTCACTGTCCGCGGCCCCTGATGACCGAGGTGACGAGGATGACGAGGAAAGTGACGATGAGACCGATGGCGAGGATGGCGAAGGTGGCGGCCCAGGCGAGGGCCAGGCACCTCCTTCCTTCCCAGACTGTGCTGCTGGCTTCCTCACTGCTGCTGCTGACAGCGCGTGCGAGGAGCCCCCTGCACCCACTGGCCTCGCTGACTACAGTGGTGCCGGGAGAGATTTTCTTCGGGGAGCTGGGTCAGCTGAGGACGTATTTCCAGACAGCTATGTATCCACTTGGCACGACGAGGATGGCGCTGTCCCCGAAGGCTGTCCCACTGAGACCCCTGTCCAGCCCGACTGCATACTGTCTGGATCCCGCCCGCCTGGTGTGAAGACCCCAGGGCCGCCCGTTGCACTCTTCCCCTTTCACTTGGGTGCCCCTGGGCCACCCGCACCACCCCCTTCAGCACCATCGGGGCCAGCCCCTGCGCCCCCACCCGCCTTCTACCCCACACTCCAGCCCGAGGCAGCCCCCAGTACTCAGCTGGGGGAGGTCCCGGCTCCCTCTGCTGCTCCCACCACGGCCCCCTCAGGCACCCCTGCTCGCACCCCAGGTGCTGAGCCACCTACGTATGAGTGCAGCCACTGTCGCAAGACGTTCAGCTCCCGGAAAAACTACACCAAGCACATGTTCATCCACTCGGGGGAGAAGCCGCACCAGTGCGCC]GTGTGCTGGCGATCCTTCTCTCTACGCGACTACCTGCTCAAACACATGGTCACGCACACCGGCGTGCGCGCCTTCCAGTGCGCCGTCTGCGCCAAGCGCTTCACGCAGAAGAGCTCGCTCAACGTGCACATGCGCACTCACCGGCCCGAGCGCGCGCCCTGCCCCGCCTGCGGCAAGGTCTTCTCGCACCGCGCGCTGCTGGAGCGCCACCTGGCGGCGCACCCTGCGCCCTGATGGCGCTGGGGCCTGGCCTCGCCCACGGTGGATCCGGGGCCTCCCGCACAGTCGGCCACGCCCGCTGCGGGACCCGTGGTTCCCGCCACTAGACCACGCTCCCTCCTGAGCGCAGGTCCTCTCTCTCCCTTCACCCTTTCTCCATACCAGGGCCTAAGTCCGCCTTACTCCTCTCCTCCATGTACTTGAACCCTCCAGGTGGTGCCGGGCTGGGGCTGGGGCTGGTTAGACCACTTCTGAGAACTGGACTATTTCCTGCGTAAACCGGGCGCTCAGGCGCTTGGACCCGGCCCAAGATTTGACTCCGGT
>>> primer3_args <<<
global_args:
{   'PRIMER_TASK': 'pick_pcr_primers',
    'PRIMER_FIRST_BASE_INDEX': 0,
    'PRIMER_PICK_LEFT_PRIMER': 1,
    'PRIMER_PICK_RIGHT_PRIMER': 1,
    'PRIMER_EXPLAIN_FLAG': 1,
    'PRIMER_MAX_SIZE': 22,
    'PRIMER_MIN_3_PRIME_OVERLAP_OF_JUNCTION': 8,
    'PRIMER_MIN_5_PRIME_OVERLAP_OF_JUNCTION': 8,
    'PRIMER_MIN_SIZE': 18,
    'PRIMER_NUM_RETURN': 5,
    'PRIMER_OPT_SIZE': 20,
    'PRIMER_PICK_INTERNAL_OLIGO': 0,
    'PRIMER_PRODUCT_SIZE_RANGE': [[1183, 1911]]}
seq_args:
{   'SEQUENCE_ID': 'FSM_45682',
    'SEQUENCE_TEMPLATE': 'GCCCGGAAGTGCGGCCTTGTAGTCGGTCAGGAGGAAGCGGCCACGGCAGAGCCTGGTGCCTGAAGAGGAGTCGGAGATGGCGGCTGCAGAGGCTGTGCATCACATACACCTGCAGAACTTCTCACGCTCTCTGCTTGAGACCCTCAATGGGCAGAGGCTTGGGGGACACTTCTGTGACGTGACTGTGCGCATTCGTGAAGCTTCGCTGCGTGCCCACCGCTGCGTGCTGGCGGCCGGCTCACCCTTCTTCCAAGACAAGCTGCTGCTCGGCCACTCTGAGATCCGTGTGCCTCCGGTGGTGCCCGCGCAGACAGTGCGACAGCTGGTAGAGTTCCTGTACAGCGGTTCGCTCGTTGTGGCGCAGGGTGAAGCCCTGCAGGTGCTCACGGCCGCGTCAGTGCTTCGCATACAGACAGTTATCGACGAATGCACGCAGATTATCGCCCGCGCTCGAGCCCCGGGCACCTCTGCGCCCACGCCCCTGCCCACCCCTGTGCCCCCGCCACTCGCACCTGCGCAGCTGCGTCACCGCCTGCGCCACCTGCTGGCTGCACGTCCCCCGGGGCACCCCGGTGCTGCACACAGCCGTAAGCAGCGCCAGCCCGCGCGTTTGCAGCTGCCAGCGCCCCCAACACCTGCCAAGGCTGAGGGGCCTGATGCTGACCCCTCACTGTCCGCGGCCCCTGATGACCGAGGTGACGAGGATGACGAGGAAAGTGACGATGAGACCGATGGCGAGGATGGCGAAGGTGGCGGCCCAGGCGAGGGCCAGGCACCTCCTTCCTTCCCAGACTGTGCTGCTGGCTTCCTCACTGCTGCTGCTGACAGCGCGTGCGAGGAGCCCCCTGCACCCACTGGCCTCGCTGACTACAGTGGTGCCGGGAGAGATTTTCTTCGGGGAGCTGGGTCAGCTGAGGACGTATTTCCAGACAGCTATGTATCCACTTGGCACGACGAGGATGGCGCTGTCCCCGAAGGCTGTCCCACTGAGACCCCTGTCCAGCCCGACTGCATACTGTCTGGATCCCGCCCGCCTGGTGTGAAGACCCCAGGGCCGCCCGTTGCACTCTTCCCCTTTCACTTGGGTGCCCCTGGGCCACCCGCACCACCCCCTTCAGCACCATCGGGGCCAGCCCCTGCGCCCCCACCCGCCTTCTACCCCACACTCCAGCCCGAGGCAGCCCCCAGTACTCAGCTGGGGGAGGTCCCGGCTCCCTCTGCTGCTCCCACCACGGCCCCCTCAGGCACCCCTGCTCGCACCCCAGGTGCTGAGCCACCTACGTATGAGTGCAGCCACTGTCGCAAGACGTTCAGCTCCCGGAAAAACTACACCAAGCACATGTTCATCCACTCGGGGGAGAAGCCGCACCAGTGCGCCGTGTGCTGGCGATCCTTCTCTCTACGCGACTACCTGCTCAAACACATGGTCACGCACACCGGCGTGCGCGCCTTCCAGTGCGCCGTCTGCGCCAAGCGCTTCACGCAGAAGAGCTCGCTCAACGTGCACATGCGCACTCACCGGCCCGAGCGCGCGCCCTGCCCCGCCTGCGGCAAGGTCTTCTCGCACCGCGCGCTGCTGGAGCGCCACCTGGCGGCGCACCCTGCGCCCTGATGGCGCTGGGGCCTGGCCTCGCCCACGGTGGATCCGGGGCCTCCCGCACAGTCGGCCACGCCCGCTGCGGGACCCGTGGTTCCCGCCACTAGACCACGCTCCCTCCTGAGCGCAGGTCCTCTCTCTCCCTTCACCCTTTCTCCATACCAGGGCCTAAGTCCGCCTTACTCCTCTCCTCCATGTACTTGAACCCTCCAGGTGGTGCCGGGCTGGGGCTGGGGCTGGTTAGACCACTTCTGAGAACTGGACTATTTCCTGCGTAAACCGGGCGCTCAGGCGCTTGGACCCGGCCCAAGATTTGACTCCGGTTCTCACCCCGCCCTCTCCTGGGGTGGTGGTGGGGGCTGGGGGGCCGCTTGCCTGCCCCAGGGTCAGGCTGGGCAAGGTCCCTAGCTCTCTACCCAAGCTGTTACTCCCTCATGGGGCGCCTAAGGAGACTCAAGTGGACCCATCATATATGGGGGCTGGGCCTCGGGACTCTCGCTCTAATAAAGGACTGTAGGCCATGGGGCCTAAACCACGAA',
    'SEQUENCE_PRIMER_PAIR_OK_REGION_LIST': [[10, 185, 1378, 543]],
    'SEQUENCE_OVERLAP_JUNCTION_LIST': (77,)}
thermo_args:
None
thermo_filters:
None

>>> Primer3Results: 5 results <<<
Primer3Pair 0:
{   'result_num': 0,
    'passed': True,
    'thermo_results': Primer3ThermoResults(tm=ThermoEvalPair(fwd=ThermoEval(passed=True, val=60.72572777545006), rev=ThermoEval(passed=True, val=57.95332765937736)),
                                           hairpin=ThermoEvalPair(fwd=ThermoEval(passed=True, val=ThermoResult(structure_found=True, tm=40.67, dg=-134.35, dh=-11500.00, ds=-36.65)), rev=ThermoEval(passed=True, val=ThermoResult(structure_found=True, tm=36.95, dg=4.41, dh=-30400.00, ds=-98.03))),
                                           homodimer=ThermoEvalPair(fwd=ThermoEval(passed=True, val=ThermoResult(structure_found=True, tm=11.43, dg=-6310.58, dh=-54600.00, ds=-155.70)), rev=ThermoEval(passed=True, val=ThermoResult(structure_found=True, tm=-25.91, dg=-3276.79, dh=-31200.00, ds=-90.03))),
                                           heterodimer=ThermoEval(passed=True, val=ThermoResult(structure_found=True, tm=-2.09, dg=-5302.67, dh=-41000.00, ds=-115.10)),
                                           end_stability=ThermoEval(passed=True, val=ThermoResult(structure_found=True, tm=-33.49, dg=-567.81, dh=-36200.00, ds=-114.89))),
    'PRIMER_PAIR_PENALTY': 3.8216576018201636,
    'PRIMER_LEFT_PENALTY': 3.7817699113506364,
    'PRIMER_RIGHT_PENALTY': 0.039887690469527115,
    'PRIMER_LEFT_SEQUENCE': 'GAGTCGGAGATGGCGGCTG',
    'PRIMER_RIGHT_SEQUENCE': 'GCGTAGAGAGAAGGATCGCC',
    'PRIMER_LEFT': [67, 19],
    'PRIMER_RIGHT': [1404, 20],
    'PRIMER_LEFT_TM': 62.78176991135064,
    'PRIMER_RIGHT_TM': 60.03988769046953,
    'PRIMER_LEFT_GC_PERCENT': 68.42105263157895,
    'PRIMER_RIGHT_GC_PERCENT': 60.0,
    'PRIMER_LEFT_SELF_ANY_TH': 11.433814334487238,
    'PRIMER_RIGHT_SELF_ANY_TH': 0.0,
    'PRIMER_LEFT_SELF_END_TH': 0.0,
    'PRIMER_RIGHT_SELF_END_TH': 0.0,
    'PRIMER_LEFT_HAIRPIN_TH': 40.666170480711344,
    'PRIMER_RIGHT_HAIRPIN_TH': 36.95498844297401,
    'PRIMER_LEFT_END_STABILITY': 4.85,
    'PRIMER_RIGHT_END_STABILITY': 5.54,
    'PRIMER_PAIR_COMPL_ANY_TH': 0.0,
    'PRIMER_PAIR_COMPL_END_TH': 0.0,
    'PRIMER_PAIR_PRODUCT_SIZE': 1338,
    'PRIMER_PAIR_PRODUCT_TM': 94.94600589468317}
Primer3Pair 1:
{   'result_num': 1,
    'passed': True,
    'thermo_results': Primer3ThermoResults(tm=ThermoEvalPair(fwd=ThermoEval(passed=True, val=59.780523193301725), rev=ThermoEval(passed=True, val=57.95332765937736)),
                                           hairpin=ThermoEvalPair(fwd=ThermoEval(passed=True, val=ThermoResult(structure_found=True, tm=40.67, dg=-134.35, dh=-11500.00, ds=-36.65)), rev=ThermoEval(passed=True, val=ThermoResult(structure_found=True, tm=36.95, dg=4.41, dh=-30400.00, ds=-98.03))),
                                           homodimer=ThermoEvalPair(fwd=ThermoEval(passed=True, val=ThermoResult(structure_found=True, tm=11.43, dg=-6310.58, dh=-54600.00, ds=-155.70)), rev=ThermoEval(passed=True, val=ThermoResult(structure_found=True, tm=-25.91, dg=-3276.79, dh=-31200.00, ds=-90.03))),
                                           heterodimer=ThermoEval(passed=True, val=ThermoResult(structure_found=True, tm=-2.09, dg=-5302.67, dh=-41000.00, ds=-115.10)),
                                           end_stability=ThermoEval(passed=True, val=ThermoResult(structure_found=True, tm=-33.49, dg=-567.81, dh=-36200.00, ds=-114.89))),
    'PRIMER_PAIR_PENALTY': 3.882810914503409,
    'PRIMER_LEFT_PENALTY': 3.842923224033882,
    'PRIMER_RIGHT_PENALTY': 0.039887690469527115,
    'PRIMER_LEFT_SEQUENCE': 'AGTCGGAGATGGCGGCTG',
    'PRIMER_RIGHT_SEQUENCE': 'GCGTAGAGAGAAGGATCGCC',
    'PRIMER_LEFT': [68, 18],
    'PRIMER_RIGHT': [1404, 20],
    'PRIMER_LEFT_TM': 61.84292322403388,
    'PRIMER_RIGHT_TM': 60.03988769046953,
    'PRIMER_LEFT_GC_PERCENT': 66.66666666666667,
    'PRIMER_RIGHT_GC_PERCENT': 60.0,
    'PRIMER_LEFT_SELF_ANY_TH': 11.433814334487238,
    'PRIMER_RIGHT_SELF_ANY_TH': 0.0,
    'PRIMER_LEFT_SELF_END_TH': 0.0,
    'PRIMER_RIGHT_SELF_END_TH': 0.0,
    'PRIMER_LEFT_HAIRPIN_TH': 40.666170480711344,
    'PRIMER_RIGHT_HAIRPIN_TH': 36.95498844297401,
    'PRIMER_LEFT_END_STABILITY': 4.85,
    'PRIMER_RIGHT_END_STABILITY': 5.54,
    'PRIMER_PAIR_COMPL_ANY_TH': 0.0,
    'PRIMER_PAIR_COMPL_END_TH': 0.0,
    'PRIMER_PAIR_PRODUCT_SIZE': 1337,
    'PRIMER_PAIR_PRODUCT_TM': 94.93515065690097}
Primer3Pair 2:
{   'result_num': 2,
    'passed': True,
    'thermo_results': Primer3ThermoResults(tm=ThermoEvalPair(fwd=ThermoEval(passed=True, val=60.72572777545006), rev=ThermoEval(passed=True, val=57.80895273875189)),
                                           hairpin=ThermoEvalPair(fwd=ThermoEval(passed=True, val=ThermoResult(structure_found=True, tm=40.67, dg=-134.35, dh=-11500.00, ds=-36.65)), rev=ThermoEval(passed=True, val=ThermoResult(structure_found=True, tm=42.12, dg=-428.98, dh=-26400.00, ds=-83.74))),
                                           homodimer=ThermoEvalPair(fwd=ThermoEval(passed=True, val=ThermoResult(structure_found=True, tm=11.43, dg=-6310.58, dh=-54600.00, ds=-155.70)), rev=ThermoEval(passed=True, val=ThermoResult(structure_found=True, tm=2.89, dg=-4616.22, dh=-53400.00, ds=-157.29))),
                                           heterodimer=ThermoEval(passed=True, val=ThermoResult(structure_found=True, tm=-6.50, dg=-4788.20, dh=-39400.00, ds=-111.60)),
                                           end_stability=ThermoEval(passed=True, val=ThermoResult(structure_found=True, tm=-71.30, dg=-1021.95, dh=-19000.00, ds=-57.97))),
    'PRIMER_PAIR_PENALTY': 3.886257141506576,
    'PRIMER_LEFT_PENALTY': 3.7817699113506364,
    'PRIMER_RIGHT_PENALTY': 0.10448723015593941,
    'PRIMER_LEFT_SEQUENCE': 'GAGTCGGAGATGGCGGCTG',
    'PRIMER_RIGHT_SEQUENCE': 'GGAGTAAGGCGGACTTAGGC',
    'PRIMER_LEFT': [67, 19],
    'PRIMER_RIGHT': [1782, 20],
    'PRIMER_LEFT_TM': 62.78176991135064,
    'PRIMER_RIGHT_TM': 59.89551276984406,
    'PRIMER_LEFT_GC_PERCENT': 68.42105263157895,
    'PRIMER_RIGHT_GC_PERCENT': 60.0,
    'PRIMER_LEFT_SELF_ANY_TH': 11.433814334487238,
    'PRIMER_RIGHT_SELF_ANY_TH': 2.8859452485608017,
    'PRIMER_LEFT_SELF_END_TH': 0.0,
    'PRIMER_RIGHT_SELF_END_TH': 0.0,
    'PRIMER_LEFT_HAIRPIN_TH': 40.666170480711344,
    'PRIMER_RIGHT_HAIRPIN_TH': 42.122918456786465,
    'PRIMER_LEFT_END_STABILITY': 4.85,
    'PRIMER_RIGHT_END_STABILITY': 3.93,
    'PRIMER_PAIR_COMPL_ANY_TH': 0.0,
    'PRIMER_PAIR_COMPL_END_TH': 0.0,
    'PRIMER_PAIR_PRODUCT_SIZE': 1716,
    'PRIMER_PAIR_PRODUCT_TM': 95.44314179316436}
Primer3Pair 3:
{   'result_num': 3,
    'passed': True,
    'thermo_results': Primer3ThermoResults(tm=ThermoEvalPair(fwd=ThermoEval(passed=True, val=60.72572777545006), rev=ThermoEval(passed=True, val=58.02005924097296)),
                                           hairpin=ThermoEvalPair(fwd=ThermoEval(passed=True, val=ThermoResult(structure_found=True, tm=40.67, dg=-134.35, dh=-11500.00, ds=-36.65)), rev=ThermoEval(passed=True, val=ThermoResult(structure_found=False, tm=0.00, dg=0.00, dh=0.00, ds=0.00))),
                                           homodimer=ThermoEvalPair(fwd=ThermoEval(passed=True, val=ThermoResult(structure_found=True, tm=11.43, dg=-6310.58, dh=-54600.00, ds=-155.70)), rev=ThermoEval(passed=True, val=ThermoResult(structure_found=True, tm=-36.74, dg=-2358.05, dh=-28400.00, ds=-83.97))),
                                           heterodimer=ThermoEval(passed=True, val=ThermoResult(structure_found=True, tm=-6.50, dg=-4788.20, dh=-39400.00, ds=-111.60)),
                                           end_stability=ThermoEval(passed=True, val=ThermoResult(structure_found=True, tm=-71.30, dg=-1021.95, dh=-19000.00, ds=-57.97))),
    'PRIMER_PAIR_PENALTY': 3.888389183415768,
    'PRIMER_LEFT_PENALTY': 3.7817699113506364,
    'PRIMER_RIGHT_PENALTY': 0.10661927206513155,
    'PRIMER_LEFT_SEQUENCE': 'GAGTCGGAGATGGCGGCTG',
    'PRIMER_RIGHT_SEQUENCE': 'GAGGAGAGGAGTAAGGCGGA',
    'PRIMER_LEFT': [67, 19],
    'PRIMER_RIGHT': [1789, 20],
    'PRIMER_LEFT_TM': 62.78176991135064,
    'PRIMER_RIGHT_TM': 60.10661927206513,
    'PRIMER_LEFT_GC_PERCENT': 68.42105263157895,
    'PRIMER_RIGHT_GC_PERCENT': 60.0,
    'PRIMER_LEFT_SELF_ANY_TH': 11.433814334487238,
    'PRIMER_RIGHT_SELF_ANY_TH': 0.0,
    'PRIMER_LEFT_SELF_END_TH': 0.0,
    'PRIMER_RIGHT_SELF_END_TH': 0.0,
    'PRIMER_LEFT_HAIRPIN_TH': 40.666170480711344,
    'PRIMER_RIGHT_HAIRPIN_TH': 0.0,
    'PRIMER_LEFT_END_STABILITY': 4.85,
    'PRIMER_RIGHT_END_STABILITY': 5.54,
    'PRIMER_PAIR_COMPL_ANY_TH': 0.0,
    'PRIMER_PAIR_COMPL_END_TH': 0.0,
    'PRIMER_PAIR_PRODUCT_SIZE': 1723,
    'PRIMER_PAIR_PRODUCT_TM': 95.42869850768218}
Primer3Pair 4:
{   'result_num': 4,
    'passed': True,
    'thermo_results': Primer3ThermoResults(tm=ThermoEvalPair(fwd=ThermoEval(passed=True, val=60.72572777545006), rev=ThermoEval(passed=True, val=58.0031199464557)),
                                           hairpin=ThermoEvalPair(fwd=ThermoEval(passed=True, val=ThermoResult(structure_found=True, tm=40.67, dg=-134.35, dh=-11500.00, ds=-36.65)), rev=ThermoEval(passed=True, val=ThermoResult(structure_found=False, tm=0.00, dg=0.00, dh=0.00, ds=0.00))),
                                           homodimer=ThermoEvalPair(fwd=ThermoEval(passed=True, val=ThermoResult(structure_found=True, tm=11.43, dg=-6310.58, dh=-54600.00, ds=-155.70)), rev=ThermoEval(passed=True, val=ThermoResult(structure_found=True, tm=5.77, dg=-5885.76, dh=-47600.00, ds=-134.50))),
                                           heterodimer=ThermoEval(passed=True, val=ThermoResult(structure_found=True, tm=-2.49, dg=-5014.45, dh=-42500.00, ds=-120.86)),
                                           end_stability=ThermoEval(passed=True, val=ThermoResult(structure_found=True, tm=-33.65, dg=-2307.80, dh=-30200.00, ds=-89.93))),
    'PRIMER_PAIR_PENALTY': 3.889569889168513,
    'PRIMER_LEFT_PENALTY': 3.7817699113506364,
    'PRIMER_RIGHT_PENALTY': 0.10779997781787642,
    'PRIMER_LEFT_SEQUENCE': 'GAGTCGGAGATGGCGGCTG',
    'PRIMER_RIGHT_SEQUENCE': 'AGCAGGTAGTCGCGTAGAGA',
    'PRIMER_LEFT': [67, 19],
    'PRIMER_RIGHT': [1415, 20],
    'PRIMER_LEFT_TM': 62.78176991135064,
    'PRIMER_RIGHT_TM': 60.107799977817876,
    'PRIMER_LEFT_GC_PERCENT': 68.42105263157895,
    'PRIMER_RIGHT_GC_PERCENT': 55.0,
    'PRIMER_LEFT_SELF_ANY_TH': 11.433814334487238,
    'PRIMER_RIGHT_SELF_ANY_TH': 5.768584490451474,
    'PRIMER_LEFT_SELF_END_TH': 0.0,
    'PRIMER_RIGHT_SELF_END_TH': 0.0,
    'PRIMER_LEFT_HAIRPIN_TH': 40.666170480711344,
    'PRIMER_RIGHT_HAIRPIN_TH': 0.0,
    'PRIMER_LEFT_END_STABILITY': 4.85,
    'PRIMER_RIGHT_END_STABILITY': 3.1,
    'PRIMER_PAIR_COMPL_ANY_TH': 0.0,
    'PRIMER_PAIR_COMPL_END_TH': 0.0,
    'PRIMER_PAIR_PRODUCT_SIZE': 1349,
    'PRIMER_PAIR_PRODUCT_TM': 94.91238690436649}

>>> PrimerDesigns 5 <<<
    target_id ZBTB45+1
    tran_id WTC11_consolidated/FSM_45682
>>> PrimerDesign <<<
    ppair_id ZBTB45+1_pp1
    features_5p [ExonFeature(genome=Coords(name='chr19', start=58517663, end=58517673, strand='+', size=58617616), trans=Coords(name='FSM_45682', start=2050, end=2060, strand='-', size=2136))
 ExonFeature(genome=Coords(name='chr19', start=58519741, end=58519750, strand='+', size=58617616), trans=Coords(name='FSM_45682', start=2060, end=2069, strand='-', size=2136))]
    features_3p [ExonFeature(genome=Coords(name='chr19', start=58514260, end=58514280, strand='+', size=58617616), trans=Coords(name='FSM_45682', start=731, end=751, strand='-', size=2136))]
    passed True
    priority 1
    amplicon_coords FSM_45682:67-1405
    amplicon_length 1338
    PRIMER_LEFT [67, 19]
    PRIMER_RIGHT [1404, 20]
    PRIMER_LEFT_SEQUENCE GAGTCGGAGATGGCGGCTG
    PRIMER_RIGHT_SEQUENCE GCGTAGAGAGAAGGATCGCC
    PRIMER_PAIR_PRODUCT_SIZE 1338
    genome_on_targets None
    genome_off_targets None
    genome_non_targets None
    transcriptome_on_targets None
    transcriptome_off_targets None
    transcriptome_non_targets None
    thermo_results
Primer3ThermoResults(tm=ThermoEvalPair(fwd=ThermoEval(passed=True, val=60.72572777545006), rev=ThermoEval(passed=True, val=57.95332765937736)),
                     hairpin=ThermoEvalPair(fwd=ThermoEval(passed=True, val=ThermoResult(structure_found=True, tm=40.67, dg=-134.35, dh=-11500.00, ds=-36.65)), rev=ThermoEval(passed=True, val=ThermoResult(structure_found=True, tm=36.95, dg=4.41, dh=-30400.00, ds=-98.03))),
                     homodimer=ThermoEvalPair(fwd=ThermoEval(passed=True, val=ThermoResult(structure_found=True, tm=11.43, dg=-6310.58, dh=-54600.00, ds=-155.70)), rev=ThermoEval(passed=True, val=ThermoResult(structure_found=True, tm=-25.91, dg=-3276.79, dh=-31200.00, ds=-90.03))),
                     heterodimer=ThermoEval(passed=True, val=ThermoResult(structure_found=True, tm=-2.09, dg=-5302.67, dh=-41000.00, ds=-115.10)),
                     end_stability=ThermoEval(passed=True, val=ThermoResult(structure_found=True, tm=-33.49, dg=-567.81, dh=-36200.00, ds=-114.89)))
>>> PrimerDesign <<<
    ppair_id ZBTB45+1_pp2
    features_5p [ExonFeature(genome=Coords(name='chr19', start=58517663, end=58517673, strand='+', size=58617616), trans=Coords(name='FSM_45682', start=2050, end=2060, strand='-', size=2136))
 ExonFeature(genome=Coords(name='chr19', start=58519741, end=58519749, strand='+', size=58617616), trans=Coords(name='FSM_45682', start=2060, end=2068, strand='-', size=2136))]
    features_3p [ExonFeature(genome=Coords(name='chr19', start=58514260, end=58514280, strand='+', size=58617616), trans=Coords(name='FSM_45682', start=731, end=751, strand='-', size=2136))]
    passed True
    priority 2
    amplicon_coords FSM_45682:68-1405
    amplicon_length 1337
    PRIMER_LEFT [68, 18]
    PRIMER_RIGHT [1404, 20]
    PRIMER_LEFT_SEQUENCE AGTCGGAGATGGCGGCTG
    PRIMER_RIGHT_SEQUENCE GCGTAGAGAGAAGGATCGCC
    PRIMER_PAIR_PRODUCT_SIZE 1337
    genome_on_targets None
    genome_off_targets None
    genome_non_targets None
    transcriptome_on_targets None
    transcriptome_off_targets None
    transcriptome_non_targets None
    thermo_results
Primer3ThermoResults(tm=ThermoEvalPair(fwd=ThermoEval(passed=True, val=59.780523193301725), rev=ThermoEval(passed=True, val=57.95332765937736)),
                     hairpin=ThermoEvalPair(fwd=ThermoEval(passed=True, val=ThermoResult(structure_found=True, tm=40.67, dg=-134.35, dh=-11500.00, ds=-36.65)), rev=ThermoEval(passed=True, val=ThermoResult(structure_found=True, tm=36.95, dg=4.41, dh=-30400.00, ds=-98.03))),
                     homodimer=ThermoEvalPair(fwd=ThermoEval(passed=True, val=ThermoResult(structure_found=True, tm=11.43, dg=-6310.58, dh=-54600.00, ds=-155.70)), rev=ThermoEval(passed=True, val=ThermoResult(structure_found=True, tm=-25.91, dg=-3276.79, dh=-31200.00, ds=-90.03))),
                     heterodimer=ThermoEval(passed=True, val=ThermoResult(structure_found=True, tm=-2.09, dg=-5302.67, dh=-41000.00, ds=-115.10)),
                     end_stability=ThermoEval(passed=True, val=ThermoResult(structure_found=True, tm=-33.49, dg=-567.81, dh=-36200.00, ds=-114.89)))
>>> PrimerDesign <<<
    ppair_id ZBTB45+1_pp4
    features_5p [ExonFeature(genome=Coords(name='chr19', start=58517663, end=58517673, strand='+', size=58617616), trans=Coords(name='FSM_45682', start=2050, end=2060, strand='-', size=2136))
 ExonFeature(genome=Coords(name='chr19', start=58519741, end=58519750, strand='+', size=58617616), trans=Coords(name='FSM_45682', start=2060, end=2069, strand='-', size=2136))]
    features_3p [ExonFeature(genome=Coords(name='chr19', start=58513875, end=58513895, strand='+', size=58617616), trans=Coords(name='FSM_45682', start=346, end=366, strand='-', size=2136))]
    passed True
    priority 3
    amplicon_coords FSM_45682:67-1790
    amplicon_length 1723
    PRIMER_LEFT [67, 19]
    PRIMER_RIGHT [1789, 20]
    PRIMER_LEFT_SEQUENCE GAGTCGGAGATGGCGGCTG
    PRIMER_RIGHT_SEQUENCE GAGGAGAGGAGTAAGGCGGA
    PRIMER_PAIR_PRODUCT_SIZE 1723
    genome_on_targets None
    genome_off_targets None
    genome_non_targets None
    transcriptome_on_targets None
    transcriptome_off_targets None
    transcriptome_non_targets None
    thermo_results
Primer3ThermoResults(tm=ThermoEvalPair(fwd=ThermoEval(passed=True, val=60.72572777545006), rev=ThermoEval(passed=True, val=58.02005924097296)),
                     hairpin=ThermoEvalPair(fwd=ThermoEval(passed=True, val=ThermoResult(structure_found=True, tm=40.67, dg=-134.35, dh=-11500.00, ds=-36.65)), rev=ThermoEval(passed=True, val=ThermoResult(structure_found=False, tm=0.00, dg=0.00, dh=0.00, ds=0.00))),
                     homodimer=ThermoEvalPair(fwd=ThermoEval(passed=True, val=ThermoResult(structure_found=True, tm=11.43, dg=-6310.58, dh=-54600.00, ds=-155.70)), rev=ThermoEval(passed=True, val=ThermoResult(structure_found=True, tm=-36.74, dg=-2358.05, dh=-28400.00, ds=-83.97))),
                     heterodimer=ThermoEval(passed=True, val=ThermoResult(structure_found=True, tm=-6.50, dg=-4788.20, dh=-39400.00, ds=-111.60)),
                     end_stability=ThermoEval(passed=True, val=ThermoResult(structure_found=True, tm=-71.30, dg=-1021.95, dh=-19000.00, ds=-57.97)))
>>> PrimerDesign <<<
    ppair_id ZBTB45+1_pp3
    features_5p [ExonFeature(genome=Coords(name='chr19', start=58517663, end=58517673, strand='+', size=58617616), trans=Coords(name='FSM_45682', start=2050, end=2060, strand='-', size=2136))
 ExonFeature(genome=Coords(name='chr19', start=58519741, end=58519750, strand='+', size=58617616), trans=Coords(name='FSM_45682', start=2060, end=2069, strand='-', size=2136))]
    features_3p [ExonFeature(genome=Coords(name='chr19', start=58513882, end=58513902, strand='+', size=58617616), trans=Coords(name='FSM_45682', start=353, end=373, strand='-', size=2136))]
    passed True
    priority 4
    amplicon_coords FSM_45682:67-1783
    amplicon_length 1716
    PRIMER_LEFT [67, 19]
    PRIMER_RIGHT [1782, 20]
    PRIMER_LEFT_SEQUENCE GAGTCGGAGATGGCGGCTG
    PRIMER_RIGHT_SEQUENCE GGAGTAAGGCGGACTTAGGC
    PRIMER_PAIR_PRODUCT_SIZE 1716
    genome_on_targets None
    genome_off_targets None
    genome_non_targets None
    transcriptome_on_targets None
    transcriptome_off_targets None
    transcriptome_non_targets None
    thermo_results
Primer3ThermoResults(tm=ThermoEvalPair(fwd=ThermoEval(passed=True, val=60.72572777545006), rev=ThermoEval(passed=True, val=57.80895273875189)),
                     hairpin=ThermoEvalPair(fwd=ThermoEval(passed=True, val=ThermoResult(structure_found=True, tm=40.67, dg=-134.35, dh=-11500.00, ds=-36.65)), rev=ThermoEval(passed=True, val=ThermoResult(structure_found=True, tm=42.12, dg=-428.98, dh=-26400.00, ds=-83.74))),
                     homodimer=ThermoEvalPair(fwd=ThermoEval(passed=True, val=ThermoResult(structure_found=True, tm=11.43, dg=-6310.58, dh=-54600.00, ds=-155.70)), rev=ThermoEval(passed=True, val=ThermoResult(structure_found=True, tm=2.89, dg=-4616.22, dh=-53400.00, ds=-157.29))),
                     heterodimer=ThermoEval(passed=True, val=ThermoResult(structure_found=True, tm=-6.50, dg=-4788.20, dh=-39400.00, ds=-111.60)),
                     end_stability=ThermoEval(passed=True, val=ThermoResult(structure_found=True, tm=-71.30, dg=-1021.95, dh=-19000.00, ds=-57.97)))
>>> PrimerDesign <<<
    ppair_id ZBTB45+1_pp5
    features_5p [ExonFeature(genome=Coords(name='chr19', start=58517663, end=58517673, strand='+', size=58617616), trans=Coords(name='FSM_45682', start=2050, end=2060, strand='-', size=2136))
 ExonFeature(genome=Coords(name='chr19', start=58519741, end=58519750, strand='+', size=58617616), trans=Coords(name='FSM_45682', start=2060, end=2069, strand='-', size=2136))]
    features_3p [ExonFeature(genome=Coords(name='chr19', start=58514249, end=58514269, strand='+', size=58617616), trans=Coords(name='FSM_45682', start=720, end=740, strand='-', size=2136))]
    passed True
    priority 5
    amplicon_coords FSM_45682:67-1416
    amplicon_length 1349
    PRIMER_LEFT [67, 19]
    PRIMER_RIGHT [1415, 20]
    PRIMER_LEFT_SEQUENCE GAGTCGGAGATGGCGGCTG
    PRIMER_RIGHT_SEQUENCE AGCAGGTAGTCGCGTAGAGA
    PRIMER_PAIR_PRODUCT_SIZE 1349
    genome_on_targets None
    genome_off_targets None
    genome_non_targets None
    transcriptome_on_targets None
    transcriptome_off_targets None
    transcriptome_non_targets None
    thermo_results
Primer3ThermoResults(tm=ThermoEvalPair(fwd=ThermoEval(passed=True, val=60.72572777545006), rev=ThermoEval(passed=True, val=58.0031199464557)),
                     hairpin=ThermoEvalPair(fwd=ThermoEval(passed=True, val=ThermoResult(structure_found=True, tm=40.67, dg=-134.35, dh=-11500.00, ds=-36.65)), rev=ThermoEval(passed=True, val=ThermoResult(structure_found=False, tm=0.00, dg=0.00, dh=0.00, ds=0.00))),
                     homodimer=ThermoEvalPair(fwd=ThermoEval(passed=True, val=ThermoResult(structure_found=True, tm=11.43, dg=-6310.58, dh=-54600.00, ds=-155.70)), rev=ThermoEval(passed=True, val=ThermoResult(structure_found=True, tm=5.77, dg=-5885.76, dh=-47600.00, ds=-134.50))),
                     heterodimer=ThermoEval(passed=True, val=ThermoResult(structure_found=True, tm=-2.49, dg=-5014.45, dh=-42500.00, ds=-120.86)),
                     end_stability=ThermoEval(passed=True, val=ThermoResult(structure_found=True, tm=-33.65, dg=-2307.80, dh=-30200.00, ds=-89.93)))

