target_id	transcript_id	design_status	position	browser	primer_id	left_primer	right_primer	pri	amplicon_len	amplicon_exons	tm_left_degC	tm_right_degC	hairpin_left_dG	hairpin_right_dG	homodimer_left_dG	homodimer_right_dG	heterodimer_dG	end_stability_dG	on_target_trans	off_target_trans	on_target_genome	off_target_genome	amplicon
BBC3+1	FSM_45580	NO_PRIMERS	chr19:47220823-47231194	=HYPERLINK("https://genome.ucsc.edu/cgi-bin/hgTracks?position=chr19%3A47220823-47231194&db=hg38&genome=hg38&hubUrl=http%3A//conesalab.org/LRGASP/LRGASP_hub/hub.txt&hubUrl=https%3A//hgwdev.gi.ucsc.edu/~markd/lrgasp/juju-hub/hub.txt", "chr19:47220823-47231194")																			
