target_id	transcript_id	design_status	position	browser	primer_id	left_primer	right_primer	pri	amplicon_len	amplicon_exons	left_delta_G	right_delta_G	on_target_trans	off_target_trans	on_target_genome	off_target_genome	amplicon
FBXL16+1	NIC_57258	FAILED	chr16:692501-695330	=HYPERLINK("https://genome.ucsc.edu/cgi-bin/hgTracks?position=chr16%3A692501-695330&db=hg38&genome=hg38&hubUrl=http%3A//test.org/JuJu/hub.txt", "chr16:692501-695330")	FBXL16+1_pp1	CTTCCCGGTGTGTACGCAT	TACTTGAAGAGCTCGGGGGT	1	265	4	4.73	4.95					CTTCCCGGTGTGTACGCATCACGGACACTGGCCTCAGCTATCTGTCCACCATGTCGTCCCTCCGCAGCCTCTACCTGCGATGGTGCTGCCAGGTGCAAGACTTCGGGCTGAAGCACCTCCTGGCCCTGGGGAGTTTGCGCCTCCTGTCTCTGGCAGGCTGCCCGCTGCTCACCACCACCGGGCTGTCGGGCCTGGTGCAGCTGCAGGAGCTGGAGGAGCTGGAGCTGACCAACTGCCCCGGGGCCACCCCCGAGCTCTTCAAGTA
FBXL16+1	NIC_57258	FAILED			FBXL16+1_pp5	CTTCCCGGTGTGTACGCAT	CTTGAAGAGCTCGGGGGTG	2	263	4	4.73	4.61					CTTCCCGGTGTGTACGCATCACGGACACTGGCCTCAGCTATCTGTCCACCATGTCGTCCCTCCGCAGCCTCTACCTGCGATGGTGCTGCCAGGTGCAAGACTTCGGGCTGAAGCACCTCCTGGCCCTGGGGAGTTTGCGCCTCCTGTCTCTGGCAGGCTGCCCGCTGCTCACCACCACCGGGCTGTCGGGCCTGGTGCAGCTGCAGGAGCTGGAGGAGCTGGAGCTGACCAACTGCCCCGGGGCCACCCCCGAGCTCTTCAAG
FBXL16+1	NIC_57258	FAILED			FBXL16+1_pp2	TTCCCGGTGTGTACGCATC	TACTTGAAGAGCTCGGGGGT	3	264	4	3.91	4.95					TTCCCGGTGTGTACGCATCACGGACACTGGCCTCAGCTATCTGTCCACCATGTCGTCCCTCCGCAGCCTCTACCTGCGATGGTGCTGCCAGGTGCAAGACTTCGGGCTGAAGCACCTCCTGGCCCTGGGGAGTTTGCGCCTCCTGTCTCTGGCAGGCTGCCCGCTGCTCACCACCACCGGGCTGTCGGGCCTGGTGCAGCTGCAGGAGCTGGAGGAGCTGGAGCTGACCAACTGCCCCGGGGCCACCCCCGAGCTCTTCAAGTA
FBXL16+1	NIC_57258	FAILED			FBXL16+1_pp3	CTTCCCGGTGTGTACGCATC	TACTTGAAGAGCTCGGGGGT	4	265	4	3.91	4.95					CTTCCCGGTGTGTACGCATCACGGACACTGGCCTCAGCTATCTGTCCACCATGTCGTCCCTCCGCAGCCTCTACCTGCGATGGTGCTGCCAGGTGCAAGACTTCGGGCTGAAGCACCTCCTGGCCCTGGGGAGTTTGCGCCTCCTGTCTCTGGCAGGCTGCCCGCTGCTCACCACCACCGGGCTGTCGGGCCTGGTGCAGCTGCAGGAGCTGGAGGAGCTGGAGCTGACCAACTGCCCCGGGGCCACCCCCGAGCTCTTCAAGTA
FBXL16+1	NIC_57258	FAILED			FBXL16+1_pp4	TTCCCGGTGTGTACGCATCA	TACTTGAAGAGCTCGGGGGT	5	264	4	3.07	4.95					TTCCCGGTGTGTACGCATCACGGACACTGGCCTCAGCTATCTGTCCACCATGTCGTCCCTCCGCAGCCTCTACCTGCGATGGTGCTGCCAGGTGCAAGACTTCGGGCTGAAGCACCTCCTGGCCCTGGGGAGTTTGCGCCTCCTGTCTCTGGCAGGCTGCCCGCTGCTCACCACCACCGGGCTGTCGGGCCTGGTGCAGCTGCAGGAGCTGGAGGAGCTGGAGCTGACCAACTGCCCCGGGGCCACCCCCGAGCTCTTCAAGTA
