target_id	primer_id	pri	track	transcript_id	amplicon_coords	amplicon_len	amplicon_exons	amplicon
ZBTB45+1	ZBTB45+1_pp1	1	WTC11_consolidated	FSM_45682	FSM_45682:67-1405	1338	3	GAGTCGGAGATGGCGGCTGCAGAGGCTGTGCATCACATACACCTGCAGAACTTCTCACGCTCTCTGCTTGAGACCCTCAATGGGCAGAGGCTTGGGGGACACTTCTGTGACGTGACTGTGCGCATTCGTGAAGCTTCGCTGCGTGCCCACCGCTGCGTGCTGGCGGCCGGCTCACCCTTCTTCCAAGACAAGCTGCTGCTCGGCCACTCTGAGATCCGTGTGCCTCCGGTGGTGCCCGCGCAGACAGTGCGACAGCTGGTAGAGTTCCTGTACAGCGGTTCGCTCGTTGTGGCGCAGGGTGAAGCCCTGCAGGTGCTCACGGCCGCGTCAGTGCTTCGCATACAGACAGTTATCGACGAATGCACGCAGATTATCGCCCGCGCTCGAGCCCCGGGCACCTCTGCGCCCACGCCCCTGCCCACCCCTGTGCCCCCGCCACTCGCACCTGCGCAGCTGCGTCACCGCCTGCGCCACCTGCTGGCTGCACGTCCCCCGGGGCACCCCGGTGCTGCACACAGCCGTAAGCAGCGCCAGCCCGCGCGTTTGCAGCTGCCAGCGCCCCCAACACCTGCCAAGGCTGAGGGGCCTGATGCTGACCCCTCACTGTCCGCGGCCCCTGATGACCGAGGTGACGAGGATGACGAGGAAAGTGACGATGAGACCGATGGCGAGGATGGCGAAGGTGGCGGCCCAGGCGAGGGCCAGGCACCTCCTTCCTTCCCAGACTGTGCTGCTGGCTTCCTCACTGCTGCTGCTGACAGCGCGTGCGAGGAGCCCCCTGCACCCACTGGCCTCGCTGACTACAGTGGTGCCGGGAGAGATTTTCTTCGGGGAGCTGGGTCAGCTGAGGACGTATTTCCAGACAGCTATGTATCCACTTGGCACGACGAGGATGGCGCTGTCCCCGAAGGCTGTCCCACTGAGACCCCTGTCCAGCCCGACTGCATACTGTCTGGATCCCGCCCGCCTGGTGTGAAGACCCCAGGGCCGCCCGTTGCACTCTTCCCCTTTCACTTGGGTGCCCCTGGGCCACCCGCACCACCCCCTTCAGCACCATCGGGGCCAGCCCCTGCGCCCCCACCCGCCTTCTACCCCACACTCCAGCCCGAGGCAGCCCCCAGTACTCAGCTGGGGGAGGTCCCGGCTCCCTCTGCTGCTCCCACCACGGCCCCCTCAGGCACCCCTGCTCGCACCCCAGGTGCTGAGCCACCTACGTATGAGTGCAGCCACTGTCGCAAGACGTTCAGCTCCCGGAAAAACTACACCAAGCACATGTTCATCCACTCGGGGGAGAAGCCGCACCAGTGCGCCGTGTGCTGGCGATCCTTCTCTCTACGC
ZBTB45+1	ZBTB45+1_pp2	2	WTC11_consolidated	FSM_45682	FSM_45682:68-1405	1337	3	AGTCGGAGATGGCGGCTGCAGAGGCTGTGCATCACATACACCTGCAGAACTTCTCACGCTCTCTGCTTGAGACCCTCAATGGGCAGAGGCTTGGGGGACACTTCTGTGACGTGACTGTGCGCATTCGTGAAGCTTCGCTGCGTGCCCACCGCTGCGTGCTGGCGGCCGGCTCACCCTTCTTCCAAGACAAGCTGCTGCTCGGCCACTCTGAGATCCGTGTGCCTCCGGTGGTGCCCGCGCAGACAGTGCGACAGCTGGTAGAGTTCCTGTACAGCGGTTCGCTCGTTGTGGCGCAGGGTGAAGCCCTGCAGGTGCTCACGGCCGCGTCAGTGCTTCGCATACAGACAGTTATCGACGAATGCACGCAGATTATCGCCCGCGCTCGAGCCCCGGGCACCTCTGCGCCCACGCCCCTGCCCACCCCTGTGCCCCCGCCACTCGCACCTGCGCAGCTGCGTCACCGCCTGCGCCACCTGCTGGCTGCACGTCCCCCGGGGCACCCCGGTGCTGCACACAGCCGTAAGCAGCGCCAGCCCGCGCGTTTGCAGCTGCCAGCGCCCCCAACACCTGCCAAGGCTGAGGGGCCTGATGCTGACCCCTCACTGTCCGCGGCCCCTGATGACCGAGGTGACGAGGATGACGAGGAAAGTGACGATGAGACCGATGGCGAGGATGGCGAAGGTGGCGGCCCAGGCGAGGGCCAGGCACCTCCTTCCTTCCCAGACTGTGCTGCTGGCTTCCTCACTGCTGCTGCTGACAGCGCGTGCGAGGAGCCCCCTGCACCCACTGGCCTCGCTGACTACAGTGGTGCCGGGAGAGATTTTCTTCGGGGAGCTGGGTCAGCTGAGGACGTATTTCCAGACAGCTATGTATCCACTTGGCACGACGAGGATGGCGCTGTCCCCGAAGGCTGTCCCACTGAGACCCCTGTCCAGCCCGACTGCATACTGTCTGGATCCCGCCCGCCTGGTGTGAAGACCCCAGGGCCGCCCGTTGCACTCTTCCCCTTTCACTTGGGTGCCCCTGGGCCACCCGCACCACCCCCTTCAGCACCATCGGGGCCAGCCCCTGCGCCCCCACCCGCCTTCTACCCCACACTCCAGCCCGAGGCAGCCCCCAGTACTCAGCTGGGGGAGGTCCCGGCTCCCTCTGCTGCTCCCACCACGGCCCCCTCAGGCACCCCTGCTCGCACCCCAGGTGCTGAGCCACCTACGTATGAGTGCAGCCACTGTCGCAAGACGTTCAGCTCCCGGAAAAACTACACCAAGCACATGTTCATCCACTCGGGGGAGAAGCCGCACCAGTGCGCCGTGTGCTGGCGATCCTTCTCTCTACGC
ZBTB45+1	ZBTB45+1_pp4	3	WTC11_consolidated	FSM_45682	FSM_45682:67-1790	1723	3	GAGTCGGAGATGGCGGCTGCAGAGGCTGTGCATCACATACACCTGCAGAACTTCTCACGCTCTCTGCTTGAGACCCTCAATGGGCAGAGGCTTGGGGGACACTTCTGTGACGTGACTGTGCGCATTCGTGAAGCTTCGCTGCGTGCCCACCGCTGCGTGCTGGCGGCCGGCTCACCCTTCTTCCAAGACAAGCTGCTGCTCGGCCACTCTGAGATCCGTGTGCCTCCGGTGGTGCCCGCGCAGACAGTGCGACAGCTGGTAGAGTTCCTGTACAGCGGTTCGCTCGTTGTGGCGCAGGGTGAAGCCCTGCAGGTGCTCACGGCCGCGTCAGTGCTTCGCATACAGACAGTTATCGACGAATGCACGCAGATTATCGCCCGCGCTCGAGCCCCGGGCACCTCTGCGCCCACGCCCCTGCCCACCCCTGTGCCCCCGCCACTCGCACCTGCGCAGCTGCGTCACCGCCTGCGCCACCTGCTGGCTGCACGTCCCCCGGGGCACCCCGGTGCTGCACACAGCCGTAAGCAGCGCCAGCCCGCGCGTTTGCAGCTGCCAGCGCCCCCAACACCTGCCAAGGCTGAGGGGCCTGATGCTGACCCCTCACTGTCCGCGGCCCCTGATGACCGAGGTGACGAGGATGACGAGGAAAGTGACGATGAGACCGATGGCGAGGATGGCGAAGGTGGCGGCCCAGGCGAGGGCCAGGCACCTCCTTCCTTCCCAGACTGTGCTGCTGGCTTCCTCACTGCTGCTGCTGACAGCGCGTGCGAGGAGCCCCCTGCACCCACTGGCCTCGCTGACTACAGTGGTGCCGGGAGAGATTTTCTTCGGGGAGCTGGGTCAGCTGAGGACGTATTTCCAGACAGCTATGTATCCACTTGGCACGACGAGGATGGCGCTGTCCCCGAAGGCTGTCCCACTGAGACCCCTGTCCAGCCCGACTGCATACTGTCTGGATCCCGCCCGCCTGGTGTGAAGACCCCAGGGCCGCCCGTTGCACTCTTCCCCTTTCACTTGGGTGCCCCTGGGCCACCCGCACCACCCCCTTCAGCACCATCGGGGCCAGCCCCTGCGCCCCCACCCGCCTTCTACCCCACACTCCAGCCCGAGGCAGCCCCCAGTACTCAGCTGGGGGAGGTCCCGGCTCCCTCTGCTGCTCCCACCACGGCCCCCTCAGGCACCCCTGCTCGCACCCCAGGTGCTGAGCCACCTACGTATGAGTGCAGCCACTGTCGCAAGACGTTCAGCTCCCGGAAAAACTACACCAAGCACATGTTCATCCACTCGGGGGAGAAGCCGCACCAGTGCGCCGTGTGCTGGCGATCCTTCTCTCTACGCGACTACCTGCTCAAACACATGGTCACGCACACCGGCGTGCGCGCCTTCCAGTGCGCCGTCTGCGCCAAGCGCTTCACGCAGAAGAGCTCGCTCAACGTGCACATGCGCACTCACCGGCCCGAGCGCGCGCCCTGCCCCGCCTGCGGCAAGGTCTTCTCGCACCGCGCGCTGCTGGAGCGCCACCTGGCGGCGCACCCTGCGCCCTGATGGCGCTGGGGCCTGGCCTCGCCCACGGTGGATCCGGGGCCTCCCGCACAGTCGGCCACGCCCGCTGCGGGACCCGTGGTTCCCGCCACTAGACCACGCTCCCTCCTGAGCGCAGGTCCTCTCTCTCCCTTCACCCTTTCTCCATACCAGGGCCTAAGTCCGCCTTACTCCTCTCCTC
ZBTB45+1	ZBTB45+1_pp3	4	WTC11_consolidated	FSM_45682	FSM_45682:67-1783	1716	3	GAGTCGGAGATGGCGGCTGCAGAGGCTGTGCATCACATACACCTGCAGAACTTCTCACGCTCTCTGCTTGAGACCCTCAATGGGCAGAGGCTTGGGGGACACTTCTGTGACGTGACTGTGCGCATTCGTGAAGCTTCGCTGCGTGCCCACCGCTGCGTGCTGGCGGCCGGCTCACCCTTCTTCCAAGACAAGCTGCTGCTCGGCCACTCTGAGATCCGTGTGCCTCCGGTGGTGCCCGCGCAGACAGTGCGACAGCTGGTAGAGTTCCTGTACAGCGGTTCGCTCGTTGTGGCGCAGGGTGAAGCCCTGCAGGTGCTCACGGCCGCGTCAGTGCTTCGCATACAGACAGTTATCGACGAATGCACGCAGATTATCGCCCGCGCTCGAGCCCCGGGCACCTCTGCGCCCACGCCCCTGCCCACCCCTGTGCCCCCGCCACTCGCACCTGCGCAGCTGCGTCACCGCCTGCGCCACCTGCTGGCTGCACGTCCCCCGGGGCACCCCGGTGCTGCACACAGCCGTAAGCAGCGCCAGCCCGCGCGTTTGCAGCTGCCAGCGCCCCCAACACCTGCCAAGGCTGAGGGGCCTGATGCTGACCCCTCACTGTCCGCGGCCCCTGATGACCGAGGTGACGAGGATGACGAGGAAAGTGACGATGAGACCGATGGCGAGGATGGCGAAGGTGGCGGCCCAGGCGAGGGCCAGGCACCTCCTTCCTTCCCAGACTGTGCTGCTGGCTTCCTCACTGCTGCTGCTGACAGCGCGTGCGAGGAGCCCCCTGCACCCACTGGCCTCGCTGACTACAGTGGTGCCGGGAGAGATTTTCTTCGGGGAGCTGGGTCAGCTGAGGACGTATTTCCAGACAGCTATGTATCCACTTGGCACGACGAGGATGGCGCTGTCCCCGAAGGCTGTCCCACTGAGACCCCTGTCCAGCCCGACTGCATACTGTCTGGATCCCGCCCGCCTGGTGTGAAGACCCCAGGGCCGCCCGTTGCACTCTTCCCCTTTCACTTGGGTGCCCCTGGGCCACCCGCACCACCCCCTTCAGCACCATCGGGGCCAGCCCCTGCGCCCCCACCCGCCTTCTACCCCACACTCCAGCCCGAGGCAGCCCCCAGTACTCAGCTGGGGGAGGTCCCGGCTCCCTCTGCTGCTCCCACCACGGCCCCCTCAGGCACCCCTGCTCGCACCCCAGGTGCTGAGCCACCTACGTATGAGTGCAGCCACTGTCGCAAGACGTTCAGCTCCCGGAAAAACTACACCAAGCACATGTTCATCCACTCGGGGGAGAAGCCGCACCAGTGCGCCGTGTGCTGGCGATCCTTCTCTCTACGCGACTACCTGCTCAAACACATGGTCACGCACACCGGCGTGCGCGCCTTCCAGTGCGCCGTCTGCGCCAAGCGCTTCACGCAGAAGAGCTCGCTCAACGTGCACATGCGCACTCACCGGCCCGAGCGCGCGCCCTGCCCCGCCTGCGGCAAGGTCTTCTCGCACCGCGCGCTGCTGGAGCGCCACCTGGCGGCGCACCCTGCGCCCTGATGGCGCTGGGGCCTGGCCTCGCCCACGGTGGATCCGGGGCCTCCCGCACAGTCGGCCACGCCCGCTGCGGGACCCGTGGTTCCCGCCACTAGACCACGCTCCCTCCTGAGCGCAGGTCCTCTCTCTCCCTTCACCCTTTCTCCATACCAGGGCCTAAGTCCGCCTTACTCC
ZBTB45+1	ZBTB45+1_pp5	5	WTC11_consolidated	FSM_45682	FSM_45682:67-1416	1349	3	GAGTCGGAGATGGCGGCTGCAGAGGCTGTGCATCACATACACCTGCAGAACTTCTCACGCTCTCTGCTTGAGACCCTCAATGGGCAGAGGCTTGGGGGACACTTCTGTGACGTGACTGTGCGCATTCGTGAAGCTTCGCTGCGTGCCCACCGCTGCGTGCTGGCGGCCGGCTCACCCTTCTTCCAAGACAAGCTGCTGCTCGGCCACTCTGAGATCCGTGTGCCTCCGGTGGTGCCCGCGCAGACAGTGCGACAGCTGGTAGAGTTCCTGTACAGCGGTTCGCTCGTTGTGGCGCAGGGTGAAGCCCTGCAGGTGCTCACGGCCGCGTCAGTGCTTCGCATACAGACAGTTATCGACGAATGCACGCAGATTATCGCCCGCGCTCGAGCCCCGGGCACCTCTGCGCCCACGCCCCTGCCCACCCCTGTGCCCCCGCCACTCGCACCTGCGCAGCTGCGTCACCGCCTGCGCCACCTGCTGGCTGCACGTCCCCCGGGGCACCCCGGTGCTGCACACAGCCGTAAGCAGCGCCAGCCCGCGCGTTTGCAGCTGCCAGCGCCCCCAACACCTGCCAAGGCTGAGGGGCCTGATGCTGACCCCTCACTGTCCGCGGCCCCTGATGACCGAGGTGACGAGGATGACGAGGAAAGTGACGATGAGACCGATGGCGAGGATGGCGAAGGTGGCGGCCCAGGCGAGGGCCAGGCACCTCCTTCCTTCCCAGACTGTGCTGCTGGCTTCCTCACTGCTGCTGCTGACAGCGCGTGCGAGGAGCCCCCTGCACCCACTGGCCTCGCTGACTACAGTGGTGCCGGGAGAGATTTTCTTCGGGGAGCTGGGTCAGCTGAGGACGTATTTCCAGACAGCTATGTATCCACTTGGCACGACGAGGATGGCGCTGTCCCCGAAGGCTGTCCCACTGAGACCCCTGTCCAGCCCGACTGCATACTGTCTGGATCCCGCCCGCCTGGTGTGAAGACCCCAGGGCCGCCCGTTGCACTCTTCCCCTTTCACTTGGGTGCCCCTGGGCCACCCGCACCACCCCCTTCAGCACCATCGGGGCCAGCCCCTGCGCCCCCACCCGCCTTCTACCCCACACTCCAGCCCGAGGCAGCCCCCAGTACTCAGCTGGGGGAGGTCCCGGCTCCCTCTGCTGCTCCCACCACGGCCCCCTCAGGCACCCCTGCTCGCACCCCAGGTGCTGAGCCACCTACGTATGAGTGCAGCCACTGTCGCAAGACGTTCAGCTCCCGGAAAAACTACACCAAGCACATGTTCATCCACTCGGGGGAGAAGCCGCACCAGTGCGCCGTGTGCTGGCGATCCTTCTCTCTACGCGACTACCTGCT
