target_id	design_status	transcript_id	browser	primer_id	left_primer	right_primer	amplicon_len	amplicon_exons	left_delta_G	right_delta_G	on_target_trans	off_target_trans	on_target_genome	off_target_genome	annotated_rna
ZBTB45+1	GOOD	FSM_45682	=HYPERLINK("https://genome.ucsc.edu/cgi-bin/hgTracks?position=chr19%3A58513529-58519817&db=hg38&genome=hg38&hubUrl=http%3A//test.org/JuJu/hub.txt", "chr19:58513529-58519817")	ZBTB45+1+pp1	AAGAGGAGTCGGAGATGGCG	GCGTAGAGAGAAGGATCGCC	1322	0	5.69	5.54	chr19:58514260-58519755				GCCCGGAAGTGCGGCCTTGTAGTCGGTCAGGAGGAAGCGGCCACGGCAGAGCCTGGTGCCTGAAGAGGAGTCGGAGA-TGGCGGCTGCAGAGGCTGTGCATCACATACACCTGCAGAACTTCTCACGCTCTCTGCTTGAGACCCTCAATGGGCAGAGGCTTGGGGGACACTTCTGTGACGTGACTGTGCGCATTCG[TGAAGCTTCGCTGCGTGCCCACCGCTGCGTGCTGGCGGCCGGCTCACCCTTCTTCCAAGACAAGCTGCTGCTCGGCCACTCTGAGATCCGTGTGCCTCCGGTGGTGCCCGCGCAGACAGTGCGACAGCTGGTAGAGTTCCTGTACAGCGGTTCGCTCGTTGTGGCGCAGGGTGAAGCCCTGCAGGTGCTCACGGCCGCGTCAGTGCTTCGCATACAGACAGTTATCGACGAATGCACGCAGATTATCGCCCGCGCTCGAGCCCCGGGCACCTCTGCGCCCACGCCCCTGCCCACCCCTGTGCCCCCGCCACTCGCACCTGCGCAGCTGCGTCACCGCCTGCGCCACCTGCTGGCTGCACGTCCCCCGGGGCACCCCGGTGCTGCACACAGCCGTAAGCAGCGCCAGCCCGCGCGTTTGCAGCTGCCAGCGCCCCCAACACCTGCCAAGGCTGAGGGGCCTGATGCTGACCCCTCACTGTCCGCGGCCCCTGATGACCGAGGTGACGAGGATGACGAGGAAAGTGACGATGAGACCGATGGCGAGGATGGCGAAGGTGGCGGCCCAGGCGAGGGCCAGGCACCTCCTTCCTTCCCAGACTGTGCTGCTGGCTTCCTCACTGCTGCTGCTGACAGCGCGTGCGAGGAGCCCCCTGCACCCACTGGCCTCGCTGACTACAGTGGTGCCGGGAGAGATTTTCTTCGGGGAGCTGGGTCAGCTGAGGACGTATTTCCAGACAGCTATGTATCCACTTGGCACGACGAGGATGGCGCTGTCCCCGAAGGCTGTCCCACTGAGACCCCTGTCCAGCCCGACTGCATACTGTCTGGATCCCGCCCGCCTGGTGTGAAGACCCCAGGGCCGCCCGTTGCACTCTTCCCCTTTCACTTGGGTGCCCCTGGGCCACCCGCACCACCCCCTTCAGCACCATCGGGGCCAGCCCCTGCGCCCCCACCCGCCTTCTACCCCACACTCCAGCCCGAGGCAGCCCCCAGTACTCAGCTGGGGGAGGTCCCGGCTCCCTCTGCTGCTCCCACCACGGCCCCCTCAGGCACCCCTGCTCGCACCCCAGGTGCTGAGCCACCTACGTATGAGTGCAGCCACTGTCGCAAGACGTTCAGCTCCCGGAAAAACTACACCAAGCACATGTTCATCCACTCGGGGGAGAAGCCGCACCAGTGCGCC]GTGTGCTGGCGATCCTTCTCTCTACGCGACTACCTGCTCAAACACATGGTCACGCACACCGGCGTGCGCGCCTTCCAGTGCGCCGTCTGCGCCAAGCGCTTCACGCAGAAGAGCTCGCTCAACGTGCACATGCGCACTCACCGGCCCGAGCGCGCGCCCTGCCCCGCCTGCGGCAAGGTCTTCTCGCACCGCGCGCTGCTGGAGCGCCACCTGGCGGCGCACCCTGCGCCCTGATGGCGCTGGGGCCTGGCCTCGCCCACGGTGGATCCGGGGCCTCCCGCACAGTCGGCCACGCCCGCTGCGGGACCCGTGGTTCCCGCCACTAGACCACGCTCCCTCCTGAGCGCAGGTCCTCTCTCTCCCTTCACCCTTTCTCCATACCAGGGCCTAAGTCCGCCTTACTCCTCTCCTCCATGTACTTGAACCCTCCAGGTGGTGCCGGGCTGGGGCTGGGGCTGGTTAGACCACTTCTGAGAACTGGACTATTTCCTGCGTAAACCGGGCGCTCAGGCGCTTGGACCCGGCCCAAGATTTGACTCCGGTTCTCACCCCGCCCTCTCCTGGGGTGGTGGTGGGGGCTGGGGGGCCGCTTGCCTGCCCCAGGGTCAGGCTGGGCAAGGTCCCTAGCTCTCTACCCAAGCTGTTACTCCCTCATGGGGCGCCTAAGGAGACTCAAGTGGACCCATCATATATGGGGGCTGGGCCTCGGGACTCTCGCTCTAATAAAGGACTGTAGGCCATGGGGCCTAAACCACGAA
ZBTB45+1	GOOD	FSM_45682		ZBTB45+1+pp2	AAGAGGAGTCGGAGATGGCG	GGAGTAAGGCGGACTTAGGC	1700	0	5.69	3.93	chr19:58513882-58519755				
ZBTB45+1	GOOD	FSM_45682		ZBTB45+1+pp3	AAGAGGAGTCGGAGATGGCG	GAGGAGAGGAGTAAGGCGGA	1707	0	5.69	5.54	chr19:58513875-58519755				
ZBTB45+1	GOOD	FSM_45682		ZBTB45+1+pp4	AAGAGGAGTCGGAGATGGCG	AGCAGGTAGTCGCGTAGAGA	1333	0	5.69	3.1	chr19:58514249-58519755				
ZBTB45+1	GOOD	FSM_45682		ZBTB45+1+pp5	AAGAGGAGTCGGAGATGGCG	GGCCCTGGTATGGAGAAAGG	1683	0	5.69	3.11	chr19:58513899-58519755				
