target_id	primer_id	pri	track	transcript_id	amplicon_coords	amplicon_len	amplicon_exons	amplicon
ZBTB45+1	ZBTB45+1_pp1	1	WTC11_consolidated	FSM_45682	FSM_45682:67-1405	1338	3	GAGTCGGAGATGGCGGCTGCAGAGGCTGTGCATCACATACACCTGCAGAACTTCTCACGCTCTCTGCTTGAGACCCTCAATGGGCAGAGGCTTGGGGGACACTTCTGTGACGTGACTGTGCGCATTCGTGAAGCTTCGCTGCGTGCCCACCGCTGCGTGCTGGCGGCCGGCTCACCCTTCTTCCAAGACAAGCTGCTGCTCGGCCACTCTGAGATCCGTGTGCCTCCGGTGGTGCCCGCGCAGACAGTGCGACAGCTGGTAGAGTTCCTGTACAGCGGTTCGCTCGTTGTGGCGCAGGGTGAAGCCCTGCAGGTGCTCACGGCCGCGTCAGTGCTTCGCATACAGACAGTTATCGACGAATGCACGCAGATTATCGCCCGCGCTCGAGCCCCGGGCACCTCTGCGCCCACGCCCCTGCCCACCCCTGTGCCCCCGCCACTCGCACCTGCGCAGCTGCGTCACCGCCTGCGCCACCTGCTGGCTGCACGTCCCCCGGGGCACCCCGGTGCTGCACACAGCCGTAAGCAGCGCCAGCCCGCGCGTTTGCAGCTGCCAGCGCCCCCAACACCTGCCAAGGCTGAGGGGCCTGATGCTGACCCCTCACTGTCCGCGGCCCCTGATGACCGAGGTGACGAGGATGACGAGGAAAGTGACGATGAGACCGATGGCGAGGATGGCGAAGGTGGCGGCCCAGGCGAGGGCCAGGCACCTCCTTCCTTCCCAGACTGTGCTGCTGGCTTCCTCACTGCTGCTGCTGACAGCGCGTGCGAGGAGCCCCCTGCACCCACTGGCCTCGCTGACTACAGTGGTGCCGGGAGAGATTTTCTTCGGGGAGCTGGGTCAGCTGAGGACGTATTTCCAGACAGCTATGTATCCACTTGGCACGACGAGGATGGCGCTGTCCCCGAAGGCTGTCCCACTGAGACCCCTGTCCAGCCCGACTGCATACTGTCTGGATCCCGCCCGCCTGGTGTGAAGACCCCAGGGCCGCCCGTTGCACTCTTCCCCTTTCACTTGGGTGCCCCTGGGCCACCCGCACCACCCCCTTCAGCACCATCGGGGCCAGCCCCTGCGCCCCCACCCGCCTTCTACCCCACACTCCAGCCCGAGGCAGCCCCCAGTACTCAGCTGGGGGAGGTCCCGGCTCCCTCTGCTGCTCCCACCACGGCCCCCTCAGGCACCCCTGCTCGCACCCCAGGTGCTGAGCCACCTACGTATGAGTGCAGCCACTGTCGCAAGACGTTCAGCTCCCGGAAAAACTACACCAAGCACATGTTCATCCACTCGGGGGAGAAGCCGCACCAGTGCGCCGTGTGCTGGCGATCCTTCTCTCTACGC
ZBTB45+1	ZBTB45+1_pp2	2	WTC11_consolidated	FSM_45682	FSM_45682:68-1405	1337	3	AGTCGGAGATGGCGGCTGCAGAGGCTGTGCATCACATACACCTGCAGAACTTCTCACGCTCTCTGCTTGAGACCCTCAATGGGCAGAGGCTTGGGGGACACTTCTGTGACGTGACTGTGCGCATTCGTGAAGCTTCGCTGCGTGCCCACCGCTGCGTGCTGGCGGCCGGCTCACCCTTCTTCCAAGACAAGCTGCTGCTCGGCCACTCTGAGATCCGTGTGCCTCCGGTGGTGCCCGCGCAGACAGTGCGACAGCTGGTAGAGTTCCTGTACAGCGGTTCGCTCGTTGTGGCGCAGGGTGAAGCCCTGCAGGTGCTCACGGCCGCGTCAGTGCTTCGCATACAGACAGTTATCGACGAATGCACGCAGATTATCGCCCGCGCTCGAGCCCCGGGCACCTCTGCGCCCACGCCCCTGCCCACCCCTGTGCCCCCGCCACTCGCACCTGCGCAGCTGCGTCACCGCCTGCGCCACCTGCTGGCTGCACGTCCCCCGGGGCACCCCGGTGCTGCACACAGCCGTAAGCAGCGCCAGCCCGCGCGTTTGCAGCTGCCAGCGCCCCCAACACCTGCCAAGGCTGAGGGGCCTGATGCTGACCCCTCACTGTCCGCGGCCCCTGATGACCGAGGTGACGAGGATGACGAGGAAAGTGACGATGAGACCGATGGCGAGGATGGCGAAGGTGGCGGCCCAGGCGAGGGCCAGGCACCTCCTTCCTTCCCAGACTGTGCTGCTGGCTTCCTCACTGCTGCTGCTGACAGCGCGTGCGAGGAGCCCCCTGCACCCACTGGCCTCGCTGACTACAGTGGTGCCGGGAGAGATTTTCTTCGGGGAGCTGGGTCAGCTGAGGACGTATTTCCAGACAGCTATGTATCCACTTGGCACGACGAGGATGGCGCTGTCCCCGAAGGCTGTCCCACTGAGACCCCTGTCCAGCCCGACTGCATACTGTCTGGATCCCGCCCGCCTGGTGTGAAGACCCCAGGGCCGCCCGTTGCACTCTTCCCCTTTCACTTGGGTGCCCCTGGGCCACCCGCACCACCCCCTTCAGCACCATCGGGGCCAGCCCCTGCGCCCCCACCCGCCTTCTACCCCACACTCCAGCCCGAGGCAGCCCCCAGTACTCAGCTGGGGGAGGTCCCGGCTCCCTCTGCTGCTCCCACCACGGCCCCCTCAGGCACCCCTGCTCGCACCCCAGGTGCTGAGCCACCTACGTATGAGTGCAGCCACTGTCGCAAGACGTTCAGCTCCCGGAAAAACTACACCAAGCACATGTTCATCCACTCGGGGGAGAAGCCGCACCAGTGCGCCGTGTGCTGGCGATCCTTCTCTCTACGC
ZBTB45+1	ZBTB45+1_pp4	3	WTC11_consolidated	FSM_45682	FSM_45682:67-1790	1723	3	GAGTCGGAGATGGCGGCTGCAGAGGCTGTGCATCACATACACCTGCAGAACTTCTCACGCTCTCTGCTTGAGACCCTCAATGGGCAGAGGCTTGGGGGACACTTCTGTGACGTGACTGTGCGCATTCGTGAAGCTTCGCTGCGTGCCCACCGCTGCGTGCTGGCGGCCGGCTCACCCTTCTTCCAAGACAAGCTGCTGCTCGGCCACTCTGAGATCCGTGTGCCTCCGGTGGTGCCCGCGCAGACAGTGCGACAGCTGGTAGAGTTCCTGTACAGCGGTTCGCTCGTTGTGGCGCAGGGTGAAGCCCTGCAGGTGCTCACGGCCGCGTCAGTGCTTCGCATACAGACAGTTATCGACGAATGCACGCAGATTATCGCCCGCGCTCGAGCCCCGGGCACCTCTGCGCCCACGCCCCTGCCCACCCCTGTGCCCCCGCCACTCGCACCTGCGCAGCTGCGTCACCGCCTGCGCCACCTGCTGGCTGCACGTCCCCCGGGGCACCCCGGTGCTGCACACAGCCGTAAGCAGCGCCAGCCCGCGCGTTTGCAGCTGCCAGCGCCCCCAACACCTGCCAAGGCTGAGGGGCCTGATGCTGACCCCTCACTGTCCGCGGCCCCTGATGACCGAGGTGACGAGGATGACGAGGAAAGTGACGATGAGACCGATGGCGAGGATGGCGAAGGTGGCGGCCCAGGCGAGGGCCAGGCACCTCCTTCCTTCCCAGACTGTGCTGCTGGCTTCCTCACTGCTGCTGCTGACAGCGCGTGCGAGGAGCCCCCTGCACCCACTGGCCTCGCTGACTACAGTGGTGCCGGGAGAGATTTTCTTCGGGGAGCTGGGTCAGCTGAGGACGTATTTCCAGACAGCTATGTATCCACTTGGCACGACGAGGATGGCGCTGTCCCCGAAGGCTGTCCCACTGAGACCCCTGTCCAGCCCGACTGCATACTGTCTGGATCCCGCCCGCCTGGTGTGAAGACCCCAGGGCCGCCCGTTGCACTCTTCCCCTTTCACTTGGGTGCCCCTGGGCCACCCGCACCACCCCCTTCAGCACCATCGGGGCCAGCCCCTGCGCCCCCACCCGCCTTCTACCCCACACTCCAGCCCGAGGCAGCCCCCAGTACTCAGCTGGGGGAGGTCCCGGCTCCCTCTGCTGCTCCCACCACGGCCCCCTCAGGCACCCCTGCTCGCACCCCAGGTGCTGAGCCACCTACGTATGAGTGCAGCCACTGTCGCAAGACGTTCAGCTCCCGGAAAAACTACACCAAGCACATGTTCATCCACTCGGGGGAGAAGCCGCACCAGTGCGCCGTGTGCTGGCGATCCTTCTCTCTACGCGACTACCTGCTCAAACACATGGTCACGCACACCGGCGTGCGCGCCTTCCAGTGCGCCGTCTGCGCCAAGCGCTTCACGCAGAAGAGCTCGCTCAACGTGCACATGCGCACTCACCGGCCCGAGCGCGCGCCCTGCCCCGCCTGCGGCAAGGTCTTCTCGCACCGCGCGCTGCTGGAGCGCCACCTGGCGGCGCACCCTGCGCCCTGATGGCGCTGGGGCCTGGCCTCGCCCACGGTGGATCCGGGGCCTCCCGCACAGTCGGCCACGCCCGCTGCGGGACCCGTGGTTCCCGCCACTAGACCACGCTCCCTCCTGAGCGCAGGTCCTCTCTCTCCCTTCACCCTTTCTCCATACCAGGGCCTAAGTCCGCCTTACTCCTCTCCTC
ZBTB45+1	ZBTB45+1_pp7	4	WTC11_consolidated	FSM_45682	FSM_45682:68-1790	1722	3	AGTCGGAGATGGCGGCTGCAGAGGCTGTGCATCACATACACCTGCAGAACTTCTCACGCTCTCTGCTTGAGACCCTCAATGGGCAGAGGCTTGGGGGACACTTCTGTGACGTGACTGTGCGCATTCGTGAAGCTTCGCTGCGTGCCCACCGCTGCGTGCTGGCGGCCGGCTCACCCTTCTTCCAAGACAAGCTGCTGCTCGGCCACTCTGAGATCCGTGTGCCTCCGGTGGTGCCCGCGCAGACAGTGCGACAGCTGGTAGAGTTCCTGTACAGCGGTTCGCTCGTTGTGGCGCAGGGTGAAGCCCTGCAGGTGCTCACGGCCGCGTCAGTGCTTCGCATACAGACAGTTATCGACGAATGCACGCAGATTATCGCCCGCGCTCGAGCCCCGGGCACCTCTGCGCCCACGCCCCTGCCCACCCCTGTGCCCCCGCCACTCGCACCTGCGCAGCTGCGTCACCGCCTGCGCCACCTGCTGGCTGCACGTCCCCCGGGGCACCCCGGTGCTGCACACAGCCGTAAGCAGCGCCAGCCCGCGCGTTTGCAGCTGCCAGCGCCCCCAACACCTGCCAAGGCTGAGGGGCCTGATGCTGACCCCTCACTGTCCGCGGCCCCTGATGACCGAGGTGACGAGGATGACGAGGAAAGTGACGATGAGACCGATGGCGAGGATGGCGAAGGTGGCGGCCCAGGCGAGGGCCAGGCACCTCCTTCCTTCCCAGACTGTGCTGCTGGCTTCCTCACTGCTGCTGCTGACAGCGCGTGCGAGGAGCCCCCTGCACCCACTGGCCTCGCTGACTACAGTGGTGCCGGGAGAGATTTTCTTCGGGGAGCTGGGTCAGCTGAGGACGTATTTCCAGACAGCTATGTATCCACTTGGCACGACGAGGATGGCGCTGTCCCCGAAGGCTGTCCCACTGAGACCCCTGTCCAGCCCGACTGCATACTGTCTGGATCCCGCCCGCCTGGTGTGAAGACCCCAGGGCCGCCCGTTGCACTCTTCCCCTTTCACTTGGGTGCCCCTGGGCCACCCGCACCACCCCCTTCAGCACCATCGGGGCCAGCCCCTGCGCCCCCACCCGCCTTCTACCCCACACTCCAGCCCGAGGCAGCCCCCAGTACTCAGCTGGGGGAGGTCCCGGCTCCCTCTGCTGCTCCCACCACGGCCCCCTCAGGCACCCCTGCTCGCACCCCAGGTGCTGAGCCACCTACGTATGAGTGCAGCCACTGTCGCAAGACGTTCAGCTCCCGGAAAAACTACACCAAGCACATGTTCATCCACTCGGGGGAGAAGCCGCACCAGTGCGCCGTGTGCTGGCGATCCTTCTCTCTACGCGACTACCTGCTCAAACACATGGTCACGCACACCGGCGTGCGCGCCTTCCAGTGCGCCGTCTGCGCCAAGCGCTTCACGCAGAAGAGCTCGCTCAACGTGCACATGCGCACTCACCGGCCCGAGCGCGCGCCCTGCCCCGCCTGCGGCAAGGTCTTCTCGCACCGCGCGCTGCTGGAGCGCCACCTGGCGGCGCACCCTGCGCCCTGATGGCGCTGGGGCCTGGCCTCGCCCACGGTGGATCCGGGGCCTCCCGCACAGTCGGCCACGCCCGCTGCGGGACCCGTGGTTCCCGCCACTAGACCACGCTCCCTCCTGAGCGCAGGTCCTCTCTCTCCCTTCACCCTTTCTCCATACCAGGGCCTAAGTCCGCCTTACTCCTCTCCTC
ZBTB45+1	ZBTB45+1_pp3	5	WTC11_consolidated	FSM_45682	FSM_45682:67-1783	1716	3	GAGTCGGAGATGGCGGCTGCAGAGGCTGTGCATCACATACACCTGCAGAACTTCTCACGCTCTCTGCTTGAGACCCTCAATGGGCAGAGGCTTGGGGGACACTTCTGTGACGTGACTGTGCGCATTCGTGAAGCTTCGCTGCGTGCCCACCGCTGCGTGCTGGCGGCCGGCTCACCCTTCTTCCAAGACAAGCTGCTGCTCGGCCACTCTGAGATCCGTGTGCCTCCGGTGGTGCCCGCGCAGACAGTGCGACAGCTGGTAGAGTTCCTGTACAGCGGTTCGCTCGTTGTGGCGCAGGGTGAAGCCCTGCAGGTGCTCACGGCCGCGTCAGTGCTTCGCATACAGACAGTTATCGACGAATGCACGCAGATTATCGCCCGCGCTCGAGCCCCGGGCACCTCTGCGCCCACGCCCCTGCCCACCCCTGTGCCCCCGCCACTCGCACCTGCGCAGCTGCGTCACCGCCTGCGCCACCTGCTGGCTGCACGTCCCCCGGGGCACCCCGGTGCTGCACACAGCCGTAAGCAGCGCCAGCCCGCGCGTTTGCAGCTGCCAGCGCCCCCAACACCTGCCAAGGCTGAGGGGCCTGATGCTGACCCCTCACTGTCCGCGGCCCCTGATGACCGAGGTGACGAGGATGACGAGGAAAGTGACGATGAGACCGATGGCGAGGATGGCGAAGGTGGCGGCCCAGGCGAGGGCCAGGCACCTCCTTCCTTCCCAGACTGTGCTGCTGGCTTCCTCACTGCTGCTGCTGACAGCGCGTGCGAGGAGCCCCCTGCACCCACTGGCCTCGCTGACTACAGTGGTGCCGGGAGAGATTTTCTTCGGGGAGCTGGGTCAGCTGAGGACGTATTTCCAGACAGCTATGTATCCACTTGGCACGACGAGGATGGCGCTGTCCCCGAAGGCTGTCCCACTGAGACCCCTGTCCAGCCCGACTGCATACTGTCTGGATCCCGCCCGCCTGGTGTGAAGACCCCAGGGCCGCCCGTTGCACTCTTCCCCTTTCACTTGGGTGCCCCTGGGCCACCCGCACCACCCCCTTCAGCACCATCGGGGCCAGCCCCTGCGCCCCCACCCGCCTTCTACCCCACACTCCAGCCCGAGGCAGCCCCCAGTACTCAGCTGGGGGAGGTCCCGGCTCCCTCTGCTGCTCCCACCACGGCCCCCTCAGGCACCCCTGCTCGCACCCCAGGTGCTGAGCCACCTACGTATGAGTGCAGCCACTGTCGCAAGACGTTCAGCTCCCGGAAAAACTACACCAAGCACATGTTCATCCACTCGGGGGAGAAGCCGCACCAGTGCGCCGTGTGCTGGCGATCCTTCTCTCTACGCGACTACCTGCTCAAACACATGGTCACGCACACCGGCGTGCGCGCCTTCCAGTGCGCCGTCTGCGCCAAGCGCTTCACGCAGAAGAGCTCGCTCAACGTGCACATGCGCACTCACCGGCCCGAGCGCGCGCCCTGCCCCGCCTGCGGCAAGGTCTTCTCGCACCGCGCGCTGCTGGAGCGCCACCTGGCGGCGCACCCTGCGCCCTGATGGCGCTGGGGCCTGGCCTCGCCCACGGTGGATCCGGGGCCTCCCGCACAGTCGGCCACGCCCGCTGCGGGACCCGTGGTTCCCGCCACTAGACCACGCTCCCTCCTGAGCGCAGGTCCTCTCTCTCCCTTCACCCTTTCTCCATACCAGGGCCTAAGTCCGCCTTACTCC
ZBTB45+1	ZBTB45+1_pp6	6	WTC11_consolidated	FSM_45682	FSM_45682:68-1783	1715	3	AGTCGGAGATGGCGGCTGCAGAGGCTGTGCATCACATACACCTGCAGAACTTCTCACGCTCTCTGCTTGAGACCCTCAATGGGCAGAGGCTTGGGGGACACTTCTGTGACGTGACTGTGCGCATTCGTGAAGCTTCGCTGCGTGCCCACCGCTGCGTGCTGGCGGCCGGCTCACCCTTCTTCCAAGACAAGCTGCTGCTCGGCCACTCTGAGATCCGTGTGCCTCCGGTGGTGCCCGCGCAGACAGTGCGACAGCTGGTAGAGTTCCTGTACAGCGGTTCGCTCGTTGTGGCGCAGGGTGAAGCCCTGCAGGTGCTCACGGCCGCGTCAGTGCTTCGCATACAGACAGTTATCGACGAATGCACGCAGATTATCGCCCGCGCTCGAGCCCCGGGCACCTCTGCGCCCACGCCCCTGCCCACCCCTGTGCCCCCGCCACTCGCACCTGCGCAGCTGCGTCACCGCCTGCGCCACCTGCTGGCTGCACGTCCCCCGGGGCACCCCGGTGCTGCACACAGCCGTAAGCAGCGCCAGCCCGCGCGTTTGCAGCTGCCAGCGCCCCCAACACCTGCCAAGGCTGAGGGGCCTGATGCTGACCCCTCACTGTCCGCGGCCCCTGATGACCGAGGTGACGAGGATGACGAGGAAAGTGACGATGAGACCGATGGCGAGGATGGCGAAGGTGGCGGCCCAGGCGAGGGCCAGGCACCTCCTTCCTTCCCAGACTGTGCTGCTGGCTTCCTCACTGCTGCTGCTGACAGCGCGTGCGAGGAGCCCCCTGCACCCACTGGCCTCGCTGACTACAGTGGTGCCGGGAGAGATTTTCTTCGGGGAGCTGGGTCAGCTGAGGACGTATTTCCAGACAGCTATGTATCCACTTGGCACGACGAGGATGGCGCTGTCCCCGAAGGCTGTCCCACTGAGACCCCTGTCCAGCCCGACTGCATACTGTCTGGATCCCGCCCGCCTGGTGTGAAGACCCCAGGGCCGCCCGTTGCACTCTTCCCCTTTCACTTGGGTGCCCCTGGGCCACCCGCACCACCCCCTTCAGCACCATCGGGGCCAGCCCCTGCGCCCCCACCCGCCTTCTACCCCACACTCCAGCCCGAGGCAGCCCCCAGTACTCAGCTGGGGGAGGTCCCGGCTCCCTCTGCTGCTCCCACCACGGCCCCCTCAGGCACCCCTGCTCGCACCCCAGGTGCTGAGCCACCTACGTATGAGTGCAGCCACTGTCGCAAGACGTTCAGCTCCCGGAAAAACTACACCAAGCACATGTTCATCCACTCGGGGGAGAAGCCGCACCAGTGCGCCGTGTGCTGGCGATCCTTCTCTCTACGCGACTACCTGCTCAAACACATGGTCACGCACACCGGCGTGCGCGCCTTCCAGTGCGCCGTCTGCGCCAAGCGCTTCACGCAGAAGAGCTCGCTCAACGTGCACATGCGCACTCACCGGCCCGAGCGCGCGCCCTGCCCCGCCTGCGGCAAGGTCTTCTCGCACCGCGCGCTGCTGGAGCGCCACCTGGCGGCGCACCCTGCGCCCTGATGGCGCTGGGGCCTGGCCTCGCCCACGGTGGATCCGGGGCCTCCCGCACAGTCGGCCACGCCCGCTGCGGGACCCGTGGTTCCCGCCACTAGACCACGCTCCCTCCTGAGCGCAGGTCCTCTCTCTCCCTTCACCCTTTCTCCATACCAGGGCCTAAGTCCGCCTTACTCC
ZBTB45+1	ZBTB45+1_pp11	7	WTC11_consolidated	FSM_45682	FSM_45682:67-1415	1348	3	GAGTCGGAGATGGCGGCTGCAGAGGCTGTGCATCACATACACCTGCAGAACTTCTCACGCTCTCTGCTTGAGACCCTCAATGGGCAGAGGCTTGGGGGACACTTCTGTGACGTGACTGTGCGCATTCGTGAAGCTTCGCTGCGTGCCCACCGCTGCGTGCTGGCGGCCGGCTCACCCTTCTTCCAAGACAAGCTGCTGCTCGGCCACTCTGAGATCCGTGTGCCTCCGGTGGTGCCCGCGCAGACAGTGCGACAGCTGGTAGAGTTCCTGTACAGCGGTTCGCTCGTTGTGGCGCAGGGTGAAGCCCTGCAGGTGCTCACGGCCGCGTCAGTGCTTCGCATACAGACAGTTATCGACGAATGCACGCAGATTATCGCCCGCGCTCGAGCCCCGGGCACCTCTGCGCCCACGCCCCTGCCCACCCCTGTGCCCCCGCCACTCGCACCTGCGCAGCTGCGTCACCGCCTGCGCCACCTGCTGGCTGCACGTCCCCCGGGGCACCCCGGTGCTGCACACAGCCGTAAGCAGCGCCAGCCCGCGCGTTTGCAGCTGCCAGCGCCCCCAACACCTGCCAAGGCTGAGGGGCCTGATGCTGACCCCTCACTGTCCGCGGCCCCTGATGACCGAGGTGACGAGGATGACGAGGAAAGTGACGATGAGACCGATGGCGAGGATGGCGAAGGTGGCGGCCCAGGCGAGGGCCAGGCACCTCCTTCCTTCCCAGACTGTGCTGCTGGCTTCCTCACTGCTGCTGCTGACAGCGCGTGCGAGGAGCCCCCTGCACCCACTGGCCTCGCTGACTACAGTGGTGCCGGGAGAGATTTTCTTCGGGGAGCTGGGTCAGCTGAGGACGTATTTCCAGACAGCTATGTATCCACTTGGCACGACGAGGATGGCGCTGTCCCCGAAGGCTGTCCCACTGAGACCCCTGTCCAGCCCGACTGCATACTGTCTGGATCCCGCCCGCCTGGTGTGAAGACCCCAGGGCCGCCCGTTGCACTCTTCCCCTTTCACTTGGGTGCCCCTGGGCCACCCGCACCACCCCCTTCAGCACCATCGGGGCCAGCCCCTGCGCCCCCACCCGCCTTCTACCCCACACTCCAGCCCGAGGCAGCCCCCAGTACTCAGCTGGGGGAGGTCCCGGCTCCCTCTGCTGCTCCCACCACGGCCCCCTCAGGCACCCCTGCTCGCACCCCAGGTGCTGAGCCACCTACGTATGAGTGCAGCCACTGTCGCAAGACGTTCAGCTCCCGGAAAAACTACACCAAGCACATGTTCATCCACTCGGGGGAGAAGCCGCACCAGTGCGCCGTGTGCTGGCGATCCTTCTCTCTACGCGACTACCTGC
ZBTB45+1	ZBTB45+1_pp9	8	WTC11_consolidated	FSM_45682	FSM_45682:67-1766	1699	3	GAGTCGGAGATGGCGGCTGCAGAGGCTGTGCATCACATACACCTGCAGAACTTCTCACGCTCTCTGCTTGAGACCCTCAATGGGCAGAGGCTTGGGGGACACTTCTGTGACGTGACTGTGCGCATTCGTGAAGCTTCGCTGCGTGCCCACCGCTGCGTGCTGGCGGCCGGCTCACCCTTCTTCCAAGACAAGCTGCTGCTCGGCCACTCTGAGATCCGTGTGCCTCCGGTGGTGCCCGCGCAGACAGTGCGACAGCTGGTAGAGTTCCTGTACAGCGGTTCGCTCGTTGTGGCGCAGGGTGAAGCCCTGCAGGTGCTCACGGCCGCGTCAGTGCTTCGCATACAGACAGTTATCGACGAATGCACGCAGATTATCGCCCGCGCTCGAGCCCCGGGCACCTCTGCGCCCACGCCCCTGCCCACCCCTGTGCCCCCGCCACTCGCACCTGCGCAGCTGCGTCACCGCCTGCGCCACCTGCTGGCTGCACGTCCCCCGGGGCACCCCGGTGCTGCACACAGCCGTAAGCAGCGCCAGCCCGCGCGTTTGCAGCTGCCAGCGCCCCCAACACCTGCCAAGGCTGAGGGGCCTGATGCTGACCCCTCACTGTCCGCGGCCCCTGATGACCGAGGTGACGAGGATGACGAGGAAAGTGACGATGAGACCGATGGCGAGGATGGCGAAGGTGGCGGCCCAGGCGAGGGCCAGGCACCTCCTTCCTTCCCAGACTGTGCTGCTGGCTTCCTCACTGCTGCTGCTGACAGCGCGTGCGAGGAGCCCCCTGCACCCACTGGCCTCGCTGACTACAGTGGTGCCGGGAGAGATTTTCTTCGGGGAGCTGGGTCAGCTGAGGACGTATTTCCAGACAGCTATGTATCCACTTGGCACGACGAGGATGGCGCTGTCCCCGAAGGCTGTCCCACTGAGACCCCTGTCCAGCCCGACTGCATACTGTCTGGATCCCGCCCGCCTGGTGTGAAGACCCCAGGGCCGCCCGTTGCACTCTTCCCCTTTCACTTGGGTGCCCCTGGGCCACCCGCACCACCCCCTTCAGCACCATCGGGGCCAGCCCCTGCGCCCCCACCCGCCTTCTACCCCACACTCCAGCCCGAGGCAGCCCCCAGTACTCAGCTGGGGGAGGTCCCGGCTCCCTCTGCTGCTCCCACCACGGCCCCCTCAGGCACCCCTGCTCGCACCCCAGGTGCTGAGCCACCTACGTATGAGTGCAGCCACTGTCGCAAGACGTTCAGCTCCCGGAAAAACTACACCAAGCACATGTTCATCCACTCGGGGGAGAAGCCGCACCAGTGCGCCGTGTGCTGGCGATCCTTCTCTCTACGCGACTACCTGCTCAAACACATGGTCACGCACACCGGCGTGCGCGCCTTCCAGTGCGCCGTCTGCGCCAAGCGCTTCACGCAGAAGAGCTCGCTCAACGTGCACATGCGCACTCACCGGCCCGAGCGCGCGCCCTGCCCCGCCTGCGGCAAGGTCTTCTCGCACCGCGCGCTGCTGGAGCGCCACCTGGCGGCGCACCCTGCGCCCTGATGGCGCTGGGGCCTGGCCTCGCCCACGGTGGATCCGGGGCCTCCCGCACAGTCGGCCACGCCCGCTGCGGGACCCGTGGTTCCCGCCACTAGACCACGCTCCCTCCTGAGCGCAGGTCCTCTCTCTCCCTTCACCCTTTCTCCATACCAGGGCC
ZBTB45+1	ZBTB45+1_pp10	9	WTC11_consolidated	FSM_45682	FSM_45682:68-1766	1698	3	AGTCGGAGATGGCGGCTGCAGAGGCTGTGCATCACATACACCTGCAGAACTTCTCACGCTCTCTGCTTGAGACCCTCAATGGGCAGAGGCTTGGGGGACACTTCTGTGACGTGACTGTGCGCATTCGTGAAGCTTCGCTGCGTGCCCACCGCTGCGTGCTGGCGGCCGGCTCACCCTTCTTCCAAGACAAGCTGCTGCTCGGCCACTCTGAGATCCGTGTGCCTCCGGTGGTGCCCGCGCAGACAGTGCGACAGCTGGTAGAGTTCCTGTACAGCGGTTCGCTCGTTGTGGCGCAGGGTGAAGCCCTGCAGGTGCTCACGGCCGCGTCAGTGCTTCGCATACAGACAGTTATCGACGAATGCACGCAGATTATCGCCCGCGCTCGAGCCCCGGGCACCTCTGCGCCCACGCCCCTGCCCACCCCTGTGCCCCCGCCACTCGCACCTGCGCAGCTGCGTCACCGCCTGCGCCACCTGCTGGCTGCACGTCCCCCGGGGCACCCCGGTGCTGCACACAGCCGTAAGCAGCGCCAGCCCGCGCGTTTGCAGCTGCCAGCGCCCCCAACACCTGCCAAGGCTGAGGGGCCTGATGCTGACCCCTCACTGTCCGCGGCCCCTGATGACCGAGGTGACGAGGATGACGAGGAAAGTGACGATGAGACCGATGGCGAGGATGGCGAAGGTGGCGGCCCAGGCGAGGGCCAGGCACCTCCTTCCTTCCCAGACTGTGCTGCTGGCTTCCTCACTGCTGCTGCTGACAGCGCGTGCGAGGAGCCCCCTGCACCCACTGGCCTCGCTGACTACAGTGGTGCCGGGAGAGATTTTCTTCGGGGAGCTGGGTCAGCTGAGGACGTATTTCCAGACAGCTATGTATCCACTTGGCACGACGAGGATGGCGCTGTCCCCGAAGGCTGTCCCACTGAGACCCCTGTCCAGCCCGACTGCATACTGTCTGGATCCCGCCCGCCTGGTGTGAAGACCCCAGGGCCGCCCGTTGCACTCTTCCCCTTTCACTTGGGTGCCCCTGGGCCACCCGCACCACCCCCTTCAGCACCATCGGGGCCAGCCCCTGCGCCCCCACCCGCCTTCTACCCCACACTCCAGCCCGAGGCAGCCCCCAGTACTCAGCTGGGGGAGGTCCCGGCTCCCTCTGCTGCTCCCACCACGGCCCCCTCAGGCACCCCTGCTCGCACCCCAGGTGCTGAGCCACCTACGTATGAGTGCAGCCACTGTCGCAAGACGTTCAGCTCCCGGAAAAACTACACCAAGCACATGTTCATCCACTCGGGGGAGAAGCCGCACCAGTGCGCCGTGTGCTGGCGATCCTTCTCTCTACGCGACTACCTGCTCAAACACATGGTCACGCACACCGGCGTGCGCGCCTTCCAGTGCGCCGTCTGCGCCAAGCGCTTCACGCAGAAGAGCTCGCTCAACGTGCACATGCGCACTCACCGGCCCGAGCGCGCGCCCTGCCCCGCCTGCGGCAAGGTCTTCTCGCACCGCGCGCTGCTGGAGCGCCACCTGGCGGCGCACCCTGCGCCCTGATGGCGCTGGGGCCTGGCCTCGCCCACGGTGGATCCGGGGCCTCCCGCACAGTCGGCCACGCCCGCTGCGGGACCCGTGGTTCCCGCCACTAGACCACGCTCCCTCCTGAGCGCAGGTCCTCTCTCTCCCTTCACCCTTTCTCCATACCAGGGCC
ZBTB45+1	ZBTB45+1_pp5	10	WTC11_consolidated	FSM_45682	FSM_45682:67-1416	1349	3	GAGTCGGAGATGGCGGCTGCAGAGGCTGTGCATCACATACACCTGCAGAACTTCTCACGCTCTCTGCTTGAGACCCTCAATGGGCAGAGGCTTGGGGGACACTTCTGTGACGTGACTGTGCGCATTCGTGAAGCTTCGCTGCGTGCCCACCGCTGCGTGCTGGCGGCCGGCTCACCCTTCTTCCAAGACAAGCTGCTGCTCGGCCACTCTGAGATCCGTGTGCCTCCGGTGGTGCCCGCGCAGACAGTGCGACAGCTGGTAGAGTTCCTGTACAGCGGTTCGCTCGTTGTGGCGCAGGGTGAAGCCCTGCAGGTGCTCACGGCCGCGTCAGTGCTTCGCATACAGACAGTTATCGACGAATGCACGCAGATTATCGCCCGCGCTCGAGCCCCGGGCACCTCTGCGCCCACGCCCCTGCCCACCCCTGTGCCCCCGCCACTCGCACCTGCGCAGCTGCGTCACCGCCTGCGCCACCTGCTGGCTGCACGTCCCCCGGGGCACCCCGGTGCTGCACACAGCCGTAAGCAGCGCCAGCCCGCGCGTTTGCAGCTGCCAGCGCCCCCAACACCTGCCAAGGCTGAGGGGCCTGATGCTGACCCCTCACTGTCCGCGGCCCCTGATGACCGAGGTGACGAGGATGACGAGGAAAGTGACGATGAGACCGATGGCGAGGATGGCGAAGGTGGCGGCCCAGGCGAGGGCCAGGCACCTCCTTCCTTCCCAGACTGTGCTGCTGGCTTCCTCACTGCTGCTGCTGACAGCGCGTGCGAGGAGCCCCCTGCACCCACTGGCCTCGCTGACTACAGTGGTGCCGGGAGAGATTTTCTTCGGGGAGCTGGGTCAGCTGAGGACGTATTTCCAGACAGCTATGTATCCACTTGGCACGACGAGGATGGCGCTGTCCCCGAAGGCTGTCCCACTGAGACCCCTGTCCAGCCCGACTGCATACTGTCTGGATCCCGCCCGCCTGGTGTGAAGACCCCAGGGCCGCCCGTTGCACTCTTCCCCTTTCACTTGGGTGCCCCTGGGCCACCCGCACCACCCCCTTCAGCACCATCGGGGCCAGCCCCTGCGCCCCCACCCGCCTTCTACCCCACACTCCAGCCCGAGGCAGCCCCCAGTACTCAGCTGGGGGAGGTCCCGGCTCCCTCTGCTGCTCCCACCACGGCCCCCTCAGGCACCCCTGCTCGCACCCCAGGTGCTGAGCCACCTACGTATGAGTGCAGCCACTGTCGCAAGACGTTCAGCTCCCGGAAAAACTACACCAAGCACATGTTCATCCACTCGGGGGAGAAGCCGCACCAGTGCGCCGTGTGCTGGCGATCCTTCTCTCTACGCGACTACCTGCT
ZBTB45+1	ZBTB45+1_pp8	11	WTC11_consolidated	FSM_45682	FSM_45682:68-1416	1348	3	AGTCGGAGATGGCGGCTGCAGAGGCTGTGCATCACATACACCTGCAGAACTTCTCACGCTCTCTGCTTGAGACCCTCAATGGGCAGAGGCTTGGGGGACACTTCTGTGACGTGACTGTGCGCATTCGTGAAGCTTCGCTGCGTGCCCACCGCTGCGTGCTGGCGGCCGGCTCACCCTTCTTCCAAGACAAGCTGCTGCTCGGCCACTCTGAGATCCGTGTGCCTCCGGTGGTGCCCGCGCAGACAGTGCGACAGCTGGTAGAGTTCCTGTACAGCGGTTCGCTCGTTGTGGCGCAGGGTGAAGCCCTGCAGGTGCTCACGGCCGCGTCAGTGCTTCGCATACAGACAGTTATCGACGAATGCACGCAGATTATCGCCCGCGCTCGAGCCCCGGGCACCTCTGCGCCCACGCCCCTGCCCACCCCTGTGCCCCCGCCACTCGCACCTGCGCAGCTGCGTCACCGCCTGCGCCACCTGCTGGCTGCACGTCCCCCGGGGCACCCCGGTGCTGCACACAGCCGTAAGCAGCGCCAGCCCGCGCGTTTGCAGCTGCCAGCGCCCCCAACACCTGCCAAGGCTGAGGGGCCTGATGCTGACCCCTCACTGTCCGCGGCCCCTGATGACCGAGGTGACGAGGATGACGAGGAAAGTGACGATGAGACCGATGGCGAGGATGGCGAAGGTGGCGGCCCAGGCGAGGGCCAGGCACCTCCTTCCTTCCCAGACTGTGCTGCTGGCTTCCTCACTGCTGCTGCTGACAGCGCGTGCGAGGAGCCCCCTGCACCCACTGGCCTCGCTGACTACAGTGGTGCCGGGAGAGATTTTCTTCGGGGAGCTGGGTCAGCTGAGGACGTATTTCCAGACAGCTATGTATCCACTTGGCACGACGAGGATGGCGCTGTCCCCGAAGGCTGTCCCACTGAGACCCCTGTCCAGCCCGACTGCATACTGTCTGGATCCCGCCCGCCTGGTGTGAAGACCCCAGGGCCGCCCGTTGCACTCTTCCCCTTTCACTTGGGTGCCCCTGGGCCACCCGCACCACCCCCTTCAGCACCATCGGGGCCAGCCCCTGCGCCCCCACCCGCCTTCTACCCCACACTCCAGCCCGAGGCAGCCCCCAGTACTCAGCTGGGGGAGGTCCCGGCTCCCTCTGCTGCTCCCACCACGGCCCCCTCAGGCACCCCTGCTCGCACCCCAGGTGCTGAGCCACCTACGTATGAGTGCAGCCACTGTCGCAAGACGTTCAGCTCCCGGAAAAACTACACCAAGCACATGTTCATCCACTCGGGGGAGAAGCCGCACCAGTGCGCCGTGTGCTGGCGATCCTTCTCTCTACGCGACTACCTGCT
ZBTB45+1	ZBTB45+1_pp12	12	WTC11_consolidated	FSM_45682	FSM_45682:67-1417	1350	3	GAGTCGGAGATGGCGGCTGCAGAGGCTGTGCATCACATACACCTGCAGAACTTCTCACGCTCTCTGCTTGAGACCCTCAATGGGCAGAGGCTTGGGGGACACTTCTGTGACGTGACTGTGCGCATTCGTGAAGCTTCGCTGCGTGCCCACCGCTGCGTGCTGGCGGCCGGCTCACCCTTCTTCCAAGACAAGCTGCTGCTCGGCCACTCTGAGATCCGTGTGCCTCCGGTGGTGCCCGCGCAGACAGTGCGACAGCTGGTAGAGTTCCTGTACAGCGGTTCGCTCGTTGTGGCGCAGGGTGAAGCCCTGCAGGTGCTCACGGCCGCGTCAGTGCTTCGCATACAGACAGTTATCGACGAATGCACGCAGATTATCGCCCGCGCTCGAGCCCCGGGCACCTCTGCGCCCACGCCCCTGCCCACCCCTGTGCCCCCGCCACTCGCACCTGCGCAGCTGCGTCACCGCCTGCGCCACCTGCTGGCTGCACGTCCCCCGGGGCACCCCGGTGCTGCACACAGCCGTAAGCAGCGCCAGCCCGCGCGTTTGCAGCTGCCAGCGCCCCCAACACCTGCCAAGGCTGAGGGGCCTGATGCTGACCCCTCACTGTCCGCGGCCCCTGATGACCGAGGTGACGAGGATGACGAGGAAAGTGACGATGAGACCGATGGCGAGGATGGCGAAGGTGGCGGCCCAGGCGAGGGCCAGGCACCTCCTTCCTTCCCAGACTGTGCTGCTGGCTTCCTCACTGCTGCTGCTGACAGCGCGTGCGAGGAGCCCCCTGCACCCACTGGCCTCGCTGACTACAGTGGTGCCGGGAGAGATTTTCTTCGGGGAGCTGGGTCAGCTGAGGACGTATTTCCAGACAGCTATGTATCCACTTGGCACGACGAGGATGGCGCTGTCCCCGAAGGCTGTCCCACTGAGACCCCTGTCCAGCCCGACTGCATACTGTCTGGATCCCGCCCGCCTGGTGTGAAGACCCCAGGGCCGCCCGTTGCACTCTTCCCCTTTCACTTGGGTGCCCCTGGGCCACCCGCACCACCCCCTTCAGCACCATCGGGGCCAGCCCCTGCGCCCCCACCCGCCTTCTACCCCACACTCCAGCCCGAGGCAGCCCCCAGTACTCAGCTGGGGGAGGTCCCGGCTCCCTCTGCTGCTCCCACCACGGCCCCCTCAGGCACCCCTGCTCGCACCCCAGGTGCTGAGCCACCTACGTATGAGTGCAGCCACTGTCGCAAGACGTTCAGCTCCCGGAAAAACTACACCAAGCACATGTTCATCCACTCGGGGGAGAAGCCGCACCAGTGCGCCGTGTGCTGGCGATCCTTCTCTCTACGCGACTACCTGCTC
