target_id	primer_id	pri	track	transcript_id	amplicon_coords	amplicon_len	amplicon_exons	amplicon
ENO1+1	ENO1+1_pp1	1	WTC11_consolidated	NIC_214405	NIC_214405:244-1349	1105	7	TATGAGGCCCTAGAGCTCCGGGACAATGATAAGACTCGCTATATGGGGAAGGAAACTGAACGTCACAGAACAAGAGAAGATTGACAAACTGATGATCGAGATGGATGGAACAGAAAATAAATCTAAGTTTGGTGCGAACGCCATTCTGGGGGTGTCCCTTGCCGTCTGCAAAGCTGGTGCCGTTGAGAAGGGGGTCCCCCTGTACCGCCACATCGCTGACTTGGCTGGCAACTCTGAAGTCATCCTGCCAGTCCCGGCGTTCAATGTCATCAATGGCGGTTCTCATGCTGGCAACAAGCTGGCCATGCAGGAGTTCATGATCCTCCCAGTCGGTGCAGCAAACTTCAGGGAAGCCATGCGCATTGGAGCAGAGGTTTACCACAACCTGAAGAATGTCATCAAGGAGAAATATGGGAAAGATGCCACCAATGTGGGGGATGAAGGCGGGTTTGCTCCCAACATCCTGGAGAATAAAGAAGGCCTGGAGCTGCTGAAGACTGCTATTGGGAAAGCTGGCTACACTGATAAGGTGGTCATCGGCATGGACGTAGCGGCCTCCGAGTTCTTCAGGTCTGGGAAGTATGACCTGGACTTCAAGTCTCCCGATGACCCCAGCAGGTACATCTCGCCTGACCAGCTGGCTGACCTGTACAAGTCCTTCATCAAGGACTACCCAGTGGTGTCTATCGAAGATCCCTTTGACCAGGATGACTGGGGAGCTTGGCAGAAGTTCACAGCCAGTGCAGGAATCCAGGTAGTGGGGGATGATCTCACAGTGACCAACCCAAAGAGGATCGCCAAGGCCGTGAACGAGAAGTCCTGCAACTGCCTCCTGCTCAAAGTCAACCAGATTGGCTCCGTGACCGAGTCTCTTCAGGCGTGCAAGCTGGCCCAGGCCAATGGTTGGGGCGTCATGGTGTCTCATCGTTCGGGGGAGACTGAAGATACCTTCATCGCTGACCTGGTTGTGGGGCTGTGCACTGGGCAGGTAAGAATGAGCGTCTCCTCCTTTCTTCTCTGACCTCAACTTCCTAGGAAGACCCAAAACCAGTGAGGCTCCATGTCTGTCCCCGTTTTGCTCATGTCCCCTGAGTCAGTGCTCTTG
ENO1+1	ENO1+1_pp2	2	WTC11_consolidated	NIC_214405	NIC_214405:244-1473	1229	7	TATGAGGCCCTAGAGCTCCGGGACAATGATAAGACTCGCTATATGGGGAAGGAAACTGAACGTCACAGAACAAGAGAAGATTGACAAACTGATGATCGAGATGGATGGAACAGAAAATAAATCTAAGTTTGGTGCGAACGCCATTCTGGGGGTGTCCCTTGCCGTCTGCAAAGCTGGTGCCGTTGAGAAGGGGGTCCCCCTGTACCGCCACATCGCTGACTTGGCTGGCAACTCTGAAGTCATCCTGCCAGTCCCGGCGTTCAATGTCATCAATGGCGGTTCTCATGCTGGCAACAAGCTGGCCATGCAGGAGTTCATGATCCTCCCAGTCGGTGCAGCAAACTTCAGGGAAGCCATGCGCATTGGAGCAGAGGTTTACCACAACCTGAAGAATGTCATCAAGGAGAAATATGGGAAAGATGCCACCAATGTGGGGGATGAAGGCGGGTTTGCTCCCAACATCCTGGAGAATAAAGAAGGCCTGGAGCTGCTGAAGACTGCTATTGGGAAAGCTGGCTACACTGATAAGGTGGTCATCGGCATGGACGTAGCGGCCTCCGAGTTCTTCAGGTCTGGGAAGTATGACCTGGACTTCAAGTCTCCCGATGACCCCAGCAGGTACATCTCGCCTGACCAGCTGGCTGACCTGTACAAGTCCTTCATCAAGGACTACCCAGTGGTGTCTATCGAAGATCCCTTTGACCAGGATGACTGGGGAGCTTGGCAGAAGTTCACAGCCAGTGCAGGAATCCAGGTAGTGGGGGATGATCTCACAGTGACCAACCCAAAGAGGATCGCCAAGGCCGTGAACGAGAAGTCCTGCAACTGCCTCCTGCTCAAAGTCAACCAGATTGGCTCCGTGACCGAGTCTCTTCAGGCGTGCAAGCTGGCCCAGGCCAATGGTTGGGGCGTCATGGTGTCTCATCGTTCGGGGGAGACTGAAGATACCTTCATCGCTGACCTGGTTGTGGGGCTGTGCACTGGGCAGGTAAGAATGAGCGTCTCCTCCTTTCTTCTCTGACCTCAACTTCCTAGGAAGACCCAAAACCAGTGAGGCTCCATGTCTGTCCCCGTTTTGCTCATGTCCCCTGAGTCAGTGCTCTTGTTTCTGAGGCTGAACAGAATGGGGGCATGAGCGCCCTGCCTGTATGTTGTGGCCCCCACTTTCCTAGCATCAGATCCTCTAGAAATTCTCTCTCTGACACCACACCCTCTCCCTGCCAGAAATG
ENO1+1	ENO1+1_pp3	3	WTC11_consolidated	NIC_214405	NIC_214405:244-1311	1067	7	TATGAGGCCCTAGAGCTCCGGGACAATGATAAGACTCGCTATATGGGGAAGGAAACTGAACGTCACAGAACAAGAGAAGATTGACAAACTGATGATCGAGATGGATGGAACAGAAAATAAATCTAAGTTTGGTGCGAACGCCATTCTGGGGGTGTCCCTTGCCGTCTGCAAAGCTGGTGCCGTTGAGAAGGGGGTCCCCCTGTACCGCCACATCGCTGACTTGGCTGGCAACTCTGAAGTCATCCTGCCAGTCCCGGCGTTCAATGTCATCAATGGCGGTTCTCATGCTGGCAACAAGCTGGCCATGCAGGAGTTCATGATCCTCCCAGTCGGTGCAGCAAACTTCAGGGAAGCCATGCGCATTGGAGCAGAGGTTTACCACAACCTGAAGAATGTCATCAAGGAGAAATATGGGAAAGATGCCACCAATGTGGGGGATGAAGGCGGGTTTGCTCCCAACATCCTGGAGAATAAAGAAGGCCTGGAGCTGCTGAAGACTGCTATTGGGAAAGCTGGCTACACTGATAAGGTGGTCATCGGCATGGACGTAGCGGCCTCCGAGTTCTTCAGGTCTGGGAAGTATGACCTGGACTTCAAGTCTCCCGATGACCCCAGCAGGTACATCTCGCCTGACCAGCTGGCTGACCTGTACAAGTCCTTCATCAAGGACTACCCAGTGGTGTCTATCGAAGATCCCTTTGACCAGGATGACTGGGGAGCTTGGCAGAAGTTCACAGCCAGTGCAGGAATCCAGGTAGTGGGGGATGATCTCACAGTGACCAACCCAAAGAGGATCGCCAAGGCCGTGAACGAGAAGTCCTGCAACTGCCTCCTGCTCAAAGTCAACCAGATTGGCTCCGTGACCGAGTCTCTTCAGGCGTGCAAGCTGGCCCAGGCCAATGGTTGGGGCGTCATGGTGTCTCATCGTTCGGGGGAGACTGAAGATACCTTCATCGCTGACCTGGTTGTGGGGCTGTGCACTGGGCAGGTAAGAATGAGCGTCTCCTCCTTTCTTCTCTGACCTCAACTTCCTAGGAAGACCCAAAACCAGTGAGGCTCCATGTCTG
ENO1+1	ENO1+1_pp4	4	WTC11_consolidated	NIC_214405	NIC_214405:244-1314	1070	7	TATGAGGCCCTAGAGCTCCGGGACAATGATAAGACTCGCTATATGGGGAAGGAAACTGAACGTCACAGAACAAGAGAAGATTGACAAACTGATGATCGAGATGGATGGAACAGAAAATAAATCTAAGTTTGGTGCGAACGCCATTCTGGGGGTGTCCCTTGCCGTCTGCAAAGCTGGTGCCGTTGAGAAGGGGGTCCCCCTGTACCGCCACATCGCTGACTTGGCTGGCAACTCTGAAGTCATCCTGCCAGTCCCGGCGTTCAATGTCATCAATGGCGGTTCTCATGCTGGCAACAAGCTGGCCATGCAGGAGTTCATGATCCTCCCAGTCGGTGCAGCAAACTTCAGGGAAGCCATGCGCATTGGAGCAGAGGTTTACCACAACCTGAAGAATGTCATCAAGGAGAAATATGGGAAAGATGCCACCAATGTGGGGGATGAAGGCGGGTTTGCTCCCAACATCCTGGAGAATAAAGAAGGCCTGGAGCTGCTGAAGACTGCTATTGGGAAAGCTGGCTACACTGATAAGGTGGTCATCGGCATGGACGTAGCGGCCTCCGAGTTCTTCAGGTCTGGGAAGTATGACCTGGACTTCAAGTCTCCCGATGACCCCAGCAGGTACATCTCGCCTGACCAGCTGGCTGACCTGTACAAGTCCTTCATCAAGGACTACCCAGTGGTGTCTATCGAAGATCCCTTTGACCAGGATGACTGGGGAGCTTGGCAGAAGTTCACAGCCAGTGCAGGAATCCAGGTAGTGGGGGATGATCTCACAGTGACCAACCCAAAGAGGATCGCCAAGGCCGTGAACGAGAAGTCCTGCAACTGCCTCCTGCTCAAAGTCAACCAGATTGGCTCCGTGACCGAGTCTCTTCAGGCGTGCAAGCTGGCCCAGGCCAATGGTTGGGGCGTCATGGTGTCTCATCGTTCGGGGGAGACTGAAGATACCTTCATCGCTGACCTGGTTGTGGGGCTGTGCACTGGGCAGGTAAGAATGAGCGTCTCCTCCTTTCTTCTCTGACCTCAACTTCCTAGGAAGACCCAAAACCAGTGAGGCTCCATGTCTGTCC
ENO1+1	ENO1+1_pp5	5	WTC11_consolidated	NIC_214405	NIC_214405:244-1324	1080	7	TATGAGGCCCTAGAGCTCCGGGACAATGATAAGACTCGCTATATGGGGAAGGAAACTGAACGTCACAGAACAAGAGAAGATTGACAAACTGATGATCGAGATGGATGGAACAGAAAATAAATCTAAGTTTGGTGCGAACGCCATTCTGGGGGTGTCCCTTGCCGTCTGCAAAGCTGGTGCCGTTGAGAAGGGGGTCCCCCTGTACCGCCACATCGCTGACTTGGCTGGCAACTCTGAAGTCATCCTGCCAGTCCCGGCGTTCAATGTCATCAATGGCGGTTCTCATGCTGGCAACAAGCTGGCCATGCAGGAGTTCATGATCCTCCCAGTCGGTGCAGCAAACTTCAGGGAAGCCATGCGCATTGGAGCAGAGGTTTACCACAACCTGAAGAATGTCATCAAGGAGAAATATGGGAAAGATGCCACCAATGTGGGGGATGAAGGCGGGTTTGCTCCCAACATCCTGGAGAATAAAGAAGGCCTGGAGCTGCTGAAGACTGCTATTGGGAAAGCTGGCTACACTGATAAGGTGGTCATCGGCATGGACGTAGCGGCCTCCGAGTTCTTCAGGTCTGGGAAGTATGACCTGGACTTCAAGTCTCCCGATGACCCCAGCAGGTACATCTCGCCTGACCAGCTGGCTGACCTGTACAAGTCCTTCATCAAGGACTACCCAGTGGTGTCTATCGAAGATCCCTTTGACCAGGATGACTGGGGAGCTTGGCAGAAGTTCACAGCCAGTGCAGGAATCCAGGTAGTGGGGGATGATCTCACAGTGACCAACCCAAAGAGGATCGCCAAGGCCGTGAACGAGAAGTCCTGCAACTGCCTCCTGCTCAAAGTCAACCAGATTGGCTCCGTGACCGAGTCTCTTCAGGCGTGCAAGCTGGCCCAGGCCAATGGTTGGGGCGTCATGGTGTCTCATCGTTCGGGGGAGACTGAAGATACCTTCATCGCTGACCTGGTTGTGGGGCTGTGCACTGGGCAGGTAAGAATGAGCGTCTCCTCCTTTCTTCTCTGACCTCAACTTCCTAGGAAGACCCAAAACCAGTGAGGCTCCATGTCTGTCCCCGTTTTGCT
