target_id	design_status	transcript_id	browser	primer_id	left_primer	right_primer	pri	amplicon_len	amplicon_exons	left_delta_G	right_delta_G	on_target_trans	off_target_trans	on_target_genome	off_target_genome	amplicon
ENO1+1	GOOD	NIC_214405	=HYPERLINK("https://genome.ucsc.edu/cgi-bin/hgTracks?position=chr1%3A8858901-8878685&db=hg38&genome=hg38&hubUrl=http%3A//test.org/JuJu/hub.txt", "chr1:8858901-8878685")	ENO1+1_pp1	TATGAGGCCCTAGAGCTCCG	CAAGAGCACTGACTCAGGGG	1	1105	7	4.63	4.79					TATGAGGCCCTAGAGCTCCGGGACAATGATAAGACTCGCTATATGGGGAAGGAAACTGAACGTCACAGAACAAGAGAAGATTGACAAACTGATGATCGAGATGGATGGAACAGAAAATAAATCTAAGTTTGGTGCGAACGCCATTCTGGGGGTGTCCCTTGCCGTCTGCAAAGCTGGTGCCGTTGAGAAGGGGGTCCCCCTGTACCGCCACATCGCTGACTTGGCTGGCAACTCTGAAGTCATCCTGCCAGTCCCGGCGTTCAATGTCATCAATGGCGGTTCTCATGCTGGCAACAAGCTGGCCATGCAGGAGTTCATGATCCTCCCAGTCGGTGCAGCAAACTTCAGGGAAGCCATGCGCATTGGAGCAGAGGTTTACCACAACCTGAAGAATGTCATCAAGGAGAAATATGGGAAAGATGCCACCAATGTGGGGGATGAAGGCGGGTTTGCTCCCAACATCCTGGAGAATAAAGAAGGCCTGGAGCTGCTGAAGACTGCTATTGGGAAAGCTGGCTACACTGATAAGGTGGTCATCGGCATGGACGTAGCGGCCTCCGAGTTCTTCAGGTCTGGGAAGTATGACCTGGACTTCAAGTCTCCCGATGACCCCAGCAGGTACATCTCGCCTGACCAGCTGGCTGACCTGTACAAGTCCTTCATCAAGGACTACCCAGTGGTGTCTATCGAAGATCCCTTTGACCAGGATGACTGGGGAGCTTGGCAGAAGTTCACAGCCAGTGCAGGAATCCAGGTAGTGGGGGATGATCTCACAGTGACCAACCCAAAGAGGATCGCCAAGGCCGTGAACGAGAAGTCCTGCAACTGCCTCCTGCTCAAAGTCAACCAGATTGGCTCCGTGACCGAGTCTCTTCAGGCGTGCAAGCTGGCCCAGGCCAATGGTTGGGGCGTCATGGTGTCTCATCGTTCGGGGGAGACTGAAGATACCTTCATCGCTGACCTGGTTGTGGGGCTGTGCACTGGGCAGGTAAGAATGAGCGTCTCCTCCTTTCTTCTCTGACCTCAACTTCCTAGGAAGACCCAAAACCAGTGAGGCTCCATGTCTGTCCCCGTTTTGCTCATGTCCCCTGAGTCAGTGCTCTTG
ENO1+1	GOOD	NIC_214405		ENO1+1_pp2	TATGAGGCCCTAGAGCTCCG	CATTTCTGGCAGGGAGAGGG	2	1229	7	4.63	4.3					TATGAGGCCCTAGAGCTCCGGGACAATGATAAGACTCGCTATATGGGGAAGGAAACTGAACGTCACAGAACAAGAGAAGATTGACAAACTGATGATCGAGATGGATGGAACAGAAAATAAATCTAAGTTTGGTGCGAACGCCATTCTGGGGGTGTCCCTTGCCGTCTGCAAAGCTGGTGCCGTTGAGAAGGGGGTCCCCCTGTACCGCCACATCGCTGACTTGGCTGGCAACTCTGAAGTCATCCTGCCAGTCCCGGCGTTCAATGTCATCAATGGCGGTTCTCATGCTGGCAACAAGCTGGCCATGCAGGAGTTCATGATCCTCCCAGTCGGTGCAGCAAACTTCAGGGAAGCCATGCGCATTGGAGCAGAGGTTTACCACAACCTGAAGAATGTCATCAAGGAGAAATATGGGAAAGATGCCACCAATGTGGGGGATGAAGGCGGGTTTGCTCCCAACATCCTGGAGAATAAAGAAGGCCTGGAGCTGCTGAAGACTGCTATTGGGAAAGCTGGCTACACTGATAAGGTGGTCATCGGCATGGACGTAGCGGCCTCCGAGTTCTTCAGGTCTGGGAAGTATGACCTGGACTTCAAGTCTCCCGATGACCCCAGCAGGTACATCTCGCCTGACCAGCTGGCTGACCTGTACAAGTCCTTCATCAAGGACTACCCAGTGGTGTCTATCGAAGATCCCTTTGACCAGGATGACTGGGGAGCTTGGCAGAAGTTCACAGCCAGTGCAGGAATCCAGGTAGTGGGGGATGATCTCACAGTGACCAACCCAAAGAGGATCGCCAAGGCCGTGAACGAGAAGTCCTGCAACTGCCTCCTGCTCAAAGTCAACCAGATTGGCTCCGTGACCGAGTCTCTTCAGGCGTGCAAGCTGGCCCAGGCCAATGGTTGGGGCGTCATGGTGTCTCATCGTTCGGGGGAGACTGAAGATACCTTCATCGCTGACCTGGTTGTGGGGCTGTGCACTGGGCAGGTAAGAATGAGCGTCTCCTCCTTTCTTCTCTGACCTCAACTTCCTAGGAAGACCCAAAACCAGTGAGGCTCCATGTCTGTCCCCGTTTTGCTCATGTCCCCTGAGTCAGTGCTCTTGTTTCTGAGGCTGAACAGAATGGGGGCATGAGCGCCCTGCCTGTATGTTGTGGCCCCCACTTTCCTAGCATCAGATCCTCTAGAAATTCTCTCTCTGACACCACACCCTCTCCCTGCCAGAAATG
ENO1+1	GOOD	NIC_214405		ENO1+1_pp3	TATGAGGCCCTAGAGCTCCG	CAGACATGGAGCCTCACTGG	3	1067	7	4.63	4.0					TATGAGGCCCTAGAGCTCCGGGACAATGATAAGACTCGCTATATGGGGAAGGAAACTGAACGTCACAGAACAAGAGAAGATTGACAAACTGATGATCGAGATGGATGGAACAGAAAATAAATCTAAGTTTGGTGCGAACGCCATTCTGGGGGTGTCCCTTGCCGTCTGCAAAGCTGGTGCCGTTGAGAAGGGGGTCCCCCTGTACCGCCACATCGCTGACTTGGCTGGCAACTCTGAAGTCATCCTGCCAGTCCCGGCGTTCAATGTCATCAATGGCGGTTCTCATGCTGGCAACAAGCTGGCCATGCAGGAGTTCATGATCCTCCCAGTCGGTGCAGCAAACTTCAGGGAAGCCATGCGCATTGGAGCAGAGGTTTACCACAACCTGAAGAATGTCATCAAGGAGAAATATGGGAAAGATGCCACCAATGTGGGGGATGAAGGCGGGTTTGCTCCCAACATCCTGGAGAATAAAGAAGGCCTGGAGCTGCTGAAGACTGCTATTGGGAAAGCTGGCTACACTGATAAGGTGGTCATCGGCATGGACGTAGCGGCCTCCGAGTTCTTCAGGTCTGGGAAGTATGACCTGGACTTCAAGTCTCCCGATGACCCCAGCAGGTACATCTCGCCTGACCAGCTGGCTGACCTGTACAAGTCCTTCATCAAGGACTACCCAGTGGTGTCTATCGAAGATCCCTTTGACCAGGATGACTGGGGAGCTTGGCAGAAGTTCACAGCCAGTGCAGGAATCCAGGTAGTGGGGGATGATCTCACAGTGACCAACCCAAAGAGGATCGCCAAGGCCGTGAACGAGAAGTCCTGCAACTGCCTCCTGCTCAAAGTCAACCAGATTGGCTCCGTGACCGAGTCTCTTCAGGCGTGCAAGCTGGCCCAGGCCAATGGTTGGGGCGTCATGGTGTCTCATCGTTCGGGGGAGACTGAAGATACCTTCATCGCTGACCTGGTTGTGGGGCTGTGCACTGGGCAGGTAAGAATGAGCGTCTCCTCCTTTCTTCTCTGACCTCAACTTCCTAGGAAGACCCAAAACCAGTGAGGCTCCATGTCTG
ENO1+1	GOOD	NIC_214405		ENO1+1_pp4	TATGAGGCCCTAGAGCTCCG	GGACAGACATGGAGCCTCAC	4	1070	7	4.63	3.51					TATGAGGCCCTAGAGCTCCGGGACAATGATAAGACTCGCTATATGGGGAAGGAAACTGAACGTCACAGAACAAGAGAAGATTGACAAACTGATGATCGAGATGGATGGAACAGAAAATAAATCTAAGTTTGGTGCGAACGCCATTCTGGGGGTGTCCCTTGCCGTCTGCAAAGCTGGTGCCGTTGAGAAGGGGGTCCCCCTGTACCGCCACATCGCTGACTTGGCTGGCAACTCTGAAGTCATCCTGCCAGTCCCGGCGTTCAATGTCATCAATGGCGGTTCTCATGCTGGCAACAAGCTGGCCATGCAGGAGTTCATGATCCTCCCAGTCGGTGCAGCAAACTTCAGGGAAGCCATGCGCATTGGAGCAGAGGTTTACCACAACCTGAAGAATGTCATCAAGGAGAAATATGGGAAAGATGCCACCAATGTGGGGGATGAAGGCGGGTTTGCTCCCAACATCCTGGAGAATAAAGAAGGCCTGGAGCTGCTGAAGACTGCTATTGGGAAAGCTGGCTACACTGATAAGGTGGTCATCGGCATGGACGTAGCGGCCTCCGAGTTCTTCAGGTCTGGGAAGTATGACCTGGACTTCAAGTCTCCCGATGACCCCAGCAGGTACATCTCGCCTGACCAGCTGGCTGACCTGTACAAGTCCTTCATCAAGGACTACCCAGTGGTGTCTATCGAAGATCCCTTTGACCAGGATGACTGGGGAGCTTGGCAGAAGTTCACAGCCAGTGCAGGAATCCAGGTAGTGGGGGATGATCTCACAGTGACCAACCCAAAGAGGATCGCCAAGGCCGTGAACGAGAAGTCCTGCAACTGCCTCCTGCTCAAAGTCAACCAGATTGGCTCCGTGACCGAGTCTCTTCAGGCGTGCAAGCTGGCCCAGGCCAATGGTTGGGGCGTCATGGTGTCTCATCGTTCGGGGGAGACTGAAGATACCTTCATCGCTGACCTGGTTGTGGGGCTGTGCACTGGGCAGGTAAGAATGAGCGTCTCCTCCTTTCTTCTCTGACCTCAACTTCCTAGGAAGACCCAAAACCAGTGAGGCTCCATGTCTGTCC
ENO1+1	GOOD	NIC_214405		ENO1+1_pp5	TATGAGGCCCTAGAGCTCCG	AGCAAAACGGGGACAGACAT	5	1080	7	4.63	3.06					TATGAGGCCCTAGAGCTCCGGGACAATGATAAGACTCGCTATATGGGGAAGGAAACTGAACGTCACAGAACAAGAGAAGATTGACAAACTGATGATCGAGATGGATGGAACAGAAAATAAATCTAAGTTTGGTGCGAACGCCATTCTGGGGGTGTCCCTTGCCGTCTGCAAAGCTGGTGCCGTTGAGAAGGGGGTCCCCCTGTACCGCCACATCGCTGACTTGGCTGGCAACTCTGAAGTCATCCTGCCAGTCCCGGCGTTCAATGTCATCAATGGCGGTTCTCATGCTGGCAACAAGCTGGCCATGCAGGAGTTCATGATCCTCCCAGTCGGTGCAGCAAACTTCAGGGAAGCCATGCGCATTGGAGCAGAGGTTTACCACAACCTGAAGAATGTCATCAAGGAGAAATATGGGAAAGATGCCACCAATGTGGGGGATGAAGGCGGGTTTGCTCCCAACATCCTGGAGAATAAAGAAGGCCTGGAGCTGCTGAAGACTGCTATTGGGAAAGCTGGCTACACTGATAAGGTGGTCATCGGCATGGACGTAGCGGCCTCCGAGTTCTTCAGGTCTGGGAAGTATGACCTGGACTTCAAGTCTCCCGATGACCCCAGCAGGTACATCTCGCCTGACCAGCTGGCTGACCTGTACAAGTCCTTCATCAAGGACTACCCAGTGGTGTCTATCGAAGATCCCTTTGACCAGGATGACTGGGGAGCTTGGCAGAAGTTCACAGCCAGTGCAGGAATCCAGGTAGTGGGGGATGATCTCACAGTGACCAACCCAAAGAGGATCGCCAAGGCCGTGAACGAGAAGTCCTGCAACTGCCTCCTGCTCAAAGTCAACCAGATTGGCTCCGTGACCGAGTCTCTTCAGGCGTGCAAGCTGGCCCAGGCCAATGGTTGGGGCGTCATGGTGTCTCATCGTTCGGGGGAGACTGAAGATACCTTCATCGCTGACCTGGTTGTGGGGCTGTGCACTGGGCAGGTAAGAATGAGCGTCTCCTCCTTTCTTCTCTGACCTCAACTTCCTAGGAAGACCCAAAACCAGTGAGGCTCCATGTCTGTCCCCGTTTTGCT
