target_id: ENO1+1
region_5p: chr1:8871902-8871971
region_3p: chr1:8862989-8863205
strand: -
transcripts:
transcript: WTC11_consolidated/NIC_214405
coords: Feature(genome=chr1:8858901-8878685/+, trans=NIC_214405:0-4108/-)
features:
[   ExonFeature(genome=Coords(name='chr1', start=8858901, end=8861429, strand='+', size=248956422), trans=Coords(name='NIC_214405', start=0, end=2528, strand='-', size=4108)),
    IntronFeature(genome=Coords(name='chr1', start=8861429, end=8862886, strand='+', size=248956422), trans=Coords(name='NIC_214405', start=2528, end=2528, strand='-', size=4108)),
    ExonFeature(genome=Coords(name='chr1', start=8862886, end=8863343, strand='+', size=248956422), trans=Coords(name='NIC_214405', start=2528, end=2985, strand='-', size=4108)),
    IntronFeature(genome=Coords(name='chr1', start=8863343, end=8863890, strand='+', size=248956422), trans=Coords(name='NIC_214405', start=2985, end=2985, strand='-', size=4108)),
    ExonFeature(genome=Coords(name='chr1', start=8863890, end=8864092, strand='+', size=248956422), trans=Coords(name='NIC_214405', start=2985, end=3187, strand='-', size=4108)),
    IntronFeature(genome=Coords(name='chr1', start=8864092, end=8865284, strand='+', size=248956422), trans=Coords(name='NIC_214405', start=3187, end=3187, strand='-', size=4108)),
    ExonFeature(genome=Coords(name='chr1', start=8865284, end=8865482, strand='+', size=248956422), trans=Coords(name='NIC_214405', start=3187, end=3385, strand='-', size=4108)),
    IntronFeature(genome=Coords(name='chr1', start=8865482, end=8866278, strand='+', size=248956422), trans=Coords(name='NIC_214405', start=3385, end=3385, strand='-', size=4108)),
    ExonFeature(genome=Coords(name='chr1', start=8866278, end=8866501, strand='+', size=248956422), trans=Coords(name='NIC_214405', start=3385, end=3608, strand='-', size=4108)),
    IntronFeature(genome=Coords(name='chr1', start=8866501, end=8867116, strand='+', size=248956422), trans=Coords(name='NIC_214405', start=3608, end=3608, strand='-', size=4108)),
    ExonFeature(genome=Coords(name='chr1', start=8867116, end=8867250, strand='+', size=248956422), trans=Coords(name='NIC_214405', start=3608, end=3742, strand='-', size=4108)),
    IntronFeature(genome=Coords(name='chr1', start=8867250, end=8867987, strand='+', size=248956422), trans=Coords(name='NIC_214405', start=3742, end=3742, strand='-', size=4108)),
    ExonFeature(genome=Coords(name='chr1', start=8867987, end=8868057, strand='+', size=248956422), trans=Coords(name='NIC_214405', start=3742, end=3812, strand='-', size=4108)),
    IntronFeature(genome=Coords(name='chr1', start=8868057, end=8871890, strand='+', size=248956422), trans=Coords(name='NIC_214405', start=3812, end=3812, strand='-', size=4108)),
    ExonFeature(genome=Coords(name='chr1', start=8871890, end=8871986, strand='+', size=248956422), trans=Coords(name='NIC_214405', start=3812, end=3908, strand='-', size=4108)),
    IntronFeature(genome=Coords(name='chr1', start=8871986, end=8874823, strand='+', size=248956422), trans=Coords(name='NIC_214405', start=3908, end=3908, strand='-', size=4108)),
    ExonFeature(genome=Coords(name='chr1', start=8874823, end=8874917, strand='+', size=248956422), trans=Coords(name='NIC_214405', start=3908, end=4002, strand='-', size=4108)),
    IntronFeature(genome=Coords(name='chr1', start=8874917, end=8878579, strand='+', size=248956422), trans=Coords(name='NIC_214405', start=4002, end=4002, strand='-', size=4108)),
    ExonFeature(genome=Coords(name='chr1', start=8878579, end=8878685, strand='+', size=248956422), trans=Coords(name='NIC_214405', start=4002, end=4108, strand='-', size=4108))]
rna: GTATCTGTGGGTACCCGGAGCACGGAGATCTCGCCGGCTTTACGTTCACCTCGGTGTCTGCAGCACCCTCCGCTTCCTCTCCTAGGCGACGAGACCCAGTGGCTAGAAGTTCACCATGTCTATTCTCAAGATCCATGCCAGGGAGATCTTTGACTCTCGCGGGAATCCCACTGTTGAGGTTGATCTCTTCACCTCAAAAGGTCTCTTCAGAGCTGCTGTGCCCAGTGGTGCTTCAACTGGTATCTATGAGGCCCTAGAGCTCCGGGACAATGATAAGACTCGCTATATGGGGAAGGAAACTGAACGTCACAGAACAAGAGAAGATTGACAAACTGATGATCGAGATGGATGGAACAGAAAATAAATCTAAGTTTGGTGCGAACGCCATTCTGGGGGTGTCCCTTGCCGTCTGCAAAGCTGGTGCCGTTGAGAAGGGGGTCCCCCTGTACCGCCACATCGCTGACTTGGCTGGCAACTCTGAAGTCATCCTGCCAGTCCCGGCGTTCAATGTCATCAATGGCGGTTCTCATGCTGGCAACAAGCTGGCCATGCAGGAGTTCATGATCCTCCCAGTCGGTGCAGCAAACTTCAGGGAAGCCATGCGCATTGGAGCAGAGGTTTACCACAACCTGAAGAATGTCATCAAGGAGAAATATGGGAAAGATGCCACCAATGTGGGGGATGAAGGCGGGTTTGCTCCCAACATCCTGGAGAATAAAGAAGGCCTGGAGCTGCTGAAGACTGCTATTGGGAAAGCTGGCTACACTGATAAGGTGGTCATCGGCATGGACGTAGCGGCCTCCGAGTTCTTCAGGTCTGGGAAGTATGACCTGGACTTCAAGTCTCCCGATGACCCCAGCAGGTACATCTCGCCTGACCAGCTGGCTGACCTGTACAAGTCCTTCATCAAGGACTACCCAGTGGTGTCTATCGAAGATCCCTTTGACCAGGATGACTGGGGAGCTTGGCAGAAGTTCACAGCCAGTGCAGGAATCCAGGTAGTGGGGGATGATCTCACAGTGACCAACCCAAAGAGGATCGCCAAGGCCGTGAACGAGAAGTCCTGCAACTGCCTCCTGCTCAAAGTCAACCAGATTGGCTCCGTGACCGAGTCTCTTCAGGCGTGCAAGCTGGCCCAGGCCAATGGTTGGGGCGTCATGGTGTCTCATCGTTCGGGGGAGACTGAAGATACCTTCATCGCTGACCTGGTTGTGGGGCTGTGCACTGGGCAGGTAAGAATGAGCGTCTCCTCCTTTCTTCTCTGACCTCAACTTCCTAGGAAGACCCAAAACCAGTGAGGCTCCATGTCTGTCCCCGTTTTGCTCATGTCCCCTGAGTCAGTGCTCTTGTTTCTGAGGCTGAACAGAATGGGGGCATGAGCGCCCTGCCTGTATGTTGTGGCCCCCACTTTCCTAGCATCAGATCCTCTAGAAATTCTCTCTCTGACACCACACCCTCTCCCTGCCAGAAATGCCTGCAAAGCTTGTCCGCTGTAAGCAAATGGCCTTTCTTTTCTCCTAGATCAAGACTGGTGCCCCTTGCCGATCTGAGCGCTTGGCCAAGTACAACCAGCTCCTCAGAATTGAAGAGGAGCTGGGCAGCAAGGCTAAGTTTGCCGGCAGGAACTTCAGAAACCCCTTGGCCAAGTAAGCTGTGGGCAGGCAAGCCCTTCGGTCACCTGTTGGCTACACAGACCCCTCCCCTCGTGTCAGCTCAGGCAGCTCGAGGCCCCCGACCAACACTTGCAGGGGTCCCTGCTAGTTAGCGCCCCACCGCCGTGGAGTTCGTACCGCTTCCTTAGAACTTCTACAGAAGCCAAGCTCCCTGGAGCCCTGTTGGCAGCTCTAGCTTTGCAGTCGTGTAATTGGCCCAAGTCATTGTTTTTCTCGCCTCACTTTCCACCAAGTGTCTAGAGTCATGTGAGCCTCGTGTCATCTCCGGGGTGGCCACAGGCTAGATCCCCGGTGGTTTTGTGCTCAAAATAAAAAGCCTCAGTGACCCATGAGAATACTCCGTGTGCCTGTGTATGTCTGGAACAATCTGGGTCTGTCCTTAGTGTTCAGGGGCCCCTGGCGAAAGGGTGTCGGCCTTTGAGAACCAAGGTTTGGTGTCGTAACAGAAAAGGATGAGGATCCATTGGGGTCATTTTCCTGGGTCCTTGGGAAGGGAACCAGAGGCAAAGGCAAGAGAAGAGACATACACGGTCCCTCCAGGATAGTGGGGTCAAAACAGAGTCTAAGCTGGAAGGCAGAGCGAGACTTTGTTTGGACACCTTGTTTGGAAGAAACTTCAAATGCAGGCCTATTTGTAGATAATCTTAAGGATGGTAGCTACTAGGTTACACAGCCATATTCAGACCAGAAGGACTTCAGGGTAAAGGTGACCATCCTGGGAAGAGATGTTCTCTTCCCAGGGTCTCTTCCTGGGGAAAGCAGGTGAAAGAAGGATTAAATGGGAGCTCTGGGCAGGAAGGCAGAAGGGCATCAAGAAGACCTCAGGACCCGATTTAAATGAATGAATTCCACTCCTCGGTTTCTCAAGCTTCAGGTTTCATGTGTCCGGTAGCTGCCATTTGTAGCTGCTGCCCACTGCATTGGATTAAGCAGATGGAAAACTTGAATGTTGCAGCAAGTACTGTTCTAGGGTAATGCTGAACACGGGGTGTGAAGAATACGTTTATTAAAAAGTGAGAGATGAAGCGAGTTGTAGTGGCTCATGCCTATAATCCCAGCACTTTGGGAGGCCAGGGCAGGCGGATCATCTGAGGTCAGAAGTTCAAGACCAGCCTGGCCAATATGGCAAAACCCCGCCTGTACTAAAAATACAAAAATGAGGCCGGGTGCGGTGGCTCATGCCTCTAATCCCAGCACTTTGGGAGGCTGAGGCTGGTGGATTACAAGGTCAGGAGTTTGAGACCAGCCTGGCCAATATGTTGAAACCCCATCTCTACTAAAAATACAAAAATTAGCCAGGCGTGGTGGCAGGCACCTGTAGTCCCAGCTACTCAGGAGGCTGAGGCAGGAGAATCACTTGAACCCAGGAGGCGGAGGTTGCAGTGAGCCAAGATTGCGCCACTGCACTCCAGCCTGGGTGACAGCGCAAGACTCCATCTCGAAAAAAAATAAAAAATTAGCTGGGCTTGGTGGCATGCGCCTGTAACCCCAGCTGCTCAGGAGGCTGAGGCATGAGAATCGTTTGAACCCAGGACGTGGAGGTTGCAGTGAGCCAAGATCACACCACTGCACTTCACCCTGGGCAAGAGTGAGACTCCGTCTCAAAAAAAATAAAGAGATGAGAAACTGTGGTTGCCATCTGCACCTTAAGAGGTCCCATATTCTATTACTTGATTTTTCTCCCTAAAAGAAGTATCTTGAGTTGCGCGTTCCAATGCACAGTCAGGGAGCTGGGGAGCCCTCTTGTGGACATTCTTGTTCATTGTTAATGTCAGGATTTAACCTGAGAAGCAGAACCAATAAGGAGAGGTAAAGTTAGCCAAGCATGTCGGCGTAGCTATGGTCCCAGCTACTCAGCAGGCTGAGGCCAGAGGATTGCTTGAGCCCCAGAGGTCAAGGCTGCCATAAGCCAAAATCGCACCACTGCACTCCAGTCTGGGTGACACAGTGAGAGCCTTTCTCAAAAGTAATAACTGGCCTCTGATTGTGGGGCCTGGATAAGCACGTCTGAAATTCACAGGGCTGCCAGTGGGAAGGGACAATGGCCAGCAGCAGGCTGGAACTCCAGGGGCTTGGGTGAAGCTGTCATTTCACAGGTGAAATTTCTGTCTTGAAACCTCGGTTTTTAAGACCACCTCACTAGCTGGGTGCAGTGGCTTGCACCTGTAATCTCAGCACTTTAGGAAGCTGAGGTGGGTGGATCACCTGAGGTCAGGAGTTTGTGACCAGCCTGGCCCAGATGGCGAAACCCAGTCTCTACTAAAAATACCAAAAAATTAGCCGGGAGTGGTGGCGTGTGCCTGTGGTCATAGCTACTCAGGAGGCTGAGACAGGAGAATTGCTTGAACCCAGGAGGTGAAGGTTGCAGTGAGCTGAGATCACGCCACTGCACTCCAGCCTGGGTGATGGAGGAAGACTCTCAAAAAACAAAAAAA
rna exons: GTATCTGTGGGTACCCGGAGCACGGAGATCTCGCCGGCTTTACGTTCACCTCGGTGTCTGCAGCACCCTCCGCTTCCTCTCCTAGGCGACGAGACCCAGTGGCTAG,AAGTTCACCATGTCTATTCTCAAGATCCATGCCAGGGAGATCTTTGACTCTCGCGGGAATCCCACTGTTGAGGTTGATCTCTTCACCTCAAAAG,GTCTCTTCAGAGCTGCTGTGCCCAGTGGTGCTTCAACTGGTATCTATGAGGCCCTAGAGCTCCGGGACAATGATAAGACTCGCTATATGGGGAAGG,AAACTGAACGTCACAGAACAAGAGAAGATTGACAAACTGATGATCGAGATGGATGGAACAGAAAATAAAT,CTAAGTTTGGTGCGAACGCCATTCTGGGGGTGTCCCTTGCCGTCTGCAAAGCTGGTGCCGTTGAGAAGGGGGTCCCCCTGTACCGCCACATCGCTGACTTGGCTGGCAACTCTGAAGTCATCCTGCCAGTCCCG,GCGTTCAATGTCATCAATGGCGGTTCTCATGCTGGCAACAAGCTGGCCATGCAGGAGTTCATGATCCTCCCAGTCGGTGCAGCAAACTTCAGGGAAGCCATGCGCATTGGAGCAGAGGTTTACCACAACCTGAAGAATGTCATCAAGGAGAAATATGGGAAAGATGCCACCAATGTGGGGGATGAAGGCGGGTTTGCTCCCAACATCCTGGAGAATAAAGAAG,GCCTGGAGCTGCTGAAGACTGCTATTGGGAAAGCTGGCTACACTGATAAGGTGGTCATCGGCATGGACGTAGCGGCCTCCGAGTTCTTCAGGTCTGGGAAGTATGACCTGGACTTCAAGTCTCCCGATGACCCCAGCAGGTACATCTCGCCTGACCAGCTGGCTGACCTGTACAAGTCCTTCATCAAGGACTACCCAG,TGGTGTCTATCGAAGATCCCTTTGACCAGGATGACTGGGGAGCTTGGCAGAAGTTCACAGCCAGTGCAGGAATCCAGGTAGTGGGGGATGATCTCACAGTGACCAACCCAAAGAGGATCGCCAAGGCCGTGAACGAGAAGTCCTGCAACTGCCTCCTGCTCAAAGTCAACCAGATTGGCTCCGTGACCGAGTCTCTTCAGGC,GTGCAAGCTGGCCCAGGCCAATGGTTGGGGCGTCATGGTGTCTCATCGTTCGGGGGAGACTGAAGATACCTTCATCGCTGACCTGGTTGTGGGGCTGTGCACTGGGCAGGTAAGAATGAGCGTCTCCTCCTTTCTTCTCTGACCTCAACTTCCTAGGAAGACCCAAAACCAGTGAGGCTCCATGTCTGTCCCCGTTTTGCTCATGTCCCCTGAGTCAGTGCTCTTGTTTCTGAGGCTGAACAGAATGGGGGCATGAGCGCCCTGCCTGTATGTTGTGGCCCCCACTTTCCTAGCATCAGATCCTCTAGAAATTCTCTCTCTGACACCACACCCTCTCCCTGCCAGAAATGCCTGCAAAGCTTGTCCGCTGTAAGCAAATGGCCTTTCTTTTCTCCTAGATCAAGACTGGTGCCCCTTGCCGATCTGAGCGCTTGGCCAAGTACAACCAGCTCCTCAG,AATTGAAGAGGAGCTGGGCAGCAAGGCTAAGTTTGCCGGCAGGAACTTCAGAAACCCCTTGGCCAAGTAAGCTGTGGGCAGGCAAGCCCTTCGGTCACCTGTTGGCTACACAGACCCCTCCCCTCGTGTCAGCTCAGGCAGCTCGAGGCCCCCGACCAACACTTGCAGGGGTCCCTGCTAGTTAGCGCCCCACCGCCGTGGAGTTCGTACCGCTTCCTTAGAACTTCTACAGAAGCCAAGCTCCCTGGAGCCCTGTTGGCAGCTCTAGCTTTGCAGTCGTGTAATTGGCCCAAGTCATTGTTTTTCTCGCCTCACTTTCCACCAAGTGTCTAGAGTCATGTGAGCCTCGTGTCATCTCCGGGGTGGCCACAGGCTAGATCCCCGGTGGTTTTGTGCTCAAAATAAAAAGCCTCAGTGACCCATGAGAATACTCCGTGTGCCTGTGTATGTCTGGAACAATCTGGGTCTGTCCTTAGTGTTCAGGGGCCCCTGGCGAAAGGGTGTCGGCCTTTGAGAACCAAGGTTTGGTGTCGTAACAGAAAAGGATGAGGATCCATTGGGGTCATTTTCCTGGGTCCTTGGGAAGGGAACCAGAGGCAAAGGCAAGAGAAGAGACATACACGGTCCCTCCAGGATAGTGGGGTCAAAACAGAGTCTAAGCTGGAAGGCAGAGCGAGACTTTGTTTGGACACCTTGTTTGGAAGAAACTTCAAATGCAGGCCTATTTGTAGATAATCTTAAGGATGGTAGCTACTAGGTTACACAGCCATATTCAGACCAGAAGGACTTCAGGGTAAAGGTGACCATCCTGGGAAGAGATGTTCTCTTCCCAGGGTCTCTTCCTGGGGAAAGCAGGTGAAAGAAGGATTAAATGGGAGCTCTGGGCAGGAAGGCAGAAGGGCATCAAGAAGACCTCAGGACCCGATTTAAATGAATGAATTCCACTCCTCGGTTTCTCAAGCTTCAGGTTTCATGTGTCCGGTAGCTGCCATTTGTAGCTGCTGCCCACTGCATTGGATTAAGCAGATGGAAAACTTGAATGTTGCAGCAAGTACTGTTCTAGGGTAATGCTGAACACGGGGTGTGAAGAATACGTTTATTAAAAAGTGAGAGATGAAGCGAGTTGTAGTGGCTCATGCCTATAATCCCAGCACTTTGGGAGGCCAGGGCAGGCGGATCATCTGAGGTCAGAAGTTCAAGACCAGCCTGGCCAATATGGCAAAACCCCGCCTGTACTAAAAATACAAAAATGAGGCCGGGTGCGGTGGCTCATGCCTCTAATCCCAGCACTTTGGGAGGCTGAGGCTGGTGGATTACAAGGTCAGGAGTTTGAGACCAGCCTGGCCAATATGTTGAAACCCCATCTCTACTAAAAATACAAAAATTAGCCAGGCGTGGTGGCAGGCACCTGTAGTCCCAGCTACTCAGGAGGCTGAGGCAGGAGAATCACTTGAACCCAGGAGGCGGAGGTTGCAGTGAGCCAAGATTGCGCCACTGCACTCCAGCCTGGGTGACAGCGCAAGACTCCATCTCGAAAAAAAATAAAAAATTAGCTGGGCTTGGTGGCATGCGCCTGTAACCCCAGCTGCTCAGGAGGCTGAGGCATGAGAATCGTTTGAACCCAGGACGTGGAGGTTGCAGTGAGCCAAGATCACACCACTGCACTTCACCCTGGGCAAGAGTGAGACTCCGTCTCAAAAAAAATAAAGAGATGAGAAACTGTGGTTGCCATCTGCACCTTAAGAGGTCCCATATTCTATTACTTGATTTTTCTCCCTAAAAGAAGTATCTTGAGTTGCGCGTTCCAATGCACAGTCAGGGAGCTGGGGAGCCCTCTTGTGGACATTCTTGTTCATTGTTAATGTCAGGATTTAACCTGAGAAGCAGAACCAATAAGGAGAGGTAAAGTTAGCCAAGCATGTCGGCGTAGCTATGGTCCCAGCTACTCAGCAGGCTGAGGCCAGAGGATTGCTTGAGCCCCAGAGGTCAAGGCTGCCATAAGCCAAAATCGCACCACTGCACTCCAGTCTGGGTGACACAGTGAGAGCCTTTCTCAAAAGTAATAACTGGCCTCTGATTGTGGGGCCTGGATAAGCACGTCTGAAATTCACAGGGCTGCCAGTGGGAAGGGACAATGGCCAGCAGCAGGCTGGAACTCCAGGGGCTTGGGTGAAGCTGTCATTTCACAGGTGAAATTTCTGTCTTGAAACCTCGGTTTTTAAGACCACCTCACTAGCTGGGTGCAGTGGCTTGCACCTGTAATCTCAGCACTTTAGGAAGCTGAGGTGGGTGGATCACCTGAGGTCAGGAGTTTGTGACCAGCCTGGCCCAGATGGCGAAACCCAGTCTCTACTAAAAATACCAAAAAATTAGCCGGGAGTGGTGGCGTGTGCCTGTGGTCATAGCTACTCAGGAGGCTGAGACAGGAGAATTGCTTGAACCCAGGAGGTGAAGGTTGCAGTGAGCTGAGATCACGCCACTGCACTCCAGCCTGGGTGATGGAGGAAGACTCTCAAAAAACAAAAAAA
region_5p: Feature(genome=chr1:8871902-8871971/+, trans=NIC_214405:3824-3893/-)
region_3p: Feature(genome=chr1:8862989-8863205/+, trans=NIC_214405:2631-2847/-)
rna_region_5p: CTGTGCCCAGTGGTGCTTCAACTGGTATCTATGAGGCCCTAGAGCTCCGGGACAATGATAAGACTCGCT
rna_region_3p: CTGACCTCAACTTCCTAGGAAGACCCAAAACCAGTGAGGCTCCATGTCTGTCCCCGTTTTGCTCATGTCCCCTGAGTCAGTGCTCTTGTTTCTGAGGCTGAACAGAATGGGGGCATGAGCGCCCTGCCTGTATGTTGTGGCCCCCACTTTCCTAGCATCAGATCCTCTAGAAATTCTCTCTCTGACACCACACCCTCTCCCTGCCAGAAATGCCTG
features_5p:
[   ExonFeature(genome=Coords(name='chr1', start=8871902, end=8871971, strand='+', size=248956422), trans=Coords(name='NIC_214405', start=3824, end=3893, strand='-', size=4108))]
features_3p:
[   ExonFeature(genome=Coords(name='chr1', start=8862989, end=8863205, strand='+', size=248956422), trans=Coords(name='NIC_214405', start=2631, end=2847, strand='-', size=4108))]
annotated_amplicon: CTGTGCCCAGTGGTGCTTCAACTGGTATCTATGAGGCCCTAGAGCTCCGGGACAATGATAAGACTCGCT[ATATGGGGAAGGAAACTGAACGTCACAGAACAAGAGAAGATTGACAAACTGATGATCGAGATGGATGGAACAGAAAATAAATCTAAGTTTGGTGCGAACGCCATTCTGGGGGTGTCCCTTGCCGTCTGCAAAGCTGGTGCCGTTGAGAAGGGGGTCCCCCTGTACCGCCACATCGCTGACTTGGCTGGCAACTCTGAAGTCATCCTGCCAGTCCCGGCGTTCAATGTCATCAATGGCGGTTCTCATGCTGGCAACAAGCTGGCCATGCAGGAGTTCATGATCCTCCCAGTCGGTGCAGCAAACTTCAGGGAAGCCATGCGCATTGGAGCAGAGGTTTACCACAACCTGAAGAATGTCATCAAGGAGAAATATGGGAAAGATGCCACCAATGTGGGGGATGAAGGCGGGTTTGCTCCCAACATCCTGGAGAATAAAGAAGGCCTGGAGCTGCTGAAGACTGCTATTGGGAAAGCTGGCTACACTGATAAGGTGGTCATCGGCATGGACGTAGCGGCCTCCGAGTTCTTCAGGTCTGGGAAGTATGACCTGGACTTCAAGTCTCCCGATGACCCCAGCAGGTACATCTCGCCTGACCAGCTGGCTGACCTGTACAAGTCCTTCATCAAGGACTACCCAGTGGTGTCTATCGAAGATCCCTTTGACCAGGATGACTGGGGAGCTTGGCAGAAGTTCACAGCCAGTGCAGGAATCCAGGTAGTGGGGGATGATCTCACAGTGACCAACCCAAAGAGGATCGCCAAGGCCGTGAACGAGAAGTCCTGCAACTGCCTCCTGCTCAAAGTCAACCAGATTGGCTCCGTGACCGAGTCTCTTCAGGCGTGCAAGCTGGCCCAGGCCAATGGTTGGGGCGTCATGGTGTCTCATCGTTCGGGGGAGACTGAAGATACCTTCATCGCTGACCTGGTTGTGGGGCTGTGCACTGGGCAGGTAAGAATGAGCGTCTCCTCCTTTCTTCT]CTGACCTCAACTTCCTAGGAAGACCCAAAACCAGTGAGGCTCCATGTCTGTCCCCGTTTTGCTCATGTCCCCTGAGTCAGTGCTCTTGTTTCTGAGGCTGAACAGAATGGGGGCATGAGCGCCCTGCCTGTATGTTGTGGCCCCCACTTTCCTAGCATCAGATCCTCTAGAAATTCTCTCTCTGACACCACACCCTCTCCCTGCCAGAAATGCCTG
>>> primer3_args <<<
global_args:
{   'PRIMER_TASK': 'generic',
    'PRIMER_FIRST_BASE_INDEX': 0,
    'PRIMER_PICK_LEFT_PRIMER': 1,
    'PRIMER_PICK_RIGHT_PRIMER': 1,
    'PRIMER_EXPLAIN_FLAG': 1,
    'PRIMER_MAX_SIZE': 22,
    'PRIMER_MIN_3_PRIME_OVERLAP_OF_JUNCTION': 8,
    'PRIMER_MIN_5_PRIME_OVERLAP_OF_JUNCTION': 8,
    'PRIMER_MIN_SIZE': 18,
    'PRIMER_OPT_SIZE': 20,
    'PRIMER_PICK_INTERNAL_OLIGO': 0,
    'PRIMER_PRODUCT_SIZE_RANGE': [[977, 1262]]}
seq_args:
{   'SEQUENCE_ID': 'NIC_214405',
    'SEQUENCE_TEMPLATE': 'GTATCTGTGGGTACCCGGAGCACGGAGATCTCGCCGGCTTTACGTTCACCTCGGTGTCTGCAGCACCCTCCGCTTCCTCTCCTAGGCGACGAGACCCAGTGGCTAGAAGTTCACCATGTCTATTCTCAAGATCCATGCCAGGGAGATCTTTGACTCTCGCGGGAATCCCACTGTTGAGGTTGATCTCTTCACCTCAAAAGGTCTCTTCAGAGCTGCTGTGCCCAGTGGTGCTTCAACTGGTATCTATGAGGCCCTAGAGCTCCGGGACAATGATAAGACTCGCTATATGGGGAAGGAAACTGAACGTCACAGAACAAGAGAAGATTGACAAACTGATGATCGAGATGGATGGAACAGAAAATAAATCTAAGTTTGGTGCGAACGCCATTCTGGGGGTGTCCCTTGCCGTCTGCAAAGCTGGTGCCGTTGAGAAGGGGGTCCCCCTGTACCGCCACATCGCTGACTTGGCTGGCAACTCTGAAGTCATCCTGCCAGTCCCGGCGTTCAATGTCATCAATGGCGGTTCTCATGCTGGCAACAAGCTGGCCATGCAGGAGTTCATGATCCTCCCAGTCGGTGCAGCAAACTTCAGGGAAGCCATGCGCATTGGAGCAGAGGTTTACCACAACCTGAAGAATGTCATCAAGGAGAAATATGGGAAAGATGCCACCAATGTGGGGGATGAAGGCGGGTTTGCTCCCAACATCCTGGAGAATAAAGAAGGCCTGGAGCTGCTGAAGACTGCTATTGGGAAAGCTGGCTACACTGATAAGGTGGTCATCGGCATGGACGTAGCGGCCTCCGAGTTCTTCAGGTCTGGGAAGTATGACCTGGACTTCAAGTCTCCCGATGACCCCAGCAGGTACATCTCGCCTGACCAGCTGGCTGACCTGTACAAGTCCTTCATCAAGGACTACCCAGTGGTGTCTATCGAAGATCCCTTTGACCAGGATGACTGGGGAGCTTGGCAGAAGTTCACAGCCAGTGCAGGAATCCAGGTAGTGGGGGATGATCTCACAGTGACCAACCCAAAGAGGATCGCCAAGGCCGTGAACGAGAAGTCCTGCAACTGCCTCCTGCTCAAAGTCAACCAGATTGGCTCCGTGACCGAGTCTCTTCAGGCGTGCAAGCTGGCCCAGGCCAATGGTTGGGGCGTCATGGTGTCTCATCGTTCGGGGGAGACTGAAGATACCTTCATCGCTGACCTGGTTGTGGGGCTGTGCACTGGGCAGGTAAGAATGAGCGTCTCCTCCTTTCTTCTCTGACCTCAACTTCCTAGGAAGACCCAAAACCAGTGAGGCTCCATGTCTGTCCCCGTTTTGCTCATGTCCCCTGAGTCAGTGCTCTTGTTTCTGAGGCTGAACAGAATGGGGGCATGAGCGCCCTGCCTGTATGTTGTGGCCCCCACTTTCCTAGCATCAGATCCTCTAGAAATTCTCTCTCTGACACCACACCCTCTCCCTGCCAGAAATGCCTGCAAAGCTTGTCCGCTGTAAGCAAATGGCCTTTCTTTTCTCCTAGATCAAGACTGGTGCCCCTTGCCGATCTGAGCGCTTGGCCAAGTACAACCAGCTCCTCAGAATTGAAGAGGAGCTGGGCAGCAAGGCTAAGTTTGCCGGCAGGAACTTCAGAAACCCCTTGGCCAAGTAAGCTGTGGGCAGGCAAGCCCTTCGGTCACCTGTTGGCTACACAGACCCCTCCCCTCGTGTCAGCTCAGGCAGCTCGAGGCCCCCGACCAACACTTGCAGGGGTCCCTGCTAGTTAGCGCCCCACCGCCGTGGAGTTCGTACCGCTTCCTTAGAACTTCTACAGAAGCCAAGCTCCCTGGAGCCCTGTTGGCAGCTCTAGCTTTGCAGTCGTGTAATTGGCCCAAGTCATTGTTTTTCTCGCCTCACTTTCCACCAAGTGTCTAGAGTCATGTGAGCCTCGTGTCATCTCCGGGGTGGCCACAGGCTAGATCCCCGGTGGTTTTGTGCTCAAAATAAAAAGCCTCAGTGACCCATGAGAATACTCCGTGTGCCTGTGTATGTCTGGAACAATCTGGGTCTGTCCTTAGTGTTCAGGGGCCCCTGGCGAAAGGGTGTCGGCCTTTGAGAACCAAGGTTTGGTGTCGTAACAGAAAAGGATGAGGATCCATTGGGGTCATTTTCCTGGGTCCTTGGGAAGGGAACCAGAGGCAAAGGCAAGAGAAGAGACATACACGGTCCCTCCAGGATAGTGGGGTCAAAACAGAGTCTAAGCTGGAAGGCAGAGCGAGACTTTGTTTGGACACCTTGTTTGGAAGAAACTTCAAATGCAGGCCTATTTGTAGATAATCTTAAGGATGGTAGCTACTAGGTTACACAGCCATATTCAGACCAGAAGGACTTCAGGGTAAAGGTGACCATCCTGGGAAGAGATGTTCTCTTCCCAGGGTCTCTTCCTGGGGAAAGCAGGTGAAAGAAGGATTAAATGGGAGCTCTGGGCAGGAAGGCAGAAGGGCATCAAGAAGACCTCAGGACCCGATTTAAATGAATGAATTCCACTCCTCGGTTTCTCAAGCTTCAGGTTTCATGTGTCCGGTAGCTGCCATTTGTAGCTGCTGCCCACTGCATTGGATTAAGCAGATGGAAAACTTGAATGTTGCAGCAAGTACTGTTCTAGGGTAATGCTGAACACGGGGTGTGAAGAATACGTTTATTAAAAAGTGAGAGATGAAGCGAGTTGTAGTGGCTCATGCCTATAATCCCAGCACTTTGGGAGGCCAGGGCAGGCGGATCATCTGAGGTCAGAAGTTCAAGACCAGCCTGGCCAATATGGCAAAACCCCGCCTGTACTAAAAATACAAAAATGAGGCCGGGTGCGGTGGCTCATGCCTCTAATCCCAGCACTTTGGGAGGCTGAGGCTGGTGGATTACAAGGTCAGGAGTTTGAGACCAGCCTGGCCAATATGTTGAAACCCCATCTCTACTAAAAATACAAAAATTAGCCAGGCGTGGTGGCAGGCACCTGTAGTCCCAGCTACTCAGGAGGCTGAGGCAGGAGAATCACTTGAACCCAGGAGGCGGAGGTTGCAGTGAGCCAAGATTGCGCCACTGCACTCCAGCCTGGGTGACAGCGCAAGACTCCATCTCGAAAAAAAATAAAAAATTAGCTGGGCTTGGTGGCATGCGCCTGTAACCCCAGCTGCTCAGGAGGCTGAGGCATGAGAATCGTTTGAACCCAGGACGTGGAGGTTGCAGTGAGCCAAGATCACACCACTGCACTTCACCCTGGGCAAGAGTGAGACTCCGTCTCAAAAAAAATAAAGAGATGAGAAACTGTGGTTGCCATCTGCACCTTAAGAGGTCCCATATTCTATTACTTGATTTTTCTCCCTAAAAGAAGTATCTTGAGTTGCGCGTTCCAATGCACAGTCAGGGAGCTGGGGAGCCCTCTTGTGGACATTCTTGTTCATTGTTAATGTCAGGATTTAACCTGAGAAGCAGAACCAATAAGGAGAGGTAAAGTTAGCCAAGCATGTCGGCGTAGCTATGGTCCCAGCTACTCAGCAGGCTGAGGCCAGAGGATTGCTTGAGCCCCAGAGGTCAAGGCTGCCATAAGCCAAAATCGCACCACTGCACTCCAGTCTGGGTGACACAGTGAGAGCCTTTCTCAAAAGTAATAACTGGCCTCTGATTGTGGGGCCTGGATAAGCACGTCTGAAATTCACAGGGCTGCCAGTGGGAAGGGACAATGGCCAGCAGCAGGCTGGAACTCCAGGGGCTTGGGTGAAGCTGTCATTTCACAGGTGAAATTTCTGTCTTGAAACCTCGGTTTTTAAGACCACCTCACTAGCTGGGTGCAGTGGCTTGCACCTGTAATCTCAGCACTTTAGGAAGCTGAGGTGGGTGGATCACCTGAGGTCAGGAGTTTGTGACCAGCCTGGCCCAGATGGCGAAACCCAGTCTCTACTAAAAATACCAAAAAATTAGCCGGGAGTGGTGGCGTGTGCCTGTGGTCATAGCTACTCAGGAGGCTGAGACAGGAGAATTGCTTGAACCCAGGAGGTGAAGGTTGCAGTGAGCTGAGATCACGCCACTGCACTCCAGCCTGGGTGATGGAGGAAGACTCTCAAAAAACAAAAAAA',
    'SEQUENCE_PRIMER_PAIR_OK_REGION_LIST': [[215, 69, 1261, 216]]}

>>> Primer3Results: 5 results <<<
Primer3Pair 0:
{   'result_num': 0,
    'PRIMER_PAIR_PENALTY': 0.2879624221512245,
    'PRIMER_LEFT_PENALTY': 0.25138568073293754,
    'PRIMER_RIGHT_PENALTY': 0.03657674141828693,
    'PRIMER_LEFT_SEQUENCE': 'TATGAGGCCCTAGAGCTCCG',
    'PRIMER_RIGHT_SEQUENCE': 'CAAGAGCACTGACTCAGGGG',
    'PRIMER_LEFT': [244, 20],
    'PRIMER_RIGHT': [1348, 20],
    'PRIMER_LEFT_TM': 60.25138568073294,
    'PRIMER_RIGHT_TM': 60.03657674141829,
    'PRIMER_LEFT_GC_PERCENT': 60.0,
    'PRIMER_RIGHT_GC_PERCENT': 60.0,
    'PRIMER_LEFT_SELF_ANY_TH': 10.93132727202942,
    'PRIMER_RIGHT_SELF_ANY_TH': 10.415199417258123,
    'PRIMER_LEFT_SELF_END_TH': 1.3993668775419792,
    'PRIMER_RIGHT_SELF_END_TH': 3.3427072333089427,
    'PRIMER_LEFT_HAIRPIN_TH': 0.0,
    'PRIMER_RIGHT_HAIRPIN_TH': 39.26144619281291,
    'PRIMER_LEFT_END_STABILITY': 4.63,
    'PRIMER_RIGHT_END_STABILITY': 4.79,
    'PRIMER_PAIR_COMPL_ANY_TH': 13.654900826392463,
    'PRIMER_PAIR_COMPL_END_TH': 3.974996555572659,
    'PRIMER_PAIR_PRODUCT_SIZE': 1105,
    'PRIMER_PAIR_PRODUCT_TM': 89.9191873162687}
Primer3Pair 1:
{   'result_num': 1,
    'PRIMER_PAIR_PENALTY': 0.35820429380390806,
    'PRIMER_LEFT_PENALTY': 0.25138568073293754,
    'PRIMER_RIGHT_PENALTY': 0.10681861307097051,
    'PRIMER_LEFT_SEQUENCE': 'TATGAGGCCCTAGAGCTCCG',
    'PRIMER_RIGHT_SEQUENCE': 'CATTTCTGGCAGGGAGAGGG',
    'PRIMER_LEFT': [244, 20],
    'PRIMER_RIGHT': [1472, 20],
    'PRIMER_LEFT_TM': 60.25138568073294,
    'PRIMER_RIGHT_TM': 60.10681861307097,
    'PRIMER_LEFT_GC_PERCENT': 60.0,
    'PRIMER_RIGHT_GC_PERCENT': 60.0,
    'PRIMER_LEFT_SELF_ANY_TH': 10.93132727202942,
    'PRIMER_RIGHT_SELF_ANY_TH': 15.730821260834716,
    'PRIMER_LEFT_SELF_END_TH': 1.3993668775419792,
    'PRIMER_RIGHT_SELF_END_TH': 0.0,
    'PRIMER_LEFT_HAIRPIN_TH': 0.0,
    'PRIMER_RIGHT_HAIRPIN_TH': 0.0,
    'PRIMER_LEFT_END_STABILITY': 4.63,
    'PRIMER_RIGHT_END_STABILITY': 4.3,
    'PRIMER_PAIR_COMPL_ANY_TH': 2.2744624852771835,
    'PRIMER_PAIR_COMPL_END_TH': 2.2744624852772404,
    'PRIMER_PAIR_PRODUCT_SIZE': 1229,
    'PRIMER_PAIR_PRODUCT_TM': 89.95579729605582}
Primer3Pair 2:
{   'result_num': 2,
    'PRIMER_PAIR_PENALTY': 0.35918565855081397,
    'PRIMER_LEFT_PENALTY': 0.25138568073293754,
    'PRIMER_RIGHT_PENALTY': 0.10779997781787642,
    'PRIMER_LEFT_SEQUENCE': 'TATGAGGCCCTAGAGCTCCG',
    'PRIMER_RIGHT_SEQUENCE': 'CAGACATGGAGCCTCACTGG',
    'PRIMER_LEFT': [244, 20],
    'PRIMER_RIGHT': [1310, 20],
    'PRIMER_LEFT_TM': 60.25138568073294,
    'PRIMER_RIGHT_TM': 60.107799977817876,
    'PRIMER_LEFT_GC_PERCENT': 60.0,
    'PRIMER_RIGHT_GC_PERCENT': 60.0,
    'PRIMER_LEFT_SELF_ANY_TH': 10.93132727202942,
    'PRIMER_RIGHT_SELF_ANY_TH': 0.0,
    'PRIMER_LEFT_SELF_END_TH': 1.3993668775419792,
    'PRIMER_RIGHT_SELF_END_TH': 0.0,
    'PRIMER_LEFT_HAIRPIN_TH': 0.0,
    'PRIMER_RIGHT_HAIRPIN_TH': 39.3500000000509,
    'PRIMER_LEFT_END_STABILITY': 4.63,
    'PRIMER_RIGHT_END_STABILITY': 4.0,
    'PRIMER_PAIR_COMPL_ANY_TH': 9.71803558244801,
    'PRIMER_PAIR_COMPL_END_TH': 0.4494899874964631,
    'PRIMER_PAIR_PRODUCT_SIZE': 1067,
    'PRIMER_PAIR_PRODUCT_TM': 89.87651597911587}
Primer3Pair 3:
{   'result_num': 3,
    'PRIMER_PAIR_PENALTY': 0.3593306962060865,
    'PRIMER_LEFT_PENALTY': 0.25138568073293754,
    'PRIMER_RIGHT_PENALTY': 0.10794501547314894,
    'PRIMER_LEFT_SEQUENCE': 'TATGAGGCCCTAGAGCTCCG',
    'PRIMER_RIGHT_SEQUENCE': 'GGACAGACATGGAGCCTCAC',
    'PRIMER_LEFT': [244, 20],
    'PRIMER_RIGHT': [1313, 20],
    'PRIMER_LEFT_TM': 60.25138568073294,
    'PRIMER_RIGHT_TM': 60.10794501547315,
    'PRIMER_LEFT_GC_PERCENT': 60.0,
    'PRIMER_RIGHT_GC_PERCENT': 60.0,
    'PRIMER_LEFT_SELF_ANY_TH': 10.93132727202942,
    'PRIMER_RIGHT_SELF_ANY_TH': 0.0,
    'PRIMER_LEFT_SELF_END_TH': 1.3993668775419792,
    'PRIMER_RIGHT_SELF_END_TH': 0.0,
    'PRIMER_LEFT_HAIRPIN_TH': 0.0,
    'PRIMER_RIGHT_HAIRPIN_TH': 0.0,
    'PRIMER_LEFT_END_STABILITY': 4.63,
    'PRIMER_RIGHT_END_STABILITY': 3.51,
    'PRIMER_PAIR_COMPL_ANY_TH': 9.71803558244801,
    'PRIMER_PAIR_COMPL_END_TH': 6.068139416810197,
    'PRIMER_PAIR_PRODUCT_SIZE': 1070,
    'PRIMER_PAIR_PRODUCT_TM': 89.89310366929446}
Primer3Pair 4:
{   'result_num': 4,
    'PRIMER_PAIR_PENALTY': 0.3618716980959107,
    'PRIMER_LEFT_PENALTY': 0.25138568073293754,
    'PRIMER_RIGHT_PENALTY': 0.11048601736297314,
    'PRIMER_LEFT_SEQUENCE': 'TATGAGGCCCTAGAGCTCCG',
    'PRIMER_RIGHT_SEQUENCE': 'AGCAAAACGGGGACAGACAT',
    'PRIMER_LEFT': [244, 20],
    'PRIMER_RIGHT': [1323, 20],
    'PRIMER_LEFT_TM': 60.25138568073294,
    'PRIMER_RIGHT_TM': 59.88951398263703,
    'PRIMER_LEFT_GC_PERCENT': 60.0,
    'PRIMER_RIGHT_GC_PERCENT': 50.0,
    'PRIMER_LEFT_SELF_ANY_TH': 10.93132727202942,
    'PRIMER_RIGHT_SELF_ANY_TH': 0.0,
    'PRIMER_LEFT_SELF_END_TH': 1.3993668775419792,
    'PRIMER_RIGHT_SELF_END_TH': 0.0,
    'PRIMER_LEFT_HAIRPIN_TH': 0.0,
    'PRIMER_RIGHT_HAIRPIN_TH': 0.0,
    'PRIMER_LEFT_END_STABILITY': 4.63,
    'PRIMER_RIGHT_END_STABILITY': 3.06,
    'PRIMER_PAIR_COMPL_ANY_TH': 0.0,
    'PRIMER_PAIR_COMPL_END_TH': 0.0,
    'PRIMER_PAIR_PRODUCT_SIZE': 1080,
    'PRIMER_PAIR_PRODUCT_TM': 89.88445880948137}

>>> PrimerDesigns 5 <<<
    target_id ENO1+1
    tran_id WTC11_consolidated/NIC_214405
>>> PrimerDesign <<<
    ppair_id ENO1+1_pp1
    features_5p [ExonFeature(genome=Coords(name='chr1', start=8871922, end=8871942, strand='+', size=248956422), trans=Coords(name='NIC_214405', start=3844, end=3864, strand='-', size=4108))]
    features_3p [ExonFeature(genome=Coords(name='chr1', start=8863117, end=8863137, strand='+', size=248956422), trans=Coords(name='NIC_214405', start=2759, end=2779, strand='-', size=4108))]
    priority 1
    amplicon_coords NIC_214405:244-1349
    amplicon_length 1105
    PRIMER_LEFT [244, 20]
    PRIMER_RIGHT [1348, 20]
    PRIMER_LEFT_SEQUENCE TATGAGGCCCTAGAGCTCCG
    PRIMER_RIGHT_SEQUENCE CAAGAGCACTGACTCAGGGG
    PRIMER_PAIR_PRODUCT_SIZE 1105
    genome_on_targets None
    genome_off_targets None
    genome_non_targets None
    transcriptome_on_targets None
    transcriptome_off_targets None
    transcriptome_non_targets None
>>> PrimerDesign <<<
    ppair_id ENO1+1_pp2
    features_5p [ExonFeature(genome=Coords(name='chr1', start=8871922, end=8871942, strand='+', size=248956422), trans=Coords(name='NIC_214405', start=3844, end=3864, strand='-', size=4108))]
    features_3p [ExonFeature(genome=Coords(name='chr1', start=8862993, end=8863013, strand='+', size=248956422), trans=Coords(name='NIC_214405', start=2635, end=2655, strand='-', size=4108))]
    priority 2
    amplicon_coords NIC_214405:244-1473
    amplicon_length 1229
    PRIMER_LEFT [244, 20]
    PRIMER_RIGHT [1472, 20]
    PRIMER_LEFT_SEQUENCE TATGAGGCCCTAGAGCTCCG
    PRIMER_RIGHT_SEQUENCE CATTTCTGGCAGGGAGAGGG
    PRIMER_PAIR_PRODUCT_SIZE 1229
    genome_on_targets None
    genome_off_targets None
    genome_non_targets None
    transcriptome_on_targets None
    transcriptome_off_targets None
    transcriptome_non_targets None
>>> PrimerDesign <<<
    ppair_id ENO1+1_pp3
    features_5p [ExonFeature(genome=Coords(name='chr1', start=8871922, end=8871942, strand='+', size=248956422), trans=Coords(name='NIC_214405', start=3844, end=3864, strand='-', size=4108))]
    features_3p [ExonFeature(genome=Coords(name='chr1', start=8863155, end=8863175, strand='+', size=248956422), trans=Coords(name='NIC_214405', start=2797, end=2817, strand='-', size=4108))]
    priority 3
    amplicon_coords NIC_214405:244-1311
    amplicon_length 1067
    PRIMER_LEFT [244, 20]
    PRIMER_RIGHT [1310, 20]
    PRIMER_LEFT_SEQUENCE TATGAGGCCCTAGAGCTCCG
    PRIMER_RIGHT_SEQUENCE CAGACATGGAGCCTCACTGG
    PRIMER_PAIR_PRODUCT_SIZE 1067
    genome_on_targets None
    genome_off_targets None
    genome_non_targets None
    transcriptome_on_targets None
    transcriptome_off_targets None
    transcriptome_non_targets None
>>> PrimerDesign <<<
    ppair_id ENO1+1_pp4
    features_5p [ExonFeature(genome=Coords(name='chr1', start=8871922, end=8871942, strand='+', size=248956422), trans=Coords(name='NIC_214405', start=3844, end=3864, strand='-', size=4108))]
    features_3p [ExonFeature(genome=Coords(name='chr1', start=8863152, end=8863172, strand='+', size=248956422), trans=Coords(name='NIC_214405', start=2794, end=2814, strand='-', size=4108))]
    priority 4
    amplicon_coords NIC_214405:244-1314
    amplicon_length 1070
    PRIMER_LEFT [244, 20]
    PRIMER_RIGHT [1313, 20]
    PRIMER_LEFT_SEQUENCE TATGAGGCCCTAGAGCTCCG
    PRIMER_RIGHT_SEQUENCE GGACAGACATGGAGCCTCAC
    PRIMER_PAIR_PRODUCT_SIZE 1070
    genome_on_targets None
    genome_off_targets None
    genome_non_targets None
    transcriptome_on_targets None
    transcriptome_off_targets None
    transcriptome_non_targets None
>>> PrimerDesign <<<
    ppair_id ENO1+1_pp5
    features_5p [ExonFeature(genome=Coords(name='chr1', start=8871922, end=8871942, strand='+', size=248956422), trans=Coords(name='NIC_214405', start=3844, end=3864, strand='-', size=4108))]
    features_3p [ExonFeature(genome=Coords(name='chr1', start=8863142, end=8863162, strand='+', size=248956422), trans=Coords(name='NIC_214405', start=2784, end=2804, strand='-', size=4108))]
    priority 5
    amplicon_coords NIC_214405:244-1324
    amplicon_length 1080
    PRIMER_LEFT [244, 20]
    PRIMER_RIGHT [1323, 20]
    PRIMER_LEFT_SEQUENCE TATGAGGCCCTAGAGCTCCG
    PRIMER_RIGHT_SEQUENCE AGCAAAACGGGGACAGACAT
    PRIMER_PAIR_PRODUCT_SIZE 1080
    genome_on_targets None
    genome_off_targets None
    genome_non_targets None
    transcriptome_on_targets None
    transcriptome_off_targets None
    transcriptome_non_targets None

