target_id: ZBTB45+1
region_5p: chr19:58517554-58519807
region_3p: chr19:58513744-58514287
strand: -
transcripts:
transcript: WTC11_consolidated FSM_45682
coords: chr19:58513529-58519817
region_5p: Feature(genome=chr19:58517554-58519807/+, trans=FSM_45682:1941-2126/-)
region_3p: Feature(genome=chr19:58513744-58514287/+, trans=FSM_45682:215-758/-)
features_5p:
[   ExonFeature(genome=Coords(name='chr19', start=58517554, end=58517673, strand='+', size=58617616), trans=Coords(name='FSM_45682', start=1941, end=2060, strand='-', size=2136)),
    IntronFeature(genome=Coords(name='chr19', start=58517673, end=58519741, strand='+', size=58617616), trans=Coords(name='FSM_45682', start=2060, end=2060, strand='-', size=2136)),
    ExonFeature(genome=Coords(name='chr19', start=58519741, end=58519807, strand='+', size=58617616), trans=Coords(name='FSM_45682', start=2060, end=2126, strand='-', size=2136))]
features_3p:
[   ExonFeature(genome=Coords(name='chr19', start=58513744, end=58514287, strand='+', size=58617616), trans=Coords(name='FSM_45682', start=215, end=758, strand='-', size=2136))]
features:
[   ExonFeature(genome=Coords(name='chr19', start=58513529, end=58514310, strand='+', size=58617616), trans=Coords(name='FSM_45682', start=0, end=781, strand='-', size=2136)),
    IntronFeature(genome=Coords(name='chr19', start=58514310, end=58516394, strand='+', size=58617616), trans=Coords(name='FSM_45682', start=781, end=781, strand='-', size=2136)),
    ExonFeature(genome=Coords(name='chr19', start=58516394, end=58517673, strand='+', size=58617616), trans=Coords(name='FSM_45682', start=781, end=2060, strand='-', size=2136)),
    IntronFeature(genome=Coords(name='chr19', start=58517673, end=58519741, strand='+', size=58617616), trans=Coords(name='FSM_45682', start=2060, end=2060, strand='-', size=2136)),
    ExonFeature(genome=Coords(name='chr19', start=58519741, end=58519817, strand='+', size=58617616), trans=Coords(name='FSM_45682', start=2060, end=2136, strand='-', size=2136))]
rna: GCCCGGAAGTGCGGCCTTGTAGTCGGTCAGGAGGAAGCGGCCACGGCAGAGCCTGGTGCCTGAAGAGGAGTCGGAGATGGCGGCTGCAGAGGCTGTGCATCACATACACCTGCAGAACTTCTCACGCTCTCTGCTTGAGACCCTCAATGGGCAGAGGCTTGGGGGACACTTCTGTGACGTGACTGTGCGCATTCGTGAAGCTTCGCTGCGTGCCCACCGCTGCGTGCTGGCGGCCGGCTCACCCTTCTTCCAAGACAAGCTGCTGCTCGGCCACTCTGAGATCCGTGTGCCTCCGGTGGTGCCCGCGCAGACAGTGCGACAGCTGGTAGAGTTCCTGTACAGCGGTTCGCTCGTTGTGGCGCAGGGTGAAGCCCTGCAGGTGCTCACGGCCGCGTCAGTGCTTCGCATACAGACAGTTATCGACGAATGCACGCAGATTATCGCCCGCGCTCGAGCCCCGGGCACCTCTGCGCCCACGCCCCTGCCCACCCCTGTGCCCCCGCCACTCGCACCTGCGCAGCTGCGTCACCGCCTGCGCCACCTGCTGGCTGCACGTCCCCCGGGGCACCCCGGTGCTGCACACAGCCGTAAGCAGCGCCAGCCCGCGCGTTTGCAGCTGCCAGCGCCCCCAACACCTGCCAAGGCTGAGGGGCCTGATGCTGACCCCTCACTGTCCGCGGCCCCTGATGACCGAGGTGACGAGGATGACGAGGAAAGTGACGATGAGACCGATGGCGAGGATGGCGAAGGTGGCGGCCCAGGCGAGGGCCAGGCACCTCCTTCCTTCCCAGACTGTGCTGCTGGCTTCCTCACTGCTGCTGCTGACAGCGCGTGCGAGGAGCCCCCTGCACCCACTGGCCTCGCTGACTACAGTGGTGCCGGGAGAGATTTTCTTCGGGGAGCTGGGTCAGCTGAGGACGTATTTCCAGACAGCTATGTATCCACTTGGCACGACGAGGATGGCGCTGTCCCCGAAGGCTGTCCCACTGAGACCCCTGTCCAGCCCGACTGCATACTGTCTGGATCCCGCCCGCCTGGTGTGAAGACCCCAGGGCCGCCCGTTGCACTCTTCCCCTTTCACTTGGGTGCCCCTGGGCCACCCGCACCACCCCCTTCAGCACCATCGGGGCCAGCCCCTGCGCCCCCACCCGCCTTCTACCCCACACTCCAGCCCGAGGCAGCCCCCAGTACTCAGCTGGGGGAGGTCCCGGCTCCCTCTGCTGCTCCCACCACGGCCCCCTCAGGCACCCCTGCTCGCACCCCAGGTGCTGAGCCACCTACGTATGAGTGCAGCCACTGTCGCAAGACGTTCAGCTCCCGGAAAAACTACACCAAGCACATGTTCATCCACTCGGGGGAGAAGCCGCACCAGTGCGCCGTGTGCTGGCGATCCTTCTCTCTACGCGACTACCTGCTCAAACACATGGTCACGCACACCGGCGTGCGCGCCTTCCAGTGCGCCGTCTGCGCCAAGCGCTTCACGCAGAAGAGCTCGCTCAACGTGCACATGCGCACTCACCGGCCCGAGCGCGCGCCCTGCCCCGCCTGCGGCAAGGTCTTCTCGCACCGCGCGCTGCTGGAGCGCCACCTGGCGGCGCACCCTGCGCCCTGATGGCGCTGGGGCCTGGCCTCGCCCACGGTGGATCCGGGGCCTCCCGCACAGTCGGCCACGCCCGCTGCGGGACCCGTGGTTCCCGCCACTAGACCACGCTCCCTCCTGAGCGCAGGTCCTCTCTCTCCCTTCACCCTTTCTCCATACCAGGGCCTAAGTCCGCCTTACTCCTCTCCTCCATGTACTTGAACCCTCCAGGTGGTGCCGGGCTGGGGCTGGGGCTGGTTAGACCACTTCTGAGAACTGGACTATTTCCTGCGTAAACCGGGCGCTCAGGCGCTTGGACCCGGCCCAAGATTTGACTCCGGTTCTCACCCCGCCCTCTCCTGGGGTGGTGGTGGGGGCTGGGGGGCCGCTTGCCTGCCCCAGGGTCAGGCTGGGCAAGGTCCCTAGCTCTCTACCCAAGCTGTTACTCCCTCATGGGGCGCCTAAGGAGACTCAAGTGGACCCATCATATATGGGGGCTGGGCCTCGGGACTCTCGCTCTAATAAAGGACTGTAGGCCATGGGGCCTAAACCACGAA
annotated_rna: GCCCGGAAGT{GCGGCCTTGTAGTCGGTCAGGAGGAAGCGGCCACGGCAGAGCCTGGTGCCTGAAGAGGAGTCGGAG-ATGGCGGCTGCAGAGGCTGTGCATCACATACACCTGCAGAACTTCTCACGCTCTCTGCTTGAGACCCTCAATGGGCAGAGGCTTGGGGGACACTTCTGTGACGTGACTGTGCGCATTCGT}GAAGCTTCGCTGCGTGCCCACCGCTGCGTGCTGGCGGCCGGCTCACCCTTCTTCCAAGACAAGCTGCTGCTCGGCCACTCTGAGATCCGTGTGCCTCCGGTGGTGCCCGCGCAGACAGTGCGACAGCTGGTAGAGTTCCTGTACAGCGGTTCGCTCGTTGTGGCGCAGGGTGAAGCCCTGCAGGTGCTCACGGCCGCGTCAGTGCTTCGCATACAGACAGTTATCGACGAATGCACGCAGATTATCGCCCGCGCTCGAGCCCCGGGCACCTCTGCGCCCACGCCCCTGCCCACCCCTGTGCCCCCGCCACTCGCACCTGCGCAGCTGCGTCACCGCCTGCGCCACCTGCTGGCTGCACGTCCCCCGGGGCACCCCGGTGCTGCACACAGCCGTAAGCAGCGCCAGCCCGCGCGTTTGCAGCTGCCAGCGCCCCCAACACCTGCCAAGGCTGAGGGGCCTGATGCTGACCCCTCACTGTCCGCGGCCCCTGATGACCGAGGTGACGAGGATGACGAGGAAAGTGACGATGAGACCGATGGCGAGGATGGCGAAGGTGGCGGCCCAGGCGAGGGCCAGGCACCTCCTTCCTTCCCAGACTGTGCTGCTGGCTTCCTCACTGCTGCTGCTGACAGCGCGTGCGAGGAGCCCCCTGCACCCACTGGCCTCGCTGACTACAGTGGTGCCGGGAGAGATTTTCTTCGGGGAGCTGGGTCAGCTGAGGACGTATTTCCAGACAGCTATGTATCCACTTGGCACGACGAGGATGGCGCTGTCCCCGAAGGCTGTCCCACTGAGACCCCTGTCCAGCCCGACTGCATACTGTCTGGATCCCGCCCGCCTGGTGTGAAGACCCCAGGGCCGCCCGTTGCACTCTTCCCCTTTCACTTGGGTGCCCCTGGGCCACCCGCACCACCCCCTTCAGCACCATCGGGGCCAGCCCCTGCGCCCCCACCCGCCTTCTACCCCACACTCCAGCCCGAGGCAGCCCCCAGTACTCAGCTGGGGGAGGTCCCGGCTCCCTCTGCTGCTCCCACCACGGCCCCCTCAGGCACCCCTGCTCGCACCCCAGGTGCTGAGCCACCTACGTATGAGTGCAGCCACTGTCGCAAGACGTTCAGCTCCCGGAAAAACTACACCAAGCACATGTTCATCCACTCGGGGGAGAAGCCGCACCAGTGCGCC{GTGTGCTGGCGATCCTTCTCTCTACGCGACTACCTGCTCAAACACATGGTCACGCACACCGGCGTGCGCGCCTTCCAGTGCGCCGTCTGCGCCAAGCGCTTCACGCAGAAGAGCTCGCTCAACGTGCACATGCGCACTCACCGGCCCGAGCGCGCGCCCTGCCCCGCCTGCGGCAAGGTCTTCTCGCACCGCGCGCTGCTGGAGCGCCACCTGGCGGCGCACCCTGCGCCCTGATGGCGCTGGGGCCTGGCCTCGCCCACGGTGGATCCGGGGCCTCCCGCACAGTCGGCCACGCCCGCTGCGGGACCCGTGGTTCCCGCCACTAGACCACGCTCCCTCCTGAGCGCAGGTCCTCTCTCTCCCTTCACCCTTTCTCCATACCAGGGCCTAAGTCCGCCTTACTCCTCTCCTCCATGTACTTGAACCCTCCAGGTGGTGCCGGGCTGGGGCTGGGGCTGGTTAGACCACTTCTGAGAACTGGACTATTTCCTGCGTAAACCGGGCGCTCAGGCGCTTGGACCCGGCCCAAGATTTGACTCCGGTT}CTCACCCCGCCCTCTCCTGGGGTGGTGGTGGGGGCTGGGGGGCCGCTTGCCTGCCCCAGGGTCAGGCTGGGCAAGGTCCCTAGCTCTCTACCCAAGCTGTTACTCCCTCATGGGGCGCCTAAGGAGACTCAAGTGGACCCATCATATATGGGGGCTGGGCCTCGGGACTCTCGCTCTAATAAAGGACTGTAGGCCATGGGGCCTAAACCACGAA
>>> primer3_args <<<
global_args:
{   'PRIMER_TASK': 'generic',
    'PRIMER_PICK_LEFT_PRIMER': 1,
    'PRIMER_PICK_INTERNAL_OLIGO': 0,
    'PRIMER_PICK_RIGHT_PRIMER': 1,
    'PRIMER_OPT_SIZE': 20,
    'PRIMER_MIN_SIZE': 18,
    'PRIMER_MAX_SIZE': 22,
    'PRIMER_EXPLAIN_FLAG': 1}
seq_args:
{   'SEQUENCE_ID': 'FSM_45682',
    'SEQUENCE_TEMPLATE': 'GCCCGGAAGTGCGGCCTTGTAGTCGGTCAGGAGGAAGCGGCCACGGCAGAGCCTGGTGCCTGAAGAGGAGTCGGAGATGGCGGCTGCAGAGGCTGTGCATCACATACACCTGCAGAACTTCTCACGCTCTCTGCTTGAGACCCTCAATGGGCAGAGGCTTGGGGGACACTTCTGTGACGTGACTGTGCGCATTCGTGAAGCTTCGCTGCGTGCCCACCGCTGCGTGCTGGCGGCCGGCTCACCCTTCTTCCAAGACAAGCTGCTGCTCGGCCACTCTGAGATCCGTGTGCCTCCGGTGGTGCCCGCGCAGACAGTGCGACAGCTGGTAGAGTTCCTGTACAGCGGTTCGCTCGTTGTGGCGCAGGGTGAAGCCCTGCAGGTGCTCACGGCCGCGTCAGTGCTTCGCATACAGACAGTTATCGACGAATGCACGCAGATTATCGCCCGCGCTCGAGCCCCGGGCACCTCTGCGCCCACGCCCCTGCCCACCCCTGTGCCCCCGCCACTCGCACCTGCGCAGCTGCGTCACCGCCTGCGCCACCTGCTGGCTGCACGTCCCCCGGGGCACCCCGGTGCTGCACACAGCCGTAAGCAGCGCCAGCCCGCGCGTTTGCAGCTGCCAGCGCCCCCAACACCTGCCAAGGCTGAGGGGCCTGATGCTGACCCCTCACTGTCCGCGGCCCCTGATGACCGAGGTGACGAGGATGACGAGGAAAGTGACGATGAGACCGATGGCGAGGATGGCGAAGGTGGCGGCCCAGGCGAGGGCCAGGCACCTCCTTCCTTCCCAGACTGTGCTGCTGGCTTCCTCACTGCTGCTGCTGACAGCGCGTGCGAGGAGCCCCCTGCACCCACTGGCCTCGCTGACTACAGTGGTGCCGGGAGAGATTTTCTTCGGGGAGCTGGGTCAGCTGAGGACGTATTTCCAGACAGCTATGTATCCACTTGGCACGACGAGGATGGCGCTGTCCCCGAAGGCTGTCCCACTGAGACCCCTGTCCAGCCCGACTGCATACTGTCTGGATCCCGCCCGCCTGGTGTGAAGACCCCAGGGCCGCCCGTTGCACTCTTCCCCTTTCACTTGGGTGCCCCTGGGCCACCCGCACCACCCCCTTCAGCACCATCGGGGCCAGCCCCTGCGCCCCCACCCGCCTTCTACCCCACACTCCAGCCCGAGGCAGCCCCCAGTACTCAGCTGGGGGAGGTCCCGGCTCCCTCTGCTGCTCCCACCACGGCCCCCTCAGGCACCCCTGCTCGCACCCCAGGTGCTGAGCCACCTACGTATGAGTGCAGCCACTGTCGCAAGACGTTCAGCTCCCGGAAAAACTACACCAAGCACATGTTCATCCACTCGGGGGAGAAGCCGCACCAGTGCGCCGTGTGCTGGCGATCCTTCTCTCTACGCGACTACCTGCTCAAACACATGGTCACGCACACCGGCGTGCGCGCCTTCCAGTGCGCCGTCTGCGCCAAGCGCTTCACGCAGAAGAGCTCGCTCAACGTGCACATGCGCACTCACCGGCCCGAGCGCGCGCCCTGCCCCGCCTGCGGCAAGGTCTTCTCGCACCGCGCGCTGCTGGAGCGCCACCTGGCGGCGCACCCTGCGCCCTGATGGCGCTGGGGCCTGGCCTCGCCCACGGTGGATCCGGGGCCTCCCGCACAGTCGGCCACGCCCGCTGCGGGACCCGTGGTTCCCGCCACTAGACCACGCTCCCTCCTGAGCGCAGGTCCTCTCTCTCCCTTCACCCTTTCTCCATACCAGGGCCTAAGTCCGCCTTACTCCTCTCCTCCATGTACTTGAACCCTCCAGGTGGTGCCGGGCTGGGGCTGGGGCTGGTTAGACCACTTCTGAGAACTGGACTATTTCCTGCGTAAACCGGGCGCTCAGGCGCTTGGACCCGGCCCAAGATTTGACTCCGGTTCTCACCCCGCCCTCTCCTGGGGTGGTGGTGGGGGCTGGGGGGCCGCTTGCCTGCCCCAGGGTCAGGCTGGGCAAGGTCCCTAGCTCTCTACCCAAGCTGTTACTCCCTCATGGGGCGCCTAAGGAGACTCAAGTGGACCCATCATATATGGGGGCTGGGCCTCGGGACTCTCGCTCTAATAAAGGACTGTAGGCCATGGGGCCTAAACCACGAA',
    'SEQUENCE_PRIMER_PAIR_OK_REGION_LIST': [[11, 185, 1379, 543]],
    'PRIMER_MUST_MATCH_FIVE_PRIME': 'SS',
    'SEQUENCE_OVERLAP_JUNCTION_LIST': (77,)}

>>> Primer3Results: 5 results <<<
Primer3Pair 0:
{   'result_num': 0,
    'PRIMER_PAIR_PENALTY': 1.4279528532492236,
    'PRIMER_LEFT_PENALTY': 1.3880651627796965,
    'PRIMER_RIGHT_PENALTY': 0.039887690469527115,
    'PRIMER_LEFT_SEQUENCE': 'AAGAGGAGTCGGAGATGGCG',
    'PRIMER_RIGHT_SEQUENCE': 'GCGTAGAGAGAAGGATCGCC',
    'PRIMER_LEFT': (62, 20),
    'PRIMER_RIGHT': (1404, 20),
    'PRIMER_LEFT_TM': 61.3880651627797,
    'PRIMER_RIGHT_TM': 60.03988769046953,
    'PRIMER_LEFT_GC_PERCENT': 60.0,
    'PRIMER_RIGHT_GC_PERCENT': 60.0,
    'PRIMER_LEFT_SELF_ANY_TH': 0.0,
    'PRIMER_RIGHT_SELF_ANY_TH': 0.0,
    'PRIMER_LEFT_SELF_END_TH': 0.0,
    'PRIMER_RIGHT_SELF_END_TH': 0.0,
    'PRIMER_LEFT_HAIRPIN_TH': 40.666170480711344,
    'PRIMER_RIGHT_HAIRPIN_TH': 36.95498844297401,
    'PRIMER_LEFT_END_STABILITY': 5.69,
    'PRIMER_RIGHT_END_STABILITY': 5.54,
    'PRIMER_PAIR_COMPL_ANY_TH': 0.0,
    'PRIMER_PAIR_COMPL_END_TH': 0.0,
    'PRIMER_PAIR_PRODUCT_SIZE': 1343}
Primer3Pair 1:
{   'result_num': 1,
    'PRIMER_PAIR_PENALTY': 1.492552392935636,
    'PRIMER_LEFT_PENALTY': 1.3880651627796965,
    'PRIMER_RIGHT_PENALTY': 0.10448723015593941,
    'PRIMER_LEFT_SEQUENCE': 'AAGAGGAGTCGGAGATGGCG',
    'PRIMER_RIGHT_SEQUENCE': 'GGAGTAAGGCGGACTTAGGC',
    'PRIMER_LEFT': (62, 20),
    'PRIMER_RIGHT': (1782, 20),
    'PRIMER_LEFT_TM': 61.3880651627797,
    'PRIMER_RIGHT_TM': 59.89551276984406,
    'PRIMER_LEFT_GC_PERCENT': 60.0,
    'PRIMER_RIGHT_GC_PERCENT': 60.0,
    'PRIMER_LEFT_SELF_ANY_TH': 0.0,
    'PRIMER_RIGHT_SELF_ANY_TH': 2.8859452485608017,
    'PRIMER_LEFT_SELF_END_TH': 0.0,
    'PRIMER_RIGHT_SELF_END_TH': 0.0,
    'PRIMER_LEFT_HAIRPIN_TH': 40.666170480711344,
    'PRIMER_RIGHT_HAIRPIN_TH': 42.122918456786465,
    'PRIMER_LEFT_END_STABILITY': 5.69,
    'PRIMER_RIGHT_END_STABILITY': 3.93,
    'PRIMER_PAIR_COMPL_ANY_TH': 0.0,
    'PRIMER_PAIR_COMPL_END_TH': 0.0,
    'PRIMER_PAIR_PRODUCT_SIZE': 1721}
Primer3Pair 2:
{   'result_num': 2,
    'PRIMER_PAIR_PENALTY': 1.494684434844828,
    'PRIMER_LEFT_PENALTY': 1.3880651627796965,
    'PRIMER_RIGHT_PENALTY': 0.10661927206513155,
    'PRIMER_LEFT_SEQUENCE': 'AAGAGGAGTCGGAGATGGCG',
    'PRIMER_RIGHT_SEQUENCE': 'GAGGAGAGGAGTAAGGCGGA',
    'PRIMER_LEFT': (62, 20),
    'PRIMER_RIGHT': (1789, 20),
    'PRIMER_LEFT_TM': 61.3880651627797,
    'PRIMER_RIGHT_TM': 60.10661927206513,
    'PRIMER_LEFT_GC_PERCENT': 60.0,
    'PRIMER_RIGHT_GC_PERCENT': 60.0,
    'PRIMER_LEFT_SELF_ANY_TH': 0.0,
    'PRIMER_RIGHT_SELF_ANY_TH': 0.0,
    'PRIMER_LEFT_SELF_END_TH': 0.0,
    'PRIMER_RIGHT_SELF_END_TH': 0.0,
    'PRIMER_LEFT_HAIRPIN_TH': 40.666170480711344,
    'PRIMER_RIGHT_HAIRPIN_TH': 0.0,
    'PRIMER_LEFT_END_STABILITY': 5.69,
    'PRIMER_RIGHT_END_STABILITY': 5.54,
    'PRIMER_PAIR_COMPL_ANY_TH': 0.0,
    'PRIMER_PAIR_COMPL_END_TH': 0.0,
    'PRIMER_PAIR_PRODUCT_SIZE': 1728}
Primer3Pair 3:
{   'result_num': 3,
    'PRIMER_PAIR_PENALTY': 1.495865140597573,
    'PRIMER_LEFT_PENALTY': 1.3880651627796965,
    'PRIMER_RIGHT_PENALTY': 0.10779997781787642,
    'PRIMER_LEFT_SEQUENCE': 'AAGAGGAGTCGGAGATGGCG',
    'PRIMER_RIGHT_SEQUENCE': 'AGCAGGTAGTCGCGTAGAGA',
    'PRIMER_LEFT': (62, 20),
    'PRIMER_RIGHT': (1415, 20),
    'PRIMER_LEFT_TM': 61.3880651627797,
    'PRIMER_RIGHT_TM': 60.107799977817876,
    'PRIMER_LEFT_GC_PERCENT': 60.0,
    'PRIMER_RIGHT_GC_PERCENT': 55.0,
    'PRIMER_LEFT_SELF_ANY_TH': 0.0,
    'PRIMER_RIGHT_SELF_ANY_TH': 5.768584490451474,
    'PRIMER_LEFT_SELF_END_TH': 0.0,
    'PRIMER_RIGHT_SELF_END_TH': 0.0,
    'PRIMER_LEFT_HAIRPIN_TH': 40.666170480711344,
    'PRIMER_RIGHT_HAIRPIN_TH': 0.0,
    'PRIMER_LEFT_END_STABILITY': 5.69,
    'PRIMER_RIGHT_END_STABILITY': 3.1,
    'PRIMER_PAIR_COMPL_ANY_TH': 0.0,
    'PRIMER_PAIR_COMPL_END_TH': 0.0,
    'PRIMER_PAIR_PRODUCT_SIZE': 1354}
Primer3Pair 4:
{   'result_num': 4,
    'PRIMER_PAIR_PENALTY': 1.5717962177749314,
    'PRIMER_LEFT_PENALTY': 1.3880651627796965,
    'PRIMER_RIGHT_PENALTY': 0.1837310549952349,
    'PRIMER_LEFT_SEQUENCE': 'AAGAGGAGTCGGAGATGGCG',
    'PRIMER_RIGHT_SEQUENCE': 'GGCCCTGGTATGGAGAAAGG',
    'PRIMER_LEFT': (62, 20),
    'PRIMER_RIGHT': (1765, 20),
    'PRIMER_LEFT_TM': 61.3880651627797,
    'PRIMER_RIGHT_TM': 59.816268945004765,
    'PRIMER_LEFT_GC_PERCENT': 60.0,
    'PRIMER_RIGHT_GC_PERCENT': 60.0,
    'PRIMER_LEFT_SELF_ANY_TH': 0.0,
    'PRIMER_RIGHT_SELF_ANY_TH': 0.0,
    'PRIMER_LEFT_SELF_END_TH': 0.0,
    'PRIMER_RIGHT_SELF_END_TH': 0.0,
    'PRIMER_LEFT_HAIRPIN_TH': 40.666170480711344,
    'PRIMER_RIGHT_HAIRPIN_TH': 0.0,
    'PRIMER_LEFT_END_STABILITY': 5.69,
    'PRIMER_RIGHT_END_STABILITY': 3.11,
    'PRIMER_PAIR_COMPL_ANY_TH': 0.0,
    'PRIMER_PAIR_COMPL_END_TH': 0.0,
    'PRIMER_PAIR_PRODUCT_SIZE': 1704}

>>> PrimerDesigns 5 <<<
    target_id ZBTB45+1
    tran_id WTC11_consolidated FSM_45682
>>> PrimerDesign <<<
    ppair_id ZBTB45+1+pp1
    features_5p [ExonFeature(genome=Coords(name='chr19', start=58517668, end=58517673, strand='+', size=58617616), trans=Coords(name='FSM_45682', start=2055, end=2060, strand='-', size=2136))
 ExonFeature(genome=Coords(name='chr19', start=58519741, end=58519756, strand='+', size=58617616), trans=Coords(name='FSM_45682', start=2060, end=2075, strand='-', size=2136))]
    features_3p [ExonFeature(genome=Coords(name='chr19', start=58514242, end=58514262, strand='+', size=58617616), trans=Coords(name='FSM_45682', start=713, end=733, strand='-', size=2136))]
    PRIMER_LEFT (62, 20)
    PRIMER_RIGHT (1404, 20)
    PRIMER_LEFT_SEQUENCE AAGAGGAGTCGGAGATGGCG
    PRIMER_RIGHT_SEQUENCE GCGTAGAGAGAAGGATCGCC
    PRIMER_PAIR_PRODUCT_SIZE 1343
    genome_on_targets None
    genome_off_targets None
    genome_non_targets None
    transcriptome_on_targets None
    transcriptome_off_targets None
    transcriptome_non_targets None
>>> PrimerDesign <<<
    ppair_id ZBTB45+1+pp2
    features_5p [ExonFeature(genome=Coords(name='chr19', start=58517668, end=58517673, strand='+', size=58617616), trans=Coords(name='FSM_45682', start=2055, end=2060, strand='-', size=2136))
 ExonFeature(genome=Coords(name='chr19', start=58519741, end=58519756, strand='+', size=58617616), trans=Coords(name='FSM_45682', start=2060, end=2075, strand='-', size=2136))]
    features_3p [ExonFeature(genome=Coords(name='chr19', start=58513864, end=58513884, strand='+', size=58617616), trans=Coords(name='FSM_45682', start=335, end=355, strand='-', size=2136))]
    PRIMER_LEFT (62, 20)
    PRIMER_RIGHT (1782, 20)
    PRIMER_LEFT_SEQUENCE AAGAGGAGTCGGAGATGGCG
    PRIMER_RIGHT_SEQUENCE GGAGTAAGGCGGACTTAGGC
    PRIMER_PAIR_PRODUCT_SIZE 1721
    genome_on_targets None
    genome_off_targets None
    genome_non_targets None
    transcriptome_on_targets None
    transcriptome_off_targets None
    transcriptome_non_targets None
>>> PrimerDesign <<<
    ppair_id ZBTB45+1+pp3
    features_5p [ExonFeature(genome=Coords(name='chr19', start=58517668, end=58517673, strand='+', size=58617616), trans=Coords(name='FSM_45682', start=2055, end=2060, strand='-', size=2136))
 ExonFeature(genome=Coords(name='chr19', start=58519741, end=58519756, strand='+', size=58617616), trans=Coords(name='FSM_45682', start=2060, end=2075, strand='-', size=2136))]
    features_3p [ExonFeature(genome=Coords(name='chr19', start=58513857, end=58513877, strand='+', size=58617616), trans=Coords(name='FSM_45682', start=328, end=348, strand='-', size=2136))]
    PRIMER_LEFT (62, 20)
    PRIMER_RIGHT (1789, 20)
    PRIMER_LEFT_SEQUENCE AAGAGGAGTCGGAGATGGCG
    PRIMER_RIGHT_SEQUENCE GAGGAGAGGAGTAAGGCGGA
    PRIMER_PAIR_PRODUCT_SIZE 1728
    genome_on_targets None
    genome_off_targets None
    genome_non_targets None
    transcriptome_on_targets None
    transcriptome_off_targets None
    transcriptome_non_targets None
>>> PrimerDesign <<<
    ppair_id ZBTB45+1+pp4
    features_5p [ExonFeature(genome=Coords(name='chr19', start=58517668, end=58517673, strand='+', size=58617616), trans=Coords(name='FSM_45682', start=2055, end=2060, strand='-', size=2136))
 ExonFeature(genome=Coords(name='chr19', start=58519741, end=58519756, strand='+', size=58617616), trans=Coords(name='FSM_45682', start=2060, end=2075, strand='-', size=2136))]
    features_3p [ExonFeature(genome=Coords(name='chr19', start=58514231, end=58514251, strand='+', size=58617616), trans=Coords(name='FSM_45682', start=702, end=722, strand='-', size=2136))]
    PRIMER_LEFT (62, 20)
    PRIMER_RIGHT (1415, 20)
    PRIMER_LEFT_SEQUENCE AAGAGGAGTCGGAGATGGCG
    PRIMER_RIGHT_SEQUENCE AGCAGGTAGTCGCGTAGAGA
    PRIMER_PAIR_PRODUCT_SIZE 1354
    genome_on_targets None
    genome_off_targets None
    genome_non_targets None
    transcriptome_on_targets None
    transcriptome_off_targets None
    transcriptome_non_targets None
>>> PrimerDesign <<<
    ppair_id ZBTB45+1+pp5
    features_5p [ExonFeature(genome=Coords(name='chr19', start=58517668, end=58517673, strand='+', size=58617616), trans=Coords(name='FSM_45682', start=2055, end=2060, strand='-', size=2136))
 ExonFeature(genome=Coords(name='chr19', start=58519741, end=58519756, strand='+', size=58617616), trans=Coords(name='FSM_45682', start=2060, end=2075, strand='-', size=2136))]
    features_3p [ExonFeature(genome=Coords(name='chr19', start=58513881, end=58513901, strand='+', size=58617616), trans=Coords(name='FSM_45682', start=352, end=372, strand='-', size=2136))]
    PRIMER_LEFT (62, 20)
    PRIMER_RIGHT (1765, 20)
    PRIMER_LEFT_SEQUENCE AAGAGGAGTCGGAGATGGCG
    PRIMER_RIGHT_SEQUENCE GGCCCTGGTATGGAGAAAGG
    PRIMER_PAIR_PRODUCT_SIZE 1704
    genome_on_targets None
    genome_off_targets None
    genome_non_targets None
    transcriptome_on_targets None
    transcriptome_off_targets None
    transcriptome_non_targets None

