target_id	primer_id	pri	track	transcript_id	amplicon_coords	amplicon_len	amplicon_exons	amplicon
SLC46A1+1	SLC46A1+1_pp3	1	WTC11_consolidated	FSM_44519	FSM_44519:815-1663	848	4	CTCTTCACGTTCCGTCACCACCGATCCATTGTCCAGCTCTATGTGGCTCCCGCCCCAGAGAAGTCCAGGAAACATTTAGCCCTCTACTCACTGGCCATCTTCGTGGTGATCACTGTGCACTTTGGGGCCCAGGACATCTTAACCCTTTATGAACTAAGCACACCCCTCTGCTGGGACTCCAAACTAATCGGCTATGGTTCTGCAGCTCAGCATCTCCCCTACCTCACCAGCCTGCTGGCCCTGAAGCTCCTGCAGTACTGCCTGGCCGATGCCTGGGTAGCTGAGATCGGCCTGGCCTTCAACATCCTGGGGATGGTGGTCTTTGCCTTTGCCACTATCACGCCTCTCATGTTCACAGGATATGGGTTGCTTTTCCTGTCATTAGTCATCACACCTGTCATCCGGGCTAAACTCTCCAAGCTGGTGAGAGAGACAGAGCAGGGTGCTCTCTTTTCTGCTGTGGCCTGTGTGAATAGCCTGGCCATGCTGACGGCCTCCGGCATCTTCAACTCACTCTACCCAGCCACTCTGAACTTTATGAAGGGGTTCCCCTTCCTCCTGGGAGCTGGCCTCCTGCTCATCCCGGCTGTTCTGATTGGGATGCTGGAAAAGGCTGATCCTCACCTCGAGTTCCAGCAGTTTCCCCAGAGCCCCTGATCTGCCTGGACCAGAAGACAGAGGGCAAGAGGAGCAAAGTGAACACCAAGCAACTGGAGGTCTGCAGCTGGAAGCCCAGCCCACAGCAGGACAAGCAACTCTTGTCTAAGGGCAGTGCTCTCTTTGGACGAGGTAGTCAAGAGAGACCAAGGCACCACCCCATCCACAGCTGACCCAGCCTCTGTCTAGGA
SLC46A1+1	SLC46A1+1_pp3	1	WTC11_consolidated	FSM_86580	FSM_86580:818-1582	764	3	CTCTTCACGTTCCGTCACCACCGATCCATTGTCCAGCTCTATGTGGCTCCCGCCCCAGAGAAGTCCAGGAAACATTTAGCCCTCTACTCACTGGCCATCTTCGTGGTGATCACTGTGCACTTTGGGGCCCAGGACATCTTAACCCTTTATGAACTAAGCACACCCCTCTGCTGGGACTCCAAACTAATCGGCTATGGTTCTGCAGCTCAGCATCTCCCCTACCTCACCAGCCTGCTGGCCCTGAAGCTCCTGCAGTACTGCCTGGCCGATGCCTGGGTAGCTGAGATCGGCCTGGCCTTCAACATCCTGGGGATGGTGGTCTTTGCCTTTGCCACTATCACGCCTCTCATGTTCACAGGTGCTCTCTTTTCTGCTGTGGCCTGTGTGAATAGCCTGGCCATGCTGACGGCCTCCGGCATCTTCAACTCACTCTACCCAGCCACTCTGAACTTTATGAAGGGGTTCCCCTTCCTCCTGGGAGCTGGCCTCCTGCTCATCCCGGCTGTTCTGATTGGGATGCTGGAAAAGGCTGATCCTCACCTCGAGTTCCAGCAGTTTCCCCAGAGCCCCTGATCTGCCTGGACCAGAAGACAGAGGGCAAGAGGAGCAAAGTGAACACCAAGCAACTGGAGGTCTGCAGCTGGAAGCCCAGCCCACAGCAGGACAAGCAACTCTTGTCTAAGGGCAGTGCTCTCTTTGGACGAGGTAGTCAAGAGAGACCAAGGCACCACCCCATCCACAGCTGACCCAGCCTCTGTCTAGGA
SLC46A1+1	SLC46A1+1_pp2	2	WTC11_consolidated	FSM_44519	FSM_44519:815-1893	1078	4	CTCTTCACGTTCCGTCACCACCGATCCATTGTCCAGCTCTATGTGGCTCCCGCCCCAGAGAAGTCCAGGAAACATTTAGCCCTCTACTCACTGGCCATCTTCGTGGTGATCACTGTGCACTTTGGGGCCCAGGACATCTTAACCCTTTATGAACTAAGCACACCCCTCTGCTGGGACTCCAAACTAATCGGCTATGGTTCTGCAGCTCAGCATCTCCCCTACCTCACCAGCCTGCTGGCCCTGAAGCTCCTGCAGTACTGCCTGGCCGATGCCTGGGTAGCTGAGATCGGCCTGGCCTTCAACATCCTGGGGATGGTGGTCTTTGCCTTTGCCACTATCACGCCTCTCATGTTCACAGGATATGGGTTGCTTTTCCTGTCATTAGTCATCACACCTGTCATCCGGGCTAAACTCTCCAAGCTGGTGAGAGAGACAGAGCAGGGTGCTCTCTTTTCTGCTGTGGCCTGTGTGAATAGCCTGGCCATGCTGACGGCCTCCGGCATCTTCAACTCACTCTACCCAGCCACTCTGAACTTTATGAAGGGGTTCCCCTTCCTCCTGGGAGCTGGCCTCCTGCTCATCCCGGCTGTTCTGATTGGGATGCTGGAAAAGGCTGATCCTCACCTCGAGTTCCAGCAGTTTCCCCAGAGCCCCTGATCTGCCTGGACCAGAAGACAGAGGGCAAGAGGAGCAAAGTGAACACCAAGCAACTGGAGGTCTGCAGCTGGAAGCCCAGCCCACAGCAGGACAAGCAACTCTTGTCTAAGGGCAGTGCTCTCTTTGGACGAGGTAGTCAAGAGAGACCAAGGCACCACCCCATCCACAGCTGACCCAGCCTCTGTCTAGGATCTAGAATCATAACCCACACAGGCCCACTGCAGGACAGGTGGCAGAGGAGCTATTTGGGACAGGAGTCAGTTCTCCCTTTCTGCTATCCATCACTTATAACCCCACAGGCCAGAGGAGAGGTCCTGAGAGAGGTGACACTTCAGGGACCAGAGGCAGCACGAGGGCTGGCATCTCTCCTTCCAGCCCAAACTGCACAGCCCCAACCAGGTTCCCAACACGTGTAGCAGTC
SLC46A1+1	SLC46A1+1_pp2	2	WTC11_consolidated	FSM_86580	FSM_86580:818-1812	994	3	CTCTTCACGTTCCGTCACCACCGATCCATTGTCCAGCTCTATGTGGCTCCCGCCCCAGAGAAGTCCAGGAAACATTTAGCCCTCTACTCACTGGCCATCTTCGTGGTGATCACTGTGCACTTTGGGGCCCAGGACATCTTAACCCTTTATGAACTAAGCACACCCCTCTGCTGGGACTCCAAACTAATCGGCTATGGTTCTGCAGCTCAGCATCTCCCCTACCTCACCAGCCTGCTGGCCCTGAAGCTCCTGCAGTACTGCCTGGCCGATGCCTGGGTAGCTGAGATCGGCCTGGCCTTCAACATCCTGGGGATGGTGGTCTTTGCCTTTGCCACTATCACGCCTCTCATGTTCACAGGTGCTCTCTTTTCTGCTGTGGCCTGTGTGAATAGCCTGGCCATGCTGACGGCCTCCGGCATCTTCAACTCACTCTACCCAGCCACTCTGAACTTTATGAAGGGGTTCCCCTTCCTCCTGGGAGCTGGCCTCCTGCTCATCCCGGCTGTTCTGATTGGGATGCTGGAAAAGGCTGATCCTCACCTCGAGTTCCAGCAGTTTCCCCAGAGCCCCTGATCTGCCTGGACCAGAAGACAGAGGGCAAGAGGAGCAAAGTGAACACCAAGCAACTGGAGGTCTGCAGCTGGAAGCCCAGCCCACAGCAGGACAAGCAACTCTTGTCTAAGGGCAGTGCTCTCTTTGGACGAGGTAGTCAAGAGAGACCAAGGCACCACCCCATCCACAGCTGACCCAGCCTCTGTCTAGGATCTAGAATCATAACCCACACAGGCCCACTGCAGGACAGGTGGCAGAGGAGCTATTTGGGACAGGAGTCAGTTCTCCCTTTCTGCTATCCATCACTTATAACCCCACAGGCCAGAGGAGAGGTCCTGAGAGAGGTGACACTTCAGGGACCAGAGGCAGCACGAGGGCTGGCATCTCTCCTTCCAGCCCAAACTGCACAGCCCCAACCAGGTTCCCAACACGTGTAGCAGTC
SLC46A1+1	SLC46A1+1_pp1	3	WTC11_consolidated	FSM_44519	FSM_44519:815-2009	1194	4	CTCTTCACGTTCCGTCACCACCGATCCATTGTCCAGCTCTATGTGGCTCCCGCCCCAGAGAAGTCCAGGAAACATTTAGCCCTCTACTCACTGGCCATCTTCGTGGTGATCACTGTGCACTTTGGGGCCCAGGACATCTTAACCCTTTATGAACTAAGCACACCCCTCTGCTGGGACTCCAAACTAATCGGCTATGGTTCTGCAGCTCAGCATCTCCCCTACCTCACCAGCCTGCTGGCCCTGAAGCTCCTGCAGTACTGCCTGGCCGATGCCTGGGTAGCTGAGATCGGCCTGGCCTTCAACATCCTGGGGATGGTGGTCTTTGCCTTTGCCACTATCACGCCTCTCATGTTCACAGGATATGGGTTGCTTTTCCTGTCATTAGTCATCACACCTGTCATCCGGGCTAAACTCTCCAAGCTGGTGAGAGAGACAGAGCAGGGTGCTCTCTTTTCTGCTGTGGCCTGTGTGAATAGCCTGGCCATGCTGACGGCCTCCGGCATCTTCAACTCACTCTACCCAGCCACTCTGAACTTTATGAAGGGGTTCCCCTTCCTCCTGGGAGCTGGCCTCCTGCTCATCCCGGCTGTTCTGATTGGGATGCTGGAAAAGGCTGATCCTCACCTCGAGTTCCAGCAGTTTCCCCAGAGCCCCTGATCTGCCTGGACCAGAAGACAGAGGGCAAGAGGAGCAAAGTGAACACCAAGCAACTGGAGGTCTGCAGCTGGAAGCCCAGCCCACAGCAGGACAAGCAACTCTTGTCTAAGGGCAGTGCTCTCTTTGGACGAGGTAGTCAAGAGAGACCAAGGCACCACCCCATCCACAGCTGACCCAGCCTCTGTCTAGGATCTAGAATCATAACCCACACAGGCCCACTGCAGGACAGGTGGCAGAGGAGCTATTTGGGACAGGAGTCAGTTCTCCCTTTCTGCTATCCATCACTTATAACCCCACAGGCCAGAGGAGAGGTCCTGAGAGAGGTGACACTTCAGGGACCAGAGGCAGCACGAGGGCTGGCATCTCTCCTTCCAGCCCAAACTGCACAGCCCCAACCAGGTTCCCAACACGTGTAGCAGTCATCAGCCATTCCTTAACAATGAATGTGGTACCTGGTTAGTGCCAGCCTTGGGAAGGAGGGAGGGAGGTAAGAGGGGCTTGGTGATCTCTGGAGGAAGAGTGTTGCCTTTGCTGTGG
SLC46A1+1	SLC46A1+1_pp1	3	WTC11_consolidated	FSM_86580	FSM_86580:818-1928	1110	3	CTCTTCACGTTCCGTCACCACCGATCCATTGTCCAGCTCTATGTGGCTCCCGCCCCAGAGAAGTCCAGGAAACATTTAGCCCTCTACTCACTGGCCATCTTCGTGGTGATCACTGTGCACTTTGGGGCCCAGGACATCTTAACCCTTTATGAACTAAGCACACCCCTCTGCTGGGACTCCAAACTAATCGGCTATGGTTCTGCAGCTCAGCATCTCCCCTACCTCACCAGCCTGCTGGCCCTGAAGCTCCTGCAGTACTGCCTGGCCGATGCCTGGGTAGCTGAGATCGGCCTGGCCTTCAACATCCTGGGGATGGTGGTCTTTGCCTTTGCCACTATCACGCCTCTCATGTTCACAGGTGCTCTCTTTTCTGCTGTGGCCTGTGTGAATAGCCTGGCCATGCTGACGGCCTCCGGCATCTTCAACTCACTCTACCCAGCCACTCTGAACTTTATGAAGGGGTTCCCCTTCCTCCTGGGAGCTGGCCTCCTGCTCATCCCGGCTGTTCTGATTGGGATGCTGGAAAAGGCTGATCCTCACCTCGAGTTCCAGCAGTTTCCCCAGAGCCCCTGATCTGCCTGGACCAGAAGACAGAGGGCAAGAGGAGCAAAGTGAACACCAAGCAACTGGAGGTCTGCAGCTGGAAGCCCAGCCCACAGCAGGACAAGCAACTCTTGTCTAAGGGCAGTGCTCTCTTTGGACGAGGTAGTCAAGAGAGACCAAGGCACCACCCCATCCACAGCTGACCCAGCCTCTGTCTAGGATCTAGAATCATAACCCACACAGGCCCACTGCAGGACAGGTGGCAGAGGAGCTATTTGGGACAGGAGTCAGTTCTCCCTTTCTGCTATCCATCACTTATAACCCCACAGGCCAGAGGAGAGGTCCTGAGAGAGGTGACACTTCAGGGACCAGAGGCAGCACGAGGGCTGGCATCTCTCCTTCCAGCCCAAACTGCACAGCCCCAACCAGGTTCCCAACACGTGTAGCAGTCATCAGCCATTCCTTAACAATGAATGTGGTACCTGGTTAGTGCCAGCCTTGGGAAGGAGGGAGGGAGGTAAGAGGGGCTTGGTGATCTCTGGAGGAAGAGTGTTGCCTTTGCTGTGG
SLC46A1+1	SLC46A1+1_pp5	4	WTC11_consolidated	FSM_44519	FSM_44519:830-2009	1179	4	CACCACCGATCCATTGTCCAGCTCTATGTGGCTCCCGCCCCAGAGAAGTCCAGGAAACATTTAGCCCTCTACTCACTGGCCATCTTCGTGGTGATCACTGTGCACTTTGGGGCCCAGGACATCTTAACCCTTTATGAACTAAGCACACCCCTCTGCTGGGACTCCAAACTAATCGGCTATGGTTCTGCAGCTCAGCATCTCCCCTACCTCACCAGCCTGCTGGCCCTGAAGCTCCTGCAGTACTGCCTGGCCGATGCCTGGGTAGCTGAGATCGGCCTGGCCTTCAACATCCTGGGGATGGTGGTCTTTGCCTTTGCCACTATCACGCCTCTCATGTTCACAGGATATGGGTTGCTTTTCCTGTCATTAGTCATCACACCTGTCATCCGGGCTAAACTCTCCAAGCTGGTGAGAGAGACAGAGCAGGGTGCTCTCTTTTCTGCTGTGGCCTGTGTGAATAGCCTGGCCATGCTGACGGCCTCCGGCATCTTCAACTCACTCTACCCAGCCACTCTGAACTTTATGAAGGGGTTCCCCTTCCTCCTGGGAGCTGGCCTCCTGCTCATCCCGGCTGTTCTGATTGGGATGCTGGAAAAGGCTGATCCTCACCTCGAGTTCCAGCAGTTTCCCCAGAGCCCCTGATCTGCCTGGACCAGAAGACAGAGGGCAAGAGGAGCAAAGTGAACACCAAGCAACTGGAGGTCTGCAGCTGGAAGCCCAGCCCACAGCAGGACAAGCAACTCTTGTCTAAGGGCAGTGCTCTCTTTGGACGAGGTAGTCAAGAGAGACCAAGGCACCACCCCATCCACAGCTGACCCAGCCTCTGTCTAGGATCTAGAATCATAACCCACACAGGCCCACTGCAGGACAGGTGGCAGAGGAGCTATTTGGGACAGGAGTCAGTTCTCCCTTTCTGCTATCCATCACTTATAACCCCACAGGCCAGAGGAGAGGTCCTGAGAGAGGTGACACTTCAGGGACCAGAGGCAGCACGAGGGCTGGCATCTCTCCTTCCAGCCCAAACTGCACAGCCCCAACCAGGTTCCCAACACGTGTAGCAGTCATCAGCCATTCCTTAACAATGAATGTGGTACCTGGTTAGTGCCAGCCTTGGGAAGGAGGGAGGGAGGTAAGAGGGGCTTGGTGATCTCTGGAGGAAGAGTGTTGCCTTTGCTGTGG
SLC46A1+1	SLC46A1+1_pp5	4	WTC11_consolidated	FSM_86580	FSM_86580:833-1928	1095	3	CACCACCGATCCATTGTCCAGCTCTATGTGGCTCCCGCCCCAGAGAAGTCCAGGAAACATTTAGCCCTCTACTCACTGGCCATCTTCGTGGTGATCACTGTGCACTTTGGGGCCCAGGACATCTTAACCCTTTATGAACTAAGCACACCCCTCTGCTGGGACTCCAAACTAATCGGCTATGGTTCTGCAGCTCAGCATCTCCCCTACCTCACCAGCCTGCTGGCCCTGAAGCTCCTGCAGTACTGCCTGGCCGATGCCTGGGTAGCTGAGATCGGCCTGGCCTTCAACATCCTGGGGATGGTGGTCTTTGCCTTTGCCACTATCACGCCTCTCATGTTCACAGGTGCTCTCTTTTCTGCTGTGGCCTGTGTGAATAGCCTGGCCATGCTGACGGCCTCCGGCATCTTCAACTCACTCTACCCAGCCACTCTGAACTTTATGAAGGGGTTCCCCTTCCTCCTGGGAGCTGGCCTCCTGCTCATCCCGGCTGTTCTGATTGGGATGCTGGAAAAGGCTGATCCTCACCTCGAGTTCCAGCAGTTTCCCCAGAGCCCCTGATCTGCCTGGACCAGAAGACAGAGGGCAAGAGGAGCAAAGTGAACACCAAGCAACTGGAGGTCTGCAGCTGGAAGCCCAGCCCACAGCAGGACAAGCAACTCTTGTCTAAGGGCAGTGCTCTCTTTGGACGAGGTAGTCAAGAGAGACCAAGGCACCACCCCATCCACAGCTGACCCAGCCTCTGTCTAGGATCTAGAATCATAACCCACACAGGCCCACTGCAGGACAGGTGGCAGAGGAGCTATTTGGGACAGGAGTCAGTTCTCCCTTTCTGCTATCCATCACTTATAACCCCACAGGCCAGAGGAGAGGTCCTGAGAGAGGTGACACTTCAGGGACCAGAGGCAGCACGAGGGCTGGCATCTCTCCTTCCAGCCCAAACTGCACAGCCCCAACCAGGTTCCCAACACGTGTAGCAGTCATCAGCCATTCCTTAACAATGAATGTGGTACCTGGTTAGTGCCAGCCTTGGGAAGGAGGGAGGGAGGTAAGAGGGGCTTGGTGATCTCTGGAGGAAGAGTGTTGCCTTTGCTGTGG
SLC46A1+1	SLC46A1+1_pp4	5	WTC11_consolidated	FSM_44519	FSM_44519:1008-2009	1001	4	ATGGTTCTGCAGCTCAGCATCTCCCCTACCTCACCAGCCTGCTGGCCCTGAAGCTCCTGCAGTACTGCCTGGCCGATGCCTGGGTAGCTGAGATCGGCCTGGCCTTCAACATCCTGGGGATGGTGGTCTTTGCCTTTGCCACTATCACGCCTCTCATGTTCACAGGATATGGGTTGCTTTTCCTGTCATTAGTCATCACACCTGTCATCCGGGCTAAACTCTCCAAGCTGGTGAGAGAGACAGAGCAGGGTGCTCTCTTTTCTGCTGTGGCCTGTGTGAATAGCCTGGCCATGCTGACGGCCTCCGGCATCTTCAACTCACTCTACCCAGCCACTCTGAACTTTATGAAGGGGTTCCCCTTCCTCCTGGGAGCTGGCCTCCTGCTCATCCCGGCTGTTCTGATTGGGATGCTGGAAAAGGCTGATCCTCACCTCGAGTTCCAGCAGTTTCCCCAGAGCCCCTGATCTGCCTGGACCAGAAGACAGAGGGCAAGAGGAGCAAAGTGAACACCAAGCAACTGGAGGTCTGCAGCTGGAAGCCCAGCCCACAGCAGGACAAGCAACTCTTGTCTAAGGGCAGTGCTCTCTTTGGACGAGGTAGTCAAGAGAGACCAAGGCACCACCCCATCCACAGCTGACCCAGCCTCTGTCTAGGATCTAGAATCATAACCCACACAGGCCCACTGCAGGACAGGTGGCAGAGGAGCTATTTGGGACAGGAGTCAGTTCTCCCTTTCTGCTATCCATCACTTATAACCCCACAGGCCAGAGGAGAGGTCCTGAGAGAGGTGACACTTCAGGGACCAGAGGCAGCACGAGGGCTGGCATCTCTCCTTCCAGCCCAAACTGCACAGCCCCAACCAGGTTCCCAACACGTGTAGCAGTCATCAGCCATTCCTTAACAATGAATGTGGTACCTGGTTAGTGCCAGCCTTGGGAAGGAGGGAGGGAGGTAAGAGGGGCTTGGTGATCTCTGGAGGAAGAGTGTTGCCTTTGCTGTGG
SLC46A1+1	SLC46A1+1_pp4	5	WTC11_consolidated	FSM_86580	FSM_86580:1011-1928	917	3	ATGGTTCTGCAGCTCAGCATCTCCCCTACCTCACCAGCCTGCTGGCCCTGAAGCTCCTGCAGTACTGCCTGGCCGATGCCTGGGTAGCTGAGATCGGCCTGGCCTTCAACATCCTGGGGATGGTGGTCTTTGCCTTTGCCACTATCACGCCTCTCATGTTCACAGGTGCTCTCTTTTCTGCTGTGGCCTGTGTGAATAGCCTGGCCATGCTGACGGCCTCCGGCATCTTCAACTCACTCTACCCAGCCACTCTGAACTTTATGAAGGGGTTCCCCTTCCTCCTGGGAGCTGGCCTCCTGCTCATCCCGGCTGTTCTGATTGGGATGCTGGAAAAGGCTGATCCTCACCTCGAGTTCCAGCAGTTTCCCCAGAGCCCCTGATCTGCCTGGACCAGAAGACAGAGGGCAAGAGGAGCAAAGTGAACACCAAGCAACTGGAGGTCTGCAGCTGGAAGCCCAGCCCACAGCAGGACAAGCAACTCTTGTCTAAGGGCAGTGCTCTCTTTGGACGAGGTAGTCAAGAGAGACCAAGGCACCACCCCATCCACAGCTGACCCAGCCTCTGTCTAGGATCTAGAATCATAACCCACACAGGCCCACTGCAGGACAGGTGGCAGAGGAGCTATTTGGGACAGGAGTCAGTTCTCCCTTTCTGCTATCCATCACTTATAACCCCACAGGCCAGAGGAGAGGTCCTGAGAGAGGTGACACTTCAGGGACCAGAGGCAGCACGAGGGCTGGCATCTCTCCTTCCAGCCCAAACTGCACAGCCCCAACCAGGTTCCCAACACGTGTAGCAGTCATCAGCCATTCCTTAACAATGAATGTGGTACCTGGTTAGTGCCAGCCTTGGGAAGGAGGGAGGGAGGTAAGAGGGGCTTGGTGATCTCTGGAGGAAGAGTGTTGCCTTTGCTGTGG
