target_id	primer_id	pri	track	transcript_id	amplicon_coords	amplicon_len	amplicon_exons	amplicon
CERNA1+1	CERNA1+1_pp1	1	WTC11_consolidated	FSM_12039	FSM_12039:395-993	598	3	CCGCAGAGAATGAGAAGGCAGATCAAAGTTACAGATGCTGCGAGAACATCGCCAAGCAGAATCTTGGGTGCTGTCCCCACCTCTCTGTACCTGCTCCCTCCCAGAGAAGCCAGCCTCCACTTGCTGTCCCGGGCCTTCTCTATCTGAGAAAAGTTGAAGGAGCACATGTCCTTGCGCAGGAAGAGGCTGTTCAGCGTGACCGCCCCGATCAAGAAGAAGAGCTGCTTCACCGCCTGCCTCACAAGCTCGGGGTCCAGGCCGTTCTGGCACATGGTGGTGTAAAAGTAGCTCAGCTGTTGCAGGACGGAGGTCATGGTGTAGCCGTCCGTGTCGTCTATGCTAGAGGAGCGCTTCCGGAAGCCTGTGGGCTTCAGGCCGGAAATGCCCTGCAGGCTCTCATACTCCAGCATTCCCGGAACTGCGGAGAGACAGGGAGGCTGTGCTGACACGCCAGGAGACACACGCGGAACGTTCCCGACGCTCTTCGGTTTGTTTCAGGAGATGGGACATTTTTCTACAAGAGTCAGTGGATGTACTTATGATAGAGAAAGCAAAAGAATCAAGGGTTTGGGACACCAGGGTGTGTGTCAGGGTTAGG
CERNA1+1	CERNA1+1_pp2	2	WTC11_consolidated	FSM_12039	FSM_12039:395-994	599	3	CCGCAGAGAATGAGAAGGCAGATCAAAGTTACAGATGCTGCGAGAACATCGCCAAGCAGAATCTTGGGTGCTGTCCCCACCTCTCTGTACCTGCTCCCTCCCAGAGAAGCCAGCCTCCACTTGCTGTCCCGGGCCTTCTCTATCTGAGAAAAGTTGAAGGAGCACATGTCCTTGCGCAGGAAGAGGCTGTTCAGCGTGACCGCCCCGATCAAGAAGAAGAGCTGCTTCACCGCCTGCCTCACAAGCTCGGGGTCCAGGCCGTTCTGGCACATGGTGGTGTAAAAGTAGCTCAGCTGTTGCAGGACGGAGGTCATGGTGTAGCCGTCCGTGTCGTCTATGCTAGAGGAGCGCTTCCGGAAGCCTGTGGGCTTCAGGCCGGAAATGCCCTGCAGGCTCTCATACTCCAGCATTCCCGGAACTGCGGAGAGACAGGGAGGCTGTGCTGACACGCCAGGAGACACACGCGGAACGTTCCCGACGCTCTTCGGTTTGTTTCAGGAGATGGGACATTTTTCTACAAGAGTCAGTGGATGTACTTATGATAGAGAAAGCAAAAGAATCAAGGGTTTGGGACACCAGGGTGTGTGTCAGGGTTAGGG
CERNA1+1	CERNA1+1_pp5	3	WTC11_consolidated	FSM_12039	FSM_12039:395-1113	718	3	CCGCAGAGAATGAGAAGGCAGATCAAAGTTACAGATGCTGCGAGAACATCGCCAAGCAGAATCTTGGGTGCTGTCCCCACCTCTCTGTACCTGCTCCCTCCCAGAGAAGCCAGCCTCCACTTGCTGTCCCGGGCCTTCTCTATCTGAGAAAAGTTGAAGGAGCACATGTCCTTGCGCAGGAAGAGGCTGTTCAGCGTGACCGCCCCGATCAAGAAGAAGAGCTGCTTCACCGCCTGCCTCACAAGCTCGGGGTCCAGGCCGTTCTGGCACATGGTGGTGTAAAAGTAGCTCAGCTGTTGCAGGACGGAGGTCATGGTGTAGCCGTCCGTGTCGTCTATGCTAGAGGAGCGCTTCCGGAAGCCTGTGGGCTTCAGGCCGGAAATGCCCTGCAGGCTCTCATACTCCAGCATTCCCGGAACTGCGGAGAGACAGGGAGGCTGTGCTGACACGCCAGGAGACACACGCGGAACGTTCCCGACGCTCTTCGGTTTGTTTCAGGAGATGGGACATTTTTCTACAAGAGTCAGTGGATGTACTTATGATAGAGAAAGCAAAAGAATCAAGGGTTTGGGACACCAGGGTGTGTGTCAGGGTTAGGGATGGACGGCTGTTTCCAGCGGGGCTGCAGCTCCTCTTGTAGGTTTGAAGCAGCACGTTTTTCAGCTTCACAGGAAAGAAAGCTGCTTAGCATGACAAATCATGGCCTGGGCATTAAAGC
CERNA1+1	CERNA1+1_pp3	4	WTC11_consolidated	FSM_12039	FSM_12039:392-993	601	3	TGGCCGCAGAGAATGAGAAGGCAGATCAAAGTTACAGATGCTGCGAGAACATCGCCAAGCAGAATCTTGGGTGCTGTCCCCACCTCTCTGTACCTGCTCCCTCCCAGAGAAGCCAGCCTCCACTTGCTGTCCCGGGCCTTCTCTATCTGAGAAAAGTTGAAGGAGCACATGTCCTTGCGCAGGAAGAGGCTGTTCAGCGTGACCGCCCCGATCAAGAAGAAGAGCTGCTTCACCGCCTGCCTCACAAGCTCGGGGTCCAGGCCGTTCTGGCACATGGTGGTGTAAAAGTAGCTCAGCTGTTGCAGGACGGAGGTCATGGTGTAGCCGTCCGTGTCGTCTATGCTAGAGGAGCGCTTCCGGAAGCCTGTGGGCTTCAGGCCGGAAATGCCCTGCAGGCTCTCATACTCCAGCATTCCCGGAACTGCGGAGAGACAGGGAGGCTGTGCTGACACGCCAGGAGACACACGCGGAACGTTCCCGACGCTCTTCGGTTTGTTTCAGGAGATGGGACATTTTTCTACAAGAGTCAGTGGATGTACTTATGATAGAGAAAGCAAAAGAATCAAGGGTTTGGGACACCAGGGTGTGTGTCAGGGTTAGG
CERNA1+1	CERNA1+1_pp4	5	WTC11_consolidated	FSM_12039	FSM_12039:392-994	602	3	TGGCCGCAGAGAATGAGAAGGCAGATCAAAGTTACAGATGCTGCGAGAACATCGCCAAGCAGAATCTTGGGTGCTGTCCCCACCTCTCTGTACCTGCTCCCTCCCAGAGAAGCCAGCCTCCACTTGCTGTCCCGGGCCTTCTCTATCTGAGAAAAGTTGAAGGAGCACATGTCCTTGCGCAGGAAGAGGCTGTTCAGCGTGACCGCCCCGATCAAGAAGAAGAGCTGCTTCACCGCCTGCCTCACAAGCTCGGGGTCCAGGCCGTTCTGGCACATGGTGGTGTAAAAGTAGCTCAGCTGTTGCAGGACGGAGGTCATGGTGTAGCCGTCCGTGTCGTCTATGCTAGAGGAGCGCTTCCGGAAGCCTGTGGGCTTCAGGCCGGAAATGCCCTGCAGGCTCTCATACTCCAGCATTCCCGGAACTGCGGAGAGACAGGGAGGCTGTGCTGACACGCCAGGAGACACACGCGGAACGTTCCCGACGCTCTTCGGTTTGTTTCAGGAGATGGGACATTTTTCTACAAGAGTCAGTGGATGTACTTATGATAGAGAAAGCAAAAGAATCAAGGGTTTGGGACACCAGGGTGTGTGTCAGGGTTAGGG
