target_id	design_status	transcript_id	browser	primer_id	left_primer	right_primer	on_target_trans	off_target_trans	on_target_genome	off_target_genome	annotated_rna
CERNA1+1	GOOD	FSM_12039	=HYPERLINK("https://genome.ucsc.edu/cgi-bin/hgTracks?position=chr15%3A52180000-52206281&db=hg38&genome=hg38&hubUrl=http%3A//test.org/JuJu/hub.txt", "chr15:52180000-52206281")	CERNA1+1+pp1	CCGCAGAGAATGAGAAGGCA	CCTAACCCTGACACACACCC	chr15:52180395-52205327, chr15:52181043-52205327		chr15:52181043-52205327		NNNNNNNNNNNNNNNNNNNNNNNNNNNNNNNNNNNNNNNNNNNNNNNNNNNNNNNNNNNNNNNNNNNNNNNNNNNNNNNNNNNNNNNNNNNNNNNNNNNNNNNNNNNNNNNNNNNNNNNNNNNNNNNNNNNacgcccattttaccagcgggcaaactgtggcttagggatgctgggtgatttgcccgaggacgcacacagagggaagggccaagccgggattccaactcgggactccccgcttcTGGGGAGACCGGTGAGGCCCCCGCGACATGGCCCTCCCATCCCCAAGCCTCTCGTGCAGATCTCCGCTCTGTGGGACTTGATTGCGGGCTGCGGGCCCGTGGCTCCTGCAGGCAGAGAGAGGACGGGAGAGGAGACGGCTACGAGGCTTGGCCGCAGA-GAATGAGAAGGCAGATCAAAGTTACAGATGCTGCGAGAACATCGCCAAGCAGAATCTTGGGTGCTGTCCCCACCTCTCTGTACCTGCTCCCTCCCAGAGAAGCCAGCCTCCACTTGCTGTCCCGGGCCTTCTCTATCTGAGA[AAAGTTGAAGGAGCACATGTCCTTGCGCAGGAAGAGGCTGTTCAGCGTGACCGCCCCGATCAAGAAGAAGAGCTGCTTCACCGCCTGCCTCACAAGCTCGGGGTCCAGGCCGTTCTGGCACATGGTGGTGTAAAAGTAGCTCAGCTGTTGCAGGACGGAGGTCATGGTGTAGCCGTCCGTGTCGTCTATGCTAGAGGAGCGCTTCCGGAAGCCTGTGGGCTTCAGGCCGGAAATGCCCTGCAGGCTCTCATACTCCAGC]ATTCCCGGAACTGCGGAGAGACAGGGAGGCTGTGCTGACACGCCAGGAGACACACGCGGAACGTTCCCGACGCTCTTCGGTTTGTTTCAGGAGATGGGACATTTTTCTACAAGAGTCAGTGGATGTACTTATGATAGAGAAAGCAAAAGAATCAAGGGTTTGGGACACCAGGGTGTGTGTCAGGGTTAGGGATGGACGGCTGTTTCCAGCGGGGCTGCAGCTCCTCTTGTAGGTTTGAAGCAGCACGTTTTTCAGCTTCACAGGAAAGAAAGCTGCTTAGCATGACAAATCATGGCCTGGGCATTAAAGCCTAAAGTATTTAAATTTCAGGAAATTAAGGAAAGTATACAAGAATTCGAATGGGGCTTTAGGATTTCAAAAATACTTGGCTACGCCAAGAAGTAGAAGTACCACATAAATAGCAGTAGTAGAAGTTTCCCCAAGTTTTTTCCTTCAGGATAAATCATCCTTATATAAAGAAAACTACCAACAGCGTACTATTATTTATGGAATCATTATAAGCAAGCAAAGAATTAAAAGGCAGATATCTACATGATTNNNNNNNNNNNNNNNNNNNNNNNNNNNNNNNNNNNNNNNNNNNNNNNNNNNNNNNNNNNNNNNNNNNNNNNNNNNNNNNNNNNNNNNNNNNNNNNNNNNNNNNNNNNNNNNNNNNNNNNNNNNNNNNNNNNNNNNNNNNNNNNNNNNNNNNNNNNNNNNNNNNNNNNNNNNNNNNNNNNNNNNNNNNNNNNNNNNNNNNNNNNNNNNNNNNNNNNNNNNNNNNNNNNNNNNNNNNNNNNNNNNNNNNNNNNNNNNNNNNNNNNNNNNNNNNNNNNNNNNNNNNNNNNNNNNNNNNNNNNNNNNNNNNNNNNNNNNNNNNNNNNNNNNNNNNNNNNNNNNNNNNNNNNNNNNNNNNNNNNNNNNNNNNNNNNNNNNNNNNNNNNNNNNNNNNNNNNNNNNNNNNNNNNNNNNNNNNNNNNNNNNNNNNNNNNNNNNNNNNNNNNNNNNNNNNNNNNNNNNNNNNNNNNNNNNNNNNNNNNNNNNNNNNNNNNNNNNNNNNNNNNNNNNNNNNNNNNNNNNNNNNNNNNNNNNNNNNNNNNNNNNNNNNNNNNNNNNNNNNNNNNNNNNNNNNNNNNNNNNNNNNNNN
CERNA1+1	GOOD	FSM_12039		CERNA1+1+pp2	CCGCAGAGAATGAGAAGGCA	CCCTAACCCTGACACACACC	chr15:52180395-52205328, chr15:52181043-52205328		chr15:52181043-52205328		
CERNA1+1	GOOD	FSM_12039		CERNA1+1+pp3	TGGCCGCAGAGAATGAGAAG	CCTAACCCTGACACACACCC	chr15:52180392-52205327				
CERNA1+1	GOOD	FSM_12039		CERNA1+1+pp4	TGGCCGCAGAGAATGAGAAG	CCCTAACCCTGACACACACC	chr15:52180392-52205328				
CERNA1+1	GOOD	FSM_12039		CERNA1+1+pp5	CTTGGCCGCAGAGAATGAGA	CCTAACCCTGACACACACCC	chr15:52180390-52205327				
