target_id: CERNA1+1
region_5p: chr15:52180131-52181192
region_3p: chr15:52205137-52205695
strand: +
transcripts:
transcript: WTC11_consolidated FSM_12039
coords: Feature(genome=chr15:52180000-52206281/+, trans=FSM_12039:0-1947/+)
region_5p: Feature(genome=chr15:52180131-52181192/+, trans=FSM_12039:131-544/+)
region_3p: Feature(genome=chr15:52205137-52205695/+, trans=FSM_12039:803-1361/+)
features_5p:
[   ExonFeature(genome=Coords(name='chr15', start=52180131, end=52180401, strand='+', size=101991189), trans=Coords(name='FSM_12039', start=131, end=401, strand='+', size=1947)),
    IntronFeature(genome=Coords(name='chr15', start=52180401, end=52181049, strand='+', size=101991189), trans=Coords(name='FSM_12039', start=401, end=401, strand='+', size=1947)),
    ExonFeature(genome=Coords(name='chr15', start=52181049, end=52181192, strand='+', size=101991189), trans=Coords(name='FSM_12039', start=401, end=544, strand='+', size=1947))]
features_3p:
[   ExonFeature(genome=Coords(name='chr15', start=52205137, end=52205695, strand='+', size=101991189), trans=Coords(name='FSM_12039', start=803, end=1361, strand='+', size=1947))]
features:
[   ExonFeature(genome=Coords(name='chr15', start=52180000, end=52180401, strand='+', size=101991189), trans=Coords(name='FSM_12039', start=0, end=401, strand='+', size=1947)),
    IntronFeature(genome=Coords(name='chr15', start=52180401, end=52181049, strand='+', size=101991189), trans=Coords(name='FSM_12039', start=401, end=401, strand='+', size=1947)),
    ExonFeature(genome=Coords(name='chr15', start=52181049, end=52181202, strand='+', size=101991189), trans=Coords(name='FSM_12039', start=401, end=554, strand='+', size=1947)),
    IntronFeature(genome=Coords(name='chr15', start=52181202, end=52204888, strand='+', size=101991189), trans=Coords(name='FSM_12039', start=554, end=554, strand='+', size=1947)),
    ExonFeature(genome=Coords(name='chr15', start=52204888, end=52206281, strand='+', size=101991189), trans=Coords(name='FSM_12039', start=554, end=1947, strand='+', size=1947))]
rna: TGACGCCAGCAGCTGCGGGCCCGGCTGCTGCGCCTGAGCCCCAAGACCCCGCACCTGGGCGCGCGCTCTGGCGCAGTGCCTGGTGCGATGTCCGCGTCAGCCTCTCTCCTCCGGGAgaggcagggagtgtgacgcccattttaccagcgggcaaactgtggcttagggatgctgggtgatttgcccgaggacgcacacagagggaagggccaagccgggattccaactcgggactccccgcttcTGGGGAGACCGGTGAGGCCCCCGCGACATGGCCCTCCCATCCCCAAGCCTCTCGTGCAGATCTCCGCTCTGTGGGACTTGATTGCGGGCTGCGGGCCCGTGGCTCCTGCAGGCAGAGAGAGGACGGGAGAGGAGACGGCTACGAGGCTTGGCCGCAGAGAATGAGAAGGCAGATCAAAGTTACAGATGCTGCGAGAACATCGCCAAGCAGAATCTTGGGTGCTGTCCCCACCTCTCTGTACCTGCTCCCTCCCAGAGAAGCCAGCCTCCACTTGCTGTCCCGGGCCTTCTCTATCTGAGAAAAGTTGAAGGAGCACATGTCCTTGCGCAGGAAGAGGCTGTTCAGCGTGACCGCCCCGATCAAGAAGAAGAGCTGCTTCACCGCCTGCCTCACAAGCTCGGGGTCCAGGCCGTTCTGGCACATGGTGGTGTAAAAGTAGCTCAGCTGTTGCAGGACGGAGGTCATGGTGTAGCCGTCCGTGTCGTCTATGCTAGAGGAGCGCTTCCGGAAGCCTGTGGGCTTCAGGCCGGAAATGCCCTGCAGGCTCTCATACTCCAGCATTCCCGGAACTGCGGAGAGACAGGGAGGCTGTGCTGACACGCCAGGAGACACACGCGGAACGTTCCCGACGCTCTTCGGTTTGTTTCAGGAGATGGGACATTTTTCTACAAGAGTCAGTGGATGTACTTATGATAGAGAAAGCAAAAGAATCAAGGGTTTGGGACACCAGGGTGTGTGTCAGGGTTAGGGATGGACGGCTGTTTCCAGCGGGGCTGCAGCTCCTCTTGTAGGTTTGAAGCAGCACGTTTTTCAGCTTCACAGGAAAGAAAGCTGCTTAGCATGACAAATCATGGCCTGGGCATTAAAGCCTAAAGTATTTAAATTTCAGGAAATTAAGGAAAGTATACAAGAATTCGAATGGGGCTTTAGGATTTCAAAAATACTTGGCTACGCCAAGAAGTAGAAGTACCACATAAATAGCAGTAGTAGAAGTTTCCCCAAGTTTTTTCCTTCAGGATAAATCATCCTTATATAAAGAAAACTACCAACAGCGTACTATTATTTATGGAATCATTATAAGCAAGCAAAGAATTAAAAGGCAGATATCTACATGATTATATTTCCTTGGCTTTTTAAACAATGTTACACATAATCACACATTACACATACCAAGTTTATGTTTTAAAAAGTCTTAATGTTACTATAAATATTTTTTGGTCATCCATTCTCTTCTTACCTATTATCGGTTGGATATTCTTTTCCATTATGATAATAAATTGATGATATATTCGTATAGCCACATCACTGAGAATCTGTCTGTATTCTGAAAGGTCAAAATTGTTCAAGCAATTCTTATTCTGCTGTGGACTATTATGCTTCATGAATTCCTAAAAGTAATTTTAAACATAAAATATTAGAATAATACAAACATGTAGGAAATTAATAATCAGCTACTATAACTCTTTTACCTTAAAACTTAATGTCTGATTTATATCAAATGAGTTCATGATGCTTGGGGTAGCATGTACCTTCTATAAGAAAAAAATTGCACTGATTTCCTGTATGATCACAGTCTATCACACTGTCATTGTCCCACCCACTTCCCTACAAACATTGTCCCTGGAACCTATAGACTAAATGGAAAAGCTCGTAGAAGGCCCATGGAAGCGCATAGGAAAATGAAAcaaaactgcagagcattc
annotated_amplicon: acgcccattttaccagcgggcaaactgtggcttagggatgctgggtgatttgcccgaggacgcacacagagggaagggccaagccgggattccaactcgggactccccgcttcTGGGGAGACCGGTGAGGCCCCCGCGACATGGCCCTCCCATCCCCAAGCCTCTCGTGCAGATCTCCGCTCTGTGGGACTTGATTGCGGGCTGCGGGCCCGTGGCTCCTGCAGGCAGAGAGAGGACGGGAGAGGAGACGGCTACGAGGCTTGGCCGCAGA-GAATGAGAAGGCAGATCAAAGTTACAGATGCTGCGAGAACATCGCCAAGCAGAATCTTGGGTGCTGTCCCCACCTCTCTGTACCTGCTCCCTCCCAGAGAAGCCAGCCTCCACTTGCTGTCCCGGGCCTTCTCTATCTGAGA[AAAGTTGAAGGAGCACATGTCCTTGCGCAGGAAGAGGCTGTTCAGCGTGACCGCCCCGATCAAGAAGAAGAGCTGCTTCACCGCCTGCCTCACAAGCTCGGGGTCCAGGCCGTTCTGGCACATGGTGGTGTAAAAGTAGCTCAGCTGTTGCAGGACGGAGGTCATGGTGTAGCCGTCCGTGTCGTCTATGCTAGAGGAGCGCTTCCGGAAGCCTGTGGGCTTCAGGCCGGAAATGCCCTGCAGGCTCTCATACTCCAGC]ATTCCCGGAACTGCGGAGAGACAGGGAGGCTGTGCTGACACGCCAGGAGACACACGCGGAACGTTCCCGACGCTCTTCGGTTTGTTTCAGGAGATGGGACATTTTTCTACAAGAGTCAGTGGATGTACTTATGATAGAGAAAGCAAAAGAATCAAGGGTTTGGGACACCAGGGTGTGTGTCAGGGTTAGGGATGGACGGCTGTTTCCAGCGGGGCTGCAGCTCCTCTTGTAGGTTTGAAGCAGCACGTTTTTCAGCTTCACAGGAAAGAAAGCTGCTTAGCATGACAAATCATGGCCTGGGCATTAAAGCCTAAAGTATTTAAATTTCAGGAAATTAAGGAAAGTATACAAGAATTCGAATGGGGCTTTAGGATTTCAAAAATACTTGGCTACGCCAAGAAGTAGAAGTACCACATAAATAGCAGTAGTAGAAGTTTCCCCAAGTTTTTTCCTTCAGGATAAATCATCCTTATATAAAGAAAACTACCAACAGCGTACTATTATTTATGGAATCATTATAAGCAAGCAAAGAATTAAAAGGCAGATATCTACATGATT
>>> primer3_args <<<
global_args:
{   'PRIMER_TASK': 'generic',
    'PRIMER_FIRST_BASE_INDEX': 0,
    'PRIMER_PICK_LEFT_PRIMER': 1,
    'PRIMER_PICK_INTERNAL_OLIGO': 0,
    'PRIMER_PICK_RIGHT_PRIMER': 1,
    'PRIMER_OPT_SIZE': 20,
    'PRIMER_MIN_SIZE': 18,
    'PRIMER_MAX_SIZE': 22,
    'PRIMER_EXPLAIN_FLAG': 1}
seq_args:
{   'SEQUENCE_ID': 'FSM_12039',
    'SEQUENCE_TEMPLATE': 'TGACGCCAGCAGCTGCGGGCCCGGCTGCTGCGCCTGAGCCCCAAGACCCCGCACCTGGGCGCGCGCTCTGGCGCAGTGCCTGGTGCGATGTCCGCGTCAGCCTCTCTCCTCCGGGAgaggcagggagtgtgacgcccattttaccagcgggcaaactgtggcttagggatgctgggtgatttgcccgaggacgcacacagagggaagggccaagccgggattccaactcgggactccccgcttcTGGGGAGACCGGTGAGGCCCCCGCGACATGGCCCTCCCATCCCCAAGCCTCTCGTGCAGATCTCCGCTCTGTGGGACTTGATTGCGGGCTGCGGGCCCGTGGCTCCTGCAGGCAGAGAGAGGACGGGAGAGGAGACGGCTACGAGGCTTGGCCGCAGAGAATGAGAAGGCAGATCAAAGTTACAGATGCTGCGAGAACATCGCCAAGCAGAATCTTGGGTGCTGTCCCCACCTCTCTGTACCTGCTCCCTCCCAGAGAAGCCAGCCTCCACTTGCTGTCCCGGGCCTTCTCTATCTGAGAAAAGTTGAAGGAGCACATGTCCTTGCGCAGGAAGAGGCTGTTCAGCGTGACCGCCCCGATCAAGAAGAAGAGCTGCTTCACCGCCTGCCTCACAAGCTCGGGGTCCAGGCCGTTCTGGCACATGGTGGTGTAAAAGTAGCTCAGCTGTTGCAGGACGGAGGTCATGGTGTAGCCGTCCGTGTCGTCTATGCTAGAGGAGCGCTTCCGGAAGCCTGTGGGCTTCAGGCCGGAAATGCCCTGCAGGCTCTCATACTCCAGCATTCCCGGAACTGCGGAGAGACAGGGAGGCTGTGCTGACACGCCAGGAGACACACGCGGAACGTTCCCGACGCTCTTCGGTTTGTTTCAGGAGATGGGACATTTTTCTACAAGAGTCAGTGGATGTACTTATGATAGAGAAAGCAAAAGAATCAAGGGTTTGGGACACCAGGGTGTGTGTCAGGGTTAGGGATGGACGGCTGTTTCCAGCGGGGCTGCAGCTCCTCTTGTAGGTTTGAAGCAGCACGTTTTTCAGCTTCACAGGAAAGAAAGCTGCTTAGCATGACAAATCATGGCCTGGGCATTAAAGCCTAAAGTATTTAAATTTCAGGAAATTAAGGAAAGTATACAAGAATTCGAATGGGGCTTTAGGATTTCAAAAATACTTGGCTACGCCAAGAAGTAGAAGTACCACATAAATAGCAGTAGTAGAAGTTTCCCCAAGTTTTTTCCTTCAGGATAAATCATCCTTATATAAAGAAAACTACCAACAGCGTACTATTATTTATGGAATCATTATAAGCAAGCAAAGAATTAAAAGGCAGATATCTACATGATTATATTTCCTTGGCTTTTTAAACAATGTTACACATAATCACACATTACACATACCAAGTTTATGTTTTAAAAAGTCTTAATGTTACTATAAATATTTTTTGGTCATCCATTCTCTTCTTACCTATTATCGGTTGGATATTCTTTTCCATTATGATAATAAATTGATGATATATTCGTATAGCCACATCACTGAGAATCTGTCTGTATTCTGAAAGGTCAAAATTGTTCAAGCAATTCTTATTCTGCTGTGGACTATTATGCTTCATGAATTCCTAAAAGTAATTTTAAACATAAAATATTAGAATAATACAAACATGTAGGAAATTAATAATCAGCTACTATAACTCTTTTACCTTAAAACTTAATGTCTGATTTATATCAAATGAGTTCATGATGCTTGGGGTAGCATGTACCTTCTATAAGAAAAAAATTGCACTGATTTCCTGTATGATCACAGTCTATCACACTGTCATTGTCCCACCCACTTCCCTACAAACATTGTCCCTGGAACCTATAGACTAAATGGAAAAGCTCGTAGAAGGCCCATGGAAGCGCATAGGAAAATGAAAcaaaactgcagagcattc',
    'SEQUENCE_PRIMER_PAIR_OK_REGION_LIST': [[131, 413, 803, 558]],
    'PRIMER_MUST_MATCH_FIVE_PRIME': 'SS',
    'SEQUENCE_OVERLAP_JUNCTION_LIST': (402,),
    'PRIMER_MIN_3_PRIME_OVERLAP_OF_JUNCTION': 8,
    'PRIMER_MIN_5_PRIME_OVERLAP_OF_JUNCTION': 8}

>>> Primer3Results: 5 results <<<
Primer3Pair 0:
{   'result_num': 0,
    'PRIMER_PAIR_PENALTY': 0.14429880407175233,
    'PRIMER_LEFT_PENALTY': 0.10799323766030966,
    'PRIMER_RIGHT_PENALTY': 0.03630556641144267,
    'PRIMER_LEFT_SEQUENCE': 'CCGCAGAGAATGAGAAGGCA',
    'PRIMER_RIGHT_SEQUENCE': 'CCTAACCCTGACACACACCC',
    'PRIMER_LEFT': (395, 20),
    'PRIMER_RIGHT': (992, 20),
    'PRIMER_LEFT_TM': 60.10799323766031,
    'PRIMER_RIGHT_TM': 59.96369443358856,
    'PRIMER_LEFT_GC_PERCENT': 55.0,
    'PRIMER_RIGHT_GC_PERCENT': 60.0,
    'PRIMER_LEFT_SELF_ANY_TH': 0.0,
    'PRIMER_RIGHT_SELF_ANY_TH': 0.0,
    'PRIMER_LEFT_SELF_END_TH': 0.0,
    'PRIMER_RIGHT_SELF_END_TH': 0.0,
    'PRIMER_LEFT_HAIRPIN_TH': 0.0,
    'PRIMER_RIGHT_HAIRPIN_TH': 0.0,
    'PRIMER_LEFT_END_STABILITY': 4.75,
    'PRIMER_RIGHT_END_STABILITY': 4.61,
    'PRIMER_PAIR_COMPL_ANY_TH': 0.0,
    'PRIMER_PAIR_COMPL_END_TH': 0.0,
    'PRIMER_PAIR_PRODUCT_SIZE': 598}
Primer3Pair 1:
{   'result_num': 1,
    'PRIMER_PAIR_PENALTY': 0.14429880407175233,
    'PRIMER_LEFT_PENALTY': 0.10799323766030966,
    'PRIMER_RIGHT_PENALTY': 0.03630556641144267,
    'PRIMER_LEFT_SEQUENCE': 'CCGCAGAGAATGAGAAGGCA',
    'PRIMER_RIGHT_SEQUENCE': 'CCCTAACCCTGACACACACC',
    'PRIMER_LEFT': (395, 20),
    'PRIMER_RIGHT': (993, 20),
    'PRIMER_LEFT_TM': 60.10799323766031,
    'PRIMER_RIGHT_TM': 59.96369443358856,
    'PRIMER_LEFT_GC_PERCENT': 55.0,
    'PRIMER_RIGHT_GC_PERCENT': 60.0,
    'PRIMER_LEFT_SELF_ANY_TH': 0.0,
    'PRIMER_RIGHT_SELF_ANY_TH': 0.0,
    'PRIMER_LEFT_SELF_END_TH': 0.0,
    'PRIMER_RIGHT_SELF_END_TH': 0.0,
    'PRIMER_LEFT_HAIRPIN_TH': 0.0,
    'PRIMER_RIGHT_HAIRPIN_TH': 0.0,
    'PRIMER_LEFT_END_STABILITY': 4.75,
    'PRIMER_RIGHT_END_STABILITY': 4.16,
    'PRIMER_PAIR_COMPL_ANY_TH': 0.0,
    'PRIMER_PAIR_COMPL_END_TH': 0.0,
    'PRIMER_PAIR_PRODUCT_SIZE': 599}
Primer3Pair 2:
{   'result_num': 2,
    'PRIMER_PAIR_PENALTY': 0.14429880407175233,
    'PRIMER_LEFT_PENALTY': 0.10799323766030966,
    'PRIMER_RIGHT_PENALTY': 0.03630556641144267,
    'PRIMER_LEFT_SEQUENCE': 'TGGCCGCAGAGAATGAGAAG',
    'PRIMER_RIGHT_SEQUENCE': 'CCTAACCCTGACACACACCC',
    'PRIMER_LEFT': (392, 20),
    'PRIMER_RIGHT': (992, 20),
    'PRIMER_LEFT_TM': 60.10799323766031,
    'PRIMER_RIGHT_TM': 59.96369443358856,
    'PRIMER_LEFT_GC_PERCENT': 55.0,
    'PRIMER_RIGHT_GC_PERCENT': 60.0,
    'PRIMER_LEFT_SELF_ANY_TH': 0.0,
    'PRIMER_RIGHT_SELF_ANY_TH': 0.0,
    'PRIMER_LEFT_SELF_END_TH': 0.0,
    'PRIMER_RIGHT_SELF_END_TH': 0.0,
    'PRIMER_LEFT_HAIRPIN_TH': 0.0,
    'PRIMER_RIGHT_HAIRPIN_TH': 0.0,
    'PRIMER_LEFT_END_STABILITY': 2.85,
    'PRIMER_RIGHT_END_STABILITY': 4.61,
    'PRIMER_PAIR_COMPL_ANY_TH': 0.0,
    'PRIMER_PAIR_COMPL_END_TH': 0.0,
    'PRIMER_PAIR_PRODUCT_SIZE': 601}
Primer3Pair 3:
{   'result_num': 3,
    'PRIMER_PAIR_PENALTY': 0.14429880407175233,
    'PRIMER_LEFT_PENALTY': 0.10799323766030966,
    'PRIMER_RIGHT_PENALTY': 0.03630556641144267,
    'PRIMER_LEFT_SEQUENCE': 'TGGCCGCAGAGAATGAGAAG',
    'PRIMER_RIGHT_SEQUENCE': 'CCCTAACCCTGACACACACC',
    'PRIMER_LEFT': (392, 20),
    'PRIMER_RIGHT': (993, 20),
    'PRIMER_LEFT_TM': 60.10799323766031,
    'PRIMER_RIGHT_TM': 59.96369443358856,
    'PRIMER_LEFT_GC_PERCENT': 55.0,
    'PRIMER_RIGHT_GC_PERCENT': 60.0,
    'PRIMER_LEFT_SELF_ANY_TH': 0.0,
    'PRIMER_RIGHT_SELF_ANY_TH': 0.0,
    'PRIMER_LEFT_SELF_END_TH': 0.0,
    'PRIMER_RIGHT_SELF_END_TH': 0.0,
    'PRIMER_LEFT_HAIRPIN_TH': 0.0,
    'PRIMER_RIGHT_HAIRPIN_TH': 0.0,
    'PRIMER_LEFT_END_STABILITY': 2.85,
    'PRIMER_RIGHT_END_STABILITY': 4.16,
    'PRIMER_PAIR_COMPL_ANY_TH': 0.0,
    'PRIMER_PAIR_COMPL_END_TH': 0.0,
    'PRIMER_PAIR_PRODUCT_SIZE': 602}
Primer3Pair 4:
{   'result_num': 4,
    'PRIMER_PAIR_PENALTY': 0.14429880407175233,
    'PRIMER_LEFT_PENALTY': 0.10799323766030966,
    'PRIMER_RIGHT_PENALTY': 0.03630556641144267,
    'PRIMER_LEFT_SEQUENCE': 'CTTGGCCGCAGAGAATGAGA',
    'PRIMER_RIGHT_SEQUENCE': 'CCTAACCCTGACACACACCC',
    'PRIMER_LEFT': (390, 20),
    'PRIMER_RIGHT': (992, 20),
    'PRIMER_LEFT_TM': 60.10799323766031,
    'PRIMER_RIGHT_TM': 59.96369443358856,
    'PRIMER_LEFT_GC_PERCENT': 55.0,
    'PRIMER_RIGHT_GC_PERCENT': 60.0,
    'PRIMER_LEFT_SELF_ANY_TH': 0.0,
    'PRIMER_RIGHT_SELF_ANY_TH': 0.0,
    'PRIMER_LEFT_SELF_END_TH': 0.0,
    'PRIMER_RIGHT_SELF_END_TH': 0.0,
    'PRIMER_LEFT_HAIRPIN_TH': 0.0,
    'PRIMER_RIGHT_HAIRPIN_TH': 0.0,
    'PRIMER_LEFT_END_STABILITY': 3.27,
    'PRIMER_RIGHT_END_STABILITY': 4.61,
    'PRIMER_PAIR_COMPL_ANY_TH': 0.0,
    'PRIMER_PAIR_COMPL_END_TH': 0.0,
    'PRIMER_PAIR_PRODUCT_SIZE': 603}

>>> PrimerDesigns 5 <<<
    target_id CERNA1+1
    tran_id WTC11_consolidated FSM_12039
>>> PrimerDesign <<<
    ppair_id CERNA1+1_pp1
    features_5p [ExonFeature(genome=Coords(name='chr15', start=52180395, end=52180401, strand='+', size=101991189), trans=Coords(name='FSM_12039', start=395, end=401, strand='+', size=1947))
 ExonFeature(genome=Coords(name='chr15', start=52181049, end=52181063, strand='+', size=101991189), trans=Coords(name='FSM_12039', start=401, end=415, strand='+', size=1947))]
    features_3p [ExonFeature(genome=Coords(name='chr15', start=52205306, end=52205326, strand='+', size=101991189), trans=Coords(name='FSM_12039', start=972, end=992, strand='+', size=1947))]
    priority 1
    amplicon_trans_coords FSM_12039:395-992
    amplicon_length 597
    PRIMER_LEFT (395, 20)
    PRIMER_RIGHT (992, 20)
    PRIMER_LEFT_SEQUENCE CCGCAGAGAATGAGAAGGCA
    PRIMER_RIGHT_SEQUENCE CCTAACCCTGACACACACCC
    PRIMER_PAIR_PRODUCT_SIZE 598
    genome_on_targets [GenomeHit(left=chr15:52181043-52181063,right=chr15:52205307-52205327)
    ]
    genome_off_targets [
    ]
    genome_non_targets [
    ]
    transcriptome_on_targets [TranscriptomeHit(left=[ExonFeature(genome=chr15:52181043-52181063/+, trans=ENST00000560518.1__CERNA1:827-847/+)
    ],right=[ExonFeature(genome=chr15:52205307-52205327/+, trans=ENST00000560518.1__CERNA1:1405-1425/+)
    ]),
	TranscriptomeHit(left=[ExonFeature(genome=chr15:52180395-52180401/+, trans=ENST00000654724.1__CERNA1:368-374/+),
	ExonFeature(genome=chr15:52181049-52181063/+, trans=ENST00000654724.1__CERNA1:374-388/+)
    ],right=[ExonFeature(genome=chr15:52205307-52205327/+, trans=ENST00000654724.1__CERNA1:946-966/+)
    ]),
	TranscriptomeHit(left=[ExonFeature(genome=chr15:52181043-52181063/+, trans=ENST00000559779.2__CERNA1:897-917/+)
    ],right=[ExonFeature(genome=chr15:52205307-52205327/+, trans=ENST00000559779.2__CERNA1:1475-1495/+)
    ])
    ]
    transcriptome_off_targets [
    ]
    transcriptome_non_targets [
    ]
>>> PrimerDesign <<<
    ppair_id CERNA1+1_pp2
    features_5p [ExonFeature(genome=Coords(name='chr15', start=52180395, end=52180401, strand='+', size=101991189), trans=Coords(name='FSM_12039', start=395, end=401, strand='+', size=1947))
 ExonFeature(genome=Coords(name='chr15', start=52181049, end=52181063, strand='+', size=101991189), trans=Coords(name='FSM_12039', start=401, end=415, strand='+', size=1947))]
    features_3p [ExonFeature(genome=Coords(name='chr15', start=52205307, end=52205327, strand='+', size=101991189), trans=Coords(name='FSM_12039', start=973, end=993, strand='+', size=1947))]
    priority 2
    amplicon_trans_coords FSM_12039:395-993
    amplicon_length 598
    PRIMER_LEFT (395, 20)
    PRIMER_RIGHT (993, 20)
    PRIMER_LEFT_SEQUENCE CCGCAGAGAATGAGAAGGCA
    PRIMER_RIGHT_SEQUENCE CCCTAACCCTGACACACACC
    PRIMER_PAIR_PRODUCT_SIZE 599
    genome_on_targets [GenomeHit(left=chr15:52181043-52181063,right=chr15:52205308-52205328)
    ]
    genome_off_targets [
    ]
    genome_non_targets [
    ]
    transcriptome_on_targets [TranscriptomeHit(left=[ExonFeature(genome=chr15:52181043-52181063/+, trans=ENST00000560518.1__CERNA1:827-847/+)
    ],right=[ExonFeature(genome=chr15:52205308-52205328/+, trans=ENST00000560518.1__CERNA1:1406-1426/+)
    ]),
	TranscriptomeHit(left=[ExonFeature(genome=chr15:52180395-52180401/+, trans=ENST00000654724.1__CERNA1:368-374/+),
	ExonFeature(genome=chr15:52181049-52181063/+, trans=ENST00000654724.1__CERNA1:374-388/+)
    ],right=[ExonFeature(genome=chr15:52205308-52205328/+, trans=ENST00000654724.1__CERNA1:947-967/+)
    ]),
	TranscriptomeHit(left=[ExonFeature(genome=chr15:52181043-52181063/+, trans=ENST00000559779.2__CERNA1:897-917/+)
    ],right=[ExonFeature(genome=chr15:52205308-52205328/+, trans=ENST00000559779.2__CERNA1:1476-1496/+)
    ])
    ]
    transcriptome_off_targets [
    ]
    transcriptome_non_targets [
    ]
>>> PrimerDesign <<<
    ppair_id CERNA1+1_pp5
    features_5p [ExonFeature(genome=Coords(name='chr15', start=52180390, end=52180401, strand='+', size=101991189), trans=Coords(name='FSM_12039', start=390, end=401, strand='+', size=1947))
 ExonFeature(genome=Coords(name='chr15', start=52181049, end=52181058, strand='+', size=101991189), trans=Coords(name='FSM_12039', start=401, end=410, strand='+', size=1947))]
    features_3p [ExonFeature(genome=Coords(name='chr15', start=52205306, end=52205326, strand='+', size=101991189), trans=Coords(name='FSM_12039', start=972, end=992, strand='+', size=1947))]
    priority 3
    amplicon_trans_coords FSM_12039:390-992
    amplicon_length 602
    PRIMER_LEFT (390, 20)
    PRIMER_RIGHT (992, 20)
    PRIMER_LEFT_SEQUENCE CTTGGCCGCAGAGAATGAGA
    PRIMER_RIGHT_SEQUENCE CCTAACCCTGACACACACCC
    PRIMER_PAIR_PRODUCT_SIZE 603
    genome_on_targets [
    ]
    genome_off_targets [
    ]
    genome_non_targets [
    ]
    transcriptome_on_targets [TranscriptomeHit(left=[ExonFeature(genome=chr15:52180390-52180401/+, trans=ENST00000654724.1__CERNA1:363-374/+),
	ExonFeature(genome=chr15:52181049-52181058/+, trans=ENST00000654724.1__CERNA1:374-383/+)
    ],right=[ExonFeature(genome=chr15:52205307-52205327/+, trans=ENST00000654724.1__CERNA1:946-966/+)
    ])
    ]
    transcriptome_off_targets [
    ]
    transcriptome_non_targets [
    ]
>>> PrimerDesign <<<
    ppair_id CERNA1+1_pp3
    features_5p [ExonFeature(genome=Coords(name='chr15', start=52180392, end=52180401, strand='+', size=101991189), trans=Coords(name='FSM_12039', start=392, end=401, strand='+', size=1947))
 ExonFeature(genome=Coords(name='chr15', start=52181049, end=52181060, strand='+', size=101991189), trans=Coords(name='FSM_12039', start=401, end=412, strand='+', size=1947))]
    features_3p [ExonFeature(genome=Coords(name='chr15', start=52205306, end=52205326, strand='+', size=101991189), trans=Coords(name='FSM_12039', start=972, end=992, strand='+', size=1947))]
    priority 4
    amplicon_trans_coords FSM_12039:392-992
    amplicon_length 600
    PRIMER_LEFT (392, 20)
    PRIMER_RIGHT (992, 20)
    PRIMER_LEFT_SEQUENCE TGGCCGCAGAGAATGAGAAG
    PRIMER_RIGHT_SEQUENCE CCTAACCCTGACACACACCC
    PRIMER_PAIR_PRODUCT_SIZE 601
    genome_on_targets [
    ]
    genome_off_targets [
    ]
    genome_non_targets [
    ]
    transcriptome_on_targets [TranscriptomeHit(left=[ExonFeature(genome=chr15:52180392-52180401/+, trans=ENST00000654724.1__CERNA1:365-374/+),
	ExonFeature(genome=chr15:52181049-52181060/+, trans=ENST00000654724.1__CERNA1:374-385/+)
    ],right=[ExonFeature(genome=chr15:52205307-52205327/+, trans=ENST00000654724.1__CERNA1:946-966/+)
    ])
    ]
    transcriptome_off_targets [
    ]
    transcriptome_non_targets [
    ]
>>> PrimerDesign <<<
    ppair_id CERNA1+1_pp4
    features_5p [ExonFeature(genome=Coords(name='chr15', start=52180392, end=52180401, strand='+', size=101991189), trans=Coords(name='FSM_12039', start=392, end=401, strand='+', size=1947))
 ExonFeature(genome=Coords(name='chr15', start=52181049, end=52181060, strand='+', size=101991189), trans=Coords(name='FSM_12039', start=401, end=412, strand='+', size=1947))]
    features_3p [ExonFeature(genome=Coords(name='chr15', start=52205307, end=52205327, strand='+', size=101991189), trans=Coords(name='FSM_12039', start=973, end=993, strand='+', size=1947))]
    priority 5
    amplicon_trans_coords FSM_12039:392-993
    amplicon_length 601
    PRIMER_LEFT (392, 20)
    PRIMER_RIGHT (993, 20)
    PRIMER_LEFT_SEQUENCE TGGCCGCAGAGAATGAGAAG
    PRIMER_RIGHT_SEQUENCE CCCTAACCCTGACACACACC
    PRIMER_PAIR_PRODUCT_SIZE 602
    genome_on_targets [
    ]
    genome_off_targets [
    ]
    genome_non_targets [
    ]
    transcriptome_on_targets [TranscriptomeHit(left=[ExonFeature(genome=chr15:52180392-52180401/+, trans=ENST00000654724.1__CERNA1:365-374/+),
	ExonFeature(genome=chr15:52181049-52181060/+, trans=ENST00000654724.1__CERNA1:374-385/+)
    ],right=[ExonFeature(genome=chr15:52205308-52205328/+, trans=ENST00000654724.1__CERNA1:947-967/+)
    ])
    ]
    transcriptome_off_targets [
    ]
    transcriptome_non_targets [
    ]

